cc: error: unrecognized command-line option ‘--print-target-triple’
cc: fatal error: no input files
compilation terminated.
CMake Warning at CMakeLists.txt:451 (message):
  Failed to find ccache, prepare for longer and redundant builds...


CMake Warning at CMakeLists.txt:509 (message):
  Disabling LLVM support


/workspace/shared/lean4-pr15373-head/stage0/src/runtime/mimalloc.cpp:32:38: warning: ‘lean_g_tls’ initialized and declared ‘extern’
   32 | extern "C" __thread lean_runtime_tls lean_g_tls = { 0, (mi_theap_t*)&_mi_theap_empty };
      |                                      ^~~~~~~~~~
/workspace/shared/lean4-pr15373-head/stage0/src/runtime/mimalloc.cpp:32:38: warning: ‘lean_g_tls’ initialized and declared ‘extern’
   32 | extern "C" __thread lean_runtime_tls lean_g_tls = { 0, (mi_theap_t*)&_mi_theap_empty };
      |                                      ^~~~~~~~~~
/workspace/shared/lean4-pr15373-head/stage0/src/library/module.cpp: In function ‘lean::object* lean::lean_compacted_region_save(b_obj_arg, b_obj_arg, b_obj_arg, b_obj_arg, obj_arg, uint8, object*)’:
/workspace/shared/lean4-pr15373-head/stage0/src/library/module.cpp:331:20: warning: ‘char* strncpy(char*, const char*, size_t)’ output truncated before terminating nul copying 40 bytes from a string of the same length [-Wstringop-truncation]
  331 |             strncpy(header.githash, LEAN_GITHASH, sizeof(header.githash));
      |             ~~~~~~~^~~~~~~~~~~~~~~~~~~~~~~~~~~~~~~~~~~~~~~~~~~~~~~~~~~~~~
/workspace/shared/lean4-pr15373-head/stage0/src/library/module.cpp:352:20: warning: ‘char* strncpy(char*, const char*, size_t)’ output truncated before terminating nul copying 40 bytes from a string of the same length [-Wstringop-truncation]
  352 |             strncpy(header.githash, LEAN_GITHASH, sizeof(header.githash));
      |             ~~~~~~~^~~~~~~~~~~~~~~~~~~~~~~~~~~~~~~~~~~~~~~~~~~~~~~~~~~~~~
/workspace/shared/lean4-pr15373-head/stage0/src/library/module.cpp:351:20: warning: ‘char* strncpy(char*, const char*, size_t)’ specified bound 33 equals destination size [-Wstringop-truncation]
  351 |             strncpy(header.lean_version, get_short_version_string().c_str(), sizeof(header.lean_version));
      |             ~~~~~~~^~~~~~~~~~~~~~~~~~~~~~~~~~~~~~~~~~~~~~~~~~~~~~~~~~~~~~~~~~~~~~~~~~~~~~~~~~~~~~~~~~~~~~
/workspace/shared/lean4-pr15373-head/stage0/src/library/module.cpp:330:20: warning: ‘char* strncpy(char*, const char*, size_t)’ specified bound 33 equals destination size [-Wstringop-truncation]
  330 |             strncpy(header.lean_version, get_short_version_string().c_str(), sizeof(header.lean_version));
      |             ~~~~~~~^~~~~~~~~~~~~~~~~~~~~~~~~~~~~~~~~~~~~~~~~~~~~~~~~~~~~~~~~~~~~~~~~~~~~~~~~~~~~~~~~~~~~~
/workspace/shared/lean4-pr15373-head/stage0/src/library/instantiate_mvars.cpp: In member function ‘lean::level lean::instantiate_lmvars_all_fn::visit(const lean::level&)’:
/workspace/shared/lean4-pr15373-head/stage0/src/library/instantiate_mvars.cpp:167:5: warning: control reaches end of non-void function [-Wreturn-type]
  167 |     }
      |     ^
/workspace/shared/lean4-pr15373-head/stage0/src/library/instantiate_mvars.cpp: In member function ‘lean::expr lean::instantiate_direct_fn::visit(const lean::expr&)’:
/workspace/shared/lean4-pr15373-head/stage0/src/library/instantiate_mvars.cpp:325:5: warning: control reaches end of non-void function [-Wreturn-type]
  325 |     }
      |     ^
In static member function ‘static lean::object* lean::ir::interpreter::stub_m_aux(lean::object**)’,
    inlined from ‘static lean::object* lean::ir::interpreter::stub_1_aux(lean::object*)’ at /workspace/shared/lean4-pr15373-head/stage0/src/library/ir_interpreter.cpp:1009:105:
/workspace/shared/lean4-pr15373-head/stage0/src/library/ir_interpreter.cpp:1002:29: warning: array subscript 1 is outside array bounds of ‘lean::object* [1]’ {aka ‘lean_object* [1]’} [-Warray-bounds=]
 1002 |         options opts(args[1]);
      |                             ^
/workspace/shared/lean4-pr15373-head/stage0/src/library/ir_interpreter.cpp: In static member function ‘static lean::object* lean::ir::interpreter::stub_1_aux(lean::object*)’:
/workspace/shared/lean4-pr15373-head/stage0/src/library/ir_interpreter.cpp:1009:57: note: at offset 8 into object ‘args’ of size 8
 1009 |     static object * stub_1_aux(object * x_1) { object * args[] = { x_1 }; return interpreter::stub_m_aux(args); }
      |                                                         ^~~~
In file included from /workspace/shared/lean4-pr15373-head/stage0/src/runtime/string_ref.h:10,
                 from /workspace/shared/lean4-pr15373-head/stage0/src/util/name.h:14,
                 from /workspace/shared/lean4-pr15373-head/stage0/src/util/name_set.h:9,
                 from /workspace/shared/lean4-pr15373-head/stage0/src/kernel/environment.h:15,
                 from /workspace/shared/lean4-pr15373-head/stage0/src/library/elab_environment.h:8,
                 from /workspace/shared/lean4-pr15373-head/stage0/src/library/ir_interpreter.h:8,
                 from /workspace/shared/lean4-pr15373-head/stage0/src/library/ir_interpreter.cpp:38:
In member function ‘lean::object* lean::object_ref::raw() const’,
    inlined from ‘const T& lean::cnstr_get_ref_t(const object_ref&, unsigned int) [with T = name]’ at /workspace/shared/lean4-pr15373-head/stage0/src/runtime/object_ref.h:146:48,
    inlined from ‘const lean::ir::fun_id& lean::ir::decl_fun_id(const decl&)’ at /workspace/shared/lean4-pr15373-head/stage0/src/library/ir_interpreter.cpp:180:76,
    inlined from ‘static lean::object* lean::ir::interpreter::stub_m_aux(lean::object**)’ at /workspace/shared/lean4-pr15373-head/stage0/src/library/ir_interpreter.cpp:1003:65,
    inlined from ‘static lean::object* lean::ir::interpreter::stub_1_aux(lean::object*)’ at /workspace/shared/lean4-pr15373-head/stage0/src/library/ir_interpreter.cpp:1009:105:
/workspace/shared/lean4-pr15373-head/stage0/src/runtime/object_ref.h:42:35: warning: array subscript 2 is outside array bounds of ‘lean::object* [1]’ {aka ‘lean_object* [1]’} [-Warray-bounds=]
   42 |     object * raw() const { return m_obj; }
      |                                   ^~~~~
/workspace/shared/lean4-pr15373-head/stage0/src/library/ir_interpreter.cpp: In static member function ‘static lean::object* lean::ir::interpreter::stub_1_aux(lean::object*)’:
/workspace/shared/lean4-pr15373-head/stage0/src/library/ir_interpreter.cpp:1009:57: note: at offset 16 into object ‘args’ of size 8
 1009 |     static object * stub_1_aux(object * x_1) { object * args[] = { x_1 }; return interpreter::stub_m_aux(args); }
      |                                                         ^~~~
In member function ‘lean::object* lean::object_ref::raw() const’,
    inlined from ‘const T& lean::cnstr_get_ref_t(const object_ref&, unsigned int) [with T = name]’ at /workspace/shared/lean4-pr15373-head/stage0/src/runtime/object_ref.h:146:48,
    inlined from ‘const lean::ir::fun_id& lean::ir::decl_fun_id(const decl&)’ at /workspace/shared/lean4-pr15373-head/stage0/src/library/ir_interpreter.cpp:180:76,
    inlined from ‘static lean::object* lean::ir::interpreter::stub_m_aux(lean::object**)’ at /workspace/shared/lean4-pr15373-head/stage0/src/library/ir_interpreter.cpp:1003:65,
    inlined from ‘static lean::object* lean::ir::interpreter::stub_2_aux(lean::object*, lean::object*)’ at /workspace/shared/lean4-pr15373-head/stage0/src/library/ir_interpreter.cpp:1010:124:
/workspace/shared/lean4-pr15373-head/stage0/src/runtime/object_ref.h:42:35: warning: array subscript 2 is outside array bounds of ‘lean::object* [2]’ {aka ‘lean_object* [2]’} [-Warray-bounds=]
   42 |     object * raw() const { return m_obj; }
      |                                   ^~~~~
/workspace/shared/lean4-pr15373-head/stage0/src/library/ir_interpreter.cpp: In static member function ‘static lean::object* lean::ir::interpreter::stub_2_aux(lean::object*, lean::object*)’:
/workspace/shared/lean4-pr15373-head/stage0/src/library/ir_interpreter.cpp:1010:71: note: at offset 16 into object ‘args’ of size 16
 1010 |     static object * stub_2_aux(object * x_1, object * x_2) { object * args[] = { x_1, x_2 }; return interpreter::stub_m_aux(args); }
      |                                                                       ^~~~
/workspace/shared/lean4-pr15373-head/stage0/src/runtime/object.cpp:2142:1: warning: attributes are not permitted in this position [-Wattributes]
 2142 | __attribute__((noinline))
      | ^~~~~~~~~~~~~
/workspace/shared/lean4-pr15373-head/stage0/src/runtime/object.cpp:2143:11: note: attributes may be inserted here
 2143 | extern "C" LEAN_EXPORT obj_res lean_copy_string_nonlinear(obj_arg s, size_t cap) {
      |           ^
/workspace/shared/lean4-pr15373-head/stage0/src/runtime/object.cpp:2616:1: warning: attributes are not permitted in this position [-Wattributes]
 2616 | __attribute__((noinline))
      | ^~~~~~~~~~~~~
/workspace/shared/lean4-pr15373-head/stage0/src/runtime/object.cpp:2617:11: note: attributes may be inserted here
 2617 | extern "C" LEAN_EXPORT obj_res lean_copy_sarray_nonlinear(obj_arg a, size_t cap) {
      |           ^
/workspace/shared/lean4-pr15373-head/stage0/src/runtime/object.cpp:2783:1: warning: attributes are not permitted in this position [-Wattributes]
 2783 | __attribute__((noinline))
      | ^~~~~~~~~~~~~
/workspace/shared/lean4-pr15373-head/stage0/src/runtime/object.cpp:2784:11: note: attributes may be inserted here
 2784 | extern "C" LEAN_EXPORT obj_res lean_copy_expand_array_nonlinear(obj_arg a, bool expand) {
      |           ^
/workspace/shared/lean4-pr15373-head/stage0/src/runtime/object.cpp:2142:1: warning: attributes are not permitted in this position [-Wattributes]
 2142 | __attribute__((noinline))
      | ^~~~~~~~~~~~~
/workspace/shared/lean4-pr15373-head/stage0/src/runtime/object.cpp:2143:11: note: attributes may be inserted here
 2143 | extern "C" LEAN_EXPORT obj_res lean_copy_string_nonlinear(obj_arg s, size_t cap) {
      |           ^
/workspace/shared/lean4-pr15373-head/stage0/src/runtime/object.cpp:2616:1: warning: attributes are not permitted in this position [-Wattributes]
 2616 | __attribute__((noinline))
      | ^~~~~~~~~~~~~
/workspace/shared/lean4-pr15373-head/stage0/src/runtime/object.cpp:2617:11: note: attributes may be inserted here
 2617 | extern "C" LEAN_EXPORT obj_res lean_copy_sarray_nonlinear(obj_arg a, size_t cap) {
      |           ^
/workspace/shared/lean4-pr15373-head/stage0/src/runtime/object.cpp:2783:1: warning: attributes are not permitted in this position [-Wattributes]
 2783 | __attribute__((noinline))
      | ^~~~~~~~~~~~~
/workspace/shared/lean4-pr15373-head/stage0/src/runtime/object.cpp:2784:11: note: attributes may be inserted here
 2784 | extern "C" LEAN_EXPORT obj_res lean_copy_expand_array_nonlinear(obj_arg a, bool expand) {
      |           ^
/workspace/shared/lean4-pr15373-head/stage0/src/runtime/hash.cpp: In function ‘lean::uint64 lean::MurmurHash64A(const void*, size_t, uint64)’:
/workspace/shared/lean4-pr15373-head/stage0/src/runtime/hash.cpp:40:15: warning: this statement may fall through [-Wimplicit-fallthrough=]
   40 |     case 7: h ^= uint64(data2[6]) << 48;
      |             ~~^~~~~~~~~~~~~~~~~~~~~~~~~
/workspace/shared/lean4-pr15373-head/stage0/src/runtime/hash.cpp:41:5: note: here
   41 |     case 6: h ^= uint64(data2[5]) << 40;
      |     ^~~~
/workspace/shared/lean4-pr15373-head/stage0/src/runtime/hash.cpp:41:15: warning: this statement may fall through [-Wimplicit-fallthrough=]
   41 |     case 6: h ^= uint64(data2[5]) << 40;
      |             ~~^~~~~~~~~~~~~~~~~~~~~~~~~
/workspace/shared/lean4-pr15373-head/stage0/src/runtime/hash.cpp:42:5: note: here
   42 |     case 5: h ^= uint64(data2[4]) << 32;
      |     ^~~~
/workspace/shared/lean4-pr15373-head/stage0/src/runtime/hash.cpp:42:15: warning: this statement may fall through [-Wimplicit-fallthrough=]
   42 |     case 5: h ^= uint64(data2[4]) << 32;
      |             ~~^~~~~~~~~~~~~~~~~~~~~~~~~
/workspace/shared/lean4-pr15373-head/stage0/src/runtime/hash.cpp:43:5: note: here
   43 |     case 4: h ^= uint64(data2[3]) << 24;
      |     ^~~~
/workspace/shared/lean4-pr15373-head/stage0/src/runtime/hash.cpp:43:15: warning: this statement may fall through [-Wimplicit-fallthrough=]
   43 |     case 4: h ^= uint64(data2[3]) << 24;
      |             ~~^~~~~~~~~~~~~~~~~~~~~~~~~
/workspace/shared/lean4-pr15373-head/stage0/src/runtime/hash.cpp:44:5: note: here
   44 |     case 3: h ^= uint64(data2[2]) << 16;
      |     ^~~~
/workspace/shared/lean4-pr15373-head/stage0/src/runtime/hash.cpp:44:15: warning: this statement may fall through [-Wimplicit-fallthrough=]
   44 |     case 3: h ^= uint64(data2[2]) << 16;
      |             ~~^~~~~~~~~~~~~~~~~~~~~~~~~
/workspace/shared/lean4-pr15373-head/stage0/src/runtime/hash.cpp:45:5: note: here
   45 |     case 2: h ^= uint64(data2[1]) << 8;
      |     ^~~~
/workspace/shared/lean4-pr15373-head/stage0/src/runtime/hash.cpp:45:15: warning: this statement may fall through [-Wimplicit-fallthrough=]
   45 |     case 2: h ^= uint64(data2[1]) << 8;
      |             ~~^~~~~~~~~~~~~~~~~~~~~~~~
/workspace/shared/lean4-pr15373-head/stage0/src/runtime/hash.cpp:46:5: note: here
   46 |     case 1: h ^= uint64(data2[0]);
      |     ^~~~
/workspace/shared/lean4-pr15373-head/stage0/src/runtime/io.cpp: In function ‘lean::object* lean::lean_io_prim_handle_mk(b_obj_arg, uint8)’:
/workspace/shared/lean4-pr15373-head/stage0/src/runtime/io.cpp:429:23: warning: ‘fp_mode’ may be used uninitialized [-Wmaybe-uninitialized]
  429 |     FILE * fp = fdopen(fd, fp_mode);
      |                 ~~~~~~^~~~~~~~~~~~~
/workspace/shared/lean4-pr15373-head/stage0/src/runtime/io.cpp:421:18: note: ‘fp_mode’ was declared here
  421 |     char const * fp_mode;
      |                  ^~~~~~~
/workspace/shared/lean4-pr15373-head/stage0/src/runtime/hash.cpp: In function ‘lean::uint64 lean::MurmurHash64A(const void*, size_t, uint64)’:
/workspace/shared/lean4-pr15373-head/stage0/src/runtime/hash.cpp:40:15: warning: this statement may fall through [-Wimplicit-fallthrough=]
   40 |     case 7: h ^= uint64(data2[6]) << 48;
      |             ~~^~~~~~~~~~~~~~~~~~~~~~~~~
/workspace/shared/lean4-pr15373-head/stage0/src/runtime/hash.cpp:41:5: note: here
   41 |     case 6: h ^= uint64(data2[5]) << 40;
      |     ^~~~
/workspace/shared/lean4-pr15373-head/stage0/src/runtime/hash.cpp:41:15: warning: this statement may fall through [-Wimplicit-fallthrough=]
   41 |     case 6: h ^= uint64(data2[5]) << 40;
      |             ~~^~~~~~~~~~~~~~~~~~~~~~~~~
/workspace/shared/lean4-pr15373-head/stage0/src/runtime/hash.cpp:42:5: note: here
   42 |     case 5: h ^= uint64(data2[4]) << 32;
      |     ^~~~
/workspace/shared/lean4-pr15373-head/stage0/src/runtime/hash.cpp:42:15: warning: this statement may fall through [-Wimplicit-fallthrough=]
   42 |     case 5: h ^= uint64(data2[4]) << 32;
      |             ~~^~~~~~~~~~~~~~~~~~~~~~~~~
/workspace/shared/lean4-pr15373-head/stage0/src/runtime/hash.cpp:43:5: note: here
   43 |     case 4: h ^= uint64(data2[3]) << 24;
      |     ^~~~
/workspace/shared/lean4-pr15373-head/stage0/src/runtime/hash.cpp:43:15: warning: this statement may fall through [-Wimplicit-fallthrough=]
   43 |     case 4: h ^= uint64(data2[3]) << 24;
      |             ~~^~~~~~~~~~~~~~~~~~~~~~~~~
/workspace/shared/lean4-pr15373-head/stage0/src/runtime/hash.cpp:44:5: note: here
   44 |     case 3: h ^= uint64(data2[2]) << 16;
      |     ^~~~
/workspace/shared/lean4-pr15373-head/stage0/src/runtime/hash.cpp:44:15: warning: this statement may fall through [-Wimplicit-fallthrough=]
   44 |     case 3: h ^= uint64(data2[2]) << 16;
      |             ~~^~~~~~~~~~~~~~~~~~~~~~~~~
/workspace/shared/lean4-pr15373-head/stage0/src/runtime/hash.cpp:45:5: note: here
   45 |     case 2: h ^= uint64(data2[1]) << 8;
      |     ^~~~
/workspace/shared/lean4-pr15373-head/stage0/src/runtime/hash.cpp:45:15: warning: this statement may fall through [-Wimplicit-fallthrough=]
   45 |     case 2: h ^= uint64(data2[1]) << 8;
      |             ~~^~~~~~~~~~~~~~~~~~~~~~~~
/workspace/shared/lean4-pr15373-head/stage0/src/runtime/hash.cpp:46:5: note: here
   46 |     case 1: h ^= uint64(data2[0]);
      |     ^~~~
/workspace/shared/lean4-pr15373-head/stage0/src/runtime/io.cpp: In function ‘lean::object* lean::lean_io_prim_handle_mk(b_obj_arg, uint8)’:
/workspace/shared/lean4-pr15373-head/stage0/src/runtime/io.cpp:429:23: warning: ‘fp_mode’ may be used uninitialized [-Wmaybe-uninitialized]
  429 |     FILE * fp = fdopen(fd, fp_mode);
      |                 ~~~~~~^~~~~~~~~~~~~
/workspace/shared/lean4-pr15373-head/stage0/src/runtime/io.cpp:421:18: note: ‘fp_mode’ was declared here
  421 |     char const * fp_mode;
      |                  ^~~~~~~
In file included from /usr/include/c++/14/string:51,
                 from /usr/include/c++/14/bits/locale_classes.h:40,
                 from /usr/include/c++/14/bits/ios_base.h:41,
                 from /usr/include/c++/14/ios:44,
                 from /usr/include/c++/14/ostream:40,
                 from /usr/include/c++/14/iostream:41,
                 from /workspace/shared/lean4-pr15373-head/stage0/src/runtime/debug.h:8,
                 from /workspace/shared/lean4-pr15373-head/stage0/src/runtime/mpn.cpp:21:
In static member function ‘static constexpr _Up* std::__copy_move<_IsMove, true, std::random_access_iterator_tag>::__copy_m(_Tp*, _Tp*, _Up*) [with _Tp = unsigned int; _Up = unsigned int; bool _IsMove = false]’,
    inlined from ‘constexpr _OI std::__copy_move_a2(_II, _II, _OI) [with bool _IsMove = false; _II = unsigned int*; _OI = unsigned int*]’ at /usr/include/c++/14/bits/stl_algobase.h:521:30,
    inlined from ‘constexpr _OI std::__copy_move_a1(_II, _II, _OI) [with bool _IsMove = false; _II = unsigned int*; _OI = unsigned int*]’ at /usr/include/c++/14/bits/stl_algobase.h:548:42,
    inlined from ‘constexpr _OI std::__copy_move_a(_II, _II, _OI) [with bool _IsMove = false; _II = unsigned int*; _OI = unsigned int*]’ at /usr/include/c++/14/bits/stl_algobase.h:555:31,
    inlined from ‘constexpr _OI std::copy(_II, _II, _OI) [with _II = unsigned int*; _OI = unsigned int*]’ at /usr/include/c++/14/bits/stl_algobase.h:651:7,
    inlined from ‘static _ForwardIterator std::__uninitialized_copy<true>::__uninit_copy(_InputIterator, _InputIterator, _ForwardIterator) [with _InputIterator = unsigned int*; _ForwardIterator = unsigned int*]’ at /usr/include/c++/14/bits/stl_uninitialized.h:147:27,
    inlined from ‘_ForwardIterator std::uninitialized_copy(_InputIterator, _InputIterator, _ForwardIterator) [with _InputIterator = unsigned int*; _ForwardIterator = unsigned int*]’ at /usr/include/c++/14/bits/stl_uninitialized.h:185:15,
    inlined from ‘void lean::buffer<T, INITIAL_SIZE>::set_capacity(size_t) [with T = unsigned int; long unsigned int INITIAL_SIZE = 16]’ at /workspace/shared/lean4-pr15373-head/stage0/src/runtime/buffer.h:41:32,
    inlined from ‘void lean::buffer<T, INITIAL_SIZE>::ensure_capacity(size_t) [with T = unsigned int; long unsigned int INITIAL_SIZE = 16]’ at /workspace/shared/lean4-pr15373-head/stage0/src/runtime/buffer.h:80:25,
    inlined from ‘void lean::buffer<T, INITIAL_SIZE>::resize(size_t, const T&) [with T = unsigned int; long unsigned int INITIAL_SIZE = 16]’ at /workspace/shared/lean4-pr15373-head/stage0/src/runtime/buffer.h:157:28,
    inlined from ‘void lean::mpn_buffer::resize(size_t, const lean::mpn_digit&)’ at /workspace/shared/lean4-pr15373-head/stage0/src/runtime/mpn.cpp:139:34,
    inlined from ‘size_t lean::div_normalize(const mpn_digit*, size_t, const mpn_digit*, size_t, mpn_buffer&, mpn_buffer&)’ at /workspace/shared/lean4-pr15373-head/stage0/src/runtime/mpn.cpp:160:19,
    inlined from ‘char* lean::mpn_to_string(const mpn_digit*, size_t, char*, size_t)’ at /workspace/shared/lean4-pr15373-head/stage0/src/runtime/mpn.cpp:340:37:
/usr/include/c++/14/bits/stl_algobase.h:452:30: warning: ‘void* __builtin_memmove(void*, const void*, long unsigned int)’ forming offset 4 is out of the bounds [0, 4] [-Warray-bounds=]
  452 |             __builtin_memmove(__result, __first, sizeof(_Tp) * _Num);
      |             ~~~~~~~~~~~~~~~~~^~~~~~~~~~~~~~~~~~~~~~~~~~~~~~~~~~~~~~~
In file included from /usr/include/c++/14/string:51,
                 from /usr/include/c++/14/bits/locale_classes.h:40,
                 from /usr/include/c++/14/bits/ios_base.h:41,
                 from /usr/include/c++/14/ios:44,
                 from /usr/include/c++/14/ostream:40,
                 from /usr/include/c++/14/iostream:41,
                 from /workspace/shared/lean4-pr15373-head/stage0/src/runtime/debug.h:8,
                 from /workspace/shared/lean4-pr15373-head/stage0/src/runtime/mpn.cpp:21:
In static member function ‘static constexpr _Up* std::__copy_move<_IsMove, true, std::random_access_iterator_tag>::__copy_m(_Tp*, _Tp*, _Up*) [with _Tp = unsigned int; _Up = unsigned int; bool _IsMove = false]’,
    inlined from ‘constexpr _OI std::__copy_move_a2(_II, _II, _OI) [with bool _IsMove = false; _II = unsigned int*; _OI = unsigned int*]’ at /usr/include/c++/14/bits/stl_algobase.h:521:30,
    inlined from ‘constexpr _OI std::__copy_move_a1(_II, _II, _OI) [with bool _IsMove = false; _II = unsigned int*; _OI = unsigned int*]’ at /usr/include/c++/14/bits/stl_algobase.h:548:42,
    inlined from ‘constexpr _OI std::__copy_move_a(_II, _II, _OI) [with bool _IsMove = false; _II = unsigned int*; _OI = unsigned int*]’ at /usr/include/c++/14/bits/stl_algobase.h:555:31,
    inlined from ‘constexpr _OI std::copy(_II, _II, _OI) [with _II = unsigned int*; _OI = unsigned int*]’ at /usr/include/c++/14/bits/stl_algobase.h:651:7,
    inlined from ‘static _ForwardIterator std::__uninitialized_copy<true>::__uninit_copy(_InputIterator, _InputIterator, _ForwardIterator) [with _InputIterator = unsigned int*; _ForwardIterator = unsigned int*]’ at /usr/include/c++/14/bits/stl_uninitialized.h:147:27,
    inlined from ‘_ForwardIterator std::uninitialized_copy(_InputIterator, _InputIterator, _ForwardIterator) [with _InputIterator = unsigned int*; _ForwardIterator = unsigned int*]’ at /usr/include/c++/14/bits/stl_uninitialized.h:185:15,
    inlined from ‘void lean::buffer<T, INITIAL_SIZE>::set_capacity(size_t) [with T = unsigned int; long unsigned int INITIAL_SIZE = 16]’ at /workspace/shared/lean4-pr15373-head/stage0/src/runtime/buffer.h:41:32,
    inlined from ‘void lean::buffer<T, INITIAL_SIZE>::ensure_capacity(size_t) [with T = unsigned int; long unsigned int INITIAL_SIZE = 16]’ at /workspace/shared/lean4-pr15373-head/stage0/src/runtime/buffer.h:80:25,
    inlined from ‘void lean::buffer<T, INITIAL_SIZE>::resize(size_t, const T&) [with T = unsigned int; long unsigned int INITIAL_SIZE = 16]’ at /workspace/shared/lean4-pr15373-head/stage0/src/runtime/buffer.h:157:28,
    inlined from ‘void lean::mpn_buffer::resize(size_t, const lean::mpn_digit&)’ at /workspace/shared/lean4-pr15373-head/stage0/src/runtime/mpn.cpp:139:34,
    inlined from ‘size_t lean::div_normalize(const mpn_digit*, size_t, const mpn_digit*, size_t, mpn_buffer&, mpn_buffer&)’ at /workspace/shared/lean4-pr15373-head/stage0/src/runtime/mpn.cpp:160:19,
    inlined from ‘char* lean::mpn_to_string(const mpn_digit*, size_t, char*, size_t)’ at /workspace/shared/lean4-pr15373-head/stage0/src/runtime/mpn.cpp:340:37:
/usr/include/c++/14/bits/stl_algobase.h:452:30: warning: ‘void* __builtin_memmove(void*, const void*, long unsigned int)’ forming offset 4 is out of the bounds [0, 4] [-Warray-bounds=]
  452 |             __builtin_memmove(__result, __first, sizeof(_Tp) * _Num);
      |             ~~~~~~~~~~~~~~~~~^~~~~~~~~~~~~~~~~~~~~~~~~~~~~~~~~~~~~~~
/workspace/shared/lean4-pr15373-head/stage0/src/runtime/uv/timer.cpp: In function ‘lean_object* lean::lean_uv_timer_next(b_obj_arg)’:
/workspace/shared/lean4-pr15373-head/stage0/src/runtime/uv/timer.cpp:207:1: warning: control reaches end of non-void function [-Wreturn-type]
  207 | }
      | ^
/workspace/shared/lean4-pr15373-head/stage0/src/runtime/uv/timer.cpp: In function ‘lean_object* lean::lean_uv_timer_next(b_obj_arg)’:
/workspace/shared/lean4-pr15373-head/stage0/src/runtime/uv/timer.cpp:207:1: warning: control reaches end of non-void function [-Wreturn-type]
  207 | }
      | ^
/workspace/shared/lean4-pr15373-head/stage0/src/runtime/uv/signal.cpp: In function ‘lean_object* lean::lean_uv_signal_next(b_obj_arg)’:
/workspace/shared/lean4-pr15373-head/stage0/src/runtime/uv/signal.cpp:241:1: warning: control reaches end of non-void function [-Wreturn-type]
  241 | }
      | ^
/workspace/shared/lean4-pr15373-head/stage0/src/runtime/uv/signal.cpp: In function ‘lean_object* lean::lean_uv_signal_next(b_obj_arg)’:
/workspace/shared/lean4-pr15373-head/stage0/src/runtime/uv/signal.cpp:241:1: warning: control reaches end of non-void function [-Wreturn-type]
  241 | }
      | ^
cc: error: unrecognized command-line option ‘--print-target-triple’
cc: fatal error: no input files
compilation terminated.
CMake Warning at CMakeLists.txt:451 (message):
  Failed to find ccache, prepare for longer and redundant builds...


CMake Warning at CMakeLists.txt:509 (message):
  Disabling LLVM support


/workspace/shared/lean4-pr15373-head/src/runtime/mimalloc.cpp:32:38: warning: ‘lean_g_tls’ initialized and declared ‘extern’
   32 | extern "C" __thread lean_runtime_tls lean_g_tls = { 0, (mi_theap_t*)&_mi_theap_empty };
      |                                      ^~~~~~~~~~
/workspace/shared/lean4-pr15373-head/src/runtime/mimalloc.cpp:32:38: warning: ‘lean_g_tls’ initialized and declared ‘extern’
   32 | extern "C" __thread lean_runtime_tls lean_g_tls = { 0, (mi_theap_t*)&_mi_theap_empty };
      |                                      ^~~~~~~~~~
info: lean4: no previous manifest, creating one from scratch
info: toolchain not updated; already up-to-date
/workspace/shared/lean4-pr15373-head/src/library/module.cpp: In function ‘lean::object* lean::lean_compacted_region_save(b_obj_arg, b_obj_arg, b_obj_arg, b_obj_arg, obj_arg, uint8, object*)’:
/workspace/shared/lean4-pr15373-head/src/library/module.cpp:351:20: warning: ‘char* strncpy(char*, const char*, size_t)’ specified bound 33 equals destination size [-Wstringop-truncation]
  351 |             strncpy(header.lean_version, get_short_version_string().c_str(), sizeof(header.lean_version));
      |             ~~~~~~~^~~~~~~~~~~~~~~~~~~~~~~~~~~~~~~~~~~~~~~~~~~~~~~~~~~~~~~~~~~~~~~~~~~~~~~~~~~~~~~~~~~~~~
/workspace/shared/lean4-pr15373-head/src/library/module.cpp:330:20: warning: ‘char* strncpy(char*, const char*, size_t)’ specified bound 33 equals destination size [-Wstringop-truncation]
  330 |             strncpy(header.lean_version, get_short_version_string().c_str(), sizeof(header.lean_version));
      |             ~~~~~~~^~~~~~~~~~~~~~~~~~~~~~~~~~~~~~~~~~~~~~~~~~~~~~~~~~~~~~~~~~~~~~~~~~~~~~~~~~~~~~~~~~~~~~
/workspace/shared/lean4-pr15373-head/src/runtime/object.cpp:2153:1: warning: attributes are not permitted in this position [-Wattributes]
 2153 | __attribute__((noinline))
      | ^~~~~~~~~~~~~
/workspace/shared/lean4-pr15373-head/src/runtime/object.cpp:2154:11: note: attributes may be inserted here
 2154 | extern "C" LEAN_EXPORT obj_res lean_copy_string_nonlinear(obj_arg s, size_t cap) {
      |           ^
/workspace/shared/lean4-pr15373-head/src/runtime/object.cpp:2621:1: warning: attributes are not permitted in this position [-Wattributes]
 2621 | __attribute__((noinline))
      | ^~~~~~~~~~~~~
/workspace/shared/lean4-pr15373-head/src/runtime/object.cpp:2622:11: note: attributes may be inserted here
 2622 | extern "C" LEAN_EXPORT obj_res lean_copy_sarray_nonlinear(obj_arg a, size_t cap) {
      |           ^
/workspace/shared/lean4-pr15373-head/src/runtime/object.cpp:2788:1: warning: attributes are not permitted in this position [-Wattributes]
 2788 | __attribute__((noinline))
      | ^~~~~~~~~~~~~
/workspace/shared/lean4-pr15373-head/src/runtime/object.cpp:2789:11: note: attributes may be inserted here
 2789 | extern "C" LEAN_EXPORT obj_res lean_copy_expand_array_nonlinear(obj_arg a, bool expand) {
      |           ^
In static member function ‘static lean::object* lean::ir::interpreter::stub_m_aux(lean::object**)’,
    inlined from ‘static lean::object* lean::ir::interpreter::stub_1_aux(lean::object*)’ at /workspace/shared/lean4-pr15373-head/src/library/ir_interpreter.cpp:1005:105:
/workspace/shared/lean4-pr15373-head/src/library/ir_interpreter.cpp:998:29: warning: array subscript 1 is outside array bounds of ‘lean::object* [1]’ {aka ‘lean_object* [1]’} [-Warray-bounds=]
  998 |         options opts(args[1]);
      |                             ^
/workspace/shared/lean4-pr15373-head/src/library/ir_interpreter.cpp: In static member function ‘static lean::object* lean::ir::interpreter::stub_1_aux(lean::object*)’:
/workspace/shared/lean4-pr15373-head/src/library/ir_interpreter.cpp:1005:57: note: at offset 8 into object ‘args’ of size 8
 1005 |     static object * stub_1_aux(object * x_1) { object * args[] = { x_1 }; return interpreter::stub_m_aux(args); }
      |                                                         ^~~~
In file included from /workspace/shared/lean4-pr15373-head/src/runtime/string_ref.h:10,
                 from /workspace/shared/lean4-pr15373-head/src/util/name.h:14,
                 from /workspace/shared/lean4-pr15373-head/src/util/name_set.h:9,
                 from /workspace/shared/lean4-pr15373-head/src/kernel/environment.h:15,
                 from /workspace/shared/lean4-pr15373-head/src/library/elab_environment.h:8,
                 from /workspace/shared/lean4-pr15373-head/src/library/ir_interpreter.h:8,
                 from /workspace/shared/lean4-pr15373-head/src/library/ir_interpreter.cpp:38:
In member function ‘lean::object* lean::object_ref::raw() const’,
    inlined from ‘const T& lean::cnstr_get_ref_t(const object_ref&, unsigned int) [with T = name]’ at /workspace/shared/lean4-pr15373-head/src/runtime/object_ref.h:146:48,
    inlined from ‘const lean::ir::fun_id& lean::ir::decl_fun_id(const decl&)’ at /workspace/shared/lean4-pr15373-head/src/library/ir_interpreter.cpp:176:76,
    inlined from ‘static lean::object* lean::ir::interpreter::stub_m_aux(lean::object**)’ at /workspace/shared/lean4-pr15373-head/src/library/ir_interpreter.cpp:999:65,
    inlined from ‘static lean::object* lean::ir::interpreter::stub_1_aux(lean::object*)’ at /workspace/shared/lean4-pr15373-head/src/library/ir_interpreter.cpp:1005:105:
/workspace/shared/lean4-pr15373-head/src/runtime/object_ref.h:42:35: warning: array subscript 2 is outside array bounds of ‘lean::object* [1]’ {aka ‘lean_object* [1]’} [-Warray-bounds=]
   42 |     object * raw() const { return m_obj; }
      |                                   ^~~~~
/workspace/shared/lean4-pr15373-head/src/library/ir_interpreter.cpp: In static member function ‘static lean::object* lean::ir::interpreter::stub_1_aux(lean::object*)’:
/workspace/shared/lean4-pr15373-head/src/library/ir_interpreter.cpp:1005:57: note: at offset 16 into object ‘args’ of size 8
 1005 |     static object * stub_1_aux(object * x_1) { object * args[] = { x_1 }; return interpreter::stub_m_aux(args); }
      |                                                         ^~~~
In member function ‘lean::object* lean::object_ref::raw() const’,
    inlined from ‘const T& lean::cnstr_get_ref_t(const object_ref&, unsigned int) [with T = name]’ at /workspace/shared/lean4-pr15373-head/src/runtime/object_ref.h:146:48,
    inlined from ‘const lean::ir::fun_id& lean::ir::decl_fun_id(const decl&)’ at /workspace/shared/lean4-pr15373-head/src/library/ir_interpreter.cpp:176:76,
    inlined from ‘static lean::object* lean::ir::interpreter::stub_m_aux(lean::object**)’ at /workspace/shared/lean4-pr15373-head/src/library/ir_interpreter.cpp:999:65,
    inlined from ‘static lean::object* lean::ir::interpreter::stub_2_aux(lean::object*, lean::object*)’ at /workspace/shared/lean4-pr15373-head/src/library/ir_interpreter.cpp:1006:124:
/workspace/shared/lean4-pr15373-head/src/runtime/object_ref.h:42:35: warning: array subscript 2 is outside array bounds of ‘lean::object* [2]’ {aka ‘lean_object* [2]’} [-Warray-bounds=]
   42 |     object * raw() const { return m_obj; }
      |                                   ^~~~~
/workspace/shared/lean4-pr15373-head/src/library/ir_interpreter.cpp: In static member function ‘static lean::object* lean::ir::interpreter::stub_2_aux(lean::object*, lean::object*)’:
/workspace/shared/lean4-pr15373-head/src/library/ir_interpreter.cpp:1006:71: note: at offset 16 into object ‘args’ of size 16
 1006 |     static object * stub_2_aux(object * x_1, object * x_2) { object * args[] = { x_1, x_2 }; return interpreter::stub_m_aux(args); }
      |                                                                       ^~~~
/workspace/shared/lean4-pr15373-head/src/library/instantiate_mvars.cpp: In member function ‘lean::level lean::instantiate_lmvars_all_fn::visit(const lean::level&)’:
/workspace/shared/lean4-pr15373-head/src/library/instantiate_mvars.cpp:167:5: warning: control reaches end of non-void function [-Wreturn-type]
  167 |     }
      |     ^
/workspace/shared/lean4-pr15373-head/src/library/instantiate_mvars.cpp: In member function ‘lean::expr lean::instantiate_direct_fn::visit(const lean::expr&)’:
/workspace/shared/lean4-pr15373-head/src/library/instantiate_mvars.cpp:325:5: warning: control reaches end of non-void function [-Wreturn-type]
  325 |     }
      |     ^
/workspace/shared/lean4-pr15373-head/src/runtime/io.cpp: In function ‘lean::object* lean::lean_io_prim_handle_mk(b_obj_arg, uint8)’:
/workspace/shared/lean4-pr15373-head/src/runtime/io.cpp:429:23: warning: ‘fp_mode’ may be used uninitialized [-Wmaybe-uninitialized]
  429 |     FILE * fp = fdopen(fd, fp_mode);
      |                 ~~~~~~^~~~~~~~~~~~~
/workspace/shared/lean4-pr15373-head/src/runtime/io.cpp:421:18: note: ‘fp_mode’ was declared here
  421 |     char const * fp_mode;
      |                  ^~~~~~~
/workspace/shared/lean4-pr15373-head/src/runtime/hash.cpp: In function ‘lean::uint64 lean::MurmurHash64A(const void*, size_t, uint64)’:
/workspace/shared/lean4-pr15373-head/src/runtime/hash.cpp:40:15: warning: this statement may fall through [-Wimplicit-fallthrough=]
   40 |     case 7: h ^= uint64(data2[6]) << 48;
      |             ~~^~~~~~~~~~~~~~~~~~~~~~~~~
/workspace/shared/lean4-pr15373-head/src/runtime/hash.cpp:41:5: note: here
   41 |     case 6: h ^= uint64(data2[5]) << 40;
      |     ^~~~
/workspace/shared/lean4-pr15373-head/src/runtime/hash.cpp:41:15: warning: this statement may fall through [-Wimplicit-fallthrough=]
   41 |     case 6: h ^= uint64(data2[5]) << 40;
      |             ~~^~~~~~~~~~~~~~~~~~~~~~~~~
/workspace/shared/lean4-pr15373-head/src/runtime/hash.cpp:42:5: note: here
   42 |     case 5: h ^= uint64(data2[4]) << 32;
      |     ^~~~
/workspace/shared/lean4-pr15373-head/src/runtime/hash.cpp:42:15: warning: this statement may fall through [-Wimplicit-fallthrough=]
   42 |     case 5: h ^= uint64(data2[4]) << 32;
      |             ~~^~~~~~~~~~~~~~~~~~~~~~~~~
/workspace/shared/lean4-pr15373-head/src/runtime/hash.cpp:43:5: note: here
   43 |     case 4: h ^= uint64(data2[3]) << 24;
      |     ^~~~
/workspace/shared/lean4-pr15373-head/src/runtime/hash.cpp:43:15: warning: this statement may fall through [-Wimplicit-fallthrough=]
   43 |     case 4: h ^= uint64(data2[3]) << 24;
      |             ~~^~~~~~~~~~~~~~~~~~~~~~~~~
/workspace/shared/lean4-pr15373-head/src/runtime/hash.cpp:44:5: note: here
   44 |     case 3: h ^= uint64(data2[2]) << 16;
      |     ^~~~
/workspace/shared/lean4-pr15373-head/src/runtime/hash.cpp:44:15: warning: this statement may fall through [-Wimplicit-fallthrough=]
   44 |     case 3: h ^= uint64(data2[2]) << 16;
      |             ~~^~~~~~~~~~~~~~~~~~~~~~~~~
/workspace/shared/lean4-pr15373-head/src/runtime/hash.cpp:45:5: note: here
   45 |     case 2: h ^= uint64(data2[1]) << 8;
      |     ^~~~
/workspace/shared/lean4-pr15373-head/src/runtime/hash.cpp:45:15: warning: this statement may fall through [-Wimplicit-fallthrough=]
   45 |     case 2: h ^= uint64(data2[1]) << 8;
      |             ~~^~~~~~~~~~~~~~~~~~~~~~~~
/workspace/shared/lean4-pr15373-head/src/runtime/hash.cpp:46:5: note: here
   46 |     case 1: h ^= uint64(data2[0]);
      |     ^~~~
/workspace/shared/lean4-pr15373-head/src/runtime/object.cpp:2153:1: warning: attributes are not permitted in this position [-Wattributes]
 2153 | __attribute__((noinline))
      | ^~~~~~~~~~~~~
/workspace/shared/lean4-pr15373-head/src/runtime/object.cpp:2154:11: note: attributes may be inserted here
 2154 | extern "C" LEAN_EXPORT obj_res lean_copy_string_nonlinear(obj_arg s, size_t cap) {
      |           ^
/workspace/shared/lean4-pr15373-head/src/runtime/object.cpp:2621:1: warning: attributes are not permitted in this position [-Wattributes]
 2621 | __attribute__((noinline))
      | ^~~~~~~~~~~~~
/workspace/shared/lean4-pr15373-head/src/runtime/object.cpp:2622:11: note: attributes may be inserted here
 2622 | extern "C" LEAN_EXPORT obj_res lean_copy_sarray_nonlinear(obj_arg a, size_t cap) {
      |           ^
/workspace/shared/lean4-pr15373-head/src/runtime/object.cpp:2788:1: warning: attributes are not permitted in this position [-Wattributes]
 2788 | __attribute__((noinline))
      | ^~~~~~~~~~~~~
/workspace/shared/lean4-pr15373-head/src/runtime/object.cpp:2789:11: note: attributes may be inserted here
 2789 | extern "C" LEAN_EXPORT obj_res lean_copy_expand_array_nonlinear(obj_arg a, bool expand) {
      |           ^
In file included from /usr/include/c++/14/string:51,
                 from /usr/include/c++/14/bits/locale_classes.h:40,
                 from /usr/include/c++/14/bits/ios_base.h:41,
                 from /usr/include/c++/14/ios:44,
                 from /usr/include/c++/14/ostream:40,
                 from /usr/include/c++/14/iostream:41,
                 from /workspace/shared/lean4-pr15373-head/src/runtime/debug.h:8,
                 from /workspace/shared/lean4-pr15373-head/src/runtime/mpn.cpp:21:
In static member function ‘static constexpr _Up* std::__copy_move<_IsMove, true, std::random_access_iterator_tag>::__copy_m(_Tp*, _Tp*, _Up*) [with _Tp = unsigned int; _Up = unsigned int; bool _IsMove = false]’,
    inlined from ‘constexpr _OI std::__copy_move_a2(_II, _II, _OI) [with bool _IsMove = false; _II = unsigned int*; _OI = unsigned int*]’ at /usr/include/c++/14/bits/stl_algobase.h:521:30,
    inlined from ‘constexpr _OI std::__copy_move_a1(_II, _II, _OI) [with bool _IsMove = false; _II = unsigned int*; _OI = unsigned int*]’ at /usr/include/c++/14/bits/stl_algobase.h:548:42,
    inlined from ‘constexpr _OI std::__copy_move_a(_II, _II, _OI) [with bool _IsMove = false; _II = unsigned int*; _OI = unsigned int*]’ at /usr/include/c++/14/bits/stl_algobase.h:555:31,
    inlined from ‘constexpr _OI std::copy(_II, _II, _OI) [with _II = unsigned int*; _OI = unsigned int*]’ at /usr/include/c++/14/bits/stl_algobase.h:651:7,
    inlined from ‘static _ForwardIterator std::__uninitialized_copy<true>::__uninit_copy(_InputIterator, _InputIterator, _ForwardIterator) [with _InputIterator = unsigned int*; _ForwardIterator = unsigned int*]’ at /usr/include/c++/14/bits/stl_uninitialized.h:147:27,
    inlined from ‘_ForwardIterator std::uninitialized_copy(_InputIterator, _InputIterator, _ForwardIterator) [with _InputIterator = unsigned int*; _ForwardIterator = unsigned int*]’ at /usr/include/c++/14/bits/stl_uninitialized.h:185:15,
    inlined from ‘void lean::buffer<T, INITIAL_SIZE>::set_capacity(size_t) [with T = unsigned int; long unsigned int INITIAL_SIZE = 16]’ at /workspace/shared/lean4-pr15373-head/src/runtime/buffer.h:41:32,
    inlined from ‘void lean::buffer<T, INITIAL_SIZE>::ensure_capacity(size_t) [with T = unsigned int; long unsigned int INITIAL_SIZE = 16]’ at /workspace/shared/lean4-pr15373-head/src/runtime/buffer.h:80:25,
    inlined from ‘void lean::buffer<T, INITIAL_SIZE>::resize(size_t, const T&) [with T = unsigned int; long unsigned int INITIAL_SIZE = 16]’ at /workspace/shared/lean4-pr15373-head/src/runtime/buffer.h:157:28,
    inlined from ‘void lean::mpn_buffer::resize(size_t, const lean::mpn_digit&)’ at /workspace/shared/lean4-pr15373-head/src/runtime/mpn.cpp:139:34,
    inlined from ‘size_t lean::div_normalize(const mpn_digit*, size_t, const mpn_digit*, size_t, mpn_buffer&, mpn_buffer&)’ at /workspace/shared/lean4-pr15373-head/src/runtime/mpn.cpp:160:19,
    inlined from ‘char* lean::mpn_to_string(const mpn_digit*, size_t, char*, size_t)’ at /workspace/shared/lean4-pr15373-head/src/runtime/mpn.cpp:340:37:
/usr/include/c++/14/bits/stl_algobase.h:452:30: warning: ‘void* __builtin_memmove(void*, const void*, long unsigned int)’ forming offset 4 is out of the bounds [0, 4] [-Warray-bounds=]
  452 |             __builtin_memmove(__result, __first, sizeof(_Tp) * _Num);
      |             ~~~~~~~~~~~~~~~~~^~~~~~~~~~~~~~~~~~~~~~~~~~~~~~~~~~~~~~~
/workspace/shared/lean4-pr15373-head/src/runtime/uv/timer.cpp: In function ‘lean_object* lean::lean_uv_timer_next(b_obj_arg)’:
/workspace/shared/lean4-pr15373-head/src/runtime/uv/timer.cpp:207:1: warning: control reaches end of non-void function [-Wreturn-type]
  207 | }
      | ^
/workspace/shared/lean4-pr15373-head/src/runtime/io.cpp: In function ‘lean::object* lean::lean_io_prim_handle_mk(b_obj_arg, uint8)’:
/workspace/shared/lean4-pr15373-head/src/runtime/io.cpp:429:23: warning: ‘fp_mode’ may be used uninitialized [-Wmaybe-uninitialized]
  429 |     FILE * fp = fdopen(fd, fp_mode);
      |                 ~~~~~~^~~~~~~~~~~~~
/workspace/shared/lean4-pr15373-head/src/runtime/io.cpp:421:18: note: ‘fp_mode’ was declared here
  421 |     char const * fp_mode;
      |                  ^~~~~~~
/workspace/shared/lean4-pr15373-head/src/runtime/hash.cpp: In function ‘lean::uint64 lean::MurmurHash64A(const void*, size_t, uint64)’:
/workspace/shared/lean4-pr15373-head/src/runtime/hash.cpp:40:15: warning: this statement may fall through [-Wimplicit-fallthrough=]
   40 |     case 7: h ^= uint64(data2[6]) << 48;
      |             ~~^~~~~~~~~~~~~~~~~~~~~~~~~
/workspace/shared/lean4-pr15373-head/src/runtime/hash.cpp:41:5: note: here
   41 |     case 6: h ^= uint64(data2[5]) << 40;
      |     ^~~~
/workspace/shared/lean4-pr15373-head/src/runtime/hash.cpp:41:15: warning: this statement may fall through [-Wimplicit-fallthrough=]
   41 |     case 6: h ^= uint64(data2[5]) << 40;
      |             ~~^~~~~~~~~~~~~~~~~~~~~~~~~
/workspace/shared/lean4-pr15373-head/src/runtime/hash.cpp:42:5: note: here
   42 |     case 5: h ^= uint64(data2[4]) << 32;
      |     ^~~~
/workspace/shared/lean4-pr15373-head/src/runtime/hash.cpp:42:15: warning: this statement may fall through [-Wimplicit-fallthrough=]
   42 |     case 5: h ^= uint64(data2[4]) << 32;
      |             ~~^~~~~~~~~~~~~~~~~~~~~~~~~
/workspace/shared/lean4-pr15373-head/src/runtime/hash.cpp:43:5: note: here
   43 |     case 4: h ^= uint64(data2[3]) << 24;
      |     ^~~~
/workspace/shared/lean4-pr15373-head/src/runtime/hash.cpp:43:15: warning: this statement may fall through [-Wimplicit-fallthrough=]
   43 |     case 4: h ^= uint64(data2[3]) << 24;
      |             ~~^~~~~~~~~~~~~~~~~~~~~~~~~
/workspace/shared/lean4-pr15373-head/src/runtime/hash.cpp:44:5: note: here
   44 |     case 3: h ^= uint64(data2[2]) << 16;
      |     ^~~~
/workspace/shared/lean4-pr15373-head/src/runtime/hash.cpp:44:15: warning: this statement may fall through [-Wimplicit-fallthrough=]
   44 |     case 3: h ^= uint64(data2[2]) << 16;
      |             ~~^~~~~~~~~~~~~~~~~~~~~~~~~
/workspace/shared/lean4-pr15373-head/src/runtime/hash.cpp:45:5: note: here
   45 |     case 2: h ^= uint64(data2[1]) << 8;
      |     ^~~~
/workspace/shared/lean4-pr15373-head/src/runtime/hash.cpp:45:15: warning: this statement may fall through [-Wimplicit-fallthrough=]
   45 |     case 2: h ^= uint64(data2[1]) << 8;
      |             ~~^~~~~~~~~~~~~~~~~~~~~~~~
/workspace/shared/lean4-pr15373-head/src/runtime/hash.cpp:46:5: note: here
   46 |     case 1: h ^= uint64(data2[0]);
      |     ^~~~
/workspace/shared/lean4-pr15373-head/src/runtime/uv/signal.cpp: In function ‘lean_object* lean::lean_uv_signal_next(b_obj_arg)’:
/workspace/shared/lean4-pr15373-head/src/runtime/uv/signal.cpp:241:1: warning: control reaches end of non-void function [-Wreturn-type]
  241 | }
      | ^
In file included from /usr/include/c++/14/string:51,
                 from /usr/include/c++/14/bits/locale_classes.h:40,
                 from /usr/include/c++/14/bits/ios_base.h:41,
                 from /usr/include/c++/14/ios:44,
                 from /usr/include/c++/14/ostream:40,
                 from /usr/include/c++/14/iostream:41,
                 from /workspace/shared/lean4-pr15373-head/src/runtime/debug.h:8,
                 from /workspace/shared/lean4-pr15373-head/src/runtime/mpn.cpp:21:
In static member function ‘static constexpr _Up* std::__copy_move<_IsMove, true, std::random_access_iterator_tag>::__copy_m(_Tp*, _Tp*, _Up*) [with _Tp = unsigned int; _Up = unsigned int; bool _IsMove = false]’,
    inlined from ‘constexpr _OI std::__copy_move_a2(_II, _II, _OI) [with bool _IsMove = false; _II = unsigned int*; _OI = unsigned int*]’ at /usr/include/c++/14/bits/stl_algobase.h:521:30,
    inlined from ‘constexpr _OI std::__copy_move_a1(_II, _II, _OI) [with bool _IsMove = false; _II = unsigned int*; _OI = unsigned int*]’ at /usr/include/c++/14/bits/stl_algobase.h:548:42,
    inlined from ‘constexpr _OI std::__copy_move_a(_II, _II, _OI) [with bool _IsMove = false; _II = unsigned int*; _OI = unsigned int*]’ at /usr/include/c++/14/bits/stl_algobase.h:555:31,
    inlined from ‘constexpr _OI std::copy(_II, _II, _OI) [with _II = unsigned int*; _OI = unsigned int*]’ at /usr/include/c++/14/bits/stl_algobase.h:651:7,
    inlined from ‘static _ForwardIterator std::__uninitialized_copy<true>::__uninit_copy(_InputIterator, _InputIterator, _ForwardIterator) [with _InputIterator = unsigned int*; _ForwardIterator = unsigned int*]’ at /usr/include/c++/14/bits/stl_uninitialized.h:147:27,
    inlined from ‘_ForwardIterator std::uninitialized_copy(_InputIterator, _InputIterator, _ForwardIterator) [with _InputIterator = unsigned int*; _ForwardIterator = unsigned int*]’ at /usr/include/c++/14/bits/stl_uninitialized.h:185:15,
    inlined from ‘void lean::buffer<T, INITIAL_SIZE>::set_capacity(size_t) [with T = unsigned int; long unsigned int INITIAL_SIZE = 16]’ at /workspace/shared/lean4-pr15373-head/src/runtime/buffer.h:41:32,
    inlined from ‘void lean::buffer<T, INITIAL_SIZE>::ensure_capacity(size_t) [with T = unsigned int; long unsigned int INITIAL_SIZE = 16]’ at /workspace/shared/lean4-pr15373-head/src/runtime/buffer.h:80:25,
    inlined from ‘void lean::buffer<T, INITIAL_SIZE>::resize(size_t, const T&) [with T = unsigned int; long unsigned int INITIAL_SIZE = 16]’ at /workspace/shared/lean4-pr15373-head/src/runtime/buffer.h:157:28,
    inlined from ‘void lean::mpn_buffer::resize(size_t, const lean::mpn_digit&)’ at /workspace/shared/lean4-pr15373-head/src/runtime/mpn.cpp:139:34,
    inlined from ‘size_t lean::div_normalize(const mpn_digit*, size_t, const mpn_digit*, size_t, mpn_buffer&, mpn_buffer&)’ at /workspace/shared/lean4-pr15373-head/src/runtime/mpn.cpp:160:19,
    inlined from ‘char* lean::mpn_to_string(const mpn_digit*, size_t, char*, size_t)’ at /workspace/shared/lean4-pr15373-head/src/runtime/mpn.cpp:340:37:
/usr/include/c++/14/bits/stl_algobase.h:452:30: warning: ‘void* __builtin_memmove(void*, const void*, long unsigned int)’ forming offset 4 is out of the bounds [0, 4] [-Warray-bounds=]
  452 |             __builtin_memmove(__result, __first, sizeof(_Tp) * _Num);
      |             ~~~~~~~~~~~~~~~~~^~~~~~~~~~~~~~~~~~~~~~~~~~~~~~~~~~~~~~~
/workspace/shared/lean4-pr15373-head/src/runtime/uv/timer.cpp: In function ‘lean_object* lean::lean_uv_timer_next(b_obj_arg)’:
/workspace/shared/lean4-pr15373-head/src/runtime/uv/timer.cpp:207:1: warning: control reaches end of non-void function [-Wreturn-type]
  207 | }
      | ^
/workspace/shared/lean4-pr15373-head/src/runtime/uv/signal.cpp: In function ‘lean_object* lean::lean_uv_signal_next(b_obj_arg)’:
/workspace/shared/lean4-pr15373-head/src/runtime/uv/signal.cpp:241:1: warning: control reaches end of non-void function [-Wreturn-type]
  241 | }
      | ^
