full-payload preflight failed; missing frozen Gate-8 inputs:
  external/lean-kernel-arena/_build/checkers/kiota/src/target/release/kiota
  external/lean-kernel-arena/_build/checkers/lean4lean/src/.lake/build/bin/lean4lean
  external/lean-kernel-arena/_build/checkers/nanoda/src/target/release/nanoda_bin
  external/lean-kernel-arena/_build/checkers/official/src/.lake/build/bin/kernel
  external/lean-kernel-arena/_build/tests/bogus1.ndjson
  external/lean-kernel-arena/_build/tests/cedar.ndjson
  external/lean-kernel-arena/_build/tests/constlevels.ndjson
  external/lean-kernel-arena/_build/tests/corner-cases/imax-right-successor.ndjson
  external/lean-kernel-arena/_build/tests/cslib.ndjson
  external/lean-kernel-arena/_build/tests/ctor-num-fields.ndjson
  external/lean-kernel-arena/_build/tests/definition-self-reference.ndjson
  external/lean-kernel-arena/_build/tests/extra-rec.ndjson
  external/lean-kernel-arena/_build/tests/init-prelude.ndjson
  external/lean-kernel-arena/_build/tests/init.ndjson
  external/lean-kernel-arena/_build/tests/k-rec-conv.ndjson
  external/lean-kernel-arena/_build/tests/lal-alt-eq-refl.ndjson
  external/lean-kernel-arena/_build/tests/lal-alt-eq.ndjson
  external/lean-kernel-arena/_build/tests/lal-constructor-param-binder.ndjson
  external/lean-kernel-arena/_build/tests/lal-imax-diff-boundary.ndjson
  external/lean-kernel-arena/_build/tests/lal-ordinary-inductive-proof-parameter-control.ndjson
  external/lean-kernel-arena/_build/tests/lal-ordinary-inductive-reducible-positivity-control.ndjson
  external/lean-kernel-arena/_build/tests/lal-reduction-semantics-beta-candidate.ndjson
  external/lean-kernel-arena/_build/tests/lal-reduction-semantics-beta-control.ndjson
  external/lean-kernel-arena/_build/tests/lal-reduction-semantics-nat-ble-candidate.ndjson
  external/lean-kernel-arena/_build/tests/lal-reduction-semantics-nat-ble-control.ndjson
  external/lean-kernel-arena/_build/tests/lal-reduction-semantics-nat-land-candidate.ndjson
  external/lean-kernel-arena/_build/tests/lal-reduction-semantics-nat-land-control.ndjson
  external/lean-kernel-arena/_build/tests/lal-reduction-semantics-projection-candidate.ndjson
  external/lean-kernel-arena/_build/tests/lal-reduction-semantics-projection-control.ndjson
  external/lean-kernel-arena/_build/tests/lal-reduction-semantics-quot-ind-candidate.ndjson
  external/lean-kernel-arena/_build/tests/lal-reduction-semantics-quot-ind-control.ndjson
  external/lean-kernel-arena/_build/tests/lal-reduction-semantics-quot-lift-candidate.ndjson
  external/lean-kernel-arena/_build/tests/lal-reduction-semantics-quot-lift-control.ndjson
  external/lean-kernel-arena/_build/tests/lal-reduction-semantics-recursor-candidate.ndjson
  external/lean-kernel-arena/_build/tests/lal-reduction-semantics-recursor-control.ndjson
  external/lean-kernel-arena/_build/tests/lal-reduction-semantics-zeta-candidate.ndjson
  external/lean-kernel-arena/_build/tests/lal-reduction-semantics-zeta-control.ndjson
  external/lean-kernel-arena/_build/tests/lal-restored-recursor-seed.ndjson
  external/lean-kernel-arena/_build/tests/lal-universe-boundary.ndjson
  external/lean-kernel-arena/_build/tests/large-elim-param.ndjson
  external/lean-kernel-arena/_build/tests/level-imax-leq.ndjson
  external/lean-kernel-arena/_build/tests/level-imax-normalization.ndjson
  external/lean-kernel-arena/_build/tests/level-index-out-of-order.ndjson
  external/lean-kernel-arena/_build/tests/mathlib.ndjson
  external/lean-kernel-arena/_build/tests/nat-rec-k-lie.ndjson
  external/lean-kernel-arena/_build/tests/nat-rec-rules.ndjson
  external/lean-kernel-arena/_build/tests/nested-nonuniform-param.ndjson
  external/lean-kernel-arena/_build/tests/nested-unused-param.ndjson
  external/lean-kernel-arena/_build/tests/perf/app-lam.ndjson
  external/lean-kernel-arena/_build/tests/perf/args-before-unfold.ndjson
  external/lean-kernel-arena/_build/tests/perf/beta-ladder.ndjson
  external/lean-kernel-arena/_build/tests/perf/church-numerals.ndjson
  external/lean-kernel-arena/_build/tests/perf/discarded-argument-match.ndjson
  external/lean-kernel-arena/_build/tests/perf/discarded-argument.ndjson
  external/lean-kernel-arena/_build/tests/perf/folded-constant-first.ndjson
  external/lean-kernel-arena/_build/tests/perf/folded-constant-last.ndjson
  external/lean-kernel-arena/_build/tests/perf/grind-ring-5.ndjson
  external/lean-kernel-arena/_build/tests/perf/identical-nesting.ndjson
  external/lean-kernel-arena/_build/tests/perf/irrelevance-before-evaluation.ndjson
  external/lean-kernel-arena/_build/tests/perf/let-ladder.ndjson
  external/lean-kernel-arena/_build/tests/perf/refute-cheap-first.ndjson
  external/lean-kernel-arena/_build/tests/perf/refute-cheap-last.ndjson
  external/lean-kernel-arena/_build/tests/perf/repeated-subproblem.ndjson
  external/lean-kernel-arena/_build/tests/perf/shared-subterm.ndjson
  external/lean-kernel-arena/_build/tests/perf/shift-cascade.ndjson
  external/lean-kernel-arena/_build/tests/perf/unroll-versus-evaluate.ndjson
  external/lean-kernel-arena/_build/tests/proj-non-structure.ndjson
  external/lean-kernel-arena/_build/tests/proj-of-imax-prop.ndjson
  external/lean-kernel-arena/_build/tests/proj-of-prop.ndjson
  external/lean-kernel-arena/_build/tests/proj-of-stuck-prop.ndjson
  external/lean-kernel-arena/_build/tests/proj-of-subst-prop.ndjson
  external/lean-kernel-arena/_build/tests/proof-irrel.ndjson
  external/lean-kernel-arena/_build/tests/rec-k-lie.ndjson
  external/lean-kernel-arena/_build/tests/rec-missing-ih.ndjson
  external/lean-kernel-arena/_build/tests/rec-of-subst-prop.ndjson
  external/lean-kernel-arena/_build/tests/sparse-name-index.ndjson
  external/lean-kernel-arena/_build/tests/std.ndjson
  external/lean-kernel-arena/_build/tests/tutorial/bad/002_badDef.ndjson
  external/lean-kernel-arena/_build/tests/tutorial/bad/009_forallSortBad.ndjson
  external/lean-kernel-arena/_build/tests/tutorial/bad/010_nonTypeType.ndjson
  external/lean-kernel-arena/_build/tests/tutorial/bad/011_nonTypeAxiom.ndjson
  external/lean-kernel-arena/_build/tests/tutorial/bad/012_nonPropThm.ndjson
  external/lean-kernel-arena/_build/tests/tutorial/bad/017_tut06_bad01.ndjson
  external/lean-kernel-arena/_build/tests/tutorial/bad/026_imaxRightOne.ndjson
  external/lean-kernel-arena/_build/tests/tutorial/bad/027_imaxRightSucc.ndjson
  external/lean-kernel-arena/_build/tests/tutorial/bad/046_inductBadNonSort.ndjson
  external/lean-kernel-arena/_build/tests/tutorial/bad/047_inductBadNonSort2.ndjson
  external/lean-kernel-arena/_build/tests/tutorial/bad/048_inductLevelParam.ndjson
  external/lean-kernel-arena/_build/tests/tutorial/bad/049_inductTooFewParams.ndjson
  external/lean-kernel-arena/_build/tests/tutorial/bad/050_inductWrongCtorParams.ndjson
  external/lean-kernel-arena/_build/tests/tutorial/bad/051_inductWrongCtorResParams.ndjson
  external/lean-kernel-arena/_build/tests/tutorial/bad/052_inductWrongCtorResLevel.ndjson
  external/lean-kernel-arena/_build/tests/tutorial/bad/053_inductInIndex.ndjson
  external/lean-kernel-arena/_build/tests/tutorial/bad/054_indNeg.ndjson
  external/lean-kernel-arena/_build/tests/tutorial/bad/056_reduceCtorType.mk.ndjson
  external/lean-kernel-arena/_build/tests/tutorial/bad/057_indNegReducible.ndjson
  external/lean-kernel-arena/_build/tests/tutorial/bad/061_typeWithTooHighTypeField.mk.ndjson
  external/lean-kernel-arena/_build/tests/tutorial/bad/073_BogusRecursor.ndjson
  external/lean-kernel-arena/_build/tests/tutorial/bad/087_projOutOfRange.ndjson
  external/lean-kernel-arena/_build/tests/tutorial/bad/088_projNotStruct.ndjson
  external/lean-kernel-arena/_build/tests/tutorial/bad/090_projProp2.ndjson
  external/lean-kernel-arena/_build/tests/tutorial/bad/092_projProp4.ndjson
  external/lean-kernel-arena/_build/tests/tutorial/bad/093_projProp5.ndjson
  external/lean-kernel-arena/_build/tests/tutorial/bad/094_projProp6.ndjson
  external/lean-kernel-arena/_build/tests/tutorial/bad/099_projIndexData.ndjson
  external/lean-kernel-arena/_build/tests/tutorial/bad/100_projIndexData2.ndjson
  external/lean-kernel-arena/_build/tests/tutorial/bad/103_ruleKbad.ndjson
  external/lean-kernel-arena/_build/tests/tutorial/bad/104_ruleKAcc.ndjson
  external/lean-kernel-arena/_build/tests/tutorial/bad/108_proofIrrelevanceBad.ndjson
  external/lean-kernel-arena/_build/tests/tutorial/bad/113_indexedUnitEta.ndjson
  external/lean-kernel-arena/_build/tests/tutorial/bad/115_indexedStructEta.ndjson
  external/lean-kernel-arena/_build/tests/tutorial/bad/118_funEtaBad.ndjson
  external/lean-kernel-arena/_build/tests/tutorial/bad/119_etaRuleK.ndjson
  external/lean-kernel-arena/_build/tests/tutorial/bad/120_etaCtor.ndjson
  external/lean-kernel-arena/_build/tests/tutorial/bad/121_reflOccLeft.ndjson
  external/lean-kernel-arena/_build/tests/tutorial/bad/122_reflOccInIndex.ndjson
  external/lean-kernel-arena/_build/tests/tutorial/bad/129_accRecNoEta.ndjson
  external/lean-kernel-arena/_build/tests/tutorial/bad/136_dup_defs.ndjson
  external/lean-kernel-arena/_build/tests/tutorial/bad/137_dup_ind_def.ndjson
  external/lean-kernel-arena/_build/tests/tutorial/bad/138_dup_ctor_def.ndjson
  external/lean-kernel-arena/_build/tests/tutorial/bad/139_dup_rec_def.ndjson
  external/lean-kernel-arena/_build/tests/tutorial/bad/140_misnamed_rec_user.ndjson
  external/lean-kernel-arena/_build/tests/tutorial/bad/141_dup_rec_def2.ndjson
  external/lean-kernel-arena/_build/tests/tutorial/bad/142_dup_ctor_rec.ndjson
  external/lean-kernel-arena/_build/tests/tutorial/bad/143_DupConCon.ndjson
  external/lean-kernel-arena/_build/tests/tutorial/good/001_basicDef.ndjson
  external/lean-kernel-arena/_build/tests/tutorial/good/003_arrowType.ndjson
  external/lean-kernel-arena/_build/tests/tutorial/good/004_dependentType.ndjson
  external/lean-kernel-arena/_build/tests/tutorial/good/005_constType.ndjson
  external/lean-kernel-arena/_build/tests/tutorial/good/006_betaReduction.ndjson
  external/lean-kernel-arena/_build/tests/tutorial/good/007_betaReduction2.ndjson
  external/lean-kernel-arena/_build/tests/tutorial/good/008_forallSortWhnf.ndjson
  external/lean-kernel-arena/_build/tests/tutorial/good/013_levelComp1.ndjson
  external/lean-kernel-arena/_build/tests/tutorial/good/014_levelComp2.ndjson
  external/lean-kernel-arena/_build/tests/tutorial/good/015_levelComp3.ndjson
  external/lean-kernel-arena/_build/tests/tutorial/good/016_levelParams.ndjson
  external/lean-kernel-arena/_build/tests/tutorial/good/018_levelComp4.ndjson
  external/lean-kernel-arena/_build/tests/tutorial/good/019_levelComp5.ndjson
  external/lean-kernel-arena/_build/tests/tutorial/good/020_imax1.ndjson
  external/lean-kernel-arena/_build/tests/tutorial/good/021_imax2.ndjson
  external/lean-kernel-arena/_build/tests/tutorial/good/022_levelMaxComm.ndjson
  external/lean-kernel-arena/_build/tests/tutorial/good/023_levelMaxAssoc.ndjson
  external/lean-kernel-arena/_build/tests/tutorial/good/024_levelMaxIdem.ndjson
  external/lean-kernel-arena/_build/tests/tutorial/good/025_levelMaxAbsorb.ndjson
  external/lean-kernel-arena/_build/tests/tutorial/good/028_inferVar.ndjson
  external/lean-kernel-arena/_build/tests/tutorial/good/029_defEqLambda.ndjson
  external/lean-kernel-arena/_build/tests/tutorial/good/030_peano1.ndjson
  external/lean-kernel-arena/_build/tests/tutorial/good/031_peano2.ndjson
  external/lean-kernel-arena/_build/tests/tutorial/good/032_peano3.ndjson
  external/lean-kernel-arena/_build/tests/tutorial/good/033_letType.ndjson
  external/lean-kernel-arena/_build/tests/tutorial/good/034_letTypeDep.ndjson
  external/lean-kernel-arena/_build/tests/tutorial/good/035_letRed.ndjson
  external/lean-kernel-arena/_build/tests/tutorial/good/036_empty.ndjson
  external/lean-kernel-arena/_build/tests/tutorial/good/037_boolType.ndjson
  external/lean-kernel-arena/_build/tests/tutorial/good/038_twoBool.ndjson
  external/lean-kernel-arena/_build/tests/tutorial/good/039_andType.ndjson
  external/lean-kernel-arena/_build/tests/tutorial/good/040_prodType.ndjson
  external/lean-kernel-arena/_build/tests/tutorial/good/041_pprodType.ndjson
  external/lean-kernel-arena/_build/tests/tutorial/good/042_pUnitType.ndjson
  external/lean-kernel-arena/_build/tests/tutorial/good/043_eqType.ndjson
  external/lean-kernel-arena/_build/tests/tutorial/good/044_natDef.ndjson
  external/lean-kernel-arena/_build/tests/tutorial/good/045_rbTreeDef.ndjson
  external/lean-kernel-arena/_build/tests/tutorial/good/055_reduceCtorParam.mk.ndjson
  external/lean-kernel-arena/_build/tests/tutorial/good/058_predWithTypeField.ndjson
  external/lean-kernel-arena/_build/tests/tutorial/good/059_typeWithTypeField.ndjson
  external/lean-kernel-arena/_build/tests/tutorial/good/060_typeWithTypeFieldPoly.ndjson
  external/lean-kernel-arena/_build/tests/tutorial/good/062_emptyRec.ndjson
  external/lean-kernel-arena/_build/tests/tutorial/good/063_boolRec.ndjson
  external/lean-kernel-arena/_build/tests/tutorial/good/064_twoBoolRec.ndjson
  external/lean-kernel-arena/_build/tests/tutorial/good/065_andRec.ndjson
  external/lean-kernel-arena/_build/tests/tutorial/good/066_prodRec.ndjson
  external/lean-kernel-arena/_build/tests/tutorial/good/067_pprodRec.ndjson
  external/lean-kernel-arena/_build/tests/tutorial/good/068_punitRec.ndjson
  external/lean-kernel-arena/_build/tests/tutorial/good/069_eqRec.ndjson
  external/lean-kernel-arena/_build/tests/tutorial/good/070_nRec.ndjson
  external/lean-kernel-arena/_build/tests/tutorial/good/071_rbTreeRef.ndjson
  external/lean-kernel-arena/_build/tests/tutorial/good/072_boolPropRec.ndjson
  external/lean-kernel-arena/_build/tests/tutorial/good/074_existsRec.ndjson
  external/lean-kernel-arena/_build/tests/tutorial/good/075_typeSingletonRecReduction.ndjson
  external/lean-kernel-arena/_build/tests/tutorial/good/076_sortElimPropRec.ndjson
  external/lean-kernel-arena/_build/tests/tutorial/good/077_sortElimProp2Rec.ndjson
  external/lean-kernel-arena/_build/tests/tutorial/good/078_boolRecEqns.ndjson
  external/lean-kernel-arena/_build/tests/tutorial/good/079_prodRecEqns.ndjson
  external/lean-kernel-arena/_build/tests/tutorial/good/080_nRecReduction.ndjson
  external/lean-kernel-arena/_build/tests/tutorial/good/081_listRecReduction.ndjson
  external/lean-kernel-arena/_build/tests/tutorial/good/082_RBTree.id_spec.ndjson
  external/lean-kernel-arena/_build/tests/tutorial/good/083_And.right.ndjson
  external/lean-kernel-arena/_build/tests/tutorial/good/084_Prod.snd.ndjson
  external/lean-kernel-arena/_build/tests/tutorial/good/085_PProd.snd.ndjson
  external/lean-kernel-arena/_build/tests/tutorial/good/086_PSigma.snd.ndjson
  external/lean-kernel-arena/_build/tests/tutorial/good/089_projProp1.ndjson
  external/lean-kernel-arena/_build/tests/tutorial/good/091_projProp3.ndjson
  external/lean-kernel-arena/_build/tests/tutorial/good/095_MaybeProp.mk.ndjson
  external/lean-kernel-arena/_build/tests/tutorial/good/096_projMaybeProp.ndjson
  external/lean-kernel-arena/_build/tests/tutorial/good/097_projMaybePropPast.ndjson
  external/lean-kernel-arena/_build/tests/tutorial/good/098_projDataIndexRec.ndjson
  external/lean-kernel-arena/_build/tests/tutorial/good/101_projRed.ndjson
  external/lean-kernel-arena/_build/tests/tutorial/good/102_ruleK.ndjson
  external/lean-kernel-arena/_build/tests/tutorial/good/105_aNatLit.ndjson
  external/lean-kernel-arena/_build/tests/tutorial/good/106_natLitEq.ndjson
  external/lean-kernel-arena/_build/tests/tutorial/good/107_proofIrrelevance.ndjson
  external/lean-kernel-arena/_build/tests/tutorial/good/109_proofIrrelevanceWhnf.ndjson
  external/lean-kernel-arena/_build/tests/tutorial/good/110_unitEta1.ndjson
  external/lean-kernel-arena/_build/tests/tutorial/good/111_unitEta2.ndjson
  external/lean-kernel-arena/_build/tests/tutorial/good/112_unitEta3.ndjson
  external/lean-kernel-arena/_build/tests/tutorial/good/114_structEta.ndjson
  external/lean-kernel-arena/_build/tests/tutorial/good/116_funEta.ndjson
  external/lean-kernel-arena/_build/tests/tutorial/good/117_funEtaDep.ndjson
  external/lean-kernel-arena/_build/tests/tutorial/good/123_reduceCtorParamRefl.mk.ndjson
  external/lean-kernel-arena/_build/tests/tutorial/good/124_reduceCtorParamRefl2.mk.ndjson
  external/lean-kernel-arena/_build/tests/tutorial/good/125_rTreeRec.ndjson
  external/lean-kernel-arena/_build/tests/tutorial/good/126_rtreeRecReduction.ndjson
  external/lean-kernel-arena/_build/tests/tutorial/good/127_accRecType.ndjson
  external/lean-kernel-arena/_build/tests/tutorial/good/128_accRecReduction.ndjson
  external/lean-kernel-arena/_build/tests/tutorial/good/130_quotMkType.ndjson
  external/lean-kernel-arena/_build/tests/tutorial/good/131_quotIndType.ndjson
  external/lean-kernel-arena/_build/tests/tutorial/good/132_quotLiftType.ndjson
  external/lean-kernel-arena/_build/tests/tutorial/good/133_quotSoundType.ndjson
  external/lean-kernel-arena/_build/tests/tutorial/good/134_quotLiftReduction.ndjson
  external/lean-kernel-arena/_build/tests/tutorial/good/135_quotIndReduction.ndjson
  external/lean-kernel-arena/_build/tests/undecidability/alg-conv-trans-acc-left.ndjson
  external/lean-kernel-arena/_build/tests/undecidability/alg-conv-trans-acc-right.ndjson
  external/lean-kernel-arena/_build/tests/undecidability/alg-conv-trans-acc.ndjson
  external/lean-kernel-arena/_build/tests/undecidability/alg-conv-trans-quot-left-def.ndjson
  external/lean-kernel-arena/_build/tests/undecidability/alg-conv-trans-quot-left.ndjson
  external/lean-kernel-arena/_build/tests/undecidability/alg-conv-trans-quot-right.ndjson
  external/lean-kernel-arena/_build/tests/undecidability/alg-conv-trans-quot.ndjson
  external/lean-kernel-arena/_build/tests/undecidability/subject-reduction-redex.ndjson
  external/lean-kernel-arena/_build/tests/undecidability/subject-reduction-reduct.ndjson
  external/lean-kernel-arena/_build/tests/work/tutorial/src/.lake/packages/Lean4Export/examples/Nat.add_succ.ndjson
  results/coverage/nanoda/build-manifest.json
  results/coverage/nanoda/collection-state.json
  results/coverage/nanoda/config.json
  results/coverage/nanoda/line-to-tests.json
  results/coverage/nanoda/manifest.json
  results/coverage/nanoda/test-to-lines.json
