{'families': 18, 'receipt_files': 456, 'receipts': 509, 'raw_streams': 932}
test_binder_model_replay_without_original_checkout_or_host_tools (test_evidence_replay_portability.EvidenceReplayPortabilityTests) ... ok
test_full_trust_synthetic_custody_suite_runs_from_alternate_checkout (test_evidence_replay_portability.EvidenceReplayPortabilityTests) ... ok
test_kiota_refinement_receipts_replay_without_original_checkout (test_evidence_replay_portability.EvidenceReplayPortabilityTests) ... ok
test_kiota_repair_receipts_replay_without_original_checkout (test_evidence_replay_portability.EvidenceReplayPortabilityTests) ... ok
test_lazy_replay_does_not_require_original_checkout_path (test_evidence_replay_portability.EvidenceReplayPortabilityTests) ... ok
test_lazy_replay_rejects_self_authenticated_cwd_and_argv (test_evidence_replay_portability.EvidenceReplayPortabilityTests) ... ok
test_real_proof_slices_replay_rejects_command_and_raw_tampering (test_evidence_replay_portability.EvidenceReplayPortabilityTests) ... ok
test_real_proof_slices_replay_without_original_checkout_or_host_tools (test_evidence_replay_portability.EvidenceReplayPortabilityTests) ... ok
test_resource_envelope_replay_without_original_checkout_or_host_tools (test_evidence_replay_portability.EvidenceReplayPortabilityTests) ... ok
test_stateful_replay_does_not_require_original_host_tools_or_checkout (test_evidence_replay_portability.EvidenceReplayPortabilityTests) ... ok
test_trust_replay_preserves_original_root_from_alternate_checkout (test_evidence_replay_portability.EvidenceReplayPortabilityTests) ... ok
test_lean_action_controls_replay_without_original_checkout_or_host_tools (test_evidence_replay_portability_lean_action.LeanActionEvidenceReplayPortabilityTests) ... ok

----------------------------------------------------------------------
Ran 12 tests in 12.093s

OK
test_failed_closure_fixture_receipts_replay_from_foreign_checkout (test_resource_envelope_closure_portability.ResourceEnvelopeClosurePortabilityTests) ... ok

----------------------------------------------------------------------
Ran 1 test in 0.011s

OK
