PANIC at _private.Lean.Environment.0.Lean.EnvExtension.getStateImpl Lean.Environment:1375:4: invalid environment extension has been accessed
backtrace:
0   lean4lean                           0x0000000108597054 _ZN4leanL15print_backtraceEb + 60
1   lean4lean                           0x000000010858ddd8 _ZN4leanL15lean_panic_implEPKcmb + 176
2   lean4lean                           0x000000010858def4 lean_panic_fn_borrowed + 64
3   lean4lean                           0x000000010582ef34 Lean.EnvExtension.getStateUnsafe [arity↓, private] + 2100
4   lean4lean                           0x0000000108450e60 Lean.ppExprWithInfos + 260
5   lean4lean                           0x0000000105abf46c Lean.MessageData.ofExpr [λ] + 268
6   lean4lean                           0x000000010859c7d8 <apply/2> + 3016
7   lean4lean                           0x0000000105ac59c0 Lean.MessageData.formatAux + 424
8   lean4lean                           0x0000000105ac660c Lean.MessageData.formatAux + 3572
9   lean4lean                           0x0000000105ac5de0 Lean.MessageData.formatAux + 1480
10  lean4lean                           0x0000000105ac660c Lean.MessageData.formatAux + 3572
11  lean4lean                           0x0000000105ac65f8 Lean.MessageData.formatAux + 3552
12  lean4lean                           0x0000000105ac65f8 Lean.MessageData.formatAux + 3552
13  lean4lean                           0x0000000105ac6fd8 Lean.MessageData.toString + 28
14  lean4lean                           0x0000000102276538 Lean4Lean.Replay.throwKernelException [arity↓] (lean4lean) + 2576
15  lean4lean                           0x0000000102278fdc Lean4Lean.Replay.replayConstant [λ] (lean4lean) + 44
16  lean4lean                           0x000000010227a9d8 Lean4Lean.Replay.replayConstant (lean4lean) + 2556
17  lean4lean                           0x000000010227b980 Std.DTreeMap.Internal.Impl.forInStep spec at Lean4Lean.Replay.replayConstants (lean4lean) + 456
18  lean4lean                           0x000000010227b91c Std.DTreeMap.Internal.Impl.forInStep spec at Lean4Lean.Replay.replayConstants (lean4lean) + 356
19  lean4lean                           0x000000010227e300 Lean4Lean.Replay.replay (lean4lean) + 376
20  lean4lean                           0x00000001020e21ac [lean] main + 2572
21  lean4lean                           0x000000010858bb80 _ZNSt3__110__function6__funcIZ13lean_run_mainE3$_0NS_9allocatorIS2_EEFvvEEclEv + 40
22  lean4lean                           0x000000010858b708 _ZN4lean7lthread3imp5_mainEPv + 52
23  libsystem_pthread.dylib             0x000000018befbbc8 _pthread_start + 136
24  libsystem_pthread.dylib             0x000000018bef6b80 thread_start + 8
PANIC at _private.Lean.Environment.0.Lean.EnvExtension.getStateImpl Lean.Environment:1375:4: invalid environment extension has been accessed
backtrace:
0   lean4lean                           0x0000000108597054 _ZN4leanL15print_backtraceEb + 60
1   lean4lean                           0x000000010858ddd8 _ZN4leanL15lean_panic_implEPKcmb + 176
2   lean4lean                           0x000000010858def4 lean_panic_fn_borrowed + 64
3   lean4lean                           0x000000010582ef34 Lean.EnvExtension.getStateUnsafe [arity↓, private] + 2100
4   lean4lean                           0x0000000108450e60 Lean.ppExprWithInfos + 260
5   lean4lean                           0x0000000105abf46c Lean.MessageData.ofExpr [λ] + 268
6   lean4lean                           0x000000010859c7d8 <apply/2> + 3016
7   lean4lean                           0x0000000105ac59c0 Lean.MessageData.formatAux + 424
8   lean4lean                           0x0000000105ac660c Lean.MessageData.formatAux + 3572
9   lean4lean                           0x0000000105ac5de0 Lean.MessageData.formatAux + 1480
10  lean4lean                           0x0000000105ac660c Lean.MessageData.formatAux + 3572
11  lean4lean                           0x0000000105ac6fd8 Lean.MessageData.toString + 28
12  lean4lean                           0x0000000102276538 Lean4Lean.Replay.throwKernelException [arity↓] (lean4lean) + 2576
13  lean4lean                           0x0000000102278fdc Lean4Lean.Replay.replayConstant [λ] (lean4lean) + 44
14  lean4lean                           0x000000010227a9d8 Lean4Lean.Replay.replayConstant (lean4lean) + 2556
15  lean4lean                           0x000000010227b980 Std.DTreeMap.Internal.Impl.forInStep spec at Lean4Lean.Replay.replayConstants (lean4lean) + 456
16  lean4lean                           0x000000010227b91c Std.DTreeMap.Internal.Impl.forInStep spec at Lean4Lean.Replay.replayConstants (lean4lean) + 356
17  lean4lean                           0x000000010227e300 Lean4Lean.Replay.replay (lean4lean) + 376
18  lean4lean                           0x00000001020e21ac [lean] main + 2572
19  lean4lean                           0x000000010858bb80 _ZNSt3__110__function6__funcIZ13lean_run_mainE3$_0NS_9allocatorIS2_EEFvvEEclEv + 40
20  lean4lean                           0x000000010858b708 _ZN4lean7lthread3imp5_mainEPv + 52
21  libsystem_pthread.dylib             0x000000018befbbc8 _pthread_start + 136
22  libsystem_pthread.dylib             0x000000018bef6b80 thread_start + 8
uncaught exception: at PipelineCompleteness.d12: (kernel) declaration type mismatch, 'PipelineCompleteness.d12' has type
  [Error pretty printing expression: (`Inhabited.default` for `IO.Error`). Falling back to raw printer.]
  Type
but it is expected to have type
  [Error pretty printing expression: (`Inhabited.default` for `IO.Error`). Falling back to raw printer.]
  True
