[  0%] Built target mimalloc_initial-exec
[  0%] Built target copy-cadical-lib
[  0%] Built target leanmain
[  0%] Built target lean-headers
[  0%] Built target copy-leantar
[  0%] Built target copy-cadical
[  0%] Built target initialize
[  6%] Built target leanshell
[ 12%] Built target constructions
[ 12%] Building CXX object runtime/CMakeFiles/leanrt_initial-exec.dir/platform.cpp.o
[ 25%] Built target util
[ 43%] Built target kernel
[ 43%] Building CXX object library/CMakeFiles/library.dir/module.cpp.o
[ 50%] Built target leaninitialize
Build completed successfully (7677 jobs).
[ 50%] Built target make_stdlib
[ 50%] Linking CXX static library libleanrt_initial-exec.a
[ 87%] Built target leanrt_initial-exec
[    ] Building /workspace/shared/lean4-pr15373-parent/build/release/stage1/lib/lean/libInit_shared.so
[ 87%] Built target Init_shared
[100%] Built target library
[100%] Linking CXX static library lib/temp/libleancpp_1.a
[100%] Linking CXX static library lib/lean/libleancpp.a
[100%] Built target leancpp_1
[100%] Built target leancpp
[    ] Building /workspace/shared/lean4-pr15373-parent/build/release/stage1/lib/lean/libleanshared.so
[100%] Built target leanshared
[    ] Building /workspace/shared/lean4-pr15373-parent/build/release/stage1/bin/lean
[100%] Built target lean
[  0%] Built target mimalloc_initial-exec
[  0%] Built target copy-cadical-lib
[  0%] Built target copy-cadical
[  0%] Built target lean-headers
[  0%] Built target copy-leantar
[  0%] Built target initialize
[  6%] Built target leanshell
[ 12%] Built target constructions
[ 25%] Built target util
[ 43%] Built target kernel
[ 50%] Built target leaninitialize
[ 87%] Built target leanrt_initial-exec
[100%] Built target library
[100%] Built target leancpp_1
[100%] Built target leancpp
Build completed successfully (7677 jobs).
[100%] Built target make_stdlib
[100%] Built target Init_shared
[100%] Built target leanshared
