{
  "active_seconds": 55.59774324996397,
  "attempts": 2,
  "baseline_audit_error": "malformed full axiom list",
  "baseline_builds": 1,
  "compilation_seconds": 2.71219816734083,
  "control_stop": "fixed imported type or A7 assumption baseline mismatch",
  "evidence_files": 28,
  "failed_attempt": 2,
  "item_id": "CVC-3-CONDITIONAL",
  "manifest_sha256": "a53de0cb72dc0faffd5d680a30c800259cd23dd02f4ea1bdba7e4bf4908b7d16",
  "outcome": "BOUNDED_UNRESOLVED",
  "payloads_verified": false,
  "proof_builds": 0,
  "remaining_attempts_unspent": 4,
  "run_id": "CVC3-U1-A7-PROOF-0001",
  "scientific_status": "NO_CHECKED_LAB_RESULT",
  "sessions": 1,
  "signature_elaborations": 1,
  "successful_baselines": 0,
  "successful_proof_builds": 0
}
{"status": "PASS", "clone": "/var/folders/49/s235nv8d6xvgxhy1yfq4g5rh0000gn/T/cvc3-a7-closure-cze2sao1/repo", "full_history": true, "local_clone_no_network": true, "portable_closure_returncode": 0, "strict_payload_returncode": 1, "strict_failure": "ValueError: missing path: external/cvc3-u1-a7-proof-0001/Contract.olean", "compiler_launches": 0}
