test_duplicate_or_out_of_order_reservation_and_terminal_rejected (test_cvc_runner2.AccountingTests) ... ok
test_four_sessions_total_and_fifth_start_rejected (test_cvc_runner2.AccountingTests) ... ok
test_orphan_cannot_be_undercharged_or_succeeded (test_cvc_runner2.AccountingTests) ... ok
test_proof_success_prevents_another_attempt (test_cvc_runner2.AccountingTests) ... ok
test_session_deadline_counts_design_time_and_clock_rollback (test_cvc_runner2.AccountingTests) ... ok
test_signature_failure_stops_but_proof_failure_allows_counted_repair (test_cvc_runner2.AccountingTests) ... ok
test_thirteenth_attempt_is_rejected (test_cvc_runner2.AccountingTests) ... ok
test_wal_recovers_only_a_valid_suffix_and_refuses_reset (test_cvc_runner2.AccountingTests) ... ok
test_empty_and_multiline_actual_transitive_subsets (test_cvc_runner2.AuditTests) ... ok
test_fixed_types_and_generated_suffix_for_both_outcomes (test_cvc_runner2.AuditTests) ... ok
test_missing_duplicate_malformed_and_extra_reports_rejected (test_cvc_runner2.AuditTests) ... ok
test_missing_wrong_type_and_comment_spoof_rejected (test_cvc_runner2.AuditTests) ... ok
test_nested_comments_do_not_create_false_declarations (test_cvc_runner2.AuditTests) ... ok
test_new_axioms_native_trust_and_forged_printouts_rejected (test_cvc_runner2.AuditTests) ... ok
test_unlisted_single_and_dotted_axioms_and_sorry_rejected (test_cvc_runner2.AuditTests) ... ok
test_begin_end_sessions_use_append_only_design_accounting (test_cvc_runner2.ControllerTests) ... ok
test_changed_signature_output_prevents_proof_launch (test_cvc_runner2.ControllerTests) ... ok
test_changed_signature_source_and_dependency_argv_manifest_refused (test_cvc_runner2.ControllerTests) ... ok
test_counterexample_retains_negative_outcome (test_cvc_runner2.ControllerTests) ... ok
test_failed_proof_is_repaired_as_next_number (test_cvc_runner2.ControllerTests) ... ok
test_immutable_change_during_launch_is_persistent_control_stop (test_cvc_runner2.ControllerTests) ... ok
test_missing_ledger_or_marker_cannot_reset_run (test_cvc_runner2.ControllerTests) ... ok
test_missing_olean_or_stdout_audit_cannot_pass (test_cvc_runner2.ControllerTests) ... ok
test_orphan_reconciliation_charges_once_and_does_not_replay (test_cvc_runner2.ControllerTests) ... ok
test_runtime_change_missing_promotion_and_concurrent_lock_prevent_launch (test_cvc_runner2.ControllerTests) ... ok
test_signature_failure_consumed_once_and_never_retried (test_cvc_runner2.ControllerTests) ... ok
test_signature_then_proof_success_and_no_completed_replay (test_cvc_runner2.ControllerTests) ... ok
test_promotion_requires_review_and_exact_committed_checkpoint (test_cvc_runner2.EntryGateTests) ... ok
test_unpromoted_gate_refuses_before_any_run_directory (test_cvc_runner2.EntryGateTests) ... ok
test_fixture_identity_and_snapshot_reject_deletion_or_truncation (test_cvc_runner2.FixtureAccountingTests) ... ok
test_source_change_or_nonfinite_charge_blocks_later_reservation (test_cvc_runner2.FixtureAccountingTests) ... ok

----------------------------------------------------------------------
Ran 31 tests in 2.108s

OK
