Tree2Bridge.lean:62:1: error: maximum recursion depth has been reached
use `set_option maxRecDepth <num>` to increase limit
use `set_option diagnostics true` to get diagnostic information
Tree2Bridge.lean:61:52: warning: This simp argument is unused:
  Official.replaceAll

Hint: Omit it from the simp argument list.
  [apply] simp only [Official.elimNested, Official.elimLoop, Official.replaceIfNested, Official.isNestedApp,
    Official.copyBlock, Official.blockOf, Official.instPiParams, O, decl, E, Env.find?, ConstantInfo.name,
    ConstantInfo.toConstantVal, treeCV, leafCV, nodeCV, listCV, nilCV, consCV, listCs, Expr.bvarB_eq]

Note: This linter can be disabled with `set_option linter.unusedSimpArgs false`
Tree2Bridge.lean:61:73: warning: This simp argument is unused:
  Official.replaceIfNested

Hint: Omit it from the simp argument list.
  [apply] simp only [Official.elimNested, Official.elimLoop, Official.replaceAll, Official.isNestedApp,
    Official.copyBlock, Official.blockOf, Official.instPiParams, O, decl, E, Env.find?, ConstantInfo.name,
    ConstantInfo.toConstantVal, treeCV, leafCV, nodeCV, listCV, nilCV, consCV, listCs, Expr.bvarB_eq]

Note: This linter can be disabled with `set_option linter.unusedSimpArgs false`
Tree2Bridge.lean:61:99: warning: This simp argument is unused:
  Official.isNestedApp

Hint: Omit it from the simp argument list.
  [apply] simp only [Official.elimNested, Official.elimLoop, Official.replaceAll, Official.replaceIfNested,
    Official.copyBlock, Official.blockOf, Official.instPiParams, O, decl, E, Env.find?, ConstantInfo.name,
    ConstantInfo.toConstantVal, treeCV, leafCV, nodeCV, listCV, nilCV, consCV, listCs, Expr.bvarB_eq]

Note: This linter can be disabled with `set_option linter.unusedSimpArgs false`
Tree2Bridge.lean:61:121: warning: This simp argument is unused:
  Official.copyBlock

Hint: Omit it from the simp argument list.
  [apply] simp only [Official.elimNested, Official.elimLoop, Official.replaceAll, Official.replaceIfNested,
    Official.isNestedApp, Official.blockOf, Official.instPiParams, O, decl, E, Env.find?, ConstantInfo.name,
    ConstantInfo.toConstantVal, treeCV, leafCV, nodeCV, listCV, nilCV, consCV, listCs, Expr.bvarB_eq]

Note: This linter can be disabled with `set_option linter.unusedSimpArgs false`
Tree2Bridge.lean:61:141: warning: This simp argument is unused:
  Official.blockOf

Hint: Omit it from the simp argument list.
  [apply] simp only [Official.elimNested, Official.elimLoop, Official.replaceAll, Official.replaceIfNested,
    Official.isNestedApp, Official.copyBlock, Official.instPiParams, O, decl, E, Env.find?, ConstantInfo.name,
    ConstantInfo.toConstantVal, treeCV, leafCV, nodeCV, listCV, nilCV, consCV, listCs, Expr.bvarB_eq]

Note: This linter can be disabled with `set_option linter.unusedSimpArgs false`
Tree2Bridge.lean:61:194: warning: This simp argument is unused:
  Env.find?

Hint: Omit it from the simp argument list.
  [apply] simp only [Official.elimNested, Official.elimLoop, Official.replaceAll, Official.replaceIfNested,
    Official.isNestedApp, Official.copyBlock, Official.blockOf, Official.instPiParams, O, decl, E, ConstantInfo.name,
    ConstantInfo.toConstantVal, treeCV, leafCV, nodeCV, listCV, nilCV, consCV, listCs, Expr.bvarB_eq]

Note: This linter can be disabled with `set_option linter.unusedSimpArgs false`
Tree2Bridge.lean:61:205: warning: This simp argument is unused:
  ConstantInfo.name

Hint: Omit it from the simp argument list.
  [apply] simp only [Official.elimNested, Official.elimLoop, Official.replaceAll, Official.replaceIfNested,
    Official.isNestedApp, Official.copyBlock, Official.blockOf, Official.instPiParams, O, decl, E, Env.find?,
    ConstantInfo.toConstantVal, treeCV, leafCV, nodeCV, listCV, nilCV, consCV, listCs, Expr.bvarB_eq]

Note: This linter can be disabled with `set_option linter.unusedSimpArgs false`
Tree2Bridge.lean:61:224: warning: This simp argument is unused:
  ConstantInfo.toConstantVal

Hint: Omit it from the simp argument list.
  [apply] simp only [Official.elimNested, Official.elimLoop, Official.replaceAll, Official.replaceIfNested,
    Official.isNestedApp, Official.copyBlock, Official.blockOf, Official.instPiParams, O, decl, E, Env.find?,
    ConstantInfo.name, treeCV, leafCV, nodeCV, listCV, nilCV, consCV, listCs, Expr.bvarB_eq]

Note: This linter can be disabled with `set_option linter.unusedSimpArgs false`
Tree2Bridge.lean:61:307: warning: This simp argument is unused:
  Expr.bvarB_eq

Hint: Omit it from the simp argument list.
  [apply] simp only [Official.elimNested, Official.elimLoop, Official.replaceAll, Official.replaceIfNested,
    Official.isNestedApp, Official.copyBlock, Official.blockOf, Official.instPiParams, O, decl, E, Env.find?,
    ConstantInfo.name, ConstantInfo.toConstantVal, treeCV, leafCV, nodeCV, listCV, nilCV, consCV, listCs]

Note: This linter can be disabled with `set_option linter.unusedSimpArgs false`
'Tree2Bridge.official_lowering' depends on axioms: [propext, sorryAx, Classical.choice, Quot.sound]
'Tree2Bridge.canonical_list' depends on axioms: [propext, Classical.choice, Quot.sound]
'Tree2Bridge.root_crests' depends on axioms: [propext, Classical.choice, Quot.sound]
'Tree2Bridge.container_crests' depends on axioms: [propext, Classical.choice, Quot.sound]
'Tree2Bridge.frame_reset' depends on axioms: [propext, Classical.choice, Quot.sound]
'Tree2Bridge.infer_outer' depends on axioms: [propext, Classical.choice, Quot.sound]
