Tree2Bridge.lean:62:77: error: maximum recursion depth has been reached
use `set_option maxRecDepth <num>` to increase limit
use `set_option diagnostics true` to get diagnostic information
Tree2Bridge.lean:120:3: error: maximum recursion depth has been reached
use `set_option maxRecDepth <num>` to increase limit
use `set_option diagnostics true` to get diagnostic information
Tree2Bridge.lean:187:1: error: unsolved goals
case hhd
⊢ Name.anonymous.str "List" = Name.anonymous.str "Quot" → False
Tree2Bridge.lean:219:12: error: Dependent elimination failed: Failed to solve equation
  "Quot" = "List"
Tree2Bridge.lean:231:3: error: Type mismatch
  frame_reset.right.right
has type
  Ki ≠ Ko
but is expected to have type
  ¬{ cname := Ln, lvls := [Level.zero], ds := List.take 1 (l X).getAppArgs } ∈ [Ko]
Tree2Bridge.lean:234:3: error: maximum recursion depth has been reached
use `set_option maxRecDepth <num>` to increase limit
use `set_option diagnostics true` to get diagnostic information
'Tree2Bridge.official_lowering' depends on axioms: [propext, sorryAx, Classical.choice, Quot.sound]
'Tree2Bridge.inner_field' depends on axioms: [propext, sorryAx, Classical.choice, Quot.sound]
