{
  "active_seconds": 199.94738229201175,
  "attempts": 2,
  "compiler": "/Users/danphifer/.elan/toolchains/leanprover--lean4---v4.33.0-rc2/bin/lean",
  "control_stop": "Immutable assumption boundary: both fixed mandatory comparator reports contain Lean.Level.instLawfulBEqLevel and Lean.Level.isExplicitSubsumedAux_eq outside the frozen allowlist. No further launch can satisfy this audit without an explicit successor review; proof edits cannot change those required imported reports.",
  "evidence_files": 25,
  "failed_axiom_reports": [
    {
      "attempt": 2,
      "reports": {
        "Lab.CVC2.boundary": [
          "propext",
          "sorryAx",
          "Classical.choice",
          "Quot.sound",
          "Lean.Level.instLawfulBEqLevel",
          "Lean.Level.isExplicitSubsumedAux_eq",
          "Lean.Level.normalize_eq",
          "Std.TreeMap.all_eq_all_toList"
        ],
        "Lab.CVC2.encoding_preserves": [
          "propext",
          "sorryAx",
          "Quot.sound"
        ],
        "Lab.CVC2.preservation": [
          "propext",
          "sorryAx",
          "Classical.choice",
          "Quot.sound",
          "Lean.Level.instLawfulBEqLevel",
          "Lean.Level.isExplicitSubsumedAux_eq",
          "Lean.Level.normalize_eq",
          "Std.TreeMap.all_eq_all_toList"
        ],
        "Lab.CVC2.required_acceptance": [
          "propext",
          "sorryAx",
          "Classical.choice",
          "Quot.sound"
        ],
        "Lean.Level.isEquiv'_complete": [
          "propext",
          "Classical.choice",
          "Quot.sound",
          "Lean.Level.instLawfulBEqLevel",
          "Lean.Level.isExplicitSubsumedAux_eq",
          "Lean.Level.normalize_eq",
          "Std.TreeMap.all_eq_all_toList"
        ],
        "Lean.Level.isEquiv'_wf": [
          "propext",
          "Classical.choice",
          "Quot.sound",
          "Lean.Level.instLawfulBEqLevel",
          "Lean.Level.isExplicitSubsumedAux_eq",
          "Lean.Level.normalize_eq",
          "Std.TreeMap.all_eq_all_toList"
        ]
      }
    }
  ],
  "final_axioms": {},
  "final_declarations": [],
  "final_source_sha256": null,
  "manifest_sha256": "49c04993698f7fc1805e5ee6fdaefeae08245c18cf349aeb77afaabb72a2a838",
  "outcome": "BOUNDED_UNRESOLVED",
  "payloads_verified": true,
  "process_seconds": 2.357550584245473,
  "run_id": "CVC3-U1-PROOF-0001",
  "sessions": 1,
  "unlisted_axioms": [
    "Lean.Level.instLawfulBEqLevel",
    "Lean.Level.isExplicitSubsumedAux_eq"
  ]
}
