{"id":"bmp1-07500","outputs":[["a",["b",0],["b",1]],["a",["b",0],["b",0]]]}
{"id":"bmp1-07501","outputs":[["a",["a",["b",0],["b",0]],["b",2]],["a",["a",["b",0],["b",0]],["b",1]]]}
{"id":"bmp1-07502","outputs":[["a",["l",["s"],["a",["b",1],["b",0]]],["b",2]],["a",["l",["s"],["a",["b",1],["b",0]]],["b",1]]]}
{"id":"bmp1-07503","outputs":[["a",["t",["s"],["b",0],["a",["b",1],["b",0]]],["b",1]],["a",["t",["s"],["b",0],["a",["b",1],["b",0]]],["b",0]]]}
{"id":"bmp1-07504","outputs":[["a",["b",0],["b",0]],["a",["a",["b",0],["b",1]],["a",["b",0],["b",1]]]]}
{"id":"bmp1-07505","outputs":[["a",["a",["b",0],["b",1]],["b",3]],["a",["a",["a",["b",0],["b",0]],["b",0]],["b",2]]]}
{"id":"bmp1-07506","outputs":[["a",["l",["s"],["a",["b",1],["b",0]]],["b",2]],["a",["l",["s"],["a",["a",["b",1],["b",3]],["b",0]]],["b",1]]]}
{"id":"bmp1-07507","outputs":[["a",["t",["s"],["b",3],["a",["b",1],["b",0]]],["b",0]],["a",["t",["s"],["b",2],["a",["a",["b",1],["b",2]],["b",0]]],["a",["b",0],["b",1]]]]}
{"id":"bmp1-07508","outputs":[["a",["b",0],["b",0]],["a",["l",["s"],["a",["b",1],["b",0]]],["l",["s"],["a",["b",1],["b",0]]]]]}
{"id":"bmp1-07509","outputs":[["a",["a",["b",0],["b",0]],["b",3]],["a",["a",["l",["s"],["a",["b",1],["b",0]]],["l",["s"],["a",["b",1],["b",0]]]],["b",2]]]}
{"id":"bmp1-07510","outputs":[["a",["l",["s"],["a",["b",1],["b",0]]],["b",1]],["a",["l",["s"],["a",["l",["s"],["a",["b",2],["b",0]]],["b",0]]],["b",0]]]}
{"id":"bmp1-07511","outputs":[["a",["t",["s"],["b",1],["a",["b",1],["b",0]]],["b",1]],["a",["t",["s"],["b",0],["a",["l",["s"],["a",["b",2],["b",0]]],["b",0]]],["b",0]]]}
{"id":"bmp1-07512","outputs":[["a",["b",0],["b",0]],["a",["t",["s"],["b",0],["a",["b",1],["b",0]]],["t",["s"],["b",0],["a",["b",1],["b",0]]]]]}
{"id":"bmp1-07513","outputs":[["a",["a",["b",0],["b",1]],["b",1]],["a",["a",["t",["s"],["b",0],["a",["b",1],["b",0]]],["b",0]],["b",0]]]}
{"id":"bmp1-07514","outputs":[["a",["l",["s"],["a",["b",1],["b",0]]],["b",1]],["a",["l",["s"],["a",["t",["s"],["b",4],["a",["b",2],["b",0]]],["b",0]]],["b",0]]]}
{"id":"bmp1-07515","outputs":[["a",["t",["s"],["b",1],["a",["b",1],["b",0]]],["b",0]],["a",["t",["s"],["b",0],["a",["t",["s"],["b",2],["a",["b",2],["b",0]]],["b",0]]],["t",["s"],["b",1],["a",["b",1],["b",0]]]]]}
{"id":"bmp1-07516","outputs":[["a",["b",0],["b",0]],["a",["b",0],["b",0]]]}
{"id":"bmp1-07517","outputs":[["a",["a",["b",0],["b",0]],["b",1]],["a",["a",["b",0],["b",0]],["b",0]]]}
{"id":"bmp1-07518","outputs":[["a",["l",["s"],["a",["b",1],["b",0]]],["b",1]],["a",["l",["s"],["a",["b",1],["b",0]]],["b",0]]]}
{"id":"bmp1-07519","outputs":[["a",["t",["s"],["b",2],["a",["b",1],["b",0]]],["b",2]],["a",["t",["s"],["b",1],["a",["b",1],["b",0]]],["b",1]]]}
{"id":"bmp1-07520","outputs":[["a",["b",0],["b",2]],["a",["a",["b",0],["b",1]],["b",1]]]}
{"id":"bmp1-07521","outputs":[["a",["a",["b",0],["b",0]],["b",0]],["a",["a",["a",["b",0],["b",0]],["a",["b",0],["b",0]]],["a",["b",0],["b",0]]]]}
{"id":"bmp1-07522","outputs":[["a",["l",["s"],["a",["b",1],["b",0]]],["b",1]],["a",["l",["s"],["a",["a",["b",1],["b",1]],["b",0]]],["b",0]]]}
{"id":"bmp1-07523","outputs":[["a",["t",["s"],["b",3],["a",["b",1],["b",0]]],["b",4]],["a",["t",["s"],["b",2],["a",["a",["b",1],["b",2]],["b",0]]],["b",3]]]}
{"id":"bmp1-07524","outputs":[["a",["b",0],["b",0]],["a",["l",["s"],["a",["b",1],["b",0]]],["l",["s"],["a",["b",1],["b",0]]]]]}
{"id":"bmp1-07525","outputs":[["a",["a",["b",0],["b",0]],["b",0]],["a",["a",["l",["s"],["a",["b",1],["b",0]]],["l",["s"],["a",["b",1],["b",0]]]],["l",["s"],["a",["b",1],["b",0]]]]]}
{"id":"bmp1-07526","outputs":[["a",["l",["s"],["a",["b",1],["b",0]]],["b",3]],["a",["l",["s"],["a",["l",["s"],["a",["b",2],["b",0]]],["b",0]]],["b",2]]]}
{"id":"bmp1-07527","outputs":[["a",["t",["s"],["b",4],["a",["b",1],["b",0]]],["b",1]],["a",["t",["s"],["b",3],["a",["l",["s"],["a",["b",2],["b",0]]],["b",0]]],["b",0]]]}
{"id":"bmp1-07528","outputs":[["a",["b",0],["b",1]],["a",["t",["s"],["b",0],["a",["b",1],["b",0]]],["b",0]]]}
{"id":"bmp1-07529","outputs":[["a",["a",["b",0],["b",0]],["b",0]],["a",["a",["t",["s"],["b",3],["a",["b",1],["b",0]]],["t",["s"],["b",3],["a",["b",1],["b",0]]]],["t",["s"],["b",3],["a",["b",1],["b",0]]]]]}
{"id":"bmp1-07530","outputs":[["a",["l",["s"],["a",["b",1],["b",0]]],["b",1]],["a",["l",["s"],["a",["t",["s"],["b",2],["a",["b",2],["b",0]]],["b",0]]],["b",0]]]}
{"id":"bmp1-07531","outputs":[["a",["t",["s"],["b",2],["a",["b",1],["b",0]]],["b",2]],["a",["t",["s"],["b",1],["a",["t",["s"],["b",2],["a",["b",2],["b",0]]],["b",0]]],["b",1]]]}
{"id":"bmp1-07532","outputs":[["a",["b",0],["b",1]],["a",["b",0],["b",0]]]}
{"id":"bmp1-07533","outputs":[["a",["a",["b",0],["b",0]],["b",2]],["a",["a",["b",0],["b",0]],["b",1]]]}
{"id":"bmp1-07534","outputs":[["a",["l",["s"],["a",["b",1],["b",0]]],["b",1]],["a",["l",["s"],["a",["b",1],["b",0]]],["b",0]]]}
{"id":"bmp1-07535","outputs":[["a",["t",["s"],["b",1],["a",["b",1],["b",0]]],["b",1]],["a",["t",["s"],["b",0],["a",["b",1],["b",0]]],["b",0]]]}
{"id":"bmp1-07536","outputs":[["a",["b",0],["b",0]],["a",["a",["b",0],["b",1]],["a",["b",0],["b",1]]]]}
{"id":"bmp1-07537","outputs":[["a",["a",["b",0],["b",3]],["b",2]],["a",["a",["a",["b",0],["b",0]],["b",2]],["b",1]]]}
{"id":"bmp1-07538","outputs":[["a",["l",["s"],["a",["b",1],["b",0]]],["b",2]],["a",["l",["s"],["a",["a",["b",1],["b",1]],["b",0]]],["b",1]]]}
{"id":"bmp1-07539","outputs":[["a",["t",["s"],["b",2],["a",["b",1],["b",0]]],["b",4]],["a",["t",["s"],["b",1],["a",["a",["b",1],["b",2]],["b",0]]],["b",3]]]}
{"id":"bmp1-07540","outputs":[["a",["b",0],["b",2]],["a",["l",["s"],["a",["b",1],["b",0]]],["b",1]]]}
{"id":"bmp1-07541","outputs":[["a",["a",["b",0],["b",0]],["b",1]],["a",["a",["l",["s"],["a",["b",1],["b",0]]],["l",["s"],["a",["b",1],["b",0]]]],["b",0]]]}
{"id":"bmp1-07542","outputs":[["a",["l",["s"],["a",["b",1],["b",0]]],["b",0]],["a",["l",["s"],["a",["l",["s"],["a",["b",2],["b",0]]],["b",0]]],["l",["s"],["a",["b",1],["b",0]]]]]}
{"id":"bmp1-07543","outputs":[["a",["t",["s"],["b",3],["a",["b",1],["b",0]]],["b",2]],["a",["t",["s"],["b",2],["a",["l",["s"],["a",["b",2],["b",0]]],["b",0]]],["b",1]]]}
{"id":"bmp1-07544","outputs":[["a",["b",0],["b",4]],["a",["t",["s"],["b",3],["a",["b",1],["b",0]]],["b",3]]]}
{"id":"bmp1-07545","outputs":[["a",["a",["b",0],["b",0]],["b",3]],["a",["a",["t",["s"],["b",0],["a",["b",1],["b",0]]],["t",["s"],["b",0],["a",["b",1],["b",0]]]],["b",2]]]}
{"id":"bmp1-07546","outputs":[["a",["l",["s"],["a",["b",1],["b",0]]],["b",2]],["a",["l",["s"],["a",["t",["s"],["b",1],["a",["b",2],["b",0]]],["b",0]]],["b",1]]]}
{"id":"bmp1-07547","outputs":[["a",["t",["s"],["b",1],["a",["b",1],["b",0]]],["b",0]],["a",["t",["s"],["b",0],["a",["t",["s"],["b",2],["a",["b",2],["b",0]]],["b",0]]],["t",["s"],["b",1],["a",["b",1],["b",0]]]]]}
{"id":"bmp1-07548","outputs":[["a",["b",0],["b",0]],["a",["b",0],["b",0]]]}
{"id":"bmp1-07549","outputs":[["a",["a",["b",0],["b",2]],["b",0]],["a",["a",["b",0],["b",1]],["b",0]]]}
{"id":"bmp1-07550","outputs":[["a",["l",["s"],["a",["b",1],["b",0]]],["b",2]],["a",["l",["s"],["a",["b",1],["b",0]]],["b",1]]]}
{"id":"bmp1-07551","outputs":[["a",["t",["s"],["b",4],["a",["b",1],["b",0]]],["b",3]],["a",["t",["s"],["b",3],["a",["b",1],["b",0]]],["b",2]]]}
{"id":"bmp1-07552","outputs":[["a",["b",0],["b",1]],["a",["a",["b",0],["b",0]],["b",0]]]}
{"id":"bmp1-07553","outputs":[["a",["a",["b",0],["b",1]],["b",3]],["a",["a",["a",["b",0],["b",2]],["b",0]],["b",2]]]}
{"id":"bmp1-07554","outputs":[["a",["l",["s"],["a",["b",1],["b",0]]],["b",1]],["a",["l",["s"],["a",["a",["b",1],["b",1]],["b",0]]],["b",0]]]}
{"id":"bmp1-07555","outputs":[["a",["t",["s"],["b",3],["a",["b",1],["b",0]]],["b",0]],["a",["t",["s"],["b",2],["a",["a",["b",1],["b",1]],["b",0]]],["a",["b",0],["b",0]]]]}
{"id":"bmp1-07556","outputs":[["a",["b",0],["b",0]],["a",["l",["s"],["a",["b",1],["b",0]]],["l",["s"],["a",["b",1],["b",0]]]]]}
{"id":"bmp1-07557","outputs":[["a",["a",["b",0],["b",2]],["b",1]],["a",["a",["l",["s"],["a",["b",1],["b",0]]],["b",1]],["b",0]]]}
{"id":"bmp1-07558","outputs":[["a",["l",["s"],["a",["b",1],["b",0]]],["b",0]],["a",["l",["s"],["a",["l",["s"],["a",["b",2],["b",0]]],["b",0]]],["l",["s"],["a",["b",1],["b",0]]]]]}
{"id":"bmp1-07559","outputs":[["a",["t",["s"],["b",0],["a",["b",1],["b",0]]],["b",3]],["a",["t",["s"],["l",["s"],["a",["b",1],["b",0]]],["a",["l",["s"],["a",["b",2],["b",0]]],["b",0]]],["b",2]]]}
{"id":"bmp1-07560","outputs":[["a",["b",0],["b",2]],["a",["t",["s"],["b",1],["a",["b",1],["b",0]]],["b",1]]]}
{"id":"bmp1-07561","outputs":[["a",["a",["b",0],["b",2]],["b",1]],["a",["a",["t",["s"],["b",0],["a",["b",1],["b",0]]],["b",1]],["b",0]]]}
{"id":"bmp1-07562","outputs":[["a",["l",["s"],["a",["b",1],["b",0]]],["b",3]],["a",["l",["s"],["a",["t",["s"],["b",1],["a",["b",2],["b",0]]],["b",0]]],["b",2]]]}
{"id":"bmp1-07563","outputs":[["a",["t",["s"],["b",2],["a",["b",1],["b",0]]],["b",0]],["a",["t",["s"],["b",1],["a",["t",["s"],["b",2],["a",["b",2],["b",0]]],["b",0]]],["t",["s"],["b",1],["a",["b",1],["b",0]]]]]}
{"id":"bmp1-07564","outputs":[["a",["b",0],["b",4]],["a",["b",0],["b",3]]]}
{"id":"bmp1-07565","outputs":[["a",["a",["b",0],["b",1]],["b",0]],["a",["a",["b",0],["b",0]],["b",0]]]}
{"id":"bmp1-07566","outputs":[["a",["l",["s"],["a",["b",1],["b",0]]],["b",2]],["a",["l",["s"],["a",["b",1],["b",0]]],["b",1]]]}
{"id":"bmp1-07567","outputs":[["a",["t",["s"],["b",1],["a",["b",1],["b",0]]],["b",0]],["a",["t",["s"],["b",0],["a",["b",1],["b",0]]],["b",0]]]}
{"id":"bmp1-07568","outputs":[["a",["b",0],["b",1]],["a",["a",["b",0],["b",1]],["b",0]]]}
{"id":"bmp1-07569","outputs":[["a",["a",["b",0],["b",0]],["b",0]],["a",["a",["a",["b",0],["b",0]],["a",["b",0],["b",0]]],["a",["b",0],["b",0]]]]}
{"id":"bmp1-07570","outputs":[["a",["l",["s"],["a",["b",1],["b",0]]],["b",1]],["a",["l",["s"],["a",["a",["b",1],["b",2]],["b",0]]],["b",0]]]}
{"id":"bmp1-07571","outputs":[["a",["t",["s"],["b",0],["a",["b",1],["b",0]]],["b",2]],["a",["t",["s"],["a",["b",0],["b",2]],["a",["a",["b",1],["b",3]],["b",0]]],["b",1]]]}
{"id":"bmp1-07572","outputs":[["a",["b",0],["b",0]],["a",["l",["s"],["a",["b",1],["b",0]]],["l",["s"],["a",["b",1],["b",0]]]]]}
{"id":"bmp1-07573","outputs":[["a",["a",["b",0],["b",2]],["b",0]],["a",["a",["l",["s"],["a",["b",1],["b",0]]],["b",1]],["l",["s"],["a",["b",1],["b",0]]]]]}
{"id":"bmp1-07574","outputs":[["a",["l",["s"],["a",["b",1],["b",0]]],["b",3]],["a",["l",["s"],["a",["l",["s"],["a",["b",2],["b",0]]],["b",0]]],["b",2]]]}
{"id":"bmp1-07575","outputs":[["a",["t",["s"],["b",1],["a",["b",1],["b",0]]],["b",0]],["a",["t",["s"],["b",0],["a",["l",["s"],["a",["b",2],["b",0]]],["b",0]]],["l",["s"],["a",["b",1],["b",0]]]]]}
{"id":"bmp1-07576","outputs":[["a",["b",0],["b",1]],["a",["t",["s"],["b",1],["a",["b",1],["b",0]]],["b",0]]]}
{"id":"bmp1-07577","outputs":[["a",["a",["b",0],["b",2]],["b",1]],["a",["a",["t",["s"],["b",1],["a",["b",1],["b",0]]],["b",1]],["b",0]]]}
{"id":"bmp1-07578","outputs":[["a",["l",["s"],["a",["b",1],["b",0]]],["b",0]],["a",["l",["s"],["a",["t",["s"],["b",1],["a",["b",2],["b",0]]],["b",0]]],["t",["s"],["b",0],["a",["b",1],["b",0]]]]]}
{"id":"bmp1-07579","outputs":[["a",["t",["s"],["b",1],["a",["b",1],["b",0]]],["b",2]],["a",["t",["s"],["b",0],["a",["t",["s"],["b",2],["a",["b",2],["b",0]]],["b",0]]],["b",1]]]}
{"id":"bmp1-07580","outputs":[["a",["b",0],["b",3]],["a",["b",0],["b",2]]]}
{"id":"bmp1-07581","outputs":[["a",["a",["b",0],["b",1]],["b",1]],["a",["a",["b",0],["b",0]],["b",0]]]}
{"id":"bmp1-07582","outputs":[["a",["l",["s"],["a",["b",1],["b",0]]],["b",4]],["a",["l",["s"],["a",["b",1],["b",0]]],["b",3]]]}
{"id":"bmp1-07583","outputs":[["a",["t",["s"],["b",0],["a",["b",1],["b",0]]],["b",1]],["a",["t",["s"],["b",0],["a",["b",1],["b",0]]],["b",0]]]}
{"id":"bmp1-07584","outputs":[["a",["b",0],["b",2]],["a",["a",["b",0],["b",1]],["b",1]]]}
{"id":"bmp1-07585","outputs":[["a",["a",["b",0],["b",0]],["b",0]],["a",["a",["a",["b",0],["b",0]],["a",["b",0],["b",0]]],["a",["b",0],["b",0]]]]}
{"id":"bmp1-07586","outputs":[["a",["l",["s"],["a",["b",1],["b",0]]],["b",3]],["a",["l",["s"],["a",["a",["b",1],["b",1]],["b",0]]],["b",2]]]}
{"id":"bmp1-07587","outputs":[["a",["t",["s"],["b",0],["a",["b",1],["b",0]]],["b",1]],["a",["t",["s"],["a",["b",0],["b",0]],["a",["a",["b",1],["b",1]],["b",0]]],["b",0]]]}
{"id":"bmp1-07588","outputs":[["a",["b",0],["b",0]],["a",["l",["s"],["a",["b",1],["b",0]]],["l",["s"],["a",["b",1],["b",0]]]]]}
{"id":"bmp1-07589","outputs":[["a",["a",["b",0],["b",1]],["b",4]],["a",["a",["l",["s"],["a",["b",1],["b",0]]],["b",0]],["b",3]]]}
{"id":"bmp1-07590","outputs":[["a",["l",["s"],["a",["b",1],["b",0]]],["b",1]],["a",["l",["s"],["a",["l",["s"],["a",["b",2],["b",0]]],["b",0]]],["b",0]]]}
{"id":"bmp1-07591","outputs":[["a",["t",["s"],["b",2],["a",["b",1],["b",0]]],["b",2]],["a",["t",["s"],["b",1],["a",["l",["s"],["a",["b",2],["b",0]]],["b",0]]],["b",1]]]}
{"id":"bmp1-07592","outputs":[["a",["b",0],["b",1]],["a",["t",["s"],["b",1],["a",["b",1],["b",0]]],["b",0]]]}
{"id":"bmp1-07593","outputs":[["a",["a",["b",0],["b",4]],["b",3]],["a",["a",["t",["s"],["b",3],["a",["b",1],["b",0]]],["b",3]],["b",2]]]}
{"id":"bmp1-07594","outputs":[["a",["l",["s"],["a",["b",1],["b",0]]],["b",0]],["a",["l",["s"],["a",["t",["s"],["b",2],["a",["b",2],["b",0]]],["b",0]]],["t",["s"],["b",1],["a",["b",1],["b",0]]]]]}
{"id":"bmp1-07595","outputs":[["a",["t",["s"],["b",0],["a",["b",1],["b",0]]],["b",1]],["a",["t",["s"],["t",["s"],["b",0],["a",["b",1],["b",0]]],["a",["t",["s"],["b",1],["a",["b",2],["b",0]]],["b",0]]],["b",0]]]}
{"id":"bmp1-07596","outputs":[["a",["b",0],["b",3]],["a",["b",0],["b",2]]]}
{"id":"bmp1-07597","outputs":[["a",["a",["b",0],["b",2]],["b",2]],["a",["a",["b",0],["b",1]],["b",1]]]}
{"id":"bmp1-07598","outputs":[["a",["l",["s"],["a",["b",1],["b",0]]],["b",0]],["a",["l",["s"],["a",["b",1],["b",0]]],["b",0]]]}
{"id":"bmp1-07599","outputs":[["a",["t",["s"],["b",1],["a",["b",1],["b",0]]],["b",1]],["a",["t",["s"],["b",0],["a",["b",1],["b",0]]],["b",0]]]}
{"id":"bmp1-07600","outputs":[["a",["b",0],["b",1]],["a",["a",["b",0],["b",2]],["b",0]]]}
{"id":"bmp1-07601","outputs":[["a",["a",["b",0],["b",1]],["b",4]],["a",["a",["a",["b",0],["b",1]],["b",0]],["b",3]]]}
{"id":"bmp1-07602","outputs":[["a",["l",["s"],["a",["b",1],["b",0]]],["b",1]],["a",["l",["s"],["a",["a",["b",1],["b",2]],["b",0]]],["b",0]]]}
{"id":"bmp1-07603","outputs":[["a",["t",["s"],["b",1],["a",["b",1],["b",0]]],["b",0]],["a",["t",["s"],["b",0],["a",["a",["b",1],["b",1]],["b",0]]],["a",["b",0],["b",0]]]]}
{"id":"bmp1-07604","outputs":[["a",["b",0],["b",0]],["a",["l",["s"],["a",["b",1],["b",0]]],["l",["s"],["a",["b",1],["b",0]]]]]}
{"id":"bmp1-07605","outputs":[["a",["a",["b",0],["b",2]],["b",0]],["a",["a",["l",["s"],["a",["b",1],["b",0]]],["b",1]],["l",["s"],["a",["b",1],["b",0]]]]]}
{"id":"bmp1-07606","outputs":[["a",["l",["s"],["a",["b",1],["b",0]]],["b",2]],["a",["l",["s"],["a",["l",["s"],["a",["b",2],["b",0]]],["b",0]]],["b",1]]]}
{"id":"bmp1-07607","outputs":[["a",["t",["s"],["b",3],["a",["b",1],["b",0]]],["b",4]],["a",["t",["s"],["b",2],["a",["l",["s"],["a",["b",2],["b",0]]],["b",0]]],["b",3]]]}
{"id":"bmp1-07608","outputs":[["a",["b",0],["b",1]],["a",["t",["s"],["b",3],["a",["b",1],["b",0]]],["b",0]]]}
{"id":"bmp1-07609","outputs":[["a",["a",["b",0],["b",2]],["b",0]],["a",["a",["t",["s"],["b",0],["a",["b",1],["b",0]]],["b",1]],["t",["s"],["b",0],["a",["b",1],["b",0]]]]]}
{"id":"bmp1-07610","outputs":[["a",["l",["s"],["a",["b",1],["b",0]]],["b",3]],["a",["l",["s"],["a",["t",["s"],["b",1],["a",["b",2],["b",0]]],["b",0]]],["b",2]]]}
{"id":"bmp1-07611","outputs":[["a",["t",["s"],["b",2],["a",["b",1],["b",0]]],["b",1]],["a",["t",["s"],["b",1],["a",["t",["s"],["b",1],["a",["b",2],["b",0]]],["b",0]]],["b",0]]]}
{"id":"bmp1-07612","outputs":[["a",["b",0],["b",1]],["a",["b",0],["b",0]]]}
{"id":"bmp1-07613","outputs":[["a",["a",["b",0],["b",3]],["b",2]],["a",["a",["b",0],["b",2]],["b",1]]]}
{"id":"bmp1-07614","outputs":[["a",["l",["s"],["a",["b",1],["b",0]]],["b",1]],["a",["l",["s"],["a",["b",1],["b",0]]],["b",0]]]}
{"id":"bmp1-07615","outputs":[["a",["t",["s"],["b",3],["a",["b",1],["b",0]]],["b",3]],["a",["t",["s"],["b",2],["a",["b",1],["b",0]]],["b",2]]]}
{"id":"bmp1-07616","outputs":[["a",["b",0],["b",0]],["a",["a",["b",0],["b",0]],["a",["b",0],["b",0]]]]}
{"id":"bmp1-07617","outputs":[["a",["a",["b",0],["b",2]],["b",2]],["a",["a",["a",["b",0],["b",1]],["b",1]],["b",1]]]}
{"id":"bmp1-07618","outputs":[["a",["l",["s"],["a",["b",1],["b",0]]],["b",0]],["a",["l",["s"],["a",["a",["b",1],["b",1]],["b",0]]],["a",["b",0],["b",0]]]]}
{"id":"bmp1-07619","outputs":[["a",["t",["s"],["b",0],["a",["b",1],["b",0]]],["b",4]],["a",["t",["s"],["a",["b",0],["b",2]],["a",["a",["b",1],["b",3]],["b",0]]],["b",3]]]}
{"id":"bmp1-07620","outputs":[["a",["b",0],["b",0]],["a",["l",["s"],["a",["b",1],["b",0]]],["l",["s"],["a",["b",1],["b",0]]]]]}
{"id":"bmp1-07621","outputs":[["a",["a",["b",0],["b",1]],["b",0]],["a",["a",["l",["s"],["a",["b",1],["b",0]]],["b",0]],["l",["s"],["a",["b",1],["b",0]]]]]}
{"id":"bmp1-07622","outputs":[["a",["l",["s"],["a",["b",1],["b",0]]],["b",0]],["a",["l",["s"],["a",["l",["s"],["a",["b",2],["b",0]]],["b",0]]],["l",["s"],["a",["b",1],["b",0]]]]]}
{"id":"bmp1-07623","outputs":[["a",["t",["s"],["b",1],["a",["b",1],["b",0]]],["b",0]],["a",["t",["s"],["b",0],["a",["l",["s"],["a",["b",2],["b",0]]],["b",0]]],["l",["s"],["a",["b",1],["b",0]]]]]}
{"id":"bmp1-07624","outputs":[["a",["b",0],["b",1]],["a",["t",["s"],["b",0],["a",["b",1],["b",0]]],["b",0]]]}
{"id":"bmp1-07625","outputs":[["a",["a",["b",0],["b",1]],["b",1]],["a",["a",["t",["s"],["b",0],["a",["b",1],["b",0]]],["b",0]],["b",0]]]}
{"id":"bmp1-07626","outputs":[["a",["l",["s"],["a",["b",1],["b",0]]],["b",2]],["a",["l",["s"],["a",["t",["s"],["b",1],["a",["b",2],["b",0]]],["b",0]]],["b",1]]]}
{"id":"bmp1-07627","outputs":[["a",["t",["s"],["b",2],["a",["b",1],["b",0]]],["b",0]],["a",["t",["s"],["b",1],["a",["t",["s"],["b",3],["a",["b",2],["b",0]]],["b",0]]],["t",["s"],["b",2],["a",["b",1],["b",0]]]]]}
{"id":"bmp1-07628","outputs":[["a",["b",0],["b",3]],["a",["b",0],["b",2]]]}
{"id":"bmp1-07629","outputs":[["a",["a",["b",0],["b",1]],["b",1]],["a",["a",["b",0],["b",0]],["b",0]]]}
{"id":"bmp1-07630","outputs":[["a",["l",["s"],["a",["b",1],["b",0]]],["b",0]],["a",["l",["s"],["a",["b",1],["b",0]]],["b",0]]]}
{"id":"bmp1-07631","outputs":[["a",["t",["s"],["b",2],["a",["b",1],["b",0]]],["b",2]],["a",["t",["s"],["b",1],["a",["b",1],["b",0]]],["b",1]]]}
{"id":"bmp1-07632","outputs":[["a",["b",0],["b",3]],["a",["a",["b",0],["b",1]],["b",2]]]}
{"id":"bmp1-07633","outputs":[["a",["a",["b",0],["b",0]],["b",0]],["a",["a",["a",["b",0],["b",0]],["a",["b",0],["b",0]]],["a",["b",0],["b",0]]]]}
{"id":"bmp1-07634","outputs":[["a",["l",["s"],["a",["b",1],["b",0]]],["b",1]],["a",["l",["s"],["a",["a",["b",1],["b",1]],["b",0]]],["b",0]]]}
{"id":"bmp1-07635","outputs":[["a",["t",["s"],["b",1],["a",["b",1],["b",0]]],["b",0]],["a",["t",["s"],["b",0],["a",["a",["b",1],["b",1]],["b",0]]],["a",["b",0],["b",0]]]]}
{"id":"bmp1-07636","outputs":[["a",["b",0],["b",3]],["a",["l",["s"],["a",["b",1],["b",0]]],["b",2]]]}
{"id":"bmp1-07637","outputs":[["a",["a",["b",0],["b",1]],["b",1]],["a",["a",["l",["s"],["a",["b",1],["b",0]]],["b",0]],["b",0]]]}
{"id":"bmp1-07638","outputs":[["a",["l",["s"],["a",["b",1],["b",0]]],["b",1]],["a",["l",["s"],["a",["l",["s"],["a",["b",2],["b",0]]],["b",0]]],["b",0]]]}
{"id":"bmp1-07639","outputs":[["a",["t",["s"],["b",1],["a",["b",1],["b",0]]],["b",1]],["a",["t",["s"],["b",0],["a",["l",["s"],["a",["b",2],["b",0]]],["b",0]]],["b",0]]]}
{"id":"bmp1-07640","outputs":[["a",["b",0],["b",2]],["a",["t",["s"],["b",2],["a",["b",1],["b",0]]],["b",1]]]}
{"id":"bmp1-07641","outputs":[["a",["a",["b",0],["b",1]],["b",1]],["a",["a",["t",["s"],["b",2],["a",["b",1],["b",0]]],["b",0]],["b",0]]]}
{"id":"bmp1-07642","outputs":[["a",["l",["s"],["a",["b",1],["b",0]]],["b",1]],["a",["l",["s"],["a",["t",["s"],["b",1],["a",["b",2],["b",0]]],["b",0]]],["b",0]]]}
{"id":"bmp1-07643","outputs":[["a",["t",["s"],["b",4],["a",["b",1],["b",0]]],["b",4]],["a",["t",["s"],["b",3],["a",["t",["s"],["b",1],["a",["b",2],["b",0]]],["b",0]]],["b",3]]]}
{"id":"bmp1-07644","outputs":[["a",["b",0],["b",0]],["a",["b",0],["b",0]]]}
{"id":"bmp1-07645","outputs":[["a",["a",["b",0],["b",1]],["b",2]],["a",["a",["b",0],["b",0]],["b",1]]]}
{"id":"bmp1-07646","outputs":[["a",["l",["s"],["a",["b",1],["b",0]]],["b",0]],["a",["l",["s"],["a",["b",1],["b",0]]],["b",0]]]}
{"id":"bmp1-07647","outputs":[["a",["t",["s"],["b",2],["a",["b",1],["b",0]]],["b",0]],["a",["t",["s"],["b",1],["a",["b",1],["b",0]]],["b",0]]]}
{"id":"bmp1-07648","outputs":[["a",["b",0],["b",2]],["a",["a",["b",0],["b",3]],["b",1]]]}
{"id":"bmp1-07649","outputs":[["a",["a",["b",0],["b",1]],["b",0]],["a",["a",["a",["b",0],["b",0]],["b",0]],["a",["b",0],["b",0]]]]}
{"id":"bmp1-07650","outputs":[["a",["l",["s"],["a",["b",1],["b",0]]],["b",0]],["a",["l",["s"],["a",["a",["b",1],["b",1]],["b",0]]],["a",["b",0],["b",0]]]]}
{"id":"bmp1-07651","outputs":[["a",["t",["s"],["b",0],["a",["b",1],["b",0]]],["b",1]],["a",["t",["s"],["a",["b",0],["b",2]],["a",["a",["b",1],["b",3]],["b",0]]],["b",0]]]}
{"id":"bmp1-07652","outputs":[["a",["b",0],["b",0]],["a",["l",["s"],["a",["b",1],["b",0]]],["l",["s"],["a",["b",1],["b",0]]]]]}
{"id":"bmp1-07653","outputs":[["a",["a",["b",0],["b",2]],["b",2]],["a",["a",["l",["s"],["a",["b",1],["b",0]]],["b",1]],["b",1]]]}
{"id":"bmp1-07654","outputs":[["a",["l",["s"],["a",["b",1],["b",0]]],["b",2]],["a",["l",["s"],["a",["l",["s"],["a",["b",2],["b",0]]],["b",0]]],["b",1]]]}
{"id":"bmp1-07655","outputs":[["a",["t",["s"],["b",2],["a",["b",1],["b",0]]],["b",4]],["a",["t",["s"],["b",1],["a",["l",["s"],["a",["b",2],["b",0]]],["b",0]]],["b",3]]]}
{"id":"bmp1-07656","outputs":[["a",["b",0],["b",0]],["a",["t",["s"],["b",0],["a",["b",1],["b",0]]],["t",["s"],["b",0],["a",["b",1],["b",0]]]]]}
{"id":"bmp1-07657","outputs":[["a",["a",["b",0],["b",1]],["b",0]],["a",["a",["t",["s"],["b",1],["a",["b",1],["b",0]]],["b",0]],["t",["s"],["b",1],["a",["b",1],["b",0]]]]]}
{"id":"bmp1-07658","outputs":[["a",["l",["s"],["a",["b",1],["b",0]]],["b",0]],["a",["l",["s"],["a",["t",["s"],["b",2],["a",["b",2],["b",0]]],["b",0]]],["t",["s"],["b",1],["a",["b",1],["b",0]]]]]}
{"id":"bmp1-07659","outputs":[["a",["t",["s"],["b",1],["a",["b",1],["b",0]]],["b",1]],["a",["t",["s"],["b",0],["a",["t",["s"],["b",2],["a",["b",2],["b",0]]],["b",0]]],["b",0]]]}
{"id":"bmp1-07660","outputs":[["a",["b",0],["b",1]],["a",["b",0],["b",0]]]}
{"id":"bmp1-07661","outputs":[["a",["a",["b",0],["b",1]],["b",2]],["a",["a",["b",0],["b",0]],["b",1]]]}
{"id":"bmp1-07662","outputs":[["a",["l",["s"],["a",["b",1],["b",0]]],["b",0]],["a",["l",["s"],["a",["b",1],["b",0]]],["b",0]]]}
{"id":"bmp1-07663","outputs":[["a",["t",["s"],["b",4],["a",["b",1],["b",0]]],["b",3]],["a",["t",["s"],["b",3],["a",["b",1],["b",0]]],["b",2]]]}
{"id":"bmp1-07664","outputs":[["a",["b",0],["b",3]],["a",["a",["b",0],["b",1]],["b",2]]]}
{"id":"bmp1-07665","outputs":[["a",["a",["b",0],["b",0]],["b",2]],["a",["a",["a",["b",0],["b",0]],["a",["b",0],["b",0]]],["b",1]]]}
{"id":"bmp1-07666","outputs":[["a",["l",["s"],["a",["b",1],["b",0]]],["b",3]],["a",["l",["s"],["a",["a",["b",1],["b",3]],["b",0]]],["b",2]]]}
{"id":"bmp1-07667","outputs":[["a",["t",["s"],["b",2],["a",["b",1],["b",0]]],["b",2]],["a",["t",["s"],["b",1],["a",["a",["b",1],["b",2]],["b",0]]],["b",1]]]}
{"id":"bmp1-07668","outputs":[["a",["b",0],["b",0]],["a",["l",["s"],["a",["b",1],["b",0]]],["l",["s"],["a",["b",1],["b",0]]]]]}
{"id":"bmp1-07669","outputs":[["a",["a",["b",0],["b",1]],["b",2]],["a",["a",["l",["s"],["a",["b",1],["b",0]]],["b",0]],["b",1]]]}
{"id":"bmp1-07670","outputs":[["a",["l",["s"],["a",["b",1],["b",0]]],["b",2]],["a",["l",["s"],["a",["l",["s"],["a",["b",2],["b",0]]],["b",0]]],["b",1]]]}
{"id":"bmp1-07671","outputs":[["a",["t",["s"],["b",0],["a",["b",1],["b",0]]],["b",1]],["a",["t",["s"],["l",["s"],["a",["b",1],["b",0]]],["a",["l",["s"],["a",["b",2],["b",0]]],["b",0]]],["b",0]]]}
{"id":"bmp1-07672","outputs":[["a",["b",0],["b",2]],["a",["t",["s"],["b",1],["a",["b",1],["b",0]]],["b",1]]]}
{"id":"bmp1-07673","outputs":[["a",["a",["b",0],["b",3]],["b",0]],["a",["a",["t",["s"],["b",0],["a",["b",1],["b",0]]],["b",2]],["t",["s"],["b",0],["a",["b",1],["b",0]]]]]}
{"id":"bmp1-07674","outputs":[["a",["l",["s"],["a",["b",1],["b",0]]],["b",3]],["a",["l",["s"],["a",["t",["s"],["b",1],["a",["b",2],["b",0]]],["b",0]]],["b",2]]]}
{"id":"bmp1-07675","outputs":[["a",["t",["s"],["b",0],["a",["b",1],["b",0]]],["b",0]],["a",["t",["s"],["t",["s"],["b",0],["a",["b",1],["b",0]]],["a",["t",["s"],["b",1],["a",["b",2],["b",0]]],["b",0]]],["t",["s"],["b",0],["a",["b",1],["b",0]]]]]}
{"id":"bmp1-07676","outputs":[["a",["b",0],["b",2]],["a",["b",0],["b",1]]]}
{"id":"bmp1-07677","outputs":[["a",["a",["b",0],["b",0]],["b",0]],["a",["a",["b",0],["b",0]],["b",0]]]}
{"id":"bmp1-07678","outputs":[["a",["l",["s"],["a",["b",1],["b",0]]],["b",2]],["a",["l",["s"],["a",["b",1],["b",0]]],["b",1]]]}
{"id":"bmp1-07679","outputs":[["a",["t",["s"],["b",0],["a",["b",1],["b",0]]],["b",2]],["a",["t",["s"],["b",0],["a",["b",1],["b",0]]],["b",1]]]}
{"id":"bmp1-07680","outputs":[["a",["b",0],["b",3]],["a",["a",["b",0],["b",2]],["b",2]]]}
{"id":"bmp1-07681","outputs":[["a",["a",["b",0],["b",1]],["b",0]],["a",["a",["a",["b",0],["b",0]],["b",0]],["a",["b",0],["b",0]]]]}
{"id":"bmp1-07682","outputs":[["a",["l",["s"],["a",["b",1],["b",0]]],["b",1]],["a",["l",["s"],["a",["a",["b",1],["b",1]],["b",0]]],["b",0]]]}
{"id":"bmp1-07683","outputs":[["a",["t",["s"],["b",0],["a",["b",1],["b",0]]],["b",2]],["a",["t",["s"],["a",["b",0],["b",0]],["a",["a",["b",1],["b",1]],["b",0]]],["b",1]]]}
{"id":"bmp1-07684","outputs":[["a",["b",0],["b",2]],["a",["l",["s"],["a",["b",1],["b",0]]],["b",1]]]}
{"id":"bmp1-07685","outputs":[["a",["a",["b",0],["b",0]],["b",1]],["a",["a",["l",["s"],["a",["b",1],["b",0]]],["l",["s"],["a",["b",1],["b",0]]]],["b",0]]]}
{"id":"bmp1-07686","outputs":[["a",["l",["s"],["a",["b",1],["b",0]]],["b",1]],["a",["l",["s"],["a",["l",["s"],["a",["b",2],["b",0]]],["b",0]]],["b",0]]]}
{"id":"bmp1-07687","outputs":[["a",["t",["s"],["b",0],["a",["b",1],["b",0]]],["b",1]],["a",["t",["s"],["l",["s"],["a",["b",1],["b",0]]],["a",["l",["s"],["a",["b",2],["b",0]]],["b",0]]],["b",0]]]}
{"id":"bmp1-07688","outputs":[["a",["b",0],["b",1]],["a",["t",["s"],["b",0],["a",["b",1],["b",0]]],["b",0]]]}
{"id":"bmp1-07689","outputs":[["a",["a",["b",0],["b",3]],["b",2]],["a",["a",["t",["s"],["b",2],["a",["b",1],["b",0]]],["b",2]],["b",1]]]}
{"id":"bmp1-07690","outputs":[["a",["l",["s"],["a",["b",1],["b",0]]],["b",2]],["a",["l",["s"],["a",["t",["s"],["b",1],["a",["b",2],["b",0]]],["b",0]]],["b",1]]]}
{"id":"bmp1-07691","outputs":[["a",["t",["s"],["b",2],["a",["b",1],["b",0]]],["b",2]],["a",["t",["s"],["b",1],["a",["t",["s"],["b",1],["a",["b",2],["b",0]]],["b",0]]],["b",1]]]}
{"id":"bmp1-07692","outputs":[["a",["b",0],["b",3]],["a",["b",0],["b",2]]]}
{"id":"bmp1-07693","outputs":[["a",["a",["b",0],["b",2]],["b",0]],["a",["a",["b",0],["b",1]],["b",0]]]}
{"id":"bmp1-07694","outputs":[["a",["l",["s"],["a",["b",1],["b",0]]],["b",0]],["a",["l",["s"],["a",["b",1],["b",0]]],["b",0]]]}
{"id":"bmp1-07695","outputs":[["a",["t",["s"],["b",3],["a",["b",1],["b",0]]],["b",4]],["a",["t",["s"],["b",2],["a",["b",1],["b",0]]],["b",3]]]}
{"id":"bmp1-07696","outputs":[["a",["b",0],["b",1]],["a",["a",["b",0],["b",0]],["b",0]]]}
{"id":"bmp1-07697","outputs":[["a",["a",["b",0],["b",1]],["b",2]],["a",["a",["a",["b",0],["b",1]],["b",0]],["b",1]]]}
{"id":"bmp1-07698","outputs":[["a",["l",["s"],["a",["b",1],["b",0]]],["b",2]],["a",["l",["s"],["a",["a",["b",1],["b",2]],["b",0]]],["b",1]]]}
{"id":"bmp1-07699","outputs":[["a",["t",["s"],["b",2],["a",["b",1],["b",0]]],["b",2]],["a",["t",["s"],["b",1],["a",["a",["b",1],["b",2]],["b",0]]],["b",1]]]}
{"id":"bmp1-07700","outputs":[["a",["b",0],["b",1]],["a",["l",["s"],["a",["b",1],["b",0]]],["b",0]]]}
{"id":"bmp1-07701","outputs":[["a",["a",["b",0],["b",2]],["b",3]],["a",["a",["l",["s"],["a",["b",1],["b",0]]],["b",1]],["b",2]]]}
{"id":"bmp1-07702","outputs":[["a",["l",["s"],["a",["b",1],["b",0]]],["b",2]],["a",["l",["s"],["a",["l",["s"],["a",["b",2],["b",0]]],["b",0]]],["b",1]]]}
{"id":"bmp1-07703","outputs":[["a",["t",["s"],["b",1],["a",["b",1],["b",0]]],["b",2]],["a",["t",["s"],["b",0],["a",["l",["s"],["a",["b",2],["b",0]]],["b",0]]],["b",1]]]}
{"id":"bmp1-07704","outputs":[["a",["b",0],["b",0]],["a",["t",["s"],["b",1],["a",["b",1],["b",0]]],["t",["s"],["b",1],["a",["b",1],["b",0]]]]]}
{"id":"bmp1-07705","outputs":[["a",["a",["b",0],["b",2]],["b",0]],["a",["a",["t",["s"],["b",1],["a",["b",1],["b",0]]],["b",1]],["t",["s"],["b",1],["a",["b",1],["b",0]]]]]}
{"id":"bmp1-07706","outputs":[["a",["l",["s"],["a",["b",1],["b",0]]],["b",1]],["a",["l",["s"],["a",["t",["s"],["b",2],["a",["b",2],["b",0]]],["b",0]]],["b",0]]]}
{"id":"bmp1-07707","outputs":[["a",["t",["s"],["b",0],["a",["b",1],["b",0]]],["b",2]],["a",["t",["s"],["t",["s"],["b",2],["a",["b",1],["b",0]]],["a",["t",["s"],["b",3],["a",["b",2],["b",0]]],["b",0]]],["b",1]]]}
{"id":"bmp1-07708","outputs":[["a",["b",0],["b",2]],["a",["b",0],["b",1]]]}
{"id":"bmp1-07709","outputs":[["a",["a",["b",0],["b",2]],["b",4]],["a",["a",["b",0],["b",1]],["b",3]]]}
{"id":"bmp1-07710","outputs":[["a",["l",["s"],["a",["b",1],["b",0]]],["b",0]],["a",["l",["s"],["a",["b",1],["b",0]]],["b",0]]]}
{"id":"bmp1-07711","outputs":[["a",["t",["s"],["b",0],["a",["b",1],["b",0]]],["b",0]],["a",["t",["s"],["b",0],["a",["b",1],["b",0]]],["b",0]]]}
{"id":"bmp1-07712","outputs":[["a",["b",0],["b",1]],["a",["a",["b",0],["b",0]],["b",0]]]}
{"id":"bmp1-07713","outputs":[["a",["a",["b",0],["b",2]],["b",2]],["a",["a",["a",["b",0],["b",1]],["b",1]],["b",1]]]}
{"id":"bmp1-07714","outputs":[["a",["l",["s"],["a",["b",1],["b",0]]],["b",1]],["a",["l",["s"],["a",["a",["b",1],["b",2]],["b",0]]],["b",0]]]}
{"id":"bmp1-07715","outputs":[["a",["t",["s"],["b",0],["a",["b",1],["b",0]]],["b",2]],["a",["t",["s"],["a",["b",0],["b",1]],["a",["a",["b",1],["b",2]],["b",0]]],["b",1]]]}
{"id":"bmp1-07716","outputs":[["a",["b",0],["b",2]],["a",["l",["s"],["a",["b",1],["b",0]]],["b",1]]]}
{"id":"bmp1-07717","outputs":[["a",["a",["b",0],["b",2]],["b",1]],["a",["a",["l",["s"],["a",["b",1],["b",0]]],["b",1]],["b",0]]]}
{"id":"bmp1-07718","outputs":[["a",["l",["s"],["a",["b",1],["b",0]]],["b",2]],["a",["l",["s"],["a",["l",["s"],["a",["b",2],["b",0]]],["b",0]]],["b",1]]]}
{"id":"bmp1-07719","outputs":[["a",["t",["s"],["b",0],["a",["b",1],["b",0]]],["b",1]],["a",["t",["s"],["l",["s"],["a",["b",1],["b",0]]],["a",["l",["s"],["a",["b",2],["b",0]]],["b",0]]],["b",0]]]}
{"id":"bmp1-07720","outputs":[["a",["b",0],["b",0]],["a",["t",["s"],["b",0],["a",["b",1],["b",0]]],["t",["s"],["b",0],["a",["b",1],["b",0]]]]]}
{"id":"bmp1-07721","outputs":[["a",["a",["b",0],["b",1]],["b",2]],["a",["a",["t",["s"],["b",1],["a",["b",1],["b",0]]],["b",0]],["b",1]]]}
{"id":"bmp1-07722","outputs":[["a",["l",["s"],["a",["b",1],["b",0]]],["b",0]],["a",["l",["s"],["a",["t",["s"],["b",1],["a",["b",2],["b",0]]],["b",0]]],["t",["s"],["b",0],["a",["b",1],["b",0]]]]]}
{"id":"bmp1-07723","outputs":[["a",["t",["s"],["b",2],["a",["b",1],["b",0]]],["b",2]],["a",["t",["s"],["b",1],["a",["t",["s"],["b",2],["a",["b",2],["b",0]]],["b",0]]],["b",1]]]}
{"id":"bmp1-07724","outputs":[["a",["b",0],["b",0]],["a",["b",0],["b",0]]]}
{"id":"bmp1-07725","outputs":[["a",["a",["b",0],["b",0]],["b",1]],["a",["a",["b",0],["b",0]],["b",0]]]}
{"id":"bmp1-07726","outputs":[["a",["l",["s"],["a",["b",1],["b",0]]],["b",2]],["a",["l",["s"],["a",["b",1],["b",0]]],["b",1]]]}
{"id":"bmp1-07727","outputs":[["a",["t",["s"],["b",1],["a",["b",1],["b",0]]],["b",0]],["a",["t",["s"],["b",0],["a",["b",1],["b",0]]],["b",0]]]}
{"id":"bmp1-07728","outputs":[["a",["b",0],["b",1]],["a",["a",["b",0],["b",3]],["b",0]]]}
{"id":"bmp1-07729","outputs":[["a",["a",["b",0],["b",0]],["b",1]],["a",["a",["a",["b",0],["b",3]],["a",["b",0],["b",3]]],["b",0]]]}
{"id":"bmp1-07730","outputs":[["a",["l",["s"],["a",["b",1],["b",0]]],["b",1]],["a",["l",["s"],["a",["a",["b",1],["b",2]],["b",0]]],["b",0]]]}
{"id":"bmp1-07731","outputs":[["a",["t",["s"],["b",2],["a",["b",1],["b",0]]],["b",0]],["a",["t",["s"],["b",1],["a",["a",["b",1],["b",2]],["b",0]]],["a",["b",0],["b",1]]]]}
{"id":"bmp1-07732","outputs":[["a",["b",0],["b",0]],["a",["l",["s"],["a",["b",1],["b",0]]],["l",["s"],["a",["b",1],["b",0]]]]]}
{"id":"bmp1-07733","outputs":[["a",["a",["b",0],["b",2]],["b",0]],["a",["a",["l",["s"],["a",["b",1],["b",0]]],["b",1]],["l",["s"],["a",["b",1],["b",0]]]]]}
{"id":"bmp1-07734","outputs":[["a",["l",["s"],["a",["b",1],["b",0]]],["b",4]],["a",["l",["s"],["a",["l",["s"],["a",["b",2],["b",0]]],["b",0]]],["b",3]]]}
{"id":"bmp1-07735","outputs":[["a",["t",["s"],["b",2],["a",["b",1],["b",0]]],["b",0]],["a",["t",["s"],["b",1],["a",["l",["s"],["a",["b",2],["b",0]]],["b",0]]],["l",["s"],["a",["b",1],["b",0]]]]]}
{"id":"bmp1-07736","outputs":[["a",["b",0],["b",2]],["a",["t",["s"],["b",1],["a",["b",1],["b",0]]],["b",1]]]}
{"id":"bmp1-07737","outputs":[["a",["a",["b",0],["b",0]],["b",1]],["a",["a",["t",["s"],["b",0],["a",["b",1],["b",0]]],["t",["s"],["b",0],["a",["b",1],["b",0]]]],["b",0]]]}
{"id":"bmp1-07738","outputs":[["a",["l",["s"],["a",["b",1],["b",0]]],["b",3]],["a",["l",["s"],["a",["t",["s"],["b",2],["a",["b",2],["b",0]]],["b",0]]],["b",2]]]}
{"id":"bmp1-07739","outputs":[["a",["t",["s"],["b",0],["a",["b",1],["b",0]]],["b",0]],["a",["t",["s"],["t",["s"],["b",0],["a",["b",1],["b",0]]],["a",["t",["s"],["b",1],["a",["b",2],["b",0]]],["b",0]]],["t",["s"],["b",0],["a",["b",1],["b",0]]]]]}
{"id":"bmp1-07740","outputs":[["a",["b",0],["b",1]],["a",["b",0],["b",0]]]}
{"id":"bmp1-07741","outputs":[["a",["a",["b",0],["b",0]],["b",1]],["a",["a",["b",0],["b",0]],["b",0]]]}
{"id":"bmp1-07742","outputs":[["a",["l",["s"],["a",["b",1],["b",0]]],["b",0]],["a",["l",["s"],["a",["b",1],["b",0]]],["b",0]]]}
{"id":"bmp1-07743","outputs":[["a",["t",["s"],["b",1],["a",["b",1],["b",0]]],["b",1]],["a",["t",["s"],["b",0],["a",["b",1],["b",0]]],["b",0]]]}
{"id":"bmp1-07744","outputs":[["a",["b",0],["b",2]],["a",["a",["b",0],["b",1]],["b",1]]]}
{"id":"bmp1-07745","outputs":[["a",["a",["b",0],["b",0]],["b",0]],["a",["a",["a",["b",0],["b",0]],["a",["b",0],["b",0]]],["a",["b",0],["b",0]]]]}
{"id":"bmp1-07746","outputs":[["a",["l",["s"],["a",["b",1],["b",0]]],["b",0]],["a",["l",["s"],["a",["a",["b",1],["b",2]],["b",0]]],["a",["b",0],["b",1]]]]}
{"id":"bmp1-07747","outputs":[["a",["t",["s"],["b",0],["a",["b",1],["b",0]]],["b",0]],["a",["t",["s"],["a",["b",0],["b",0]],["a",["a",["b",1],["b",1]],["b",0]]],["a",["b",0],["b",0]]]]}
{"id":"bmp1-07748","outputs":[["a",["b",0],["b",3]],["a",["l",["s"],["a",["b",1],["b",0]]],["b",2]]]}
{"id":"bmp1-07749","outputs":[["a",["a",["b",0],["b",0]],["b",2]],["a",["a",["l",["s"],["a",["b",1],["b",0]]],["l",["s"],["a",["b",1],["b",0]]]],["b",1]]]}
{"id":"bmp1-07750","outputs":[["a",["l",["s"],["a",["b",1],["b",0]]],["b",0]],["a",["l",["s"],["a",["l",["s"],["a",["b",2],["b",0]]],["b",0]]],["l",["s"],["a",["b",1],["b",0]]]]]}
{"id":"bmp1-07751","outputs":[["a",["t",["s"],["b",3],["a",["b",1],["b",0]]],["b",4]],["a",["t",["s"],["b",2],["a",["l",["s"],["a",["b",2],["b",0]]],["b",0]]],["b",3]]]}
{"id":"bmp1-07752","outputs":[["a",["b",0],["b",0]],["a",["t",["s"],["b",1],["a",["b",1],["b",0]]],["t",["s"],["b",1],["a",["b",1],["b",0]]]]]}
{"id":"bmp1-07753","outputs":[["a",["a",["b",0],["b",2]],["b",2]],["a",["a",["t",["s"],["b",1],["a",["b",1],["b",0]]],["b",1]],["b",1]]]}
{"id":"bmp1-07754","outputs":[["a",["l",["s"],["a",["b",1],["b",0]]],["b",0]],["a",["l",["s"],["a",["t",["s"],["b",3],["a",["b",2],["b",0]]],["b",0]]],["t",["s"],["b",2],["a",["b",1],["b",0]]]]]}
{"id":"bmp1-07755","outputs":[["a",["t",["s"],["b",1],["a",["b",1],["b",0]]],["b",0]],["a",["t",["s"],["b",0],["a",["t",["s"],["b",1],["a",["b",2],["b",0]]],["b",0]]],["t",["s"],["b",0],["a",["b",1],["b",0]]]]]}
{"id":"bmp1-07756","outputs":[["a",["b",0],["b",1]],["a",["b",0],["b",0]]]}
{"id":"bmp1-07757","outputs":[["a",["a",["b",0],["b",3]],["b",3]],["a",["a",["b",0],["b",2]],["b",2]]]}
{"id":"bmp1-07758","outputs":[["a",["l",["s"],["a",["b",1],["b",0]]],["b",1]],["a",["l",["s"],["a",["b",1],["b",0]]],["b",0]]]}
{"id":"bmp1-07759","outputs":[["a",["t",["s"],["b",1],["a",["b",1],["b",0]]],["b",3]],["a",["t",["s"],["b",0],["a",["b",1],["b",0]]],["b",2]]]}
{"id":"bmp1-07760","outputs":[["a",["b",0],["b",1]],["a",["a",["b",0],["b",0]],["b",0]]]}
{"id":"bmp1-07761","outputs":[["a",["a",["b",0],["b",2]],["b",3]],["a",["a",["a",["b",0],["b",2]],["b",1]],["b",2]]]}
{"id":"bmp1-07762","outputs":[["a",["l",["s"],["a",["b",1],["b",0]]],["b",0]],["a",["l",["s"],["a",["a",["b",1],["b",1]],["b",0]]],["a",["b",0],["b",0]]]]}
{"id":"bmp1-07763","outputs":[["a",["t",["s"],["b",1],["a",["b",1],["b",0]]],["b",2]],["a",["t",["s"],["b",0],["a",["a",["b",1],["b",2]],["b",0]]],["b",1]]]}
{"id":"bmp1-07764","outputs":[["a",["b",0],["b",0]],["a",["l",["s"],["a",["b",1],["b",0]]],["l",["s"],["a",["b",1],["b",0]]]]]}
{"id":"bmp1-07765","outputs":[["a",["a",["b",0],["b",4]],["b",2]],["a",["a",["l",["s"],["a",["b",1],["b",0]]],["b",3]],["b",1]]]}
{"id":"bmp1-07766","outputs":[["a",["l",["s"],["a",["b",1],["b",0]]],["b",2]],["a",["l",["s"],["a",["l",["s"],["a",["b",2],["b",0]]],["b",0]]],["b",1]]]}
{"id":"bmp1-07767","outputs":[["a",["t",["s"],["b",0],["a",["b",1],["b",0]]],["b",0]],["a",["t",["s"],["l",["s"],["a",["b",1],["b",0]]],["a",["l",["s"],["a",["b",2],["b",0]]],["b",0]]],["l",["s"],["a",["b",1],["b",0]]]]]}
{"id":"bmp1-07768","outputs":[["a",["b",0],["b",0]],["a",["t",["s"],["b",0],["a",["b",1],["b",0]]],["t",["s"],["b",0],["a",["b",1],["b",0]]]]]}
{"id":"bmp1-07769","outputs":[["a",["a",["b",0],["b",2]],["b",3]],["a",["a",["t",["s"],["b",1],["a",["b",1],["b",0]]],["b",1]],["b",2]]]}
{"id":"bmp1-07770","outputs":[["a",["l",["s"],["a",["b",1],["b",0]]],["b",3]],["a",["l",["s"],["a",["t",["s"],["b",3],["a",["b",2],["b",0]]],["b",0]]],["b",2]]]}
{"id":"bmp1-07771","outputs":[["a",["t",["s"],["b",0],["a",["b",1],["b",0]]],["b",1]],["a",["t",["s"],["t",["s"],["b",1],["a",["b",1],["b",0]]],["a",["t",["s"],["b",2],["a",["b",2],["b",0]]],["b",0]]],["b",0]]]}
{"id":"bmp1-07772","outputs":[["a",["b",0],["b",0]],["a",["b",0],["b",0]]]}
{"id":"bmp1-07773","outputs":[["a",["a",["b",0],["b",0]],["b",1]],["a",["a",["b",0],["b",0]],["b",0]]]}
{"id":"bmp1-07774","outputs":[["a",["l",["s"],["a",["b",1],["b",0]]],["b",3]],["a",["l",["s"],["a",["b",1],["b",0]]],["b",2]]]}
{"id":"bmp1-07775","outputs":[["a",["t",["s"],["b",1],["a",["b",1],["b",0]]],["b",1]],["a",["t",["s"],["b",0],["a",["b",1],["b",0]]],["b",0]]]}
{"id":"bmp1-07776","outputs":[["a",["b",0],["b",2]],["a",["a",["b",0],["b",0]],["b",1]]]}
{"id":"bmp1-07777","outputs":[["a",["a",["b",0],["b",0]],["b",2]],["a",["a",["a",["b",0],["b",0]],["a",["b",0],["b",0]]],["b",1]]]}
{"id":"bmp1-07778","outputs":[["a",["l",["s"],["a",["b",1],["b",0]]],["b",0]],["a",["l",["s"],["a",["a",["b",1],["b",2]],["b",0]]],["a",["b",0],["b",1]]]]}
{"id":"bmp1-07779","outputs":[["a",["t",["s"],["b",1],["a",["b",1],["b",0]]],["b",1]],["a",["t",["s"],["b",0],["a",["a",["b",1],["b",2]],["b",0]]],["b",0]]]}
{"id":"bmp1-07780","outputs":[["a",["b",0],["b",1]],["a",["l",["s"],["a",["b",1],["b",0]]],["b",0]]]}
{"id":"bmp1-07781","outputs":[["a",["a",["b",0],["b",3]],["b",1]],["a",["a",["l",["s"],["a",["b",1],["b",0]]],["b",2]],["b",0]]]}
{"id":"bmp1-07782","outputs":[["a",["l",["s"],["a",["b",1],["b",0]]],["b",2]],["a",["l",["s"],["a",["l",["s"],["a",["b",2],["b",0]]],["b",0]]],["b",1]]]}
{"id":"bmp1-07783","outputs":[["a",["t",["s"],["b",0],["a",["b",1],["b",0]]],["b",2]],["a",["t",["s"],["l",["s"],["a",["b",1],["b",0]]],["a",["l",["s"],["a",["b",2],["b",0]]],["b",0]]],["b",1]]]}
{"id":"bmp1-07784","outputs":[["a",["b",0],["b",0]],["a",["t",["s"],["b",2],["a",["b",1],["b",0]]],["t",["s"],["b",2],["a",["b",1],["b",0]]]]]}
{"id":"bmp1-07785","outputs":[["a",["a",["b",0],["b",0]],["b",1]],["a",["a",["t",["s"],["b",0],["a",["b",1],["b",0]]],["t",["s"],["b",0],["a",["b",1],["b",0]]]],["b",0]]]}
{"id":"bmp1-07786","outputs":[["a",["l",["s"],["a",["b",1],["b",0]]],["b",2]],["a",["l",["s"],["a",["t",["s"],["b",3],["a",["b",2],["b",0]]],["b",0]]],["b",1]]]}
{"id":"bmp1-07787","outputs":[["a",["t",["s"],["b",1],["a",["b",1],["b",0]]],["b",1]],["a",["t",["s"],["b",0],["a",["t",["s"],["b",1],["a",["b",2],["b",0]]],["b",0]]],["b",0]]]}
{"id":"bmp1-07788","outputs":[["a",["b",0],["b",0]],["a",["b",0],["b",0]]]}
{"id":"bmp1-07789","outputs":[["a",["a",["b",0],["b",1]],["b",1]],["a",["a",["b",0],["b",0]],["b",0]]]}
{"id":"bmp1-07790","outputs":[["a",["l",["s"],["a",["b",1],["b",0]]],["b",4]],["a",["l",["s"],["a",["b",1],["b",0]]],["b",3]]]}
{"id":"bmp1-07791","outputs":[["a",["t",["s"],["b",1],["a",["b",1],["b",0]]],["b",0]],["a",["t",["s"],["b",0],["a",["b",1],["b",0]]],["b",0]]]}
{"id":"bmp1-07792","outputs":[["a",["b",0],["b",1]],["a",["a",["b",0],["b",2]],["b",0]]]}
{"id":"bmp1-07793","outputs":[["a",["a",["b",0],["b",1]],["b",0]],["a",["a",["a",["b",0],["b",0]],["b",0]],["a",["b",0],["b",0]]]]}
{"id":"bmp1-07794","outputs":[["a",["l",["s"],["a",["b",1],["b",0]]],["b",1]],["a",["l",["s"],["a",["a",["b",1],["b",3]],["b",0]]],["b",0]]]}
{"id":"bmp1-07795","outputs":[["a",["t",["s"],["b",1],["a",["b",1],["b",0]]],["b",1]],["a",["t",["s"],["b",0],["a",["a",["b",1],["b",1]],["b",0]]],["b",0]]]}
{"id":"bmp1-07796","outputs":[["a",["b",0],["b",2]],["a",["l",["s"],["a",["b",1],["b",0]]],["b",1]]]}
{"id":"bmp1-07797","outputs":[["a",["a",["b",0],["b",3]],["b",1]],["a",["a",["l",["s"],["a",["b",1],["b",0]]],["b",2]],["b",0]]]}
{"id":"bmp1-07798","outputs":[["a",["l",["s"],["a",["b",1],["b",0]]],["b",1]],["a",["l",["s"],["a",["l",["s"],["a",["b",2],["b",0]]],["b",0]]],["b",0]]]}
{"id":"bmp1-07799","outputs":[["a",["t",["s"],["b",0],["a",["b",1],["b",0]]],["b",1]],["a",["t",["s"],["l",["s"],["a",["b",1],["b",0]]],["a",["l",["s"],["a",["b",2],["b",0]]],["b",0]]],["b",0]]]}
{"id":"bmp1-07800","outputs":[["a",["b",0],["b",3]],["a",["t",["s"],["b",0],["a",["b",1],["b",0]]],["b",2]]]}
{"id":"bmp1-07801","outputs":[["a",["a",["b",0],["b",0]],["b",2]],["a",["a",["t",["s"],["b",0],["a",["b",1],["b",0]]],["t",["s"],["b",0],["a",["b",1],["b",0]]]],["b",1]]]}
{"id":"bmp1-07802","outputs":[["a",["l",["s"],["a",["b",1],["b",0]]],["b",0]],["a",["l",["s"],["a",["t",["s"],["b",3],["a",["b",2],["b",0]]],["b",0]]],["t",["s"],["b",2],["a",["b",1],["b",0]]]]]}
{"id":"bmp1-07803","outputs":[["a",["t",["s"],["b",0],["a",["b",1],["b",0]]],["b",0]],["a",["t",["s"],["t",["s"],["b",2],["a",["b",1],["b",0]]],["a",["t",["s"],["b",3],["a",["b",2],["b",0]]],["b",0]]],["t",["s"],["b",2],["a",["b",1],["b",0]]]]]}
{"id":"bmp1-07804","outputs":[["a",["b",0],["b",1]],["a",["b",0],["b",0]]]}
{"id":"bmp1-07805","outputs":[["a",["a",["b",0],["b",3]],["b",4]],["a",["a",["b",0],["b",2]],["b",3]]]}
{"id":"bmp1-07806","outputs":[["a",["l",["s"],["a",["b",1],["b",0]]],["b",0]],["a",["l",["s"],["a",["b",1],["b",0]]],["b",0]]]}
{"id":"bmp1-07807","outputs":[["a",["t",["s"],["b",1],["a",["b",1],["b",0]]],["b",2]],["a",["t",["s"],["b",0],["a",["b",1],["b",0]]],["b",1]]]}
{"id":"bmp1-07808","outputs":[["a",["b",0],["b",0]],["a",["a",["b",0],["b",0]],["a",["b",0],["b",0]]]]}
{"id":"bmp1-07809","outputs":[["a",["a",["b",0],["b",0]],["b",1]],["a",["a",["a",["b",0],["b",1]],["a",["b",0],["b",1]]],["b",0]]]}
{"id":"bmp1-07810","outputs":[["a",["l",["s"],["a",["b",1],["b",0]]],["b",0]],["a",["l",["s"],["a",["a",["b",1],["b",1]],["b",0]]],["a",["b",0],["b",0]]]]}
{"id":"bmp1-07811","outputs":[["a",["t",["s"],["b",1],["a",["b",1],["b",0]]],["b",0]],["a",["t",["s"],["b",0],["a",["a",["b",1],["b",2]],["b",0]]],["a",["b",0],["b",1]]]]}
{"id":"bmp1-07812","outputs":[["a",["b",0],["b",4]],["a",["l",["s"],["a",["b",1],["b",0]]],["b",3]]]}
{"id":"bmp1-07813","outputs":[["a",["a",["b",0],["b",1]],["b",0]],["a",["a",["l",["s"],["a",["b",1],["b",0]]],["b",0]],["l",["s"],["a",["b",1],["b",0]]]]]}
{"id":"bmp1-07814","outputs":[["a",["l",["s"],["a",["b",1],["b",0]]],["b",1]],["a",["l",["s"],["a",["l",["s"],["a",["b",2],["b",0]]],["b",0]]],["b",0]]]}
{"id":"bmp1-07815","outputs":[["a",["t",["s"],["b",2],["a",["b",1],["b",0]]],["b",0]],["a",["t",["s"],["b",1],["a",["l",["s"],["a",["b",2],["b",0]]],["b",0]]],["l",["s"],["a",["b",1],["b",0]]]]]}
{"id":"bmp1-07816","outputs":[["a",["b",0],["b",0]],["a",["t",["s"],["b",3],["a",["b",1],["b",0]]],["t",["s"],["b",3],["a",["b",1],["b",0]]]]]}
{"id":"bmp1-07817","outputs":[["a",["a",["b",0],["b",0]],["b",1]],["a",["a",["t",["s"],["b",0],["a",["b",1],["b",0]]],["t",["s"],["b",0],["a",["b",1],["b",0]]]],["b",0]]]}
{"id":"bmp1-07818","outputs":[["a",["l",["s"],["a",["b",1],["b",0]]],["b",2]],["a",["l",["s"],["a",["t",["s"],["b",1],["a",["b",2],["b",0]]],["b",0]]],["b",1]]]}
{"id":"bmp1-07819","outputs":[["a",["t",["s"],["b",1],["a",["b",1],["b",0]]],["b",3]],["a",["t",["s"],["b",0],["a",["t",["s"],["b",2],["a",["b",2],["b",0]]],["b",0]]],["b",2]]]}
{"id":"bmp1-07820","outputs":[["a",["b",0],["b",1]],["a",["b",0],["b",0]]]}
{"id":"bmp1-07821","outputs":[["a",["a",["b",0],["b",0]],["b",2]],["a",["a",["b",0],["b",0]],["b",1]]]}
{"id":"bmp1-07822","outputs":[["a",["l",["s"],["a",["b",1],["b",0]]],["b",3]],["a",["l",["s"],["a",["b",1],["b",0]]],["b",2]]]}
{"id":"bmp1-07823","outputs":[["a",["t",["s"],["b",0],["a",["b",1],["b",0]]],["b",1]],["a",["t",["s"],["b",0],["a",["b",1],["b",0]]],["b",0]]]}
{"id":"bmp1-07824","outputs":[["a",["b",0],["b",0]],["a",["a",["b",0],["b",0]],["a",["b",0],["b",0]]]]}
{"id":"bmp1-07825","outputs":[["a",["a",["b",0],["b",0]],["b",1]],["a",["a",["a",["b",0],["b",0]],["a",["b",0],["b",0]]],["b",0]]]}
{"id":"bmp1-07826","outputs":[["a",["l",["s"],["a",["b",1],["b",0]]],["b",0]],["a",["l",["s"],["a",["a",["b",1],["b",1]],["b",0]]],["a",["b",0],["b",0]]]]}
{"id":"bmp1-07827","outputs":[["a",["t",["s"],["b",3],["a",["b",1],["b",0]]],["b",3]],["a",["t",["s"],["b",2],["a",["a",["b",1],["b",1]],["b",0]]],["b",2]]]}
{"id":"bmp1-07828","outputs":[["a",["b",0],["b",1]],["a",["l",["s"],["a",["b",1],["b",0]]],["b",0]]]}
{"id":"bmp1-07829","outputs":[["a",["a",["b",0],["b",1]],["b",1]],["a",["a",["l",["s"],["a",["b",1],["b",0]]],["b",0]],["b",0]]]}
{"id":"bmp1-07830","outputs":[["a",["l",["s"],["a",["b",1],["b",0]]],["b",1]],["a",["l",["s"],["a",["l",["s"],["a",["b",2],["b",0]]],["b",0]]],["b",0]]]}
{"id":"bmp1-07831","outputs":[["a",["t",["s"],["b",0],["a",["b",1],["b",0]]],["b",1]],["a",["t",["s"],["l",["s"],["a",["b",1],["b",0]]],["a",["l",["s"],["a",["b",2],["b",0]]],["b",0]]],["b",0]]]}
{"id":"bmp1-07832","outputs":[["a",["b",0],["b",3]],["a",["t",["s"],["b",2],["a",["b",1],["b",0]]],["b",2]]]}
{"id":"bmp1-07833","outputs":[["a",["a",["b",0],["b",1]],["b",2]],["a",["a",["t",["s"],["b",1],["a",["b",1],["b",0]]],["b",0]],["b",1]]]}
{"id":"bmp1-07834","outputs":[["a",["l",["s"],["a",["b",1],["b",0]]],["b",1]],["a",["l",["s"],["a",["t",["s"],["b",1],["a",["b",2],["b",0]]],["b",0]]],["b",0]]]}
{"id":"bmp1-07835","outputs":[["a",["t",["s"],["b",1],["a",["b",1],["b",0]]],["b",2]],["a",["t",["s"],["b",0],["a",["t",["s"],["b",2],["a",["b",2],["b",0]]],["b",0]]],["b",1]]]}
{"id":"bmp1-07836","outputs":[["a",["b",0],["b",0]],["a",["b",0],["b",0]]]}
{"id":"bmp1-07837","outputs":[["a",["a",["b",0],["b",0]],["b",4]],["a",["a",["b",0],["b",0]],["b",3]]]}
{"id":"bmp1-07838","outputs":[["a",["l",["s"],["a",["b",1],["b",0]]],["b",3]],["a",["l",["s"],["a",["b",1],["b",0]]],["b",2]]]}
{"id":"bmp1-07839","outputs":[["a",["t",["s"],["b",0],["a",["b",1],["b",0]]],["b",0]],["a",["t",["s"],["b",0],["a",["b",1],["b",0]]],["b",0]]]}
{"id":"bmp1-07840","outputs":[["a",["b",0],["b",4]],["a",["a",["b",0],["b",2]],["b",3]]]}
{"id":"bmp1-07841","outputs":[["a",["a",["b",0],["b",0]],["b",1]],["a",["a",["a",["b",0],["b",0]],["a",["b",0],["b",0]]],["b",0]]]}
{"id":"bmp1-07842","outputs":[["a",["l",["s"],["a",["b",1],["b",0]]],["b",1]],["a",["l",["s"],["a",["a",["b",1],["b",1]],["b",0]]],["b",0]]]}
{"id":"bmp1-07843","outputs":[["a",["t",["s"],["b",1],["a",["b",1],["b",0]]],["b",2]],["a",["t",["s"],["b",0],["a",["a",["b",1],["b",1]],["b",0]]],["b",1]]]}
{"id":"bmp1-07844","outputs":[["a",["b",0],["b",0]],["a",["l",["s"],["a",["b",1],["b",0]]],["l",["s"],["a",["b",1],["b",0]]]]]}
{"id":"bmp1-07845","outputs":[["a",["a",["b",0],["b",2]],["b",1]],["a",["a",["l",["s"],["a",["b",1],["b",0]]],["b",1]],["b",0]]]}
{"id":"bmp1-07846","outputs":[["a",["l",["s"],["a",["b",1],["b",0]]],["b",3]],["a",["l",["s"],["a",["l",["s"],["a",["b",2],["b",0]]],["b",0]]],["b",2]]]}
{"id":"bmp1-07847","outputs":[["a",["t",["s"],["b",1],["a",["b",1],["b",0]]],["b",0]],["a",["t",["s"],["b",0],["a",["l",["s"],["a",["b",2],["b",0]]],["b",0]]],["l",["s"],["a",["b",1],["b",0]]]]]}
{"id":"bmp1-07848","outputs":[["a",["b",0],["b",1]],["a",["t",["s"],["b",0],["a",["b",1],["b",0]]],["b",0]]]}
{"id":"bmp1-07849","outputs":[["a",["a",["b",0],["b",1]],["b",3]],["a",["a",["t",["s"],["b",0],["a",["b",1],["b",0]]],["b",0]],["b",2]]]}
{"id":"bmp1-07850","outputs":[["a",["l",["s"],["a",["b",1],["b",0]]],["b",4]],["a",["l",["s"],["a",["t",["s"],["b",4],["a",["b",2],["b",0]]],["b",0]]],["b",3]]]}
{"id":"bmp1-07851","outputs":[["a",["t",["s"],["b",0],["a",["b",1],["b",0]]],["b",4]],["a",["t",["s"],["t",["s"],["b",3],["a",["b",1],["b",0]]],["a",["t",["s"],["b",4],["a",["b",2],["b",0]]],["b",0]]],["b",3]]]}
{"id":"bmp1-07852","outputs":[["a",["b",0],["b",2]],["a",["b",0],["b",1]]]}
{"id":"bmp1-07853","outputs":[["a",["a",["b",0],["b",1]],["b",1]],["a",["a",["b",0],["b",0]],["b",0]]]}
{"id":"bmp1-07854","outputs":[["a",["l",["s"],["a",["b",1],["b",0]]],["b",2]],["a",["l",["s"],["a",["b",1],["b",0]]],["b",1]]]}
{"id":"bmp1-07855","outputs":[["a",["t",["s"],["b",1],["a",["b",1],["b",0]]],["b",0]],["a",["t",["s"],["b",0],["a",["b",1],["b",0]]],["b",0]]]}
{"id":"bmp1-07856","outputs":[["a",["b",0],["b",2]],["a",["a",["b",0],["b",1]],["b",1]]]}
{"id":"bmp1-07857","outputs":[["a",["a",["b",0],["b",1]],["b",0]],["a",["a",["a",["b",0],["b",0]],["b",0]],["a",["b",0],["b",0]]]]}
{"id":"bmp1-07858","outputs":[["a",["l",["s"],["a",["b",1],["b",0]]],["b",1]],["a",["l",["s"],["a",["a",["b",1],["b",2]],["b",0]]],["b",0]]]}
{"id":"bmp1-07859","outputs":[["a",["t",["s"],["b",0],["a",["b",1],["b",0]]],["b",2]],["a",["t",["s"],["a",["b",0],["b",1]],["a",["a",["b",1],["b",2]],["b",0]]],["b",1]]]}
{"id":"bmp1-07860","outputs":[["a",["b",0],["b",2]],["a",["l",["s"],["a",["b",1],["b",0]]],["b",1]]]}
{"id":"bmp1-07861","outputs":[["a",["a",["b",0],["b",0]],["b",1]],["a",["a",["l",["s"],["a",["b",1],["b",0]]],["l",["s"],["a",["b",1],["b",0]]]],["b",0]]]}
{"id":"bmp1-07862","outputs":[["a",["l",["s"],["a",["b",1],["b",0]]],["b",0]],["a",["l",["s"],["a",["l",["s"],["a",["b",2],["b",0]]],["b",0]]],["l",["s"],["a",["b",1],["b",0]]]]]}
{"id":"bmp1-07863","outputs":[["a",["t",["s"],["b",1],["a",["b",1],["b",0]]],["b",1]],["a",["t",["s"],["b",0],["a",["l",["s"],["a",["b",2],["b",0]]],["b",0]]],["b",0]]]}
{"id":"bmp1-07864","outputs":[["a",["b",0],["b",1]],["a",["t",["s"],["b",0],["a",["b",1],["b",0]]],["b",0]]]}
{"id":"bmp1-07865","outputs":[["a",["a",["b",0],["b",0]],["b",0]],["a",["a",["t",["s"],["b",1],["a",["b",1],["b",0]]],["t",["s"],["b",1],["a",["b",1],["b",0]]]],["t",["s"],["b",1],["a",["b",1],["b",0]]]]]}
{"id":"bmp1-07866","outputs":[["a",["l",["s"],["a",["b",1],["b",0]]],["b",0]],["a",["l",["s"],["a",["t",["s"],["b",2],["a",["b",2],["b",0]]],["b",0]]],["t",["s"],["b",1],["a",["b",1],["b",0]]]]]}
{"id":"bmp1-07867","outputs":[["a",["t",["s"],["b",3],["a",["b",1],["b",0]]],["b",3]],["a",["t",["s"],["b",2],["a",["t",["s"],["b",2],["a",["b",2],["b",0]]],["b",0]]],["b",2]]]}
{"id":"bmp1-07868","outputs":[["a",["b",0],["b",2]],["a",["b",0],["b",1]]]}
{"id":"bmp1-07869","outputs":[["a",["a",["b",0],["b",0]],["b",0]],["a",["a",["b",0],["b",0]],["b",0]]]}
{"id":"bmp1-07870","outputs":[["a",["l",["s"],["a",["b",1],["b",0]]],["b",2]],["a",["l",["s"],["a",["b",1],["b",0]]],["b",1]]]}
{"id":"bmp1-07871","outputs":[["a",["t",["s"],["b",3],["a",["b",1],["b",0]]],["b",3]],["a",["t",["s"],["b",2],["a",["b",1],["b",0]]],["b",2]]]}
{"id":"bmp1-07872","outputs":[["a",["b",0],["b",1]],["a",["a",["b",0],["b",0]],["b",0]]]}
{"id":"bmp1-07873","outputs":[["a",["a",["b",0],["b",0]],["b",0]],["a",["a",["a",["b",0],["b",0]],["a",["b",0],["b",0]]],["a",["b",0],["b",0]]]]}
{"id":"bmp1-07874","outputs":[["a",["l",["s"],["a",["b",1],["b",0]]],["b",1]],["a",["l",["s"],["a",["a",["b",1],["b",1]],["b",0]]],["b",0]]]}
{"id":"bmp1-07875","outputs":[["a",["t",["s"],["b",0],["a",["b",1],["b",0]]],["b",1]],["a",["t",["s"],["a",["b",0],["b",0]],["a",["a",["b",1],["b",1]],["b",0]]],["b",0]]]}
{"id":"bmp1-07876","outputs":[["a",["b",0],["b",0]],["a",["l",["s"],["a",["b",1],["b",0]]],["l",["s"],["a",["b",1],["b",0]]]]]}
{"id":"bmp1-07877","outputs":[["a",["a",["b",0],["b",0]],["b",0]],["a",["a",["l",["s"],["a",["b",1],["b",0]]],["l",["s"],["a",["b",1],["b",0]]]],["l",["s"],["a",["b",1],["b",0]]]]]}
{"id":"bmp1-07878","outputs":[["a",["l",["s"],["a",["b",1],["b",0]]],["b",0]],["a",["l",["s"],["a",["l",["s"],["a",["b",2],["b",0]]],["b",0]]],["l",["s"],["a",["b",1],["b",0]]]]]}
{"id":"bmp1-07879","outputs":[["a",["t",["s"],["b",1],["a",["b",1],["b",0]]],["b",3]],["a",["t",["s"],["b",0],["a",["l",["s"],["a",["b",2],["b",0]]],["b",0]]],["b",2]]]}
{"id":"bmp1-07880","outputs":[["a",["b",0],["b",2]],["a",["t",["s"],["b",0],["a",["b",1],["b",0]]],["b",1]]]}
{"id":"bmp1-07881","outputs":[["a",["a",["b",0],["b",1]],["b",0]],["a",["a",["t",["s"],["b",1],["a",["b",1],["b",0]]],["b",0]],["t",["s"],["b",1],["a",["b",1],["b",0]]]]]}
{"id":"bmp1-07882","outputs":[["a",["l",["s"],["a",["b",1],["b",0]]],["b",0]],["a",["l",["s"],["a",["t",["s"],["b",3],["a",["b",2],["b",0]]],["b",0]]],["t",["s"],["b",2],["a",["b",1],["b",0]]]]]}
{"id":"bmp1-07883","outputs":[["a",["t",["s"],["b",0],["a",["b",1],["b",0]]],["b",2]],["a",["t",["s"],["t",["s"],["b",2],["a",["b",1],["b",0]]],["a",["t",["s"],["b",3],["a",["b",2],["b",0]]],["b",0]]],["b",1]]]}
{"id":"bmp1-07884","outputs":[["a",["b",0],["b",1]],["a",["b",0],["b",0]]]}
{"id":"bmp1-07885","outputs":[["a",["a",["b",0],["b",0]],["b",3]],["a",["a",["b",0],["b",0]],["b",2]]]}
{"id":"bmp1-07886","outputs":[["a",["l",["s"],["a",["b",1],["b",0]]],["b",2]],["a",["l",["s"],["a",["b",1],["b",0]]],["b",1]]]}
{"id":"bmp1-07887","outputs":[["a",["t",["s"],["b",4],["a",["b",1],["b",0]]],["b",4]],["a",["t",["s"],["b",3],["a",["b",1],["b",0]]],["b",3]]]}
{"id":"bmp1-07888","outputs":[["a",["b",0],["b",2]],["a",["a",["b",0],["b",0]],["b",1]]]}
{"id":"bmp1-07889","outputs":[["a",["a",["b",0],["b",0]],["b",0]],["a",["a",["a",["b",0],["b",0]],["a",["b",0],["b",0]]],["a",["b",0],["b",0]]]]}
{"id":"bmp1-07890","outputs":[["a",["l",["s"],["a",["b",1],["b",0]]],["b",0]],["a",["l",["s"],["a",["a",["b",1],["b",1]],["b",0]]],["a",["b",0],["b",0]]]]}
{"id":"bmp1-07891","outputs":[["a",["t",["s"],["b",1],["a",["b",1],["b",0]]],["b",2]],["a",["t",["s"],["b",0],["a",["a",["b",1],["b",1]],["b",0]]],["b",1]]]}
{"id":"bmp1-07892","outputs":[["a",["b",0],["b",0]],["a",["l",["s"],["a",["b",1],["b",0]]],["l",["s"],["a",["b",1],["b",0]]]]]}
{"id":"bmp1-07893","outputs":[["a",["a",["b",0],["b",1]],["b",2]],["a",["a",["l",["s"],["a",["b",1],["b",0]]],["b",0]],["b",1]]]}
{"id":"bmp1-07894","outputs":[["a",["l",["s"],["a",["b",1],["b",0]]],["b",0]],["a",["l",["s"],["a",["l",["s"],["a",["b",2],["b",0]]],["b",0]]],["l",["s"],["a",["b",1],["b",0]]]]]}
{"id":"bmp1-07895","outputs":[["a",["t",["s"],["b",0],["a",["b",1],["b",0]]],["b",2]],["a",["t",["s"],["l",["s"],["a",["b",1],["b",0]]],["a",["l",["s"],["a",["b",2],["b",0]]],["b",0]]],["b",1]]]}
{"id":"bmp1-07896","outputs":[["a",["b",0],["b",1]],["a",["t",["s"],["b",0],["a",["b",1],["b",0]]],["b",0]]]}
{"id":"bmp1-07897","outputs":[["a",["a",["b",0],["b",1]],["b",1]],["a",["a",["t",["s"],["b",0],["a",["b",1],["b",0]]],["b",0]],["b",0]]]}
{"id":"bmp1-07898","outputs":[["a",["l",["s"],["a",["b",1],["b",0]]],["b",1]],["a",["l",["s"],["a",["t",["s"],["b",1],["a",["b",2],["b",0]]],["b",0]]],["b",0]]]}
{"id":"bmp1-07899","outputs":[["a",["t",["s"],["b",1],["a",["b",1],["b",0]]],["b",1]],["a",["t",["s"],["b",0],["a",["t",["s"],["b",1],["a",["b",2],["b",0]]],["b",0]]],["b",0]]]}
{"id":"bmp1-07900","outputs":[["a",["b",0],["b",4]],["a",["b",0],["b",3]]]}
{"id":"bmp1-07901","outputs":[["a",["a",["b",0],["b",0]],["b",1]],["a",["a",["b",0],["b",0]],["b",0]]]}
{"id":"bmp1-07902","outputs":[["a",["l",["s"],["a",["b",1],["b",0]]],["b",2]],["a",["l",["s"],["a",["b",1],["b",0]]],["b",1]]]}
{"id":"bmp1-07903","outputs":[["a",["t",["s"],["b",0],["a",["b",1],["b",0]]],["b",3]],["a",["t",["s"],["b",0],["a",["b",1],["b",0]]],["b",2]]]}
{"id":"bmp1-07904","outputs":[["a",["b",0],["b",0]],["a",["a",["b",0],["b",0]],["a",["b",0],["b",0]]]]}
{"id":"bmp1-07905","outputs":[["a",["a",["b",0],["b",2]],["b",1]],["a",["a",["a",["b",0],["b",1]],["b",1]],["b",0]]]}
{"id":"bmp1-07906","outputs":[["a",["l",["s"],["a",["b",1],["b",0]]],["b",0]],["a",["l",["s"],["a",["a",["b",1],["b",3]],["b",0]]],["a",["b",0],["b",2]]]]}
{"id":"bmp1-07907","outputs":[["a",["t",["s"],["b",0],["a",["b",1],["b",0]]],["b",0]],["a",["t",["s"],["a",["b",0],["b",0]],["a",["a",["b",1],["b",1]],["b",0]]],["a",["b",0],["b",0]]]]}
{"id":"bmp1-07908","outputs":[["a",["b",0],["b",4]],["a",["l",["s"],["a",["b",1],["b",0]]],["b",3]]]}
{"id":"bmp1-07909","outputs":[["a",["a",["b",0],["b",2]],["b",1]],["a",["a",["l",["s"],["a",["b",1],["b",0]]],["b",1]],["b",0]]]}
{"id":"bmp1-07910","outputs":[["a",["l",["s"],["a",["b",1],["b",0]]],["b",0]],["a",["l",["s"],["a",["l",["s"],["a",["b",2],["b",0]]],["b",0]]],["l",["s"],["a",["b",1],["b",0]]]]]}
{"id":"bmp1-07911","outputs":[["a",["t",["s"],["b",0],["a",["b",1],["b",0]]],["b",1]],["a",["t",["s"],["l",["s"],["a",["b",1],["b",0]]],["a",["l",["s"],["a",["b",2],["b",0]]],["b",0]]],["b",0]]]}
{"id":"bmp1-07912","outputs":[["a",["b",0],["b",3]],["a",["t",["s"],["b",1],["a",["b",1],["b",0]]],["b",2]]]}
{"id":"bmp1-07913","outputs":[["a",["a",["b",0],["b",3]],["b",1]],["a",["a",["t",["s"],["b",1],["a",["b",1],["b",0]]],["b",2]],["b",0]]]}
{"id":"bmp1-07914","outputs":[["a",["l",["s"],["a",["b",1],["b",0]]],["b",0]],["a",["l",["s"],["a",["t",["s"],["b",2],["a",["b",2],["b",0]]],["b",0]]],["t",["s"],["b",1],["a",["b",1],["b",0]]]]]}
{"id":"bmp1-07915","outputs":[["a",["t",["s"],["b",0],["a",["b",1],["b",0]]],["b",0]],["a",["t",["s"],["t",["s"],["b",1],["a",["b",1],["b",0]]],["a",["t",["s"],["b",2],["a",["b",2],["b",0]]],["b",0]]],["t",["s"],["b",1],["a",["b",1],["b",0]]]]]}
{"id":"bmp1-07916","outputs":[["a",["b",0],["b",2]],["a",["b",0],["b",1]]]}
{"id":"bmp1-07917","outputs":[["a",["a",["b",0],["b",0]],["b",1]],["a",["a",["b",0],["b",0]],["b",0]]]}
{"id":"bmp1-07918","outputs":[["a",["l",["s"],["a",["b",1],["b",0]]],["b",1]],["a",["l",["s"],["a",["b",1],["b",0]]],["b",0]]]}
{"id":"bmp1-07919","outputs":[["a",["t",["s"],["b",3],["a",["b",1],["b",0]]],["b",3]],["a",["t",["s"],["b",2],["a",["b",1],["b",0]]],["b",2]]]}
{"id":"bmp1-07920","outputs":[["a",["b",0],["b",2]],["a",["a",["b",0],["b",0]],["b",1]]]}
{"id":"bmp1-07921","outputs":[["a",["a",["b",0],["b",0]],["b",2]],["a",["a",["a",["b",0],["b",1]],["a",["b",0],["b",1]]],["b",1]]]}
{"id":"bmp1-07922","outputs":[["a",["l",["s"],["a",["b",1],["b",0]]],["b",0]],["a",["l",["s"],["a",["a",["b",1],["b",1]],["b",0]]],["a",["b",0],["b",0]]]]}
{"id":"bmp1-07923","outputs":[["a",["t",["s"],["b",0],["a",["b",1],["b",0]]],["b",1]],["a",["t",["s"],["a",["b",0],["b",1]],["a",["a",["b",1],["b",2]],["b",0]]],["b",0]]]}
{"id":"bmp1-07924","outputs":[["a",["b",0],["b",1]],["a",["l",["s"],["a",["b",1],["b",0]]],["b",0]]]}
{"id":"bmp1-07925","outputs":[["a",["a",["b",0],["b",2]],["b",2]],["a",["a",["l",["s"],["a",["b",1],["b",0]]],["b",1]],["b",1]]]}
{"id":"bmp1-07926","outputs":[["a",["l",["s"],["a",["b",1],["b",0]]],["b",0]],["a",["l",["s"],["a",["l",["s"],["a",["b",2],["b",0]]],["b",0]]],["l",["s"],["a",["b",1],["b",0]]]]]}
{"id":"bmp1-07927","outputs":[["a",["t",["s"],["b",1],["a",["b",1],["b",0]]],["b",0]],["a",["t",["s"],["b",0],["a",["l",["s"],["a",["b",2],["b",0]]],["b",0]]],["l",["s"],["a",["b",1],["b",0]]]]]}
{"id":"bmp1-07928","outputs":[["a",["b",0],["b",3]],["a",["t",["s"],["b",0],["a",["b",1],["b",0]]],["b",2]]]}
{"id":"bmp1-07929","outputs":[["a",["a",["b",0],["b",0]],["b",0]],["a",["a",["t",["s"],["b",1],["a",["b",1],["b",0]]],["t",["s"],["b",1],["a",["b",1],["b",0]]]],["t",["s"],["b",1],["a",["b",1],["b",0]]]]]}
{"id":"bmp1-07930","outputs":[["a",["l",["s"],["a",["b",1],["b",0]]],["b",2]],["a",["l",["s"],["a",["t",["s"],["b",1],["a",["b",2],["b",0]]],["b",0]]],["b",1]]]}
{"id":"bmp1-07931","outputs":[["a",["t",["s"],["b",0],["a",["b",1],["b",0]]],["b",0]],["a",["t",["s"],["t",["s"],["b",1],["a",["b",1],["b",0]]],["a",["t",["s"],["b",2],["a",["b",2],["b",0]]],["b",0]]],["t",["s"],["b",1],["a",["b",1],["b",0]]]]]}
{"id":"bmp1-07932","outputs":[["a",["b",0],["b",1]],["a",["b",0],["b",0]]]}
{"id":"bmp1-07933","outputs":[["a",["a",["b",0],["b",0]],["b",0]],["a",["a",["b",0],["b",0]],["b",0]]]}
{"id":"bmp1-07934","outputs":[["a",["l",["s"],["a",["b",1],["b",0]]],["b",2]],["a",["l",["s"],["a",["b",1],["b",0]]],["b",1]]]}
{"id":"bmp1-07935","outputs":[["a",["t",["s"],["b",1],["a",["b",1],["b",0]]],["b",0]],["a",["t",["s"],["b",0],["a",["b",1],["b",0]]],["b",0]]]}
{"id":"bmp1-07936","outputs":[["a",["b",0],["b",1]],["a",["a",["b",0],["b",2]],["b",0]]]}
{"id":"bmp1-07937","outputs":[["a",["a",["b",0],["b",1]],["b",1]],["a",["a",["a",["b",0],["b",0]],["b",0]],["b",0]]]}
{"id":"bmp1-07938","outputs":[["a",["l",["s"],["a",["b",1],["b",0]]],["b",2]],["a",["l",["s"],["a",["a",["b",1],["b",2]],["b",0]]],["b",1]]]}
{"id":"bmp1-07939","outputs":[["a",["t",["s"],["b",0],["a",["b",1],["b",0]]],["b",0]],["a",["t",["s"],["a",["b",0],["b",0]],["a",["a",["b",1],["b",1]],["b",0]]],["a",["b",0],["b",0]]]]}
{"id":"bmp1-07940","outputs":[["a",["b",0],["b",3]],["a",["l",["s"],["a",["b",1],["b",0]]],["b",2]]]}
{"id":"bmp1-07941","outputs":[["a",["a",["b",0],["b",2]],["b",3]],["a",["a",["l",["s"],["a",["b",1],["b",0]]],["b",1]],["b",2]]]}
{"id":"bmp1-07942","outputs":[["a",["l",["s"],["a",["b",1],["b",0]]],["b",2]],["a",["l",["s"],["a",["l",["s"],["a",["b",2],["b",0]]],["b",0]]],["b",1]]]}
{"id":"bmp1-07943","outputs":[["a",["t",["s"],["b",0],["a",["b",1],["b",0]]],["b",2]],["a",["t",["s"],["l",["s"],["a",["b",1],["b",0]]],["a",["l",["s"],["a",["b",2],["b",0]]],["b",0]]],["b",1]]]}
{"id":"bmp1-07944","outputs":[["a",["b",0],["b",0]],["a",["t",["s"],["b",0],["a",["b",1],["b",0]]],["t",["s"],["b",0],["a",["b",1],["b",0]]]]]}
{"id":"bmp1-07945","outputs":[["a",["a",["b",0],["b",1]],["b",3]],["a",["a",["t",["s"],["b",2],["a",["b",1],["b",0]]],["b",0]],["b",2]]]}
{"id":"bmp1-07946","outputs":[["a",["l",["s"],["a",["b",1],["b",0]]],["b",3]],["a",["l",["s"],["a",["t",["s"],["b",2],["a",["b",2],["b",0]]],["b",0]]],["b",2]]]}
{"id":"bmp1-07947","outputs":[["a",["t",["s"],["b",2],["a",["b",1],["b",0]]],["b",0]],["a",["t",["s"],["b",1],["a",["t",["s"],["b",2],["a",["b",2],["b",0]]],["b",0]]],["t",["s"],["b",1],["a",["b",1],["b",0]]]]]}
{"id":"bmp1-07948","outputs":[["a",["b",0],["b",1]],["a",["b",0],["b",0]]]}
{"id":"bmp1-07949","outputs":[["a",["a",["b",0],["b",1]],["b",3]],["a",["a",["b",0],["b",0]],["b",2]]]}
{"id":"bmp1-07950","outputs":[["a",["l",["s"],["a",["b",1],["b",0]]],["b",2]],["a",["l",["s"],["a",["b",1],["b",0]]],["b",1]]]}
{"id":"bmp1-07951","outputs":[["a",["t",["s"],["b",2],["a",["b",1],["b",0]]],["b",0]],["a",["t",["s"],["b",1],["a",["b",1],["b",0]]],["b",0]]]}
{"id":"bmp1-07952","outputs":[["a",["b",0],["b",3]],["a",["a",["b",0],["b",0]],["b",2]]]}
{"id":"bmp1-07953","outputs":[["a",["a",["b",0],["b",3]],["b",0]],["a",["a",["a",["b",0],["b",0]],["b",2]],["a",["b",0],["b",0]]]]}
{"id":"bmp1-07954","outputs":[["a",["l",["s"],["a",["b",1],["b",0]]],["b",0]],["a",["l",["s"],["a",["a",["b",1],["b",1]],["b",0]]],["a",["b",0],["b",0]]]]}
{"id":"bmp1-07955","outputs":[["a",["t",["s"],["b",1],["a",["b",1],["b",0]]],["b",4]],["a",["t",["s"],["b",0],["a",["a",["b",1],["b",4]],["b",0]]],["b",3]]]}
{"id":"bmp1-07956","outputs":[["a",["b",0],["b",0]],["a",["l",["s"],["a",["b",1],["b",0]]],["l",["s"],["a",["b",1],["b",0]]]]]}
{"id":"bmp1-07957","outputs":[["a",["a",["b",0],["b",4]],["b",0]],["a",["a",["l",["s"],["a",["b",1],["b",0]]],["b",3]],["l",["s"],["a",["b",1],["b",0]]]]]}
{"id":"bmp1-07958","outputs":[["a",["l",["s"],["a",["b",1],["b",0]]],["b",0]],["a",["l",["s"],["a",["l",["s"],["a",["b",2],["b",0]]],["b",0]]],["l",["s"],["a",["b",1],["b",0]]]]]}
{"id":"bmp1-07959","outputs":[["a",["t",["s"],["b",2],["a",["b",1],["b",0]]],["b",1]],["a",["t",["s"],["b",1],["a",["l",["s"],["a",["b",2],["b",0]]],["b",0]]],["b",0]]]}
{"id":"bmp1-07960","outputs":[["a",["b",0],["b",0]],["a",["t",["s"],["b",2],["a",["b",1],["b",0]]],["t",["s"],["b",2],["a",["b",1],["b",0]]]]]}
{"id":"bmp1-07961","outputs":[["a",["a",["b",0],["b",2]],["b",3]],["a",["a",["t",["s"],["b",2],["a",["b",1],["b",0]]],["b",1]],["b",2]]]}
{"id":"bmp1-07962","outputs":[["a",["l",["s"],["a",["b",1],["b",0]]],["b",2]],["a",["l",["s"],["a",["t",["s"],["b",1],["a",["b",2],["b",0]]],["b",0]]],["b",1]]]}
{"id":"bmp1-07963","outputs":[["a",["t",["s"],["b",0],["a",["b",1],["b",0]]],["b",3]],["a",["t",["s"],["t",["s"],["b",1],["a",["b",1],["b",0]]],["a",["t",["s"],["b",2],["a",["b",2],["b",0]]],["b",0]]],["b",2]]]}
{"id":"bmp1-07964","outputs":[["a",["b",0],["b",4]],["a",["b",0],["b",3]]]}
{"id":"bmp1-07965","outputs":[["a",["a",["b",0],["b",1]],["b",1]],["a",["a",["b",0],["b",0]],["b",0]]]}
{"id":"bmp1-07966","outputs":[["a",["l",["s"],["a",["b",1],["b",0]]],["b",3]],["a",["l",["s"],["a",["b",1],["b",0]]],["b",2]]]}
{"id":"bmp1-07967","outputs":[["a",["t",["s"],["b",0],["a",["b",1],["b",0]]],["b",1]],["a",["t",["s"],["b",0],["a",["b",1],["b",0]]],["b",0]]]}
{"id":"bmp1-07968","outputs":[["a",["b",0],["b",3]],["a",["a",["b",0],["b",1]],["b",2]]]}
{"id":"bmp1-07969","outputs":[["a",["a",["b",0],["b",2]],["b",3]],["a",["a",["a",["b",0],["b",0]],["b",1]],["b",2]]]}
{"id":"bmp1-07970","outputs":[["a",["l",["s"],["a",["b",1],["b",0]]],["b",1]],["a",["l",["s"],["a",["a",["b",1],["b",1]],["b",0]]],["b",0]]]}
{"id":"bmp1-07971","outputs":[["a",["t",["s"],["b",3],["a",["b",1],["b",0]]],["b",1]],["a",["t",["s"],["b",2],["a",["a",["b",1],["b",3]],["b",0]]],["b",0]]]}
{"id":"bmp1-07972","outputs":[["a",["b",0],["b",1]],["a",["l",["s"],["a",["b",1],["b",0]]],["b",0]]]}
{"id":"bmp1-07973","outputs":[["a",["a",["b",0],["b",2]],["b",3]],["a",["a",["l",["s"],["a",["b",1],["b",0]]],["b",1]],["b",2]]]}
{"id":"bmp1-07974","outputs":[["a",["l",["s"],["a",["b",1],["b",0]]],["b",2]],["a",["l",["s"],["a",["l",["s"],["a",["b",2],["b",0]]],["b",0]]],["b",1]]]}
{"id":"bmp1-07975","outputs":[["a",["t",["s"],["b",0],["a",["b",1],["b",0]]],["b",3]],["a",["t",["s"],["l",["s"],["a",["b",1],["b",0]]],["a",["l",["s"],["a",["b",2],["b",0]]],["b",0]]],["b",2]]]}
{"id":"bmp1-07976","outputs":[["a",["b",0],["b",0]],["a",["t",["s"],["b",2],["a",["b",1],["b",0]]],["t",["s"],["b",2],["a",["b",1],["b",0]]]]]}
{"id":"bmp1-07977","outputs":[["a",["a",["b",0],["b",0]],["b",2]],["a",["a",["t",["s"],["b",2],["a",["b",1],["b",0]]],["t",["s"],["b",2],["a",["b",1],["b",0]]]],["b",1]]]}
{"id":"bmp1-07978","outputs":[["a",["l",["s"],["a",["b",1],["b",0]]],["b",1]],["a",["l",["s"],["a",["t",["s"],["b",1],["a",["b",2],["b",0]]],["b",0]]],["b",0]]]}
{"id":"bmp1-07979","outputs":[["a",["t",["s"],["b",2],["a",["b",1],["b",0]]],["b",0]],["a",["t",["s"],["b",1],["a",["t",["s"],["b",1],["a",["b",2],["b",0]]],["b",0]]],["t",["s"],["b",0],["a",["b",1],["b",0]]]]]}
{"id":"bmp1-07980","outputs":[["a",["b",0],["b",2]],["a",["b",0],["b",1]]]}
{"id":"bmp1-07981","outputs":[["a",["a",["b",0],["b",1]],["b",0]],["a",["a",["b",0],["b",0]],["b",0]]]}
{"id":"bmp1-07982","outputs":[["a",["l",["s"],["a",["b",1],["b",0]]],["b",2]],["a",["l",["s"],["a",["b",1],["b",0]]],["b",1]]]}
{"id":"bmp1-07983","outputs":[["a",["t",["s"],["b",2],["a",["b",1],["b",0]]],["b",1]],["a",["t",["s"],["b",1],["a",["b",1],["b",0]]],["b",0]]]}
{"id":"bmp1-07984","outputs":[["a",["b",0],["b",1]],["a",["a",["b",0],["b",1]],["b",0]]]}
{"id":"bmp1-07985","outputs":[["a",["a",["b",0],["b",4]],["b",2]],["a",["a",["a",["b",0],["b",1]],["b",3]],["b",1]]]}
{"id":"bmp1-07986","outputs":[["a",["l",["s"],["a",["b",1],["b",0]]],["b",0]],["a",["l",["s"],["a",["a",["b",1],["b",1]],["b",0]]],["a",["b",0],["b",0]]]]}
{"id":"bmp1-07987","outputs":[["a",["t",["s"],["b",3],["a",["b",1],["b",0]]],["b",3]],["a",["t",["s"],["b",2],["a",["a",["b",1],["b",3]],["b",0]]],["b",2]]]}
{"id":"bmp1-07988","outputs":[["a",["b",0],["b",2]],["a",["l",["s"],["a",["b",1],["b",0]]],["b",1]]]}
{"id":"bmp1-07989","outputs":[["a",["a",["b",0],["b",1]],["b",4]],["a",["a",["l",["s"],["a",["b",1],["b",0]]],["b",0]],["b",3]]]}
{"id":"bmp1-07990","outputs":[["a",["l",["s"],["a",["b",1],["b",0]]],["b",4]],["a",["l",["s"],["a",["l",["s"],["a",["b",2],["b",0]]],["b",0]]],["b",3]]]}
{"id":"bmp1-07991","outputs":[["a",["t",["s"],["b",3],["a",["b",1],["b",0]]],["b",1]],["a",["t",["s"],["b",2],["a",["l",["s"],["a",["b",2],["b",0]]],["b",0]]],["b",0]]]}
{"id":"bmp1-07992","outputs":[["a",["b",0],["b",0]],["a",["t",["s"],["b",0],["a",["b",1],["b",0]]],["t",["s"],["b",0],["a",["b",1],["b",0]]]]]}
{"id":"bmp1-07993","outputs":[["a",["a",["b",0],["b",1]],["b",0]],["a",["a",["t",["s"],["b",0],["a",["b",1],["b",0]]],["b",0]],["t",["s"],["b",0],["a",["b",1],["b",0]]]]]}
{"id":"bmp1-07994","outputs":[["a",["l",["s"],["a",["b",1],["b",0]]],["b",2]],["a",["l",["s"],["a",["t",["s"],["b",1],["a",["b",2],["b",0]]],["b",0]]],["b",1]]]}
{"id":"bmp1-07995","outputs":[["a",["t",["s"],["b",3],["a",["b",1],["b",0]]],["b",2]],["a",["t",["s"],["b",2],["a",["t",["s"],["b",4],["a",["b",2],["b",0]]],["b",0]]],["b",1]]]}
{"id":"bmp1-07996","outputs":[["a",["b",0],["b",1]],["a",["b",0],["b",0]]]}
{"id":"bmp1-07997","outputs":[["a",["a",["b",0],["b",1]],["b",0]],["a",["a",["b",0],["b",0]],["b",0]]]}
{"id":"bmp1-07998","outputs":[["a",["l",["s"],["a",["b",1],["b",0]]],["b",1]],["a",["l",["s"],["a",["b",1],["b",0]]],["b",0]]]}
{"id":"bmp1-07999","outputs":[["a",["t",["s"],["b",0],["a",["b",1],["b",0]]],["b",1]],["a",["t",["s"],["b",0],["a",["b",1],["b",0]]],["b",0]]]}
