{
  "item_id": "CVC-4-OWNERSHIP-1",
  "outcome": "SUCCESS",
  "matrix_complete": true,
  "research_counts": {
    "byte_streams": 2,
    "pairs": 1,
    "observer_launches": 4,
    "predecessor_observer_launches": 12,
    "combined_observer_launches": 16,
    "proof_builds": 0,
    "setup_builds": 0,
    "research_network_requests": 0
  },
  "accounting": {
    "process_seconds": 0.13902070792391896,
    "predecessor_process_seconds": 0.3862275807186961,
    "combined_process_seconds": 0.5252482886426151,
    "active_seconds_at_last_observation": 1324.73531,
    "final_active_work_record": "results/research/conditional-validation-contracts/cvc-4-ownership-1/work-record.json",
    "rule": "Final active time includes engineering and closure validation; administrative inert fixtures remain separate. Every predecessor charge remains unchanged."
  }
}
