make: Entering directory '/workspace/shared/lean4-pr15373-head/build/release'
[  4%] Creating directories for 'cadical'
[  8%] Performing download step (git clone) for 'cadical'
[ 12%] Performing update step for 'cadical'
-- Already at requested tag: rel-2.1.2
[ 16%] No patch step for 'cadical'
[ 20%] No configure step for 'cadical'
[ 25%] Performing build step for 'cadical'
[ 29%] No install step for 'cadical'
[ 33%] Completed 'cadical'
[ 33%] Built target cadical
[ 37%] Creating directories for 'stage0'
[ 41%] No download step for 'stage0'
[ 45%] No update step for 'stage0'
[ 50%] No patch step for 'stage0'
[ 54%] Performing configure step for 'stage0'
-- The CXX compiler identification is GNU 14.2.0
-- The C compiler identification is GNU 14.2.0
-- Detecting CXX compiler ABI info
-- Detecting CXX compiler ABI info - done
-- Check for working CXX compiler: /usr/bin/c++ - skipped
-- Detecting CXX compile features
-- Detecting CXX compile features - done
-- Detecting C compiler ABI info
-- Detecting C compiler ABI info - done
-- Check for working C compiler: /usr/bin/cc - skipped
-- Detecting C compile features
-- Detecting C compile features - done
-- No build type selected, default to Release
-- 64-bit machine detected
-- Found PkgConfig: /usr/bin/pkg-config (found version "1.8.1")
-- Checking for one of the modules 'libuv'
-- LIBUV_LDFLAGS: 
-- LIBUV_INCLUDE_DIRS: 
-- Configuring incomplete, errors occurred!
make: Leaving directory '/workspace/shared/lean4-pr15373-head/build/release'
