[  0%] Built target leanmain
[  0%] Built target mimalloc_initial-exec
[  0%] Built target lean-headers
[  0%] Built target copy-cadical
[  0%] Built target copy-leantar
[  0%] Built target copy-cadical-lib
[  0%] Building CXX object CMakeFiles/leanshell.dir/util/shell.cpp.o
[  0%] Built target initialize
[  6%] Built target constructions
[ 18%] Built target util
[ 37%] Built target kernel
[ 37%] Building CXX object library/CMakeFiles/library.dir/module.cpp.o
[ 37%] Building CXX object runtime/CMakeFiles/leanrt_initial-exec.dir/platform.cpp.o
[ 37%] Linking CXX static library libleanrt_initial-exec.a
[ 75%] Built target leanrt_initial-exec
Build completed successfully (7677 jobs).
[ 81%] Built target leaninitialize
[ 81%] Built target make_stdlib
[    ] Building /workspace/shared/lean4-pr15373-head/build/release/stage1/lib/lean/libInit_shared.so
[ 81%] Built target Init_shared
[ 87%] Linking CXX static library lib/temp/libleanshell.a
[ 87%] Built target leanshell
[100%] Built target library
[100%] Linking CXX static library lib/temp/libleancpp_1.a
[100%] Linking CXX static library lib/lean/libleancpp.a
[100%] Built target leancpp
[100%] Built target leancpp_1
[    ] Building /workspace/shared/lean4-pr15373-head/build/release/stage1/lib/lean/libleanshared.so
[100%] Built target leanshared
[    ] Building /workspace/shared/lean4-pr15373-head/build/release/stage1/bin/lean
[100%] Built target lean
[  0%] Built target mimalloc_initial-exec
[  0%] Built target copy-cadical-lib
[  0%] Built target lean-headers
[  0%] Built target copy-cadical
[  0%] Built target copy-leantar
[  0%] Built target initialize
[  6%] Built target constructions
[ 12%] Built target leanshell
[ 62%] Built target util
[ 62%] Built target leanrt_initial-exec
[ 81%] Built target kernel
[ 87%] Built target leaninitialize
[100%] Built target library
[100%] Built target leancpp
[100%] Built target leancpp_1
Build completed successfully (7677 jobs).
[100%] Built target make_stdlib
[100%] Built target Init_shared
[100%] Built target leanshared
