10:42:25.985959 http.c:889              == Info: Couldn't find host github.com in the .netrc file; using defaults
10:42:26.006817 http.c:889              == Info: Host github.com:443 was resolved.
10:42:26.006846 http.c:889              == Info: IPv6: (none)
10:42:26.006852 http.c:889              == Info: IPv4: 140.82.114.4
10:42:26.006872 http.c:889              == Info:   Trying 140.82.114.4:443...
10:42:26.016838 http.c:889              == Info: Connected to github.com (140.82.114.4) port 443
10:42:26.016878 http.c:889              == Info: ALPN: curl offers h2,http/1.1
10:42:26.016999 http.c:889              == Info: (304) (OUT), TLS handshake, Client hello (1):
10:42:26.020319 http.c:889              == Info:  CAfile: /etc/ssl/cert.pem
10:42:26.020326 http.c:889              == Info:  CApath: none
10:42:26.027684 http.c:889              == Info: (304) (IN), TLS handshake, Server hello (2):
10:42:26.027796 http.c:889              == Info: (304) (IN), TLS handshake, Unknown (8):
10:42:26.027814 http.c:889              == Info: (304) (IN), TLS handshake, Certificate (11):
10:42:26.029721 http.c:889              == Info: (304) (IN), TLS handshake, CERT verify (15):
10:42:26.029857 http.c:889              == Info: (304) (IN), TLS handshake, Finished (20):
10:42:26.029916 http.c:889              == Info: (304) (OUT), TLS handshake, Finished (20):
10:42:26.029924 http.c:889              == Info: SSL connection using TLSv1.3 / AEAD-CHACHA20-POLY1305-SHA256 / [blank] / UNDEF
10:42:26.029929 http.c:889              == Info: ALPN: server accepted h2
10:42:26.029933 http.c:889              == Info: Server certificate:
10:42:26.029939 http.c:889              == Info:  subject: CN=github.com
10:42:26.029944 http.c:889              == Info:  start date: Sep  1 00:00:00 2026 GMT
10:42:26.029949 http.c:889              == Info:  expire date: Nov 29 23:59:59 2026 GMT
10:42:26.029955 http.c:889              == Info:  subjectAltName: host "github.com" matched cert's "github.com"
10:42:26.029963 http.c:889              == Info:  issuer: C=GB; O=Sectigo Limited; CN=Sectigo Public Server Authentication CA DV E36
10:42:26.029967 http.c:889              == Info:  SSL certificate verify ok.
10:42:26.029999 http.c:889              == Info: using HTTP/2
10:42:26.030021 http.c:889              == Info: [HTTP/2] [1] OPENED stream for https://github.com/leanprover/lean-kernel-arena.git/info/refs?service=git-upload-pack
10:42:26.030025 http.c:889              == Info: [HTTP/2] [1] [:method: GET]
10:42:26.030029 http.c:889              == Info: [HTTP/2] [1] [:scheme: https]
10:42:26.030032 http.c:889              == Info: [HTTP/2] [1] [:authority: github.com]
10:42:26.030036 http.c:889              == Info: [HTTP/2] [1] [:path: /leanprover/lean-kernel-arena.git/info/refs?service=git-upload-pack]
10:42:26.030039 http.c:889              == Info: [HTTP/2] [1] [user-agent: git/2.50.1]
10:42:26.030043 http.c:889              == Info: [HTTP/2] [1] [accept: */*]
10:42:26.030046 http.c:889              == Info: [HTTP/2] [1] [accept-encoding: deflate, gzip]
10:42:26.030049 http.c:889              == Info: [HTTP/2] [1] [pragma: no-cache]
10:42:26.030053 http.c:889              == Info: [HTTP/2] [1] [git-protocol: version=2]
10:42:26.030071 http.c:836              => Send header, 0000000212 bytes (0x000000d4)
10:42:26.030077 http.c:848              => Send header: GET /leanprover/lean-kernel-arena.git/info/refs?service=git-upload-pack HTTP/2
10:42:26.030080 http.c:848              => Send header: Host: github.com
10:42:26.030084 http.c:848              => Send header: User-Agent: git/2.50.1
10:42:26.030087 http.c:848              => Send header: Accept: */*
10:42:26.030091 http.c:848              => Send header: Accept-Encoding: deflate, gzip
10:42:26.030094 http.c:848              => Send header: Pragma: no-cache
10:42:26.030097 http.c:848              => Send header: Git-Protocol: version=2
10:42:26.030100 http.c:848              => Send header:
10:42:26.030107 http.c:889              == Info: Request completely sent off
10:42:26.072224 http.c:836              <= Recv header, 0000000013 bytes (0x0000000d)
10:42:26.072272 http.c:848              <= Recv header: HTTP/2 200
10:42:26.072280 http.c:836              <= Recv header, 0000000026 bytes (0x0000001a)
10:42:26.072284 http.c:848              <= Recv header: server: GitHub-Babel/3.0
10:42:26.072288 http.c:836              <= Recv header, 0000000059 bytes (0x0000003b)
10:42:26.072291 http.c:848              <= Recv header: content-type: application/x-git-upload-pack-advertisement
10:42:26.072295 http.c:836              <= Recv header, 0000000054 bytes (0x00000036)
10:42:26.072298 http.c:848              <= Recv header: content-security-policy: default-src 'none'; sandbox
10:42:26.072302 http.c:836              <= Recv header, 0000000040 bytes (0x00000028)
10:42:26.072305 http.c:848              <= Recv header: expires: Fri, 01 Jan 1980 00:00:00 GMT
10:42:26.072308 http.c:836              <= Recv header, 0000000018 bytes (0x00000012)
10:42:26.072311 http.c:848              <= Recv header: pragma: no-cache
10:42:26.072315 http.c:836              <= Recv header, 0000000053 bytes (0x00000035)
10:42:26.072317 http.c:848              <= Recv header: cache-control: no-cache, max-age=0, must-revalidate
10:42:26.072321 http.c:836              <= Recv header, 0000000023 bytes (0x00000017)
10:42:26.072323 http.c:848              <= Recv header: vary: Accept-Encoding
10:42:26.072326 http.c:836              <= Recv header, 0000000045 bytes (0x0000002d)
10:42:26.072329 http.c:848              <= Recv header: strict-transport-security: max-age=31536000
10:42:26.072332 http.c:836              <= Recv header, 0000000037 bytes (0x00000025)
10:42:26.072334 http.c:848              <= Recv header: date: Sun, 13 Sep 2026 14:42:26 GMT
10:42:26.072338 http.c:836              <= Recv header, 0000000057 bytes (0x00000039)
10:42:26.072340 http.c:848              <= Recv header: x-github-request-id: E830:3757CA:330A6A:428112:6AA6B652
10:42:26.072343 http.c:836              <= Recv header, 0000000027 bytes (0x0000001b)
10:42:26.072346 http.c:848              <= Recv header: x-github-edge-region: iad
10:42:26.072349 http.c:836              <= Recv header, 0000000023 bytes (0x00000017)
10:42:26.072351 http.c:848              <= Recv header: x-frame-options: DENY
10:42:26.072355 http.c:836              <= Recv header, 0000000002 bytes (0x00000002)
10:42:26.072357 http.c:848              <= Recv header:
10:42:26.072371 http.c:889              == Info: Connection #0 to host github.com left intact
10:42:26.072506 http.c:889              == Info: Couldn't find host github.com in the .netrc file; using defaults
10:42:26.072514 http.c:889              == Info: Found bundle for host: 0x11d625f40 [can multiplex]
10:42:26.072519 http.c:889              == Info: Re-using existing connection with host github.com
10:42:26.072544 http.c:889              == Info: [HTTP/2] [3] OPENED stream for https://github.com/leanprover/lean-kernel-arena.git/git-upload-pack
10:42:26.072548 http.c:889              == Info: [HTTP/2] [3] [:method: POST]
10:42:26.072551 http.c:889              == Info: [HTTP/2] [3] [:scheme: https]
10:42:26.072554 http.c:889              == Info: [HTTP/2] [3] [:authority: github.com]
10:42:26.072557 http.c:889              == Info: [HTTP/2] [3] [:path: /leanprover/lean-kernel-arena.git/git-upload-pack]
10:42:26.072560 http.c:889              == Info: [HTTP/2] [3] [user-agent: git/2.50.1]
10:42:26.072563 http.c:889              == Info: [HTTP/2] [3] [accept-encoding: deflate, gzip]
10:42:26.072566 http.c:889              == Info: [HTTP/2] [3] [content-type: application/x-git-upload-pack-request]
10:42:26.072568 http.c:889              == Info: [HTTP/2] [3] [accept: application/x-git-upload-pack-result]
10:42:26.072571 http.c:889              == Info: [HTTP/2] [3] [git-protocol: version=2]
10:42:26.072573 http.c:889              == Info: [HTTP/2] [3] [content-length: 298]
10:42:26.072612 http.c:836              => Send header, 0000000284 bytes (0x0000011c)
10:42:26.072617 http.c:848              => Send header: POST /leanprover/lean-kernel-arena.git/git-upload-pack HTTP/2
10:42:26.072626 http.c:848              => Send header: Host: github.com
10:42:26.072628 http.c:848              => Send header: User-Agent: git/2.50.1
10:42:26.072631 http.c:848              => Send header: Accept-Encoding: deflate, gzip
10:42:26.072633 http.c:848              => Send header: Content-Type: application/x-git-upload-pack-request
10:42:26.072635 http.c:848              => Send header: Accept: application/x-git-upload-pack-result
10:42:26.072638 http.c:848              => Send header: Git-Protocol: version=2
10:42:26.072640 http.c:848              => Send header: Content-Length: 298
10:42:26.072642 http.c:848              => Send header:
10:42:26.072646 http.c:889              == Info: upload completely sent off: 298 bytes
10:42:26.126345 http.c:836              <= Recv header, 0000000013 bytes (0x0000000d)
10:42:26.126366 http.c:848              <= Recv header: HTTP/2 200
10:42:26.126372 http.c:836              <= Recv header, 0000000026 bytes (0x0000001a)
10:42:26.126381 http.c:848              <= Recv header: server: GitHub-Babel/3.0
10:42:26.126385 http.c:836              <= Recv header, 0000000052 bytes (0x00000034)
10:42:26.126388 http.c:848              <= Recv header: content-type: application/x-git-upload-pack-result
10:42:26.126392 http.c:836              <= Recv header, 0000000054 bytes (0x00000036)
10:42:26.126397 http.c:848              <= Recv header: content-security-policy: default-src 'none'; sandbox
10:42:26.126404 http.c:836              <= Recv header, 0000000040 bytes (0x00000028)
10:42:26.126406 http.c:848              <= Recv header: expires: Fri, 01 Jan 1980 00:00:00 GMT
10:42:26.126409 http.c:836              <= Recv header, 0000000018 bytes (0x00000012)
10:42:26.126412 http.c:848              <= Recv header: pragma: no-cache
10:42:26.126415 http.c:836              <= Recv header, 0000000053 bytes (0x00000035)
10:42:26.126417 http.c:848              <= Recv header: cache-control: no-cache, max-age=0, must-revalidate
10:42:26.126420 http.c:836              <= Recv header, 0000000023 bytes (0x00000017)
10:42:26.126423 http.c:848              <= Recv header: vary: Accept-Encoding
10:42:26.126426 http.c:836              <= Recv header, 0000000045 bytes (0x0000002d)
10:42:26.126428 http.c:848              <= Recv header: strict-transport-security: max-age=31536000
10:42:26.126431 http.c:836              <= Recv header, 0000000037 bytes (0x00000025)
10:42:26.126434 http.c:848              <= Recv header: date: Sun, 13 Sep 2026 14:42:26 GMT
10:42:26.126437 http.c:836              <= Recv header, 0000000057 bytes (0x00000039)
10:42:26.126439 http.c:848              <= Recv header: x-github-request-id: E830:3757CA:330A76:42812E:6AA6B652
10:42:26.126442 http.c:836              <= Recv header, 0000000027 bytes (0x0000001b)
10:42:26.126445 http.c:848              <= Recv header: x-github-edge-region: iad
10:42:26.126448 http.c:836              <= Recv header, 0000000023 bytes (0x00000017)
10:42:26.126450 http.c:848              <= Recv header: x-frame-options: DENY
10:42:26.126453 http.c:836              <= Recv header, 0000000002 bytes (0x00000002)
10:42:26.126455 http.c:848              <= Recv header:
10:42:26.137923 http.c:889              == Info: Connection #0 to host github.com left intact
10:42:26.141140 http.c:889              == Info: Couldn't find host github.com in the .netrc file; using defaults
10:42:26.141148 http.c:889              == Info: Found bundle for host: 0x11d625f40 [can multiplex]
10:42:26.141154 http.c:889              == Info: Re-using existing connection with host github.com
10:42:26.141169 http.c:889              == Info: [HTTP/2] [5] OPENED stream for https://github.com/leanprover/lean-kernel-arena.git/git-upload-pack
10:42:26.141173 http.c:889              == Info: [HTTP/2] [5] [:method: POST]
10:42:26.141176 http.c:889              == Info: [HTTP/2] [5] [:scheme: https]
10:42:26.141178 http.c:889              == Info: [HTTP/2] [5] [:authority: github.com]
10:42:26.141181 http.c:889              == Info: [HTTP/2] [5] [:path: /leanprover/lean-kernel-arena.git/git-upload-pack]
10:42:26.141199 http.c:889              == Info: [HTTP/2] [5] [user-agent: git/2.50.1]
10:42:26.141201 http.c:889              == Info: [HTTP/2] [5] [accept-encoding: deflate, gzip]
10:42:26.141204 http.c:889              == Info: [HTTP/2] [5] [content-type: application/x-git-upload-pack-request]
10:42:26.141207 http.c:889              == Info: [HTTP/2] [5] [accept: application/x-git-upload-pack-result]
10:42:26.141209 http.c:889              == Info: [HTTP/2] [5] [git-protocol: version=2]
10:42:26.141212 http.c:889              == Info: [HTTP/2] [5] [content-length: 617]
10:42:26.141257 http.c:836              => Send header, 0000000284 bytes (0x0000011c)
10:42:26.141263 http.c:848              => Send header: POST /leanprover/lean-kernel-arena.git/git-upload-pack HTTP/2
10:42:26.141265 http.c:848              => Send header: Host: github.com
10:42:26.141268 http.c:848              => Send header: User-Agent: git/2.50.1
10:42:26.141270 http.c:848              => Send header: Accept-Encoding: deflate, gzip
10:42:26.141273 http.c:848              => Send header: Content-Type: application/x-git-upload-pack-request
10:42:26.141275 http.c:848              => Send header: Accept: application/x-git-upload-pack-result
10:42:26.141277 http.c:848              => Send header: Git-Protocol: version=2
10:42:26.141280 http.c:848              => Send header: Content-Length: 617
10:42:26.141282 http.c:848              => Send header:
10:42:26.141285 http.c:889              == Info: upload completely sent off: 617 bytes
10:42:26.195927 http.c:836              <= Recv header, 0000000013 bytes (0x0000000d)
10:42:26.195949 http.c:848              <= Recv header: HTTP/2 200
10:42:26.195955 http.c:836              <= Recv header, 0000000026 bytes (0x0000001a)
10:42:26.195959 http.c:848              <= Recv header: server: GitHub-Babel/3.0
10:42:26.195963 http.c:836              <= Recv header, 0000000052 bytes (0x00000034)
10:42:26.195966 http.c:848              <= Recv header: content-type: application/x-git-upload-pack-result
10:42:26.195969 http.c:836              <= Recv header, 0000000054 bytes (0x00000036)
10:42:26.195972 http.c:848              <= Recv header: content-security-policy: default-src 'none'; sandbox
10:42:26.195975 http.c:836              <= Recv header, 0000000040 bytes (0x00000028)
10:42:26.195978 http.c:848              <= Recv header: expires: Fri, 01 Jan 1980 00:00:00 GMT
10:42:26.195981 http.c:836              <= Recv header, 0000000018 bytes (0x00000012)
10:42:26.195984 http.c:848              <= Recv header: pragma: no-cache
10:42:26.195987 http.c:836              <= Recv header, 0000000053 bytes (0x00000035)
10:42:26.195990 http.c:848              <= Recv header: cache-control: no-cache, max-age=0, must-revalidate
10:42:26.195993 http.c:836              <= Recv header, 0000000023 bytes (0x00000017)
10:42:26.195995 http.c:848              <= Recv header: vary: Accept-Encoding
10:42:26.195998 http.c:836              <= Recv header, 0000000045 bytes (0x0000002d)
10:42:26.196001 http.c:848              <= Recv header: strict-transport-security: max-age=31536000
10:42:26.196004 http.c:836              <= Recv header, 0000000037 bytes (0x00000025)
10:42:26.196006 http.c:848              <= Recv header: date: Sun, 13 Sep 2026 14:42:26 GMT
10:42:26.196009 http.c:836              <= Recv header, 0000000057 bytes (0x00000039)
10:42:26.196011 http.c:848              <= Recv header: x-github-request-id: E830:3757CA:330A9F:428162:6AA6B652
10:42:26.196014 http.c:836              <= Recv header, 0000000027 bytes (0x0000001b)
10:42:26.196017 http.c:848              <= Recv header: x-github-edge-region: iad
10:42:26.196020 http.c:836              <= Recv header, 0000000023 bytes (0x00000017)
10:42:26.196022 http.c:848              <= Recv header: x-frame-options: DENY
10:42:26.196025 http.c:836              <= Recv header, 0000000002 bytes (0x00000002)
10:42:26.196028 http.c:848              <= Recv header:
10:42:26.236443 http.c:889              == Info: Connection #0 to host github.com left intact
From https://github.com/leanprover/lean-kernel-arena
 * branch            master     -> FETCH_HEAD
