10:35:12.235712 http.c:889              == Info: Couldn't find host github.com in the .netrc file; using defaults
10:35:12.273959 http.c:889              == Info: Host github.com:443 was resolved.
10:35:12.273985 http.c:889              == Info: IPv6: (none)
10:35:12.273989 http.c:889              == Info: IPv4: 140.82.114.4
10:35:12.274009 http.c:889              == Info:   Trying 140.82.114.4:443...
10:35:12.282890 http.c:889              == Info: Connected to github.com (140.82.114.4) port 443
10:35:12.282932 http.c:889              == Info: ALPN: curl offers h2,http/1.1
10:35:12.283060 http.c:889              == Info: (304) (OUT), TLS handshake, Client hello (1):
10:35:12.286403 http.c:889              == Info:  CAfile: /etc/ssl/cert.pem
10:35:12.286410 http.c:889              == Info:  CApath: none
10:35:12.292229 http.c:889              == Info: (304) (IN), TLS handshake, Server hello (2):
10:35:12.292353 http.c:889              == Info: (304) (IN), TLS handshake, Unknown (8):
10:35:12.292378 http.c:889              == Info: (304) (IN), TLS handshake, Certificate (11):
10:35:12.294312 http.c:889              == Info: (304) (IN), TLS handshake, CERT verify (15):
10:35:12.294454 http.c:889              == Info: (304) (IN), TLS handshake, Finished (20):
10:35:12.294518 http.c:889              == Info: (304) (OUT), TLS handshake, Finished (20):
10:35:12.294526 http.c:889              == Info: SSL connection using TLSv1.3 / AEAD-CHACHA20-POLY1305-SHA256 / [blank] / UNDEF
10:35:12.294530 http.c:889              == Info: ALPN: server accepted h2
10:35:12.294534 http.c:889              == Info: Server certificate:
10:35:12.294539 http.c:889              == Info:  subject: CN=github.com
10:35:12.294543 http.c:889              == Info:  start date: Sep  1 00:00:00 2026 GMT
10:35:12.294550 http.c:889              == Info:  expire date: Nov 29 23:59:59 2026 GMT
10:35:12.294556 http.c:889              == Info:  subjectAltName: host "github.com" matched cert's "github.com"
10:35:12.294562 http.c:889              == Info:  issuer: C=GB; O=Sectigo Limited; CN=Sectigo Public Server Authentication CA DV E36
10:35:12.294565 http.c:889              == Info:  SSL certificate verify ok.
10:35:12.294596 http.c:889              == Info: using HTTP/2
10:35:12.294617 http.c:889              == Info: [HTTP/2] [1] OPENED stream for https://github.com/ammkrn/nanoda_lib.git/info/refs?service=git-upload-pack
10:35:12.294620 http.c:889              == Info: [HTTP/2] [1] [:method: GET]
10:35:12.294623 http.c:889              == Info: [HTTP/2] [1] [:scheme: https]
10:35:12.294625 http.c:889              == Info: [HTTP/2] [1] [:authority: github.com]
10:35:12.294628 http.c:889              == Info: [HTTP/2] [1] [:path: /ammkrn/nanoda_lib.git/info/refs?service=git-upload-pack]
10:35:12.294630 http.c:889              == Info: [HTTP/2] [1] [user-agent: git/2.50.1]
10:35:12.294633 http.c:889              == Info: [HTTP/2] [1] [accept: */*]
10:35:12.294635 http.c:889              == Info: [HTTP/2] [1] [accept-encoding: deflate, gzip]
10:35:12.294638 http.c:889              == Info: [HTTP/2] [1] [pragma: no-cache]
10:35:12.294640 http.c:889              == Info: [HTTP/2] [1] [git-protocol: version=2]
10:35:12.294656 http.c:836              => Send header, 0000000201 bytes (0x000000c9)
10:35:12.294661 http.c:848              => Send header: GET /ammkrn/nanoda_lib.git/info/refs?service=git-upload-pack HTTP/2
10:35:12.294663 http.c:848              => Send header: Host: github.com
10:35:12.294666 http.c:848              => Send header: User-Agent: git/2.50.1
10:35:12.294668 http.c:848              => Send header: Accept: */*
10:35:12.294670 http.c:848              => Send header: Accept-Encoding: deflate, gzip
10:35:12.294672 http.c:848              => Send header: Pragma: no-cache
10:35:12.294675 http.c:848              => Send header: Git-Protocol: version=2
10:35:12.294677 http.c:848              => Send header:
10:35:12.294683 http.c:889              == Info: Request completely sent off
10:35:12.354271 http.c:836              <= Recv header, 0000000013 bytes (0x0000000d)
10:35:12.354311 http.c:848              <= Recv header: HTTP/2 200
10:35:12.354319 http.c:836              <= Recv header, 0000000026 bytes (0x0000001a)
10:35:12.354322 http.c:848              <= Recv header: server: GitHub-Babel/3.0
10:35:12.354330 http.c:836              <= Recv header, 0000000059 bytes (0x0000003b)
10:35:12.354333 http.c:848              <= Recv header: content-type: application/x-git-upload-pack-advertisement
10:35:12.354338 http.c:836              <= Recv header, 0000000054 bytes (0x00000036)
10:35:12.354340 http.c:848              <= Recv header: content-security-policy: default-src 'none'; sandbox
10:35:12.354344 http.c:836              <= Recv header, 0000000040 bytes (0x00000028)
10:35:12.354347 http.c:848              <= Recv header: expires: Fri, 01 Jan 1980 00:00:00 GMT
10:35:12.354350 http.c:836              <= Recv header, 0000000018 bytes (0x00000012)
10:35:12.354352 http.c:848              <= Recv header: pragma: no-cache
10:35:12.354356 http.c:836              <= Recv header, 0000000053 bytes (0x00000035)
10:35:12.354359 http.c:848              <= Recv header: cache-control: no-cache, max-age=0, must-revalidate
10:35:12.354362 http.c:836              <= Recv header, 0000000023 bytes (0x00000017)
10:35:12.354364 http.c:848              <= Recv header: vary: Accept-Encoding
10:35:12.354367 http.c:836              <= Recv header, 0000000045 bytes (0x0000002d)
10:35:12.354370 http.c:848              <= Recv header: strict-transport-security: max-age=31536000
10:35:12.354373 http.c:836              <= Recv header, 0000000037 bytes (0x00000025)
10:35:12.354375 http.c:848              <= Recv header: date: Sun, 13 Sep 2026 14:35:12 GMT
10:35:12.354379 http.c:836              <= Recv header, 0000000057 bytes (0x00000039)
10:35:12.354381 http.c:848              <= Recv header: x-github-request-id: E791:2A107A:2C6CB0:3AB24C:6AA6B4A0
10:35:12.354384 http.c:836              <= Recv header, 0000000027 bytes (0x0000001b)
10:35:12.354387 http.c:848              <= Recv header: x-github-edge-region: iad
10:35:12.354390 http.c:836              <= Recv header, 0000000023 bytes (0x00000017)
10:35:12.354392 http.c:848              <= Recv header: x-frame-options: DENY
10:35:12.354395 http.c:836              <= Recv header, 0000000002 bytes (0x00000002)
10:35:12.354398 http.c:848              <= Recv header:
10:35:12.354414 http.c:889              == Info: Connection #0 to host github.com left intact
10:35:12.354544 http.c:889              == Info: Couldn't find host github.com in the .netrc file; using defaults
10:35:12.354551 http.c:889              == Info: Found bundle for host: 0x135005840 [can multiplex]
10:35:12.354556 http.c:889              == Info: Re-using existing connection with host github.com
10:35:12.354582 http.c:889              == Info: [HTTP/2] [3] OPENED stream for https://github.com/ammkrn/nanoda_lib.git/git-upload-pack
10:35:12.354586 http.c:889              == Info: [HTTP/2] [3] [:method: POST]
10:35:12.354588 http.c:889              == Info: [HTTP/2] [3] [:scheme: https]
10:35:12.354591 http.c:889              == Info: [HTTP/2] [3] [:authority: github.com]
10:35:12.354594 http.c:889              == Info: [HTTP/2] [3] [:path: /ammkrn/nanoda_lib.git/git-upload-pack]
10:35:12.354596 http.c:889              == Info: [HTTP/2] [3] [user-agent: git/2.50.1]
10:35:12.354599 http.c:889              == Info: [HTTP/2] [3] [accept-encoding: deflate, gzip]
10:35:12.354602 http.c:889              == Info: [HTTP/2] [3] [content-type: application/x-git-upload-pack-request]
10:35:12.354604 http.c:889              == Info: [HTTP/2] [3] [accept: application/x-git-upload-pack-result]
10:35:12.354607 http.c:889              == Info: [HTTP/2] [3] [git-protocol: version=2]
10:35:12.354609 http.c:889              == Info: [HTTP/2] [3] [content-length: 298]
10:35:12.354663 http.c:836              => Send header, 0000000273 bytes (0x00000111)
10:35:12.354669 http.c:848              => Send header: POST /ammkrn/nanoda_lib.git/git-upload-pack HTTP/2
10:35:12.354671 http.c:848              => Send header: Host: github.com
10:35:12.354678 http.c:848              => Send header: User-Agent: git/2.50.1
10:35:12.354680 http.c:848              => Send header: Accept-Encoding: deflate, gzip
10:35:12.354683 http.c:848              => Send header: Content-Type: application/x-git-upload-pack-request
10:35:12.354685 http.c:848              => Send header: Accept: application/x-git-upload-pack-result
10:35:12.354687 http.c:848              => Send header: Git-Protocol: version=2
10:35:12.354690 http.c:848              => Send header: Content-Length: 298
10:35:12.354692 http.c:848              => Send header:
10:35:12.354701 http.c:889              == Info: upload completely sent off: 298 bytes
10:35:12.409792 http.c:836              <= Recv header, 0000000013 bytes (0x0000000d)
10:35:12.409815 http.c:848              <= Recv header: HTTP/2 200
10:35:12.409822 http.c:836              <= Recv header, 0000000026 bytes (0x0000001a)
10:35:12.409826 http.c:848              <= Recv header: server: GitHub-Babel/3.0
10:35:12.409831 http.c:836              <= Recv header, 0000000052 bytes (0x00000034)
10:35:12.409833 http.c:848              <= Recv header: content-type: application/x-git-upload-pack-result
10:35:12.409837 http.c:836              <= Recv header, 0000000054 bytes (0x00000036)
10:35:12.409840 http.c:848              <= Recv header: content-security-policy: default-src 'none'; sandbox
10:35:12.409843 http.c:836              <= Recv header, 0000000040 bytes (0x00000028)
10:35:12.409846 http.c:848              <= Recv header: expires: Fri, 01 Jan 1980 00:00:00 GMT
10:35:12.409849 http.c:836              <= Recv header, 0000000018 bytes (0x00000012)
10:35:12.409851 http.c:848              <= Recv header: pragma: no-cache
10:35:12.409854 http.c:836              <= Recv header, 0000000053 bytes (0x00000035)
10:35:12.409857 http.c:848              <= Recv header: cache-control: no-cache, max-age=0, must-revalidate
10:35:12.409860 http.c:836              <= Recv header, 0000000023 bytes (0x00000017)
10:35:12.409862 http.c:848              <= Recv header: vary: Accept-Encoding
10:35:12.409865 http.c:836              <= Recv header, 0000000045 bytes (0x0000002d)
10:35:12.409868 http.c:848              <= Recv header: strict-transport-security: max-age=31536000
10:35:12.409871 http.c:836              <= Recv header, 0000000037 bytes (0x00000025)
10:35:12.409873 http.c:848              <= Recv header: date: Sun, 13 Sep 2026 14:35:12 GMT
10:35:12.409876 http.c:836              <= Recv header, 0000000057 bytes (0x00000039)
10:35:12.409878 http.c:848              <= Recv header: x-github-request-id: E791:2A107A:2C6CCA:3AB27B:6AA6B4A0
10:35:12.409881 http.c:836              <= Recv header, 0000000027 bytes (0x0000001b)
10:35:12.409884 http.c:848              <= Recv header: x-github-edge-region: iad
10:35:12.409887 http.c:836              <= Recv header, 0000000023 bytes (0x00000017)
10:35:12.409889 http.c:848              <= Recv header: x-frame-options: DENY
10:35:12.409892 http.c:836              <= Recv header, 0000000002 bytes (0x00000002)
10:35:12.409895 http.c:848              <= Recv header:
10:35:12.427064 http.c:889              == Info: Connection #0 to host github.com left intact
10:35:12.429252 http.c:889              == Info: Couldn't find host github.com in the .netrc file; using defaults
10:35:12.429264 http.c:889              == Info: Found bundle for host: 0x135005840 [can multiplex]
10:35:12.429270 http.c:889              == Info: Re-using existing connection with host github.com
10:35:12.429286 http.c:889              == Info: [HTTP/2] [5] OPENED stream for https://github.com/ammkrn/nanoda_lib.git/git-upload-pack
10:35:12.429290 http.c:889              == Info: [HTTP/2] [5] [:method: POST]
10:35:12.429293 http.c:889              == Info: [HTTP/2] [5] [:scheme: https]
10:35:12.429296 http.c:889              == Info: [HTTP/2] [5] [:authority: github.com]
10:35:12.429298 http.c:889              == Info: [HTTP/2] [5] [:path: /ammkrn/nanoda_lib.git/git-upload-pack]
10:35:12.429301 http.c:889              == Info: [HTTP/2] [5] [user-agent: git/2.50.1]
10:35:12.429313 http.c:889              == Info: [HTTP/2] [5] [accept-encoding: deflate, gzip]
10:35:12.429315 http.c:889              == Info: [HTTP/2] [5] [content-type: application/x-git-upload-pack-request]
10:35:12.429318 http.c:889              == Info: [HTTP/2] [5] [accept: application/x-git-upload-pack-result]
10:35:12.429320 http.c:889              == Info: [HTTP/2] [5] [git-protocol: version=2]
10:35:12.429323 http.c:889              == Info: [HTTP/2] [5] [content-length: 965]
10:35:12.429389 http.c:836              => Send header, 0000000273 bytes (0x00000111)
10:35:12.429395 http.c:848              => Send header: POST /ammkrn/nanoda_lib.git/git-upload-pack HTTP/2
10:35:12.429397 http.c:848              => Send header: Host: github.com
10:35:12.429399 http.c:848              => Send header: User-Agent: git/2.50.1
10:35:12.429402 http.c:848              => Send header: Accept-Encoding: deflate, gzip
10:35:12.429404 http.c:848              => Send header: Content-Type: application/x-git-upload-pack-request
10:35:12.429406 http.c:848              => Send header: Accept: application/x-git-upload-pack-result
10:35:12.429409 http.c:848              => Send header: Git-Protocol: version=2
10:35:12.429411 http.c:848              => Send header: Content-Length: 965
10:35:12.429413 http.c:848              => Send header:
10:35:12.429417 http.c:889              == Info: upload completely sent off: 965 bytes
10:35:12.479356 http.c:836              <= Recv header, 0000000013 bytes (0x0000000d)
10:35:12.479411 http.c:848              <= Recv header: HTTP/2 200
10:35:12.479425 http.c:836              <= Recv header, 0000000026 bytes (0x0000001a)
10:35:12.479434 http.c:848              <= Recv header: server: GitHub-Babel/3.0
10:35:12.479446 http.c:836              <= Recv header, 0000000052 bytes (0x00000034)
10:35:12.479462 http.c:848              <= Recv header: content-type: application/x-git-upload-pack-result
10:35:12.479472 http.c:836              <= Recv header, 0000000054 bytes (0x00000036)
10:35:12.479480 http.c:848              <= Recv header: content-security-policy: default-src 'none'; sandbox
10:35:12.479490 http.c:836              <= Recv header, 0000000040 bytes (0x00000028)
10:35:12.479499 http.c:848              <= Recv header: expires: Fri, 01 Jan 1980 00:00:00 GMT
10:35:12.479508 http.c:836              <= Recv header, 0000000018 bytes (0x00000012)
10:35:12.479516 http.c:848              <= Recv header: pragma: no-cache
10:35:12.479526 http.c:836              <= Recv header, 0000000053 bytes (0x00000035)
10:35:12.479535 http.c:848              <= Recv header: cache-control: no-cache, max-age=0, must-revalidate
10:35:12.479544 http.c:836              <= Recv header, 0000000023 bytes (0x00000017)
10:35:12.479552 http.c:848              <= Recv header: vary: Accept-Encoding
10:35:12.479561 http.c:836              <= Recv header, 0000000045 bytes (0x0000002d)
10:35:12.479570 http.c:848              <= Recv header: strict-transport-security: max-age=31536000
10:35:12.479579 http.c:836              <= Recv header, 0000000037 bytes (0x00000025)
10:35:12.479587 http.c:848              <= Recv header: date: Sun, 13 Sep 2026 14:35:12 GMT
10:35:12.479597 http.c:836              <= Recv header, 0000000057 bytes (0x00000039)
10:35:12.479605 http.c:848              <= Recv header: x-github-request-id: E791:2A107A:2C6D01:3AB2B9:6AA6B4A0
10:35:12.479614 http.c:836              <= Recv header, 0000000027 bytes (0x0000001b)
10:35:12.479623 http.c:848              <= Recv header: x-github-edge-region: iad
10:35:12.479632 http.c:836              <= Recv header, 0000000023 bytes (0x00000017)
10:35:12.479640 http.c:848              <= Recv header: x-frame-options: DENY
10:35:12.479650 http.c:836              <= Recv header, 0000000002 bytes (0x00000002)
10:35:12.479657 http.c:848              <= Recv header:
10:35:12.534575 http.c:889              == Info: Connection #0 to host github.com left intact
From https://github.com/ammkrn/nanoda_lib
 * branch            master     -> FETCH_HEAD
