Tree2TowerOfficial.official_lowering_family (N : Nat) :
  Official.elimNested (context N) (declaration N) (N + 2) = Except.ok (target N)
'Tree2TowerOfficial.fresh_supply' depends on axioms: [propext, Classical.choice, Quot.sound]
'Tree2TowerOfficial.tower_key_injective' depends on axioms: [propext, Classical.choice, Quot.sound]
'Tree2TowerOfficial.terminal_row' depends on axioms: [propext, Classical.choice, Quot.sound]
'Tree2TowerOfficial.descending_row' depends on axioms: [propext, Classical.choice, Quot.sound]
'Tree2TowerOfficial.keys_fresh' depends on axioms: [propext, Classical.choice, Quot.sound]
'Tree2TowerOfficial.keys_hit' depends on axioms: [propext, Classical.choice, Quot.sound]
'Tree2TowerOfficial.terminal_frontier' depends on axioms: [propext, Classical.choice, Quot.sound]
'Tree2TowerOfficial.descending_frontier' depends on axioms: [propext, Classical.choice, Quot.sound]
'Tree2TowerOfficial.queue_run' depends on axioms: [propext, Classical.choice, Quot.sound]
'Tree2TowerOfficial.node_initial' depends on axioms: [propext, Classical.choice, Quot.sound]
'_private.Tree2TowerOfficial.0.Tree2TowerOfficial.root_positive_state' depends on axioms: [propext,
 Classical.choice,
 Quot.sound]
'Tree2TowerOfficial.root_frontier' depends on axioms: [propext, Classical.choice, Quot.sound]
'_private.Tree2TowerOfficial.0.Tree2TowerOfficial.elimination_start' depends on axioms: [propext,
 Classical.choice,
 Quot.sound]
'Tree2TowerOfficial.official_lowering_family' depends on axioms: [propext, Classical.choice, Quot.sound]
