    1     1 Ss    30560
  534   534 Ss   108240
  535   535 Ss     8816
  536   536 Ss    43216
  538   538 Ss    18144
  539   539 Ss    21952
  542   542 Ss    13392
  544   544 Ss    17152
  545   545 Ss    15424
  546   546 Ss     8576
  547   547 Ss    14672
  548   548 Ss     3344
  550   550 Ss    15728
  554   554 Ss    14976
  555   555 Ss     8800
  556   556 Ss     5440
  558   558 Ss     4096
  562   562 Ss   111536
  563   563 Ss     7488
  564   564 Ss    25808
  565   565 Ss     8960
  568   568 Ss    39216
  569   569 Ss     3024
  572   572 Ss     7856
  573   573 Ss    26624
  575   575 Ss    26688
  576   576 Ss    18192
  577   577 Ss     8048
  578   578 Ss     9952
  579   579 Ss    15776
  581   581 Ss    36176
  582   582 Ss     9264
  584   584 Ss     3856
  585   585 Ss    29232
  587   587 Ss     7872
  588   588 Ss     4960
  590   590 Ss     1504
  591   591 Ss     7248
  592   592 Ss     8864
  593   593 Ss     2752
  594   594 Ss     6160
  596   596 Ss    38928
  597   597 Ss     8176
  598   598 Ss    49184
  599   599 Ss    17680
  601   601 Ss    28976
  602   602 Ss     2032
  603   603 Ss    21600
  604   604 Ss   261856
  605   605 Ss    29968
  606   606 Ss    11488
  607   607 Ss    98592
  608   608 Ss    24320
  610   610 Ss    21680
  611   611 Ss    72592
  613   613 Ss    19936
  615   615 Ss     7792
  616   616 Ss    29616
  617   617 Ss    10848
  618   618 Ss    20352
  619   619 Ss     1792
  620   620 Ss    81280
  621   621 Ss    18704
  622   622 Ss     9184
  623   623 Ss     2576
  624   624 Ss    25568
  625   625 Ss    37360
  626   626 Ss    13632
  627   627 Ss     7184
  628   628 Ss    17360
  629   629 S      4176
  630   630 Ss     8224
  631   631 Ss     5824
  633   633 S      6112
  634   634 Ss    10768
  636   636 Ss     4784
  637   637 Ss    18032
  638   638 Ss    88016
  639   639 Ss    12256
  641   641 Ss     4464
  647   647 S      6080
  648   648 S      6112
  650   650 Ss    16288
  652   652 Ss    17824
  653   653 Ss    20544
  654   654 Ss    11184
  670   670 Ss    21520
  673   673 Ss    22848
  674   674 Ss     3904
  675   675 Ss    10112
  677   677 Ss     4400
  678   678 Ss    11184
  680   680 Ss     9328
  681   681 Ss    11200
  682   682 Ss   498336
  683   683 Ss     6976
  684   684 Ss    13440
  685   685 Ss     9152
  686   686 Ss     5264
  688   688 Ss     8768
  689   689 S      6064
  690   690 Ss     9408
  691   691 Ss    15472
  692   692 Ss    16816
  693   693 Ss    11712
  695   695 Ss    11024
  697   697 Ss     3440
  698   698 Ss    34944
  699   699 Ss     7328
  701   701 Ss    24256
  702   702 Ss    20080
  706   706 Ss    18592
  708   708 Ss    15728
  710   710 S      6048
  711   711 Ss     4912
  712   712 Rs    39536
  713   713 Ss     1472
  714   714 Ss     1728
  716   716 Ss     9024
  718   718 Ss     8928
  719   719 Ss    37888
  722   722 Ss     6240
  723   723 Ss    19232
  725   725 S      6048
  726   726 Ss    11760
  727   727 Ss    14304
  728   728 Ss    10224
  729   729 Ss     8896
  730   730 Ss     8128
  731   731 Ss     7216
  733   733 Ss     3792
  735   735 S     18640
  736   736 S      3808
  737   737 S      3424
  738   738 Ss    18816
  739   739 S     15248
  740   740 S      3808
  741   741 Ss    10928
  742   742 Ss    11936
  743   743 SNs    5232
  744   744 Ss    49584
  745   745 Ss     7328
  747   747 Ss    98400
  750   750 Ss     9680
  758   758 Ss    10464
  774   774 Ss     3472
  785   785 Ss    12320
  788   788 Ss    99872
  792   792 Ss    10368
  793   793 Ss    17904
  794   794 Ss    15472
  795   795 S     20400
  796   796 S      6016
  798   798 S     11232
  799   799 Ss     1520
  800   800 S      6720
  801   801 S     18944
  802   802 S      8896
  803   803 Ss    13056
  804   804 Ss     8384
  805   805 Ss    12464
  806   806 Ss    12640
  807   807 Ss    11632
  808   808 Ss   1075328
  809   809 Ss    41792
  812   812 Ss   202752
  814   814 Ss     8000
  816   816 S      6016
  875   875 S     20336
  876   876 Ss    16016
  877   877 Ss    86608
  879   879 S     11152
  880   880 Ss    26736
  881   881 Ss    20128
  882   882 S      6672
  884   884 S     18736
  885   885 S      8832
  886   886 Ss     8288
  892   892 Ss    20560
  898   898 Ss    32752
  899   899 Rs   2433824
  900   900 Ss   810960
  905   905 Ss     4016
  928   928 Ss    11168
  929   929 Ss     4672
  935   935 Ss     3744
  940   940 Ss    20224
  941   941 Ss     6192
  942   942 S     11168
  943   943 S     13568
  945   945 Ss    17408
  946   542 S      5984
  947   947 Ss     7792
  954   954 S     88752
  955   955 Ss     7984
  956   956 S      5968
  962   962 S     29424
  963   963 Ss     7296
  964   964 S    111712
  965   965 Ss    13088
  966   966 S     51616
  969   969 S     68960
  970   970 S     20496
  973   973 S     13312
  974   974 S     19520
  975   975 S     71840
  976   976 S     20544
  977   977 S     28064
  978   978 S     82464
  980   980 S      7104
  981   981 S     65536
  982   982 S    107264
  983   983 S    1115872
  984   984 S     16912
  985   985 S     51664
  986   986 S     26208
  987   987 S     13664
  988   988 S      4496
  989   989 S     35696
  990   990 S     37104
  991   991 Ss    10032
  992   992 S     39248
  993   993 S     31952
  994   994 S     61264
  995   995 S     21328
  998   998 S     26912
  999   999 S     20768
 1001  1001 S     65200
 1003  1003 S      4544
 1004  1004 S     62448
 1008  1008 S    155744
 1013  1013 S     19328
 1020  1020 S     24384
 1021  1021 S     31008
 1022  1022 S     29504
 1023  1023 S      7328
 1024  1024 S     11728
 1026  1026 S     47008
 1027  1027 S     73696
 1028  1028 S     16608
 1029  1029 S     73648
 1030  1030 S     45872
 1031  1031 S     10272
 1032  1032 S     32160
 1033  1033 S      4496
 1034  1034 S     35952
 1035  1035 S     44928
 1036  1036 S     28176
 1037  1037 S     13536
 1038  1038 S     24528
 1039  1039 Ss     9808
 1042  1042 S     61232
 1043  1043 S     28736
 1044  1044 Ss     3408
 1047  1047 S     29088
 1050  1050 Ss     3408
 1052  1052 S     45248
 1054  1054 Ss    14688
 1062  1062 S     29488
 1063  1063 S      8496
 1067  1067 S     56912
 1068  1068 S     49952
 1069  1069 S     22688
 1073  1073 S     32384
 1074  1074 S     56240
 1075  1075 S     84304
 1080  1080 Ss     7344
 1081  1081 S     19952
 1082  1082 S     52272
 1088  1088 S     17824
 1092  1092 Ss    11504
 1100  1100 S     85488
 1104  1104 S     29392
 1105  1105 S     39328
 1106  1106 S    698912
 1108  1108 S     16736
 1110  1110 S     47872
 1111  1111 S    139568
 1113  1113 S     21120
 1117  1117 S     23664
 1121  1121 Ss    16640
 1122  1122 S     18992
 1125  1125 Ss    10272
 1126  1126 S     24560
 1127  1127 S     11248
 1130  1130 Ss     5616
 1131  1131 S      6048
 1135  1135 Ss     5536
 1136  1136 S     38784
 1139  1139 S     11344
 1154  1154 S     54656
 1161  1161 S     18768
 1166  1166 Ss    12256
 1167  1167 Ss    11024
 1168  1168 S     21856
 1169  1169 Ss    14816
 1174  1174 S      6016
 1185  1185 Ss    20896
 1186  1186 Ss    14192
 1199  1199 S     41824
 1202  1202 S      5968
 1206  1206 S      5472
 1207  1207 Ss     8416
 1208  1208 Ss    17024
 1209  1209 S     26816
 1210  1210 S     35856
 1211  1211 S     17520
 1212  1212 S    133952
 1213  1213 Ss    29888
 1214  1214 S     21344
 1215  1215 S     35984
 1216  1216 S     13040
 1218  1218 S     16224
 1219  1219 Ss    21616
 1220  1220 S      6016
 1221  1221 S     14176
 1222  1222 Ss    65232
 1223  1223 S    114336
 1224  1224 S     27808
 1226  1226 S     38720
 1227  1227 S     15584
 1228  1228 S     12752
 1229  1229 S      4704
 1230  1230 S     28208
 1231  1231 S     53120
 1232  1232 S     20448
 1233  1233 S     56544
 1234  1234 S     24704
 1235  1235 S     13760
 1238  1238 S      5088
 1239  1239 Ss    15664
 1240  1240 Ss    12304
 1242  1242 S     14768
 1244  1244 S     28624
 1245  1245 Ss     6352
 1247  1247 S     71808
 1249  1249 S     21088
 1250  1250 Ss    14384
 1251  1251 S     18544
 1252  1252 Ss    29024
 1253  1253 S      4960
 1254  1254 S     17088
 1256  1256 S    110576
 1257  1257 Ss    18240
 1259  1259 S     23200
 1261  1261 S     19904
 1263  1263 S     12496
 1264  1264 S     32400
 1265  1265 S     25584
 1269  1269 S      9504
 1270  1270 Ss     4304
 1273  1273 S    297744
 1281  1281 S     16816
 1282  1282 Ss    21760
 1285  1285 Ss    14272
 1288  1288 Ss     3264
 1293  1293 Ss    16640
 1295  1295 S      9920
 1298  1298 S     80640
 1303  1303 S    287648
 1305  1305 S     20976
 1306  1306 S     49904
 1307  1307 S     15008
 1308  1308 Ss     8692
 1316  1316 S     44144
 1318  1318 Ss     6224
 1324  1324 Ss     9040
 1327  1327 S     15904
 1332  1332 S     29824
 1333  1333 S     31952
 1336  1336 S     28992
 1337  1337 S     76720
 1343  1343 Ss     3504
 1344  1344 Ss   171104
 1345  1345 Ss    84768
 1347  1347 S     23808
 1349  1349 SN    29984
 1350  1350 Ss     9024
 1351  1351 Ss    21552
 1352  1352 S      9792
 1353  1353 Ss    29088
 1354  1354 Ss    12720
 1355  1355 Ss    50624
 1357  1357 Ss    64416
 1358  1358 Ss    96336
 1360  1360 S     53392
 1361  1361 S     29904
 1362  1362 S     35344
 1363  1363 S      8896
 1365  1365 S     34352
 1366  1366 Ss    35360
 1367  1367 S     15424
 1368  1368 Ss     3632
 1369  1369 Ss    14736
 1370  1370 Ss    15888
 1371  1371 Ss    15664
 1372  1372 Ss    17232
 1373  1373 S      9872
 1374  1374 S     11376
 1375  1375 S     19120
 1376  1376 S    230976
 1377  1377 Ss    44064
 1378  1378 Ss     9456
 1379  1379 S     32976
 1380  1380 Ss     4608
 1383  1383 S    247168
 1384  1384 Ss   127024
 1385  1385 S     75872
 1386  1386 S    401536
 1388  1388 S    359424
 1389  1389 S    291536
 1390  1390 S     96224
 1391  1391 Ss    19152
 1392  1392 Ss     8656
 1395  1395 Ss     8112
 1396  1396 S    207728
 1397  1397 S    256048
 1399  1399 S    109264
 1401  1401 S     58000
 1402  1402 S    278864
 1405  1405 Ss     8144
 1406  1406 Ss    18784
 1407  1407 S     35792
 1408  1408 Ss    32816
 1409  1409 Ss     4368
 1410  1410 S     11184
 1411  1411 Ss    11840
 1412  1412 Ss    11312
 1413  1413 S     44640
 1414  1414 S     23968
 1415  1415 S     17504
 1416  1416 S     25072
 1417  1417 Ss     8304
 1419  1419 S     23952
 1420  1420 S      8704
 1423  1423 Ss     6032
 1425  1425 Ss    28608
 1426  1426 Ss    18576
 1427  1427 Ss    15760
 1428  1428 Ss    12784
 1429  1429 Ss   105360
 1430  1430 Ss     3440
 1431  1431 Ss     6864
 1432  1432 Ss    10144
 1433  1433 Ss    89872
 1434  1434 Ss    10352
 1435  1435 Ss    28816
 1448  1448 Ss     5584
 1449  1449 S     18672
 1450  1450 Ss     8864
 1452  1451 S      9456
 1454  1453 S      4144
 1455  1455 S     15920
 1457  1457 Ss    44144
 1458  1458 S     26944
 1459  1459 Ss    18976
 1461  1461 S     22544
 1462  1462 S     11024
 1463  1463 S     89232
 1466  1466 S      4320
 1467  1467 S      5136
 1468  1468 S     18016
 1469  1469 Ss     6064
 1470  1470 Ss    41168
 1471  1471 Ss    40176
 1472  1472 S     48352
 1474  1474 Ss    66704
 1475  1475 S     15216
 1476  1476 S     14576
 1478  1478 Ss     6944
 1481  1481 Ss    16240
 1482  1482 S     18784
 1483  1483 S      6336
 1484  1484 Ss     3344
 1485  1485 Ss     7296
 1494  1494 S      3232
 1495  1495 S      3200
 1496  1496 S     23792
 1498  1498 Ss     9040
 1499  1499 S      6336
 1500  1500 S      7312
 1501  1501 Ss     3584
 1504  1504 Ss    57552
 1505  1505 Ss    25632
 1511  1511 Ss     7008
 1583  1583 Ss    45712
 1769  1769 Ss    12944
 1770  1770 Ss    11616
 1811  1811 S     82528
 1832  1832 Ss     3552
 1834  1834 Ss    11600
 1836  1836 Ss    11616
 1881  1881 Ss    30624
 1984  1984 S     60160
 2036  2036 Ss    12576
 2103  2103 S     10192
 2131  2131 S     55840
 2132  2132 Ss     6512
 2440  2440 Ss    24624
 2495  2495 S     95376
 2503  2503 Ss    92416
 2504  2504 Ss    18768
 2505  2505 Ss     3632
 2507  2507 Ss     5840
 2525  2525 S     36224
 2532  2532 S     52944
 2541  2541 Ss     7072
 2542  2542 S     99616
 2543  2543 Ss    92848
 2544  2544 Ss   129552
 2545  2545 Ss    44608
 2546  2546 S     18464
 2547  2547 Ss    13616
 2548  2548 Ss    12944
 2549  2549 Ss    58512
 2551  2551 S     30464
 2552  2552 Ss   102784
 2553  2553 S     38496
 2554  2554 Ss     2400
 2555  2555 S     49184
 2556  2556 S     18480
 2557  2557 Ss     6576
 2558  2558 Ss    87424
 2559  2559 Ss     8624
 2560  2560 Ss    18768
 2561  2561 S     12736
 2566  2566 S     68256
 2567  2567 S     24480
 2570  2570 S     35264
 2571  2571 S     13136
 2572  2572 Ss    29392
 2574  2574 Ss     3760
 2576  2576 Ss    22432
 2581  2581 S      3184
 2582  2582 S      5936
 2584  2584 S     57504
 2585  2585 SN    75456
 2588  2588 S     64224
 2590  2590 S     31232
 2592  2592 S     65216
 2593  2593 S     11600
 2595  2595 S     20224
 2598  2598 S     58320
 2600  2600 S    428992
 2603  2603 S     24288
 2604  2604 S     64592
 2605  2605 S     26192
 2613  2613 S    115312
 2614  2614 S     26304
 2622  2622 Ss    36656
 2626  2625 S      5424
 2627  2603 S    150576
 2630  2630 Ss    30928
 2631  2631 Ss   123696
 2635  2635 Ss    16880
 2642  2642 Ss    14096
 2643  2643 Ss    11408
 2645  2645 Ss    41264
 2651  2651 Ss   101408
 2652  2652 S     43664
 2661  2661 Ss     6736
 2664  2664 S     16464
 2741  2741 Ss    15504
 2742  2742 Ss    11840
 2751  2751 S     46640
 2752  2752 Ss     3872
 2758  2758 S     57296
 2766  2766 S      3296
 2768  2768 S      4272
 3046  3046 Ss     3312
 3090  3090 Ss    13632
 3091  3091 Ss    13808
 3108  3108 Ss     3136
 3110  3110 S     32320
 3115  3115 Ss     3312
 3116  3116 S      1584
 3120  3120 Ss    52432
 3121  3121 S     11648
 3123  3123 Ss     7872
 3124  3124 Ss    16848
 3127  3127 S     14176
 3130  3130 Ss     2240
 3132  3132 Ss    14320
 3135  3135 S      5888
 3136  3136 Ss     4288
 3137  3137 Ss     4272
 3138  3138 Ss     6336
 3141  3141 Ss     4240
 3142  3142 Ss     4272
 3145  3145 Ss   1249808
 3146  3146 Ss     4288
 3147  3147 Ss    58176
 3148  3148 Ss     6176
 3149  3149 Ss   102496
 3150  3150 Ss     6848
 3151  3151 Ss    15200
 3152  3152 Ss    11248
 3153  3153 Ss     4192
 3155  3155 Ss     4624
 3156  3156 Ss     8976
 3159  3159 Ss    12960
 3164  3164 S     19536
 3175  3175 S     18800
 3185  3185 S     11040
 3186  3186 S     11808
 3187  3187 S     49968
 3188  3188 Ss    23152
 3189  3189 Ss    14384
 3190  3190 Ss    10744
 3192  3192 Ss    17408
 3193  3193 Ss    23328
 3194  3194 Ss    14384
 3195  3195 Ss     6976
 3196  3196 Ss     6832
 3197  3197 Ss     2752
 3198  3198 Ss     9296
 3199  3199 S     25456
 3200  3200 Ss     6688
 3207  3207 Ss     6800
 3210  3210 Ss     6832
 3211  3211 Ss     6928
 3214  3214 Ss     8896
 3215  3215 S     54320
 3222  3222 Ss     4080
 3252  3252 S     10880
 3258  3258 Ss    16640
 3260  3260 S     13840
 3277  3277 Ss    16592
 3287  3287 Ss     5872
 3294  3294 S     24528
 4000  4000 S     23488
 4186  4186 Ss     9296
 4189  4189 Ss    21296
 4192  4192 Ss    18464
 4193  4193 Ss     8224
 4194  4194 Ss    14288
 4197  4197 Ss    16144
 4198  4198 Ss    15536
 4199  4199 Ss    16752
 4206  4206 S      6512
 4208  4208 Ss    15488
 4209  4209 S      6432
 4229  4229 S      6496
 4230  4230 S      6464
 4231  4231 S      7312
 4235  4235 S      6496
 4364  4364 S     15904
 4367  4367 Ss    12288
 4482  4482 Ss     7024
 4918  4918 Ss    15408
 4919  4919 Ss    14992
 4920  4920 S     11232
 4934  4934 S     30144
 4939  4939 Ss    98944
 5136  5136 S     25792
 5137  5137 S     18976
 5138  5138 S     12048
 5139  5139 Ss     9952
 5238  5238 S     15008
 5251  5251 Ss     7552
 5320  5320 Ss   1618224
 5776  5776 S      8048
 5974  5974 Ss    10272
 6062  6062 Ss    27360
 6063  6063 Ss   106320
 6064  6064 Ss     7184
 6065  6065 Ss    13424
 6511  6511 S     10480
 6513  6513 S     34944
 6610  6610 Ss   300416
 6611  6611 S      5824
 6613  6613 S      6496
 6726  6726 Ss    10992
 6727  6727 Ss    10960
 8218  8218 S     22400
 8724  8724 Ss    14256
 8847  8847 Ss    38976
 8946  8946 Ss     7024
 9059  9059 S      3136
 9426  9426 Ss    10592
 9427  9427 S     14832
10380 10380 S     38992
10452 10452 Ss    10032
10469 10469 Ss    23424
10492 10492 Ss   129328
10518 10518 Ss    11648
10519 10519 Ss    11712
10520 10520 Ss    15072
10537 10537 S    169312
10538 10538 Ss    11008
10539 10539 Ss    10976
10544 10544 S     29088
10545 10545 Ss    42400
10546 10546 S     30496
10548 10548 S      4960
10596 10596 S    339984
10603 10603 Ss     7792
10605 10605 S     45696
10766 10766 S     24064
10817 10817 S     11680
11150 11150 Ss    15728
11151 11151 Ss    52560
11274 11274 Ss    14656
11596 11596 Ss    13728
11968 11968 Ss     6960
12297 12297 S    139376
12457 12457 S      7776
12458 12458 S     15776
12731 12731 S     38048
12732 12732 S     30432
12733 12733 Ss    14272
12734 12734 Ss    71360
12744 12744 S     23360
12745 12745 Ss    12112
12749 12749 Ss     6960
13373 13373 S     19344
13552 13552 Ss    31920
13725 13725 Ss     3264
13726 13726 Ss    44368
13728 13728 Ss    33392
13887 13887 Ss     7552
13888 13888 S     12560
13894 13894 Ss     5632
13895 13895 Ss    12384
13896 13896 S     16384
13898 13898 S     14448
13900 13900 Ss    11472
13901 13901 Ss     9200
13902 13902 Ss     9008
13903 13903 Ss    11408
13907 13907 Ss     9024
13908 13908 Ss     9040
13909 13909 Ss    12896
13910 13910 Ss     9088
13911 13911 Ss    11952
13912 13912 Ss     9600
13937 13937 Ss     5072
13948 13948 Ss     4160
13950 13950 S      5808
13951 13951 S      6528
13953 13953 Ss     7632
13961 13961 Ss    29584
13962 13962 S     45712
13963 13963 S      8320
13964 13964 S     10496
13982 13982 Ss     3216
14178 14178 Ss    41296
14181 14181 Ss     7216
14480 14480 Ss     4544
14541 14541 S      5776
14696 14696 S     28912
14726 14726 Ss    14448
14731 14731 Ss   121232
14745 14745 Ss    38288
14756 14756 Ss   146832
14759 14759 Ss    48256
14761 14761 Ss    20496
14773 14773 Ss    43136
14774 14774 Ss   138672
14775 14775 Ss   138672
14901 14901 Ss     8288
14910 14910 S     14784
14940 14940 Ss     7760
15085 15085 S      5856
15087 15087 S      6464
15098 15098 Ss    34304
16827 16827 Ss    22128
16828 16828 Ss    11648
17028 17028 Ss    21264
17206 17206 Ss     6912
19038 19038 Ss    10208
19288 19288 S     56032
20748 20748 Ss    10816
33462 33462 Ss    37424
33517 33517 S     12880
33927 33927 S     20416
34486   812 S     58944
34730 34730 S      9984
34746 34746 Ss    56864
34748 34748 Ss    56736
34751 34751 Ss    56752
34788 34788 S     12016
34802 34802 S    681984
34803 34803 S     24928
34805 34805 Ss    26784
34809 34808 S      4272
34811 34810 S      4064
34825 34802 S    181600
34827 34802 S    121216
34839 34802 S     79664
35157 34802 S     16640
35170 34802 S    435232
35171 34802 S    257232
35172 34802 S    760784
35174 35174 Ss    46640
35175 35175 Ss    45280
35207 34802 S     70784
35256 34802 S    410224
35285 35285 S     77552
35286 35286 S     51664
35287 35287 S     16464
35300 35286 S     16256
35523 35523 S     51680
35524 35524 S     77792
35525 35525 S     16640
35531 35523 S     16384
35748 34802 S    133616
35751 34802 S    400000
35754 34802 S     89312
35758 35758 Ss    10336
35759 35759 Ss    26160
35783 35783 S     51920
35784 35784 S     78288
35785 35785 S     16912
35829 35783 S     16960
36079 36079 S     45856
37330 37330 S     28944
37331 37331 S     28832
37573 37573 Ss     8896
37658 37658 Rs   208048
38149   812 S    665280
38166 34802 S     65856
38196 38196 S     26400
38198 38198 S     27040
38199 38199 S     28736
39261 39261 Ss    13264
39265 39261 R      2144
39266 37658 R         0
83724 83724 Ss     6720
  552   552 Ss+    6512
 1509  1509 Ss     6864
 1510  1510 S+     7312
 1595  1595 Ss     7168
 1612  1612 S+     6896
