{
  "schema_version": 1,
  "evidence_class": "E0",
  "event": "finish",
  "id": "EXPLORE-LEAN-ACTION-BUNDLED-WHOLE-RETRY-1",
  "data": {
    "outcome": "NO_SIGNAL",
    "completed_runs": 1,
    "signal_count": 0,
    "measurement_complete": true,
    "engineering_failures_unresolved": false,
    "observations": "Identical345690311-byte whole clean Foo-plus-imports export, exact candidate config and pinned bundled checker completed exit0:59349 declarations,no typechecker errors,one Unable to print axioms pretty-printer diagnostic.28.691150375s elapsed,27.961163s user CPU,peak743849984bytes; all accounting/monitor/cleanup checks passed.",
    "limitations": "E0 one known-input retry, not fresh holdout/conformance/parity/correctness evidence. Prior timeout remains frozen. First retry launch suffered timed-join overflow with unrecoverable child streams/accounting; process/group later confirmed absent and optional-deadline repair passed20 controls. Shared supervisor unchanged. No source fallback,Linux/action execution or other wholemodule controls.",
    "decision": "Stop one explicit retry with ordinary expected result,no defect-driven confirmation/upstream action. Restore sourceprep READY/unstarted for durable handoff; parent may select separately planned stronger semantic completeness work. No publication.",
    "raw_output": [
      "explorations/runs/EXPLORE-LEAN-ACTION-BUNDLED-WHOLE-RETRY-1/run-retry-repair1.py",
      "explorations/runs/EXPLORE-LEAN-ACTION-BUNDLED-WHOLE-RETRY-1/summary.md",
      "explorations/runs/EXPLORE-LEAN-ACTION-BUNDLED-WHOLE-RETRY-1/observation.json",
      "explorations/runs/EXPLORE-LEAN-ACTION-BUNDLED-WHOLE-RETRY-1/local_supervisor.py",
      "explorations/runs/EXPLORE-LEAN-ACTION-BUNDLED-WHOLE-RETRY-1/start-append.stdout",
      "explorations/runs/EXPLORE-LEAN-ACTION-BUNDLED-WHOLE-RETRY-1/test-local-supervisor.py",
      "explorations/runs/EXPLORE-LEAN-ACTION-BUNDLED-WHOLE-RETRY-1/repair-controls-r2.stderr",
      "explorations/runs/EXPLORE-LEAN-ACTION-BUNDLED-WHOLE-RETRY-1/repair-controls.stderr",
      "explorations/runs/EXPLORE-LEAN-ACTION-BUNDLED-WHOLE-RETRY-1/attempt2-launcher.stdout",
      "explorations/runs/EXPLORE-LEAN-ACTION-BUNDLED-WHOLE-RETRY-1/repair1-note.md",
      "explorations/runs/EXPLORE-LEAN-ACTION-BUNDLED-WHOLE-RETRY-1/self-test.stdout",
      "explorations/runs/EXPLORE-LEAN-ACTION-BUNDLED-WHOLE-RETRY-1/attempt2-launcher.stderr",
      "explorations/runs/EXPLORE-LEAN-ACTION-BUNDLED-WHOLE-RETRY-1/test-local-supervisor-r2.py",
      "explorations/runs/EXPLORE-LEAN-ACTION-BUNDLED-WHOLE-RETRY-1/preflight.json",
      "explorations/runs/EXPLORE-LEAN-ACTION-BUNDLED-WHOLE-RETRY-1/repair1-prelaunch.json",
      "explorations/runs/EXPLORE-LEAN-ACTION-BUNDLED-WHOLE-RETRY-1/repair-controls.stdout",
      "explorations/runs/EXPLORE-LEAN-ACTION-BUNDLED-WHOLE-RETRY-1/local-supervisor.patch",
      "explorations/runs/EXPLORE-LEAN-ACTION-BUNDLED-WHOLE-RETRY-1/run-retry.py",
      "explorations/runs/EXPLORE-LEAN-ACTION-BUNDLED-WHOLE-RETRY-1/repair-controls-r2.stdout",
      "explorations/runs/EXPLORE-LEAN-ACTION-BUNDLED-WHOLE-RETRY-1/attempt-0002/stdout",
      "explorations/runs/EXPLORE-LEAN-ACTION-BUNDLED-WHOLE-RETRY-1/attempt-0002/watchdog.json",
      "explorations/runs/EXPLORE-LEAN-ACTION-BUNDLED-WHOLE-RETRY-1/attempt-0002/progress.jsonl",
      "explorations/runs/EXPLORE-LEAN-ACTION-BUNDLED-WHOLE-RETRY-1/attempt-0002/stderr",
      "explorations/runs/EXPLORE-LEAN-ACTION-BUNDLED-WHOLE-RETRY-1/attempt-0002/command.json",
      "explorations/runs/EXPLORE-LEAN-ACTION-BUNDLED-WHOLE-RETRY-1/attempt-0002/receipt.json",
      "explorations/runs/EXPLORE-LEAN-ACTION-BUNDLED-WHOLE-RETRY-1/attempt-0001/launcher-failure.txt",
      "explorations/runs/EXPLORE-LEAN-ACTION-BUNDLED-WHOLE-RETRY-1/attempt-0001/group-cleanup-check.json",
      "explorations/runs/EXPLORE-LEAN-ACTION-BUNDLED-WHOLE-RETRY-1/attempt-0001/progress.jsonl",
      "explorations/runs/EXPLORE-LEAN-ACTION-BUNDLED-WHOLE-RETRY-1/attempt-0001/command.json",
      "explorations/runs/EXPLORE-LEAN-ACTION-BUNDLED-WHOLE-RETRY-1/attempt-0001/orphan-cleanup.json"
    ],
    "cost": "2 checker launches: first control failure child elapsed/CPU/RSS unknown; measured final28.691150375s child elapsed,27.961163s user CPU,0.716070s system CPU,peak743849984bytes.20 focused tests in1.069s suite wall time.0 acquisition/build/export regeneration. Token/model cost unavailable."
  },
  "at": "2026-10-01T09:44:43.379850+00:00"
}
