test_cleanup_fault_is_explicit (test_resource_envelope_supervisor.ResourceSupervisorTests) ... ok
test_delayed_wait4_normal_exit_is_not_a_limit (test_resource_envelope_supervisor.ResourceSupervisorTests) ... ok
test_failed_group_signal_is_not_a_valid_limit (test_resource_envelope_supervisor.ResourceSupervisorTests) ... ok
test_healthy_fast_exit_can_have_zero_group_samples (test_resource_envelope_supervisor.ResourceSupervisorTests) ... ok
test_late_snapshot_after_exit_is_discarded (test_resource_envelope_supervisor.ResourceSupervisorTests) ... ok
test_malformed_wait4_and_sample_accounting_rejected (test_resource_envelope_supervisor.ResourceSupervisorTests) ... ok
test_malformed_wait4_usage_returns_structured_fault (test_resource_envelope_supervisor.ResourceSupervisorTests) ... ok
test_memory_signal_must_follow_above_ceiling_sample (test_resource_envelope_supervisor.ResourceSupervisorTests) ... ok
test_monitor_fault_cannot_be_success (test_resource_envelope_supervisor.ResourceSupervisorTests) ... ok
test_nonzero_exit_is_retained (test_resource_envelope_supervisor.ResourceSupervisorTests) ... ok
test_postexit_over_ceiling_does_not_hide_wrong_output (test_resource_envelope_supervisor.ResourceSupervisorTests) ... ok
test_sampled_memory_limit (test_resource_envelope_supervisor.ResourceSupervisorTests) ... ok
test_success_raw_accounting (test_resource_envelope_supervisor.ResourceSupervisorTests) ... ok
test_timeout_kills_group_and_preserves_receipt (test_resource_envelope_supervisor.ResourceSupervisorTests) ... ok
test_timeout_signal_must_not_precede_threshold (test_resource_envelope_supervisor.ResourceSupervisorTests) ... ok
test_wait4_fault_preserves_accounting_failure (test_resource_envelope_supervisor.ResourceSupervisorTests) ... ok
test_healthy_silent_completion (__main__.NoDeadlineControls) ... ok
test_memory_control_still_stops (__main__.NoDeadlineControls) ... ok
test_monitor_fault_still_stops (__main__.NoDeadlineControls) ... ok
test_output_cap_still_stops (__main__.NoDeadlineControls) ... ok

----------------------------------------------------------------------
Ran 20 tests in 1.069s

OK
