{
  "schema_version": 1,
  "evidence_class": "E0",
  "event": "start",
  "id": "EXPLORE-LEAN-ACTION-BUNDLED-WHOLE-RETRY-1",
  "data": {
    "campaign": "E0-LEAN-ACTION-BUNDLED-WHOLE-RETRY-1",
    "question": "Retry original clean full-module timeout using identical retained export/config/bundled checker, allowing healthy CPU progress without elapsed-time cutoff; earlier closed result unchanged.",
    "sources": [
      {
        "name": "lean-assurance-lab",
        "revision": "5e423c8b4842f166285be872ae440892afa65782"
      },
      {
        "name": "lean-action-pr192",
        "revision": "209c085c3370c2fbae9e8bdfc87955f0c49a1082"
      },
      {
        "name": "lean-release",
        "revision": "11acb17ec6b07a8f9e9173e6845197929540936b"
      },
      {
        "name": "nanoda-packaging-source",
        "revision": "4c544ed4099c8227f07d5de77ad1e69fb0740a27"
      }
    ],
    "versions": "Verified original official Darwin arm64 binaries: Lean4.35.0-rc2,Nanoda0.4.17,exporter3.1.0. No identity CLI rerun or binary/source build.64GiB physical RAM,95percent memory free,no swap,381GiB disk.",
    "commands": "python3 explorations/runs/EXPLORE-LEAN-ACTION-BUNDLED-WHOLE-RETRY-1/run-retry.py; exact nanoda_bin config on restored full export; existing run_direct with disabled wall timeout plus retained coarse progress watchdog.",
    "inputs": [
      "docs/research/E0_LEAN_ACTION_BUNDLED_WHOLE_RETRY_1_PLAN.md",
      "explorations/runs/EXPLORE-LEAN-ACTION-BUNDLED-WHOLE-RETRY-1/run-retry.py",
      "explorations/runs/EXPLORE-LEAN-ACTION-BUNDLED-WHOLE-RETRY-1/preflight.json",
      "explorations/runs/EXPLORE-LEAN-ACTION-BUNDLED-WHOLE-RETRY-1/self-test.stdout",
      "explorations/runs/EXPLORE-LEAN-ACTION-BUNDLED-REAL-1/fixtures/clean/config-false.json",
      "explorations/runs/EXPLORE-LEAN-ACTION-BUNDLED-REAL-1/fixtures/clean/Foo.lean",
      "explorations/runs/EXPLORE-LEAN-ACTION-BUNDLED-REAL-1/lossless-output-custody.json",
      "explorations/runs/EXPLORE-LEAN-ACTION-BUNDLED-REAL-1/attempts/repair2-clean-export/stdout.gz",
      "explorations/runs/EXPLORE-LEAN-ACTION-BUNDLED-REAL-1/attempts/repair2-clean-export/receipt.json",
      "explorations/runs/EXPLORE-LEAN-ACTION-BUNDLED-REAL-1/attempts/repair2-clean-check-false/receipt.json",
      "external/lean-action-whole-retry/export.txt",
      "external/lean-action-whole-retry/config.json",
      "lib/resource_envelope_supervisor.py"
    ],
    "sample": "One actual bundled Nanoda invocation on345690311-byte full clean Foo-plus-imports export, uncompressed SHA256 cfae7ed6681bd2cdd39db74e6107887356f80d2ca5c201ca05618ff9d302da20; no regenerated input or additional cases.",
    "planned_runs": 1,
    "controls": "Original retained Lean no-axioms probe compilation, exact full-export/compiler identities, unchanged allowlist/config and prior reduced positive/negative controls are context only. Expected exit0 plus pinned source-specified diagnostics. Resource stop is INCONCLUSIVE, unexpected genuine validation failure SIGNAL.16GiB RSS; CPU/liveness5s,disk and30s pressure; combined600s CPU/RSS/sleep-state stall only, never silence or elapsed time alone. Offline observer parsing/stall controls passed before launch.",
    "input_sha256": {
      "docs/research/E0_LEAN_ACTION_BUNDLED_WHOLE_RETRY_1_PLAN.md": "16cc356e223bfedf91e318a3543f9a9399956fbdcc6f1c15338beb492271f725",
      "explorations/runs/EXPLORE-LEAN-ACTION-BUNDLED-WHOLE-RETRY-1/run-retry.py": "e75fd22d22e68c5257163623c0028d9e4e0a164825a326fefff9f743ac8cf0d9",
      "explorations/runs/EXPLORE-LEAN-ACTION-BUNDLED-WHOLE-RETRY-1/preflight.json": "9bdd2aaa2fc53ef68a5ad7e39a298bf2e0490347f62964ff9dd6a7da654998eb",
      "explorations/runs/EXPLORE-LEAN-ACTION-BUNDLED-WHOLE-RETRY-1/self-test.stdout": "a69f53fe05c478a644685c5a5ad68606feafc0fbb2d5ee4242a37d9e50a4ca15",
      "explorations/runs/EXPLORE-LEAN-ACTION-BUNDLED-REAL-1/fixtures/clean/config-false.json": "c6d2e65bcba5d751e94eaf9a46fef14e678d72cf04783c3204ffbdd414cff8db",
      "explorations/runs/EXPLORE-LEAN-ACTION-BUNDLED-REAL-1/fixtures/clean/Foo.lean": "ef4c2ffa98d472b38c0dc98999c5c87578cf4da599eb8024afe61cce59c4a75a",
      "explorations/runs/EXPLORE-LEAN-ACTION-BUNDLED-REAL-1/lossless-output-custody.json": "7684ffb4c12e90e4bc816561f1c0e2a9f155431d1d79315d27dd3bc38fb55b40",
      "explorations/runs/EXPLORE-LEAN-ACTION-BUNDLED-REAL-1/attempts/repair2-clean-export/stdout.gz": "d55f7d378b48ae3b31f0488534567715c0019c74283373b90e6fcf2a240fb737",
      "explorations/runs/EXPLORE-LEAN-ACTION-BUNDLED-REAL-1/attempts/repair2-clean-export/receipt.json": "c60c76fff45b1e2080b27152c1f8afd188f843f0456d82a57e771a778a9d5f39",
      "explorations/runs/EXPLORE-LEAN-ACTION-BUNDLED-REAL-1/attempts/repair2-clean-check-false/receipt.json": "d0d1c01e05bb82800cb5f0d00d5eceece6245c9d210bccaf7dcc7543ec974cb4",
      "external/lean-action-whole-retry/export.txt": "cfae7ed6681bd2cdd39db74e6107887356f80d2ca5c201ca05618ff9d302da20",
      "external/lean-action-whole-retry/config.json": "c6d2e65bcba5d751e94eaf9a46fef14e678d72cf04783c3204ffbdd414cff8db",
      "lib/resource_envelope_supervisor.py": "591e8910a739ac96d24428ab1e25988798bb07d4a50e975c47a08f280aff3539"
    }
  },
  "at": "2026-10-01T09:35:25.006177+00:00"
}
