Tree2Bridge.lean:36:60: error: unexpected identifier; expected '}'
Tree2Bridge.lean:61:77: error: Tactic `rfl` failed: The left-hand side
  Official.elimNested O decl 4
is not definitionally equal to the right-hand side
  Except.ok lowered

⊢ Official.elimNested O decl 4 = Except.ok lowered
Tree2Bridge.lean:80:9: error: maximum recursion depth has been reached
use `set_option maxRecDepth <num>` to increase limit
use `set_option diagnostics true` to get diagnostic information
Tree2Bridge.lean:87:57: error: Tactic `rfl` failed: The left-hand side
  ops.inferType E 2 (l X)
is not definitionally equal to the right-hand side
  Except.ok S

⊢ ops.inferType E 2 (l X) = Except.ok S
Tree2Bridge.lean:88:62: error: Tactic `rfl` failed: The left-hand side
  ops.inferType E 2 (l (l X))
is not definitionally equal to the right-hand side
  Except.ok S

⊢ ops.inferType E 2 (l (l X)) = Except.ok S
Tree2Bridge.lean:90:55: error: Tactic `rfl` failed: The left-hand side
  ops.inferType E 2 (arr A X)
is not definitionally equal to the right-hand side
  Except.ok (Expr.sort (Level.zero.succ.imax Level.zero.succ))

⊢ ops.inferType E 2 (arr A X) = Except.ok (Expr.sort (Level.zero.succ.imax Level.zero.succ))
Tree2Bridge.lean:92:55: error: Tactic `rfl` failed: The left-hand side
  ops.inferType E 2 (arr (l (l X)) X)
is not definitionally equal to the right-hand side
  Except.ok (Expr.sort (Level.zero.succ.imax Level.zero.succ))

⊢ ops.inferType E 2 (arr (l (l X)) X) = Except.ok (Expr.sort (Level.zero.succ.imax Level.zero.succ))
Tree2Bridge.lean:94:77: error: Tactic `rfl` failed: The left-hand side
  ops.inferType E 3 (arr (l X) (arr Y Y))
is not definitionally equal to the right-hand side
  Except.ok (Expr.sort (Level.zero.succ.imax (Level.zero.succ.imax Level.zero.succ)))

⊢ ops.inferType E 3 (arr (l X) (arr Y Y)) =
    Except.ok (Expr.sort (Level.zero.succ.imax (Level.zero.succ.imax Level.zero.succ)))
Tree2Bridge.lean:96:77: error: Tactic `rfl` failed: The left-hand side
  ops.inferType E 3 (arr X (arr Y Y))
is not definitionally equal to the right-hand side
  Except.ok (Expr.sort (Level.zero.succ.imax (Level.zero.succ.imax Level.zero.succ)))

⊢ ops.inferType E 3 (arr X (arr Y Y)) =
    Except.ok (Expr.sort (Level.zero.succ.imax (Level.zero.succ.imax Level.zero.succ)))
'Tree2Bridge.official_lowering' depends on axioms: [propext, sorryAx, Classical.choice, Quot.sound]
'Tree2Bridge.canonical_list' depends on axioms: [propext, Classical.choice, Quot.sound]
'Tree2Bridge.root_crests' depends on axioms: [propext, Classical.choice, Quot.sound]
'Tree2Bridge.container_crests' depends on axioms: [propext, Classical.choice, Quot.sound]
'Tree2Bridge.frame_reset' depends on axioms: [propext, sorryAx, Classical.choice, Quot.sound]
'Tree2Bridge.infer_outer' depends on axioms: [propext, sorryAx, Classical.choice, Quot.sound]
