{"id":"bmp1-03000","outputs":[["l",["s"],["l",["b",1],["a",["b",2],["b",1]]]]]}
{"id":"bmp1-03001","outputs":[["l",["s"],["l",["a",["b",1],["b",2]],["a",["a",["b",2],["b",3]],["b",1]]]]]}
{"id":"bmp1-03002","outputs":[["l",["s"],["l",["l",["s"],["a",["b",2],["b",0]]],["a",["l",["s"],["a",["b",3],["b",0]]],["b",1]]]]]}
{"id":"bmp1-03003","outputs":[["l",["s"],["l",["t",["s"],["b",1],["a",["b",2],["b",0]]],["a",["t",["s"],["b",2],["a",["b",3],["b",0]]],["b",1]]]]]}
{"id":"bmp1-03004","outputs":[["l",["s"],["l",["b",1],["a",["b",2],["b",1]]]]]}
{"id":"bmp1-03005","outputs":[["l",["s"],["l",["a",["b",1],["b",2]],["a",["a",["b",2],["b",3]],["b",1]]]]]}
{"id":"bmp1-03006","outputs":[["l",["s"],["l",["l",["s"],["a",["b",2],["b",0]]],["a",["l",["s"],["a",["b",3],["b",0]]],["b",1]]]]]}
{"id":"bmp1-03007","outputs":[["l",["s"],["l",["t",["s"],["b",3],["a",["b",2],["b",0]]],["a",["t",["s"],["b",4],["a",["b",3],["b",0]]],["b",1]]]]]}
{"id":"bmp1-03008","outputs":[["l",["s"],["l",["b",1],["a",["b",2],["b",1]]]]]}
{"id":"bmp1-03009","outputs":[["l",["s"],["l",["a",["b",1],["b",2]],["a",["a",["b",2],["b",3]],["b",1]]]]]}
{"id":"bmp1-03010","outputs":[["l",["s"],["l",["l",["s"],["a",["b",2],["b",0]]],["a",["l",["s"],["a",["b",3],["b",0]]],["b",1]]]]]}
{"id":"bmp1-03011","outputs":[["l",["s"],["l",["t",["s"],["b",3],["a",["b",2],["b",0]]],["a",["t",["s"],["b",4],["a",["b",3],["b",0]]],["b",1]]]]]}
{"id":"bmp1-03012","outputs":[["l",["s"],["l",["b",1],["a",["b",2],["b",1]]]]]}
{"id":"bmp1-03013","outputs":[["l",["s"],["l",["a",["b",1],["b",5]],["a",["a",["b",2],["b",6]],["b",1]]]]]}
{"id":"bmp1-03014","outputs":[["l",["s"],["l",["l",["s"],["a",["b",2],["b",0]]],["a",["l",["s"],["a",["b",3],["b",0]]],["b",1]]]]]}
{"id":"bmp1-03015","outputs":[["l",["s"],["l",["t",["s"],["b",2],["a",["b",2],["b",0]]],["a",["t",["s"],["b",3],["a",["b",3],["b",0]]],["b",1]]]]]}
{"id":"bmp1-03016","outputs":[["l",["s"],["l",["b",1],["a",["b",2],["b",1]]]]]}
{"id":"bmp1-03017","outputs":[["l",["s"],["l",["a",["b",1],["b",4]],["a",["a",["b",2],["b",5]],["b",1]]]]]}
{"id":"bmp1-03018","outputs":[["l",["s"],["l",["l",["s"],["a",["b",2],["b",0]]],["a",["l",["s"],["a",["b",3],["b",0]]],["b",1]]]]]}
{"id":"bmp1-03019","outputs":[["l",["s"],["l",["t",["s"],["b",3],["a",["b",2],["b",0]]],["a",["t",["s"],["b",4],["a",["b",3],["b",0]]],["b",1]]]]]}
{"id":"bmp1-03020","outputs":[["l",["s"],["l",["b",1],["a",["b",2],["b",1]]]]]}
{"id":"bmp1-03021","outputs":[["l",["s"],["l",["a",["b",1],["b",1]],["a",["a",["b",2],["b",2]],["b",1]]]]]}
{"id":"bmp1-03022","outputs":[["l",["s"],["l",["l",["s"],["a",["b",2],["b",0]]],["a",["l",["s"],["a",["b",3],["b",0]]],["b",1]]]]]}
{"id":"bmp1-03023","outputs":[["l",["s"],["l",["t",["s"],["b",4],["a",["b",2],["b",0]]],["a",["t",["s"],["b",5],["a",["b",3],["b",0]]],["b",1]]]]]}
{"id":"bmp1-03024","outputs":[["l",["s"],["l",["b",1],["a",["b",2],["b",1]]]]]}
{"id":"bmp1-03025","outputs":[["l",["s"],["l",["a",["b",1],["b",2]],["a",["a",["b",2],["b",3]],["b",1]]]]]}
{"id":"bmp1-03026","outputs":[["l",["s"],["l",["l",["s"],["a",["b",2],["b",0]]],["a",["l",["s"],["a",["b",3],["b",0]]],["b",1]]]]]}
{"id":"bmp1-03027","outputs":[["l",["s"],["l",["t",["s"],["b",3],["a",["b",2],["b",0]]],["a",["t",["s"],["b",4],["a",["b",3],["b",0]]],["b",1]]]]]}
{"id":"bmp1-03028","outputs":[["l",["s"],["l",["b",1],["a",["b",2],["b",1]]]]]}
{"id":"bmp1-03029","outputs":[["l",["s"],["l",["a",["b",1],["b",1]],["a",["a",["b",2],["b",2]],["b",1]]]]]}
{"id":"bmp1-03030","outputs":[["l",["s"],["l",["l",["s"],["a",["b",2],["b",0]]],["a",["l",["s"],["a",["b",3],["b",0]]],["b",1]]]]]}
{"id":"bmp1-03031","outputs":[["l",["s"],["l",["t",["s"],["b",5],["a",["b",2],["b",0]]],["a",["t",["s"],["b",6],["a",["b",3],["b",0]]],["b",1]]]]]}
{"id":"bmp1-03032","outputs":[["l",["s"],["l",["b",1],["a",["b",2],["b",1]]]]]}
{"id":"bmp1-03033","outputs":[["l",["s"],["l",["a",["b",1],["b",2]],["a",["a",["b",2],["b",3]],["b",1]]]]]}
{"id":"bmp1-03034","outputs":[["l",["s"],["l",["l",["s"],["a",["b",2],["b",0]]],["a",["l",["s"],["a",["b",3],["b",0]]],["b",1]]]]]}
{"id":"bmp1-03035","outputs":[["l",["s"],["l",["t",["s"],["b",5],["a",["b",2],["b",0]]],["a",["t",["s"],["b",6],["a",["b",3],["b",0]]],["b",1]]]]]}
{"id":"bmp1-03036","outputs":[["l",["s"],["l",["b",1],["a",["b",2],["b",1]]]]]}
{"id":"bmp1-03037","outputs":[["l",["s"],["l",["a",["b",1],["b",2]],["a",["a",["b",2],["b",3]],["b",1]]]]]}
{"id":"bmp1-03038","outputs":[["l",["s"],["l",["l",["s"],["a",["b",2],["b",0]]],["a",["l",["s"],["a",["b",3],["b",0]]],["b",1]]]]]}
{"id":"bmp1-03039","outputs":[["l",["s"],["l",["t",["s"],["b",2],["a",["b",2],["b",0]]],["a",["t",["s"],["b",3],["a",["b",3],["b",0]]],["b",1]]]]]}
{"id":"bmp1-03040","outputs":[["l",["s"],["l",["b",1],["a",["b",2],["b",1]]]]]}
{"id":"bmp1-03041","outputs":[["l",["s"],["l",["a",["b",1],["b",2]],["a",["a",["b",2],["b",3]],["b",1]]]]]}
{"id":"bmp1-03042","outputs":[["l",["s"],["l",["l",["s"],["a",["b",2],["b",0]]],["a",["l",["s"],["a",["b",3],["b",0]]],["b",1]]]]]}
{"id":"bmp1-03043","outputs":[["l",["s"],["l",["t",["s"],["b",1],["a",["b",2],["b",0]]],["a",["t",["s"],["b",2],["a",["b",3],["b",0]]],["b",1]]]]]}
{"id":"bmp1-03044","outputs":[["l",["s"],["l",["b",1],["a",["b",2],["b",1]]]]]}
{"id":"bmp1-03045","outputs":[["l",["s"],["l",["a",["b",1],["b",4]],["a",["a",["b",2],["b",5]],["b",1]]]]]}
{"id":"bmp1-03046","outputs":[["l",["s"],["l",["l",["s"],["a",["b",2],["b",0]]],["a",["l",["s"],["a",["b",3],["b",0]]],["b",1]]]]]}
{"id":"bmp1-03047","outputs":[["l",["s"],["l",["t",["s"],["b",3],["a",["b",2],["b",0]]],["a",["t",["s"],["b",4],["a",["b",3],["b",0]]],["b",1]]]]]}
{"id":"bmp1-03048","outputs":[["l",["s"],["l",["b",1],["a",["b",2],["b",1]]]]]}
{"id":"bmp1-03049","outputs":[["l",["s"],["l",["a",["b",1],["b",1]],["a",["a",["b",2],["b",2]],["b",1]]]]]}
{"id":"bmp1-03050","outputs":[["l",["s"],["l",["l",["s"],["a",["b",2],["b",0]]],["a",["l",["s"],["a",["b",3],["b",0]]],["b",1]]]]]}
{"id":"bmp1-03051","outputs":[["l",["s"],["l",["t",["s"],["b",3],["a",["b",2],["b",0]]],["a",["t",["s"],["b",4],["a",["b",3],["b",0]]],["b",1]]]]]}
{"id":"bmp1-03052","outputs":[["l",["s"],["l",["b",1],["a",["b",2],["b",1]]]]]}
{"id":"bmp1-03053","outputs":[["l",["s"],["l",["a",["b",1],["b",4]],["a",["a",["b",2],["b",5]],["b",1]]]]]}
{"id":"bmp1-03054","outputs":[["l",["s"],["l",["l",["s"],["a",["b",2],["b",0]]],["a",["l",["s"],["a",["b",3],["b",0]]],["b",1]]]]]}
{"id":"bmp1-03055","outputs":[["l",["s"],["l",["t",["s"],["b",2],["a",["b",2],["b",0]]],["a",["t",["s"],["b",3],["a",["b",3],["b",0]]],["b",1]]]]]}
{"id":"bmp1-03056","outputs":[["l",["s"],["l",["b",1],["a",["b",2],["b",1]]]]]}
{"id":"bmp1-03057","outputs":[["l",["s"],["l",["a",["b",1],["b",1]],["a",["a",["b",2],["b",2]],["b",1]]]]]}
{"id":"bmp1-03058","outputs":[["l",["s"],["l",["l",["s"],["a",["b",2],["b",0]]],["a",["l",["s"],["a",["b",3],["b",0]]],["b",1]]]]]}
{"id":"bmp1-03059","outputs":[["l",["s"],["l",["t",["s"],["b",1],["a",["b",2],["b",0]]],["a",["t",["s"],["b",2],["a",["b",3],["b",0]]],["b",1]]]]]}
{"id":"bmp1-03060","outputs":[["l",["s"],["l",["b",1],["a",["b",2],["b",1]]]]]}
{"id":"bmp1-03061","outputs":[["l",["s"],["l",["a",["b",1],["b",1]],["a",["a",["b",2],["b",2]],["b",1]]]]]}
{"id":"bmp1-03062","outputs":[["l",["s"],["l",["l",["s"],["a",["b",2],["b",0]]],["a",["l",["s"],["a",["b",3],["b",0]]],["b",1]]]]]}
{"id":"bmp1-03063","outputs":[["l",["s"],["l",["t",["s"],["b",3],["a",["b",2],["b",0]]],["a",["t",["s"],["b",4],["a",["b",3],["b",0]]],["b",1]]]]]}
{"id":"bmp1-03064","outputs":[["l",["s"],["l",["b",1],["a",["b",2],["b",1]]]]]}
{"id":"bmp1-03065","outputs":[["l",["s"],["l",["a",["b",1],["b",4]],["a",["a",["b",2],["b",5]],["b",1]]]]]}
{"id":"bmp1-03066","outputs":[["l",["s"],["l",["l",["s"],["a",["b",2],["b",0]]],["a",["l",["s"],["a",["b",3],["b",0]]],["b",1]]]]]}
{"id":"bmp1-03067","outputs":[["l",["s"],["l",["t",["s"],["b",3],["a",["b",2],["b",0]]],["a",["t",["s"],["b",4],["a",["b",3],["b",0]]],["b",1]]]]]}
{"id":"bmp1-03068","outputs":[["l",["s"],["l",["b",1],["a",["b",2],["b",1]]]]]}
{"id":"bmp1-03069","outputs":[["l",["s"],["l",["a",["b",1],["b",2]],["a",["a",["b",2],["b",3]],["b",1]]]]]}
{"id":"bmp1-03070","outputs":[["l",["s"],["l",["l",["s"],["a",["b",2],["b",0]]],["a",["l",["s"],["a",["b",3],["b",0]]],["b",1]]]]]}
{"id":"bmp1-03071","outputs":[["l",["s"],["l",["t",["s"],["b",2],["a",["b",2],["b",0]]],["a",["t",["s"],["b",3],["a",["b",3],["b",0]]],["b",1]]]]]}
{"id":"bmp1-03072","outputs":[["l",["s"],["l",["b",1],["a",["b",2],["b",1]]]]]}
{"id":"bmp1-03073","outputs":[["l",["s"],["l",["a",["b",1],["b",1]],["a",["a",["b",2],["b",2]],["b",1]]]]]}
{"id":"bmp1-03074","outputs":[["l",["s"],["l",["l",["s"],["a",["b",2],["b",0]]],["a",["l",["s"],["a",["b",3],["b",0]]],["b",1]]]]]}
{"id":"bmp1-03075","outputs":[["l",["s"],["l",["t",["s"],["b",3],["a",["b",2],["b",0]]],["a",["t",["s"],["b",4],["a",["b",3],["b",0]]],["b",1]]]]]}
{"id":"bmp1-03076","outputs":[["l",["s"],["l",["b",1],["a",["b",2],["b",1]]]]]}
{"id":"bmp1-03077","outputs":[["l",["s"],["l",["a",["b",1],["b",1]],["a",["a",["b",2],["b",2]],["b",1]]]]]}
{"id":"bmp1-03078","outputs":[["l",["s"],["l",["l",["s"],["a",["b",2],["b",0]]],["a",["l",["s"],["a",["b",3],["b",0]]],["b",1]]]]]}
{"id":"bmp1-03079","outputs":[["l",["s"],["l",["t",["s"],["b",1],["a",["b",2],["b",0]]],["a",["t",["s"],["b",2],["a",["b",3],["b",0]]],["b",1]]]]]}
{"id":"bmp1-03080","outputs":[["l",["s"],["l",["b",1],["a",["b",2],["b",1]]]]]}
{"id":"bmp1-03081","outputs":[["l",["s"],["l",["a",["b",1],["b",2]],["a",["a",["b",2],["b",3]],["b",1]]]]]}
{"id":"bmp1-03082","outputs":[["l",["s"],["l",["l",["s"],["a",["b",2],["b",0]]],["a",["l",["s"],["a",["b",3],["b",0]]],["b",1]]]]]}
{"id":"bmp1-03083","outputs":[["l",["s"],["l",["t",["s"],["b",1],["a",["b",2],["b",0]]],["a",["t",["s"],["b",2],["a",["b",3],["b",0]]],["b",1]]]]]}
{"id":"bmp1-03084","outputs":[["l",["s"],["l",["b",1],["a",["b",2],["b",1]]]]]}
{"id":"bmp1-03085","outputs":[["l",["s"],["l",["a",["b",1],["b",2]],["a",["a",["b",2],["b",3]],["b",1]]]]]}
{"id":"bmp1-03086","outputs":[["l",["s"],["l",["l",["s"],["a",["b",2],["b",0]]],["a",["l",["s"],["a",["b",3],["b",0]]],["b",1]]]]]}
{"id":"bmp1-03087","outputs":[["l",["s"],["l",["t",["s"],["b",2],["a",["b",2],["b",0]]],["a",["t",["s"],["b",3],["a",["b",3],["b",0]]],["b",1]]]]]}
{"id":"bmp1-03088","outputs":[["l",["s"],["l",["b",1],["a",["b",2],["b",1]]]]]}
{"id":"bmp1-03089","outputs":[["l",["s"],["l",["a",["b",1],["b",3]],["a",["a",["b",2],["b",4]],["b",1]]]]]}
{"id":"bmp1-03090","outputs":[["l",["s"],["l",["l",["s"],["a",["b",2],["b",0]]],["a",["l",["s"],["a",["b",3],["b",0]]],["b",1]]]]]}
{"id":"bmp1-03091","outputs":[["l",["s"],["l",["t",["s"],["b",4],["a",["b",2],["b",0]]],["a",["t",["s"],["b",5],["a",["b",3],["b",0]]],["b",1]]]]]}
{"id":"bmp1-03092","outputs":[["l",["s"],["l",["b",1],["a",["b",2],["b",1]]]]]}
{"id":"bmp1-03093","outputs":[["l",["s"],["l",["a",["b",1],["b",5]],["a",["a",["b",2],["b",6]],["b",1]]]]]}
{"id":"bmp1-03094","outputs":[["l",["s"],["l",["l",["s"],["a",["b",2],["b",0]]],["a",["l",["s"],["a",["b",3],["b",0]]],["b",1]]]]]}
{"id":"bmp1-03095","outputs":[["l",["s"],["l",["t",["s"],["b",2],["a",["b",2],["b",0]]],["a",["t",["s"],["b",3],["a",["b",3],["b",0]]],["b",1]]]]]}
{"id":"bmp1-03096","outputs":[["l",["s"],["l",["b",1],["a",["b",2],["b",1]]]]]}
{"id":"bmp1-03097","outputs":[["l",["s"],["l",["a",["b",1],["b",1]],["a",["a",["b",2],["b",2]],["b",1]]]]]}
{"id":"bmp1-03098","outputs":[["l",["s"],["l",["l",["s"],["a",["b",2],["b",0]]],["a",["l",["s"],["a",["b",3],["b",0]]],["b",1]]]]]}
{"id":"bmp1-03099","outputs":[["l",["s"],["l",["t",["s"],["b",2],["a",["b",2],["b",0]]],["a",["t",["s"],["b",3],["a",["b",3],["b",0]]],["b",1]]]]]}
{"id":"bmp1-03100","outputs":[["l",["s"],["l",["b",1],["a",["b",2],["b",1]]]]]}
{"id":"bmp1-03101","outputs":[["l",["s"],["l",["a",["b",1],["b",3]],["a",["a",["b",2],["b",4]],["b",1]]]]]}
{"id":"bmp1-03102","outputs":[["l",["s"],["l",["l",["s"],["a",["b",2],["b",0]]],["a",["l",["s"],["a",["b",3],["b",0]]],["b",1]]]]]}
{"id":"bmp1-03103","outputs":[["l",["s"],["l",["t",["s"],["b",4],["a",["b",2],["b",0]]],["a",["t",["s"],["b",5],["a",["b",3],["b",0]]],["b",1]]]]]}
{"id":"bmp1-03104","outputs":[["l",["s"],["l",["b",1],["a",["b",2],["b",1]]]]]}
{"id":"bmp1-03105","outputs":[["l",["s"],["l",["a",["b",1],["b",1]],["a",["a",["b",2],["b",2]],["b",1]]]]]}
{"id":"bmp1-03106","outputs":[["l",["s"],["l",["l",["s"],["a",["b",2],["b",0]]],["a",["l",["s"],["a",["b",3],["b",0]]],["b",1]]]]]}
{"id":"bmp1-03107","outputs":[["l",["s"],["l",["t",["s"],["b",5],["a",["b",2],["b",0]]],["a",["t",["s"],["b",6],["a",["b",3],["b",0]]],["b",1]]]]]}
{"id":"bmp1-03108","outputs":[["l",["s"],["l",["b",1],["a",["b",2],["b",1]]]]]}
{"id":"bmp1-03109","outputs":[["l",["s"],["l",["a",["b",1],["b",1]],["a",["a",["b",2],["b",2]],["b",1]]]]]}
{"id":"bmp1-03110","outputs":[["l",["s"],["l",["l",["s"],["a",["b",2],["b",0]]],["a",["l",["s"],["a",["b",3],["b",0]]],["b",1]]]]]}
{"id":"bmp1-03111","outputs":[["l",["s"],["l",["t",["s"],["b",3],["a",["b",2],["b",0]]],["a",["t",["s"],["b",4],["a",["b",3],["b",0]]],["b",1]]]]]}
{"id":"bmp1-03112","outputs":[["l",["s"],["l",["b",1],["a",["b",2],["b",1]]]]]}
{"id":"bmp1-03113","outputs":[["l",["s"],["l",["a",["b",1],["b",2]],["a",["a",["b",2],["b",3]],["b",1]]]]]}
{"id":"bmp1-03114","outputs":[["l",["s"],["l",["l",["s"],["a",["b",2],["b",0]]],["a",["l",["s"],["a",["b",3],["b",0]]],["b",1]]]]]}
{"id":"bmp1-03115","outputs":[["l",["s"],["l",["t",["s"],["b",2],["a",["b",2],["b",0]]],["a",["t",["s"],["b",3],["a",["b",3],["b",0]]],["b",1]]]]]}
{"id":"bmp1-03116","outputs":[["l",["s"],["l",["b",1],["a",["b",2],["b",1]]]]]}
{"id":"bmp1-03117","outputs":[["l",["s"],["l",["a",["b",1],["b",4]],["a",["a",["b",2],["b",5]],["b",1]]]]]}
{"id":"bmp1-03118","outputs":[["l",["s"],["l",["l",["s"],["a",["b",2],["b",0]]],["a",["l",["s"],["a",["b",3],["b",0]]],["b",1]]]]]}
{"id":"bmp1-03119","outputs":[["l",["s"],["l",["t",["s"],["b",3],["a",["b",2],["b",0]]],["a",["t",["s"],["b",4],["a",["b",3],["b",0]]],["b",1]]]]]}
{"id":"bmp1-03120","outputs":[["l",["s"],["l",["b",1],["a",["b",2],["b",1]]]]]}
{"id":"bmp1-03121","outputs":[["l",["s"],["l",["a",["b",1],["b",2]],["a",["a",["b",2],["b",3]],["b",1]]]]]}
{"id":"bmp1-03122","outputs":[["l",["s"],["l",["l",["s"],["a",["b",2],["b",0]]],["a",["l",["s"],["a",["b",3],["b",0]]],["b",1]]]]]}
{"id":"bmp1-03123","outputs":[["l",["s"],["l",["t",["s"],["b",1],["a",["b",2],["b",0]]],["a",["t",["s"],["b",2],["a",["b",3],["b",0]]],["b",1]]]]]}
{"id":"bmp1-03124","outputs":[["l",["s"],["l",["b",1],["a",["b",2],["b",1]]]]]}
{"id":"bmp1-03125","outputs":[["l",["s"],["l",["a",["b",1],["b",3]],["a",["a",["b",2],["b",4]],["b",1]]]]]}
{"id":"bmp1-03126","outputs":[["l",["s"],["l",["l",["s"],["a",["b",2],["b",0]]],["a",["l",["s"],["a",["b",3],["b",0]]],["b",1]]]]]}
{"id":"bmp1-03127","outputs":[["l",["s"],["l",["t",["s"],["b",1],["a",["b",2],["b",0]]],["a",["t",["s"],["b",2],["a",["b",3],["b",0]]],["b",1]]]]]}
{"id":"bmp1-03128","outputs":[["l",["s"],["l",["b",1],["a",["b",2],["b",1]]]]]}
{"id":"bmp1-03129","outputs":[["l",["s"],["l",["a",["b",1],["b",3]],["a",["a",["b",2],["b",4]],["b",1]]]]]}
{"id":"bmp1-03130","outputs":[["l",["s"],["l",["l",["s"],["a",["b",2],["b",0]]],["a",["l",["s"],["a",["b",3],["b",0]]],["b",1]]]]]}
{"id":"bmp1-03131","outputs":[["l",["s"],["l",["t",["s"],["b",1],["a",["b",2],["b",0]]],["a",["t",["s"],["b",2],["a",["b",3],["b",0]]],["b",1]]]]]}
{"id":"bmp1-03132","outputs":[["l",["s"],["l",["b",1],["a",["b",2],["b",1]]]]]}
{"id":"bmp1-03133","outputs":[["l",["s"],["l",["a",["b",1],["b",3]],["a",["a",["b",2],["b",4]],["b",1]]]]]}
{"id":"bmp1-03134","outputs":[["l",["s"],["l",["l",["s"],["a",["b",2],["b",0]]],["a",["l",["s"],["a",["b",3],["b",0]]],["b",1]]]]]}
{"id":"bmp1-03135","outputs":[["l",["s"],["l",["t",["s"],["b",3],["a",["b",2],["b",0]]],["a",["t",["s"],["b",4],["a",["b",3],["b",0]]],["b",1]]]]]}
{"id":"bmp1-03136","outputs":[["l",["s"],["l",["b",1],["a",["b",2],["b",1]]]]]}
{"id":"bmp1-03137","outputs":[["l",["s"],["l",["a",["b",1],["b",2]],["a",["a",["b",2],["b",3]],["b",1]]]]]}
{"id":"bmp1-03138","outputs":[["l",["s"],["l",["l",["s"],["a",["b",2],["b",0]]],["a",["l",["s"],["a",["b",3],["b",0]]],["b",1]]]]]}
{"id":"bmp1-03139","outputs":[["l",["s"],["l",["t",["s"],["b",3],["a",["b",2],["b",0]]],["a",["t",["s"],["b",4],["a",["b",3],["b",0]]],["b",1]]]]]}
{"id":"bmp1-03140","outputs":[["l",["s"],["l",["b",1],["a",["b",2],["b",1]]]]]}
{"id":"bmp1-03141","outputs":[["l",["s"],["l",["a",["b",1],["b",2]],["a",["a",["b",2],["b",3]],["b",1]]]]]}
{"id":"bmp1-03142","outputs":[["l",["s"],["l",["l",["s"],["a",["b",2],["b",0]]],["a",["l",["s"],["a",["b",3],["b",0]]],["b",1]]]]]}
{"id":"bmp1-03143","outputs":[["l",["s"],["l",["t",["s"],["b",2],["a",["b",2],["b",0]]],["a",["t",["s"],["b",3],["a",["b",3],["b",0]]],["b",1]]]]]}
{"id":"bmp1-03144","outputs":[["l",["s"],["l",["b",1],["a",["b",2],["b",1]]]]]}
{"id":"bmp1-03145","outputs":[["l",["s"],["l",["a",["b",1],["b",1]],["a",["a",["b",2],["b",2]],["b",1]]]]]}
{"id":"bmp1-03146","outputs":[["l",["s"],["l",["l",["s"],["a",["b",2],["b",0]]],["a",["l",["s"],["a",["b",3],["b",0]]],["b",1]]]]]}
{"id":"bmp1-03147","outputs":[["l",["s"],["l",["t",["s"],["b",2],["a",["b",2],["b",0]]],["a",["t",["s"],["b",3],["a",["b",3],["b",0]]],["b",1]]]]]}
{"id":"bmp1-03148","outputs":[["l",["s"],["l",["b",1],["a",["b",2],["b",1]]]]]}
{"id":"bmp1-03149","outputs":[["l",["s"],["l",["a",["b",1],["b",2]],["a",["a",["b",2],["b",3]],["b",1]]]]]}
{"id":"bmp1-03150","outputs":[["l",["s"],["l",["l",["s"],["a",["b",2],["b",0]]],["a",["l",["s"],["a",["b",3],["b",0]]],["b",1]]]]]}
{"id":"bmp1-03151","outputs":[["l",["s"],["l",["t",["s"],["b",2],["a",["b",2],["b",0]]],["a",["t",["s"],["b",3],["a",["b",3],["b",0]]],["b",1]]]]]}
{"id":"bmp1-03152","outputs":[["l",["s"],["l",["b",1],["a",["b",2],["b",1]]]]]}
{"id":"bmp1-03153","outputs":[["l",["s"],["l",["a",["b",1],["b",3]],["a",["a",["b",2],["b",4]],["b",1]]]]]}
{"id":"bmp1-03154","outputs":[["l",["s"],["l",["l",["s"],["a",["b",2],["b",0]]],["a",["l",["s"],["a",["b",3],["b",0]]],["b",1]]]]]}
{"id":"bmp1-03155","outputs":[["l",["s"],["l",["t",["s"],["b",3],["a",["b",2],["b",0]]],["a",["t",["s"],["b",4],["a",["b",3],["b",0]]],["b",1]]]]]}
{"id":"bmp1-03156","outputs":[["l",["s"],["l",["b",1],["a",["b",2],["b",1]]]]]}
{"id":"bmp1-03157","outputs":[["l",["s"],["l",["a",["b",1],["b",1]],["a",["a",["b",2],["b",2]],["b",1]]]]]}
{"id":"bmp1-03158","outputs":[["l",["s"],["l",["l",["s"],["a",["b",2],["b",0]]],["a",["l",["s"],["a",["b",3],["b",0]]],["b",1]]]]]}
{"id":"bmp1-03159","outputs":[["l",["s"],["l",["t",["s"],["b",5],["a",["b",2],["b",0]]],["a",["t",["s"],["b",6],["a",["b",3],["b",0]]],["b",1]]]]]}
{"id":"bmp1-03160","outputs":[["l",["s"],["l",["b",1],["a",["b",2],["b",1]]]]]}
{"id":"bmp1-03161","outputs":[["l",["s"],["l",["a",["b",1],["b",3]],["a",["a",["b",2],["b",4]],["b",1]]]]]}
{"id":"bmp1-03162","outputs":[["l",["s"],["l",["l",["s"],["a",["b",2],["b",0]]],["a",["l",["s"],["a",["b",3],["b",0]]],["b",1]]]]]}
{"id":"bmp1-03163","outputs":[["l",["s"],["l",["t",["s"],["b",3],["a",["b",2],["b",0]]],["a",["t",["s"],["b",4],["a",["b",3],["b",0]]],["b",1]]]]]}
{"id":"bmp1-03164","outputs":[["l",["s"],["l",["b",1],["a",["b",2],["b",1]]]]]}
{"id":"bmp1-03165","outputs":[["l",["s"],["l",["a",["b",1],["b",1]],["a",["a",["b",2],["b",2]],["b",1]]]]]}
{"id":"bmp1-03166","outputs":[["l",["s"],["l",["l",["s"],["a",["b",2],["b",0]]],["a",["l",["s"],["a",["b",3],["b",0]]],["b",1]]]]]}
{"id":"bmp1-03167","outputs":[["l",["s"],["l",["t",["s"],["b",3],["a",["b",2],["b",0]]],["a",["t",["s"],["b",4],["a",["b",3],["b",0]]],["b",1]]]]]}
{"id":"bmp1-03168","outputs":[["l",["s"],["l",["b",1],["a",["b",2],["b",1]]]]]}
{"id":"bmp1-03169","outputs":[["l",["s"],["l",["a",["b",1],["b",5]],["a",["a",["b",2],["b",6]],["b",1]]]]]}
{"id":"bmp1-03170","outputs":[["l",["s"],["l",["l",["s"],["a",["b",2],["b",0]]],["a",["l",["s"],["a",["b",3],["b",0]]],["b",1]]]]]}
{"id":"bmp1-03171","outputs":[["l",["s"],["l",["t",["s"],["b",5],["a",["b",2],["b",0]]],["a",["t",["s"],["b",6],["a",["b",3],["b",0]]],["b",1]]]]]}
{"id":"bmp1-03172","outputs":[["l",["s"],["l",["b",1],["a",["b",2],["b",1]]]]]}
{"id":"bmp1-03173","outputs":[["l",["s"],["l",["a",["b",1],["b",1]],["a",["a",["b",2],["b",2]],["b",1]]]]]}
{"id":"bmp1-03174","outputs":[["l",["s"],["l",["l",["s"],["a",["b",2],["b",0]]],["a",["l",["s"],["a",["b",3],["b",0]]],["b",1]]]]]}
{"id":"bmp1-03175","outputs":[["l",["s"],["l",["t",["s"],["b",1],["a",["b",2],["b",0]]],["a",["t",["s"],["b",2],["a",["b",3],["b",0]]],["b",1]]]]]}
{"id":"bmp1-03176","outputs":[["l",["s"],["l",["b",1],["a",["b",2],["b",1]]]]]}
{"id":"bmp1-03177","outputs":[["l",["s"],["l",["a",["b",1],["b",2]],["a",["a",["b",2],["b",3]],["b",1]]]]]}
{"id":"bmp1-03178","outputs":[["l",["s"],["l",["l",["s"],["a",["b",2],["b",0]]],["a",["l",["s"],["a",["b",3],["b",0]]],["b",1]]]]]}
{"id":"bmp1-03179","outputs":[["l",["s"],["l",["t",["s"],["b",3],["a",["b",2],["b",0]]],["a",["t",["s"],["b",4],["a",["b",3],["b",0]]],["b",1]]]]]}
{"id":"bmp1-03180","outputs":[["l",["s"],["l",["b",1],["a",["b",2],["b",1]]]]]}
{"id":"bmp1-03181","outputs":[["l",["s"],["l",["a",["b",1],["b",2]],["a",["a",["b",2],["b",3]],["b",1]]]]]}
{"id":"bmp1-03182","outputs":[["l",["s"],["l",["l",["s"],["a",["b",2],["b",0]]],["a",["l",["s"],["a",["b",3],["b",0]]],["b",1]]]]]}
{"id":"bmp1-03183","outputs":[["l",["s"],["l",["t",["s"],["b",1],["a",["b",2],["b",0]]],["a",["t",["s"],["b",2],["a",["b",3],["b",0]]],["b",1]]]]]}
{"id":"bmp1-03184","outputs":[["l",["s"],["l",["b",1],["a",["b",2],["b",1]]]]]}
{"id":"bmp1-03185","outputs":[["l",["s"],["l",["a",["b",1],["b",1]],["a",["a",["b",2],["b",2]],["b",1]]]]]}
{"id":"bmp1-03186","outputs":[["l",["s"],["l",["l",["s"],["a",["b",2],["b",0]]],["a",["l",["s"],["a",["b",3],["b",0]]],["b",1]]]]]}
{"id":"bmp1-03187","outputs":[["l",["s"],["l",["t",["s"],["b",1],["a",["b",2],["b",0]]],["a",["t",["s"],["b",2],["a",["b",3],["b",0]]],["b",1]]]]]}
{"id":"bmp1-03188","outputs":[["l",["s"],["l",["b",1],["a",["b",2],["b",1]]]]]}
{"id":"bmp1-03189","outputs":[["l",["s"],["l",["a",["b",1],["b",2]],["a",["a",["b",2],["b",3]],["b",1]]]]]}
{"id":"bmp1-03190","outputs":[["l",["s"],["l",["l",["s"],["a",["b",2],["b",0]]],["a",["l",["s"],["a",["b",3],["b",0]]],["b",1]]]]]}
{"id":"bmp1-03191","outputs":[["l",["s"],["l",["t",["s"],["b",5],["a",["b",2],["b",0]]],["a",["t",["s"],["b",6],["a",["b",3],["b",0]]],["b",1]]]]]}
{"id":"bmp1-03192","outputs":[["l",["s"],["l",["b",1],["a",["b",2],["b",1]]]]]}
{"id":"bmp1-03193","outputs":[["l",["s"],["l",["a",["b",1],["b",1]],["a",["a",["b",2],["b",2]],["b",1]]]]]}
{"id":"bmp1-03194","outputs":[["l",["s"],["l",["l",["s"],["a",["b",2],["b",0]]],["a",["l",["s"],["a",["b",3],["b",0]]],["b",1]]]]]}
{"id":"bmp1-03195","outputs":[["l",["s"],["l",["t",["s"],["b",3],["a",["b",2],["b",0]]],["a",["t",["s"],["b",4],["a",["b",3],["b",0]]],["b",1]]]]]}
{"id":"bmp1-03196","outputs":[["l",["s"],["l",["b",1],["a",["b",2],["b",1]]]]]}
{"id":"bmp1-03197","outputs":[["l",["s"],["l",["a",["b",1],["b",5]],["a",["a",["b",2],["b",6]],["b",1]]]]]}
{"id":"bmp1-03198","outputs":[["l",["s"],["l",["l",["s"],["a",["b",2],["b",0]]],["a",["l",["s"],["a",["b",3],["b",0]]],["b",1]]]]]}
{"id":"bmp1-03199","outputs":[["l",["s"],["l",["t",["s"],["b",1],["a",["b",2],["b",0]]],["a",["t",["s"],["b",2],["a",["b",3],["b",0]]],["b",1]]]]]}
{"id":"bmp1-03200","outputs":[["l",["s"],["l",["b",1],["a",["b",2],["b",1]]]]]}
{"id":"bmp1-03201","outputs":[["l",["s"],["l",["a",["b",1],["b",2]],["a",["a",["b",2],["b",3]],["b",1]]]]]}
{"id":"bmp1-03202","outputs":[["l",["s"],["l",["l",["s"],["a",["b",2],["b",0]]],["a",["l",["s"],["a",["b",3],["b",0]]],["b",1]]]]]}
{"id":"bmp1-03203","outputs":[["l",["s"],["l",["t",["s"],["b",1],["a",["b",2],["b",0]]],["a",["t",["s"],["b",2],["a",["b",3],["b",0]]],["b",1]]]]]}
{"id":"bmp1-03204","outputs":[["l",["s"],["l",["b",1],["a",["b",2],["b",1]]]]]}
{"id":"bmp1-03205","outputs":[["l",["s"],["l",["a",["b",1],["b",2]],["a",["a",["b",2],["b",3]],["b",1]]]]]}
{"id":"bmp1-03206","outputs":[["l",["s"],["l",["l",["s"],["a",["b",2],["b",0]]],["a",["l",["s"],["a",["b",3],["b",0]]],["b",1]]]]]}
{"id":"bmp1-03207","outputs":[["l",["s"],["l",["t",["s"],["b",1],["a",["b",2],["b",0]]],["a",["t",["s"],["b",2],["a",["b",3],["b",0]]],["b",1]]]]]}
{"id":"bmp1-03208","outputs":[["l",["s"],["l",["b",1],["a",["b",2],["b",1]]]]]}
{"id":"bmp1-03209","outputs":[["l",["s"],["l",["a",["b",1],["b",2]],["a",["a",["b",2],["b",3]],["b",1]]]]]}
{"id":"bmp1-03210","outputs":[["l",["s"],["l",["l",["s"],["a",["b",2],["b",0]]],["a",["l",["s"],["a",["b",3],["b",0]]],["b",1]]]]]}
{"id":"bmp1-03211","outputs":[["l",["s"],["l",["t",["s"],["b",2],["a",["b",2],["b",0]]],["a",["t",["s"],["b",3],["a",["b",3],["b",0]]],["b",1]]]]]}
{"id":"bmp1-03212","outputs":[["l",["s"],["l",["b",1],["a",["b",2],["b",1]]]]]}
{"id":"bmp1-03213","outputs":[["l",["s"],["l",["a",["b",1],["b",2]],["a",["a",["b",2],["b",3]],["b",1]]]]]}
{"id":"bmp1-03214","outputs":[["l",["s"],["l",["l",["s"],["a",["b",2],["b",0]]],["a",["l",["s"],["a",["b",3],["b",0]]],["b",1]]]]]}
{"id":"bmp1-03215","outputs":[["l",["s"],["l",["t",["s"],["b",1],["a",["b",2],["b",0]]],["a",["t",["s"],["b",2],["a",["b",3],["b",0]]],["b",1]]]]]}
{"id":"bmp1-03216","outputs":[["l",["s"],["l",["b",1],["a",["b",2],["b",1]]]]]}
{"id":"bmp1-03217","outputs":[["l",["s"],["l",["a",["b",1],["b",2]],["a",["a",["b",2],["b",3]],["b",1]]]]]}
{"id":"bmp1-03218","outputs":[["l",["s"],["l",["l",["s"],["a",["b",2],["b",0]]],["a",["l",["s"],["a",["b",3],["b",0]]],["b",1]]]]]}
{"id":"bmp1-03219","outputs":[["l",["s"],["l",["t",["s"],["b",1],["a",["b",2],["b",0]]],["a",["t",["s"],["b",2],["a",["b",3],["b",0]]],["b",1]]]]]}
{"id":"bmp1-03220","outputs":[["l",["s"],["l",["b",1],["a",["b",2],["b",1]]]]]}
{"id":"bmp1-03221","outputs":[["l",["s"],["l",["a",["b",1],["b",4]],["a",["a",["b",2],["b",5]],["b",1]]]]]}
{"id":"bmp1-03222","outputs":[["l",["s"],["l",["l",["s"],["a",["b",2],["b",0]]],["a",["l",["s"],["a",["b",3],["b",0]]],["b",1]]]]]}
{"id":"bmp1-03223","outputs":[["l",["s"],["l",["t",["s"],["b",1],["a",["b",2],["b",0]]],["a",["t",["s"],["b",2],["a",["b",3],["b",0]]],["b",1]]]]]}
{"id":"bmp1-03224","outputs":[["l",["s"],["l",["b",1],["a",["b",2],["b",1]]]]]}
{"id":"bmp1-03225","outputs":[["l",["s"],["l",["a",["b",1],["b",1]],["a",["a",["b",2],["b",2]],["b",1]]]]]}
{"id":"bmp1-03226","outputs":[["l",["s"],["l",["l",["s"],["a",["b",2],["b",0]]],["a",["l",["s"],["a",["b",3],["b",0]]],["b",1]]]]]}
{"id":"bmp1-03227","outputs":[["l",["s"],["l",["t",["s"],["b",3],["a",["b",2],["b",0]]],["a",["t",["s"],["b",4],["a",["b",3],["b",0]]],["b",1]]]]]}
{"id":"bmp1-03228","outputs":[["l",["s"],["l",["b",1],["a",["b",2],["b",1]]]]]}
{"id":"bmp1-03229","outputs":[["l",["s"],["l",["a",["b",1],["b",1]],["a",["a",["b",2],["b",2]],["b",1]]]]]}
{"id":"bmp1-03230","outputs":[["l",["s"],["l",["l",["s"],["a",["b",2],["b",0]]],["a",["l",["s"],["a",["b",3],["b",0]]],["b",1]]]]]}
{"id":"bmp1-03231","outputs":[["l",["s"],["l",["t",["s"],["b",2],["a",["b",2],["b",0]]],["a",["t",["s"],["b",3],["a",["b",3],["b",0]]],["b",1]]]]]}
{"id":"bmp1-03232","outputs":[["l",["s"],["l",["b",1],["a",["b",2],["b",1]]]]]}
{"id":"bmp1-03233","outputs":[["l",["s"],["l",["a",["b",1],["b",2]],["a",["a",["b",2],["b",3]],["b",1]]]]]}
{"id":"bmp1-03234","outputs":[["l",["s"],["l",["l",["s"],["a",["b",2],["b",0]]],["a",["l",["s"],["a",["b",3],["b",0]]],["b",1]]]]]}
{"id":"bmp1-03235","outputs":[["l",["s"],["l",["t",["s"],["b",3],["a",["b",2],["b",0]]],["a",["t",["s"],["b",4],["a",["b",3],["b",0]]],["b",1]]]]]}
{"id":"bmp1-03236","outputs":[["l",["s"],["l",["b",1],["a",["b",2],["b",1]]]]]}
{"id":"bmp1-03237","outputs":[["l",["s"],["l",["a",["b",1],["b",1]],["a",["a",["b",2],["b",2]],["b",1]]]]]}
{"id":"bmp1-03238","outputs":[["l",["s"],["l",["l",["s"],["a",["b",2],["b",0]]],["a",["l",["s"],["a",["b",3],["b",0]]],["b",1]]]]]}
{"id":"bmp1-03239","outputs":[["l",["s"],["l",["t",["s"],["b",2],["a",["b",2],["b",0]]],["a",["t",["s"],["b",3],["a",["b",3],["b",0]]],["b",1]]]]]}
{"id":"bmp1-03240","outputs":[["l",["s"],["l",["b",1],["a",["b",2],["b",1]]]]]}
{"id":"bmp1-03241","outputs":[["l",["s"],["l",["a",["b",1],["b",3]],["a",["a",["b",2],["b",4]],["b",1]]]]]}
{"id":"bmp1-03242","outputs":[["l",["s"],["l",["l",["s"],["a",["b",2],["b",0]]],["a",["l",["s"],["a",["b",3],["b",0]]],["b",1]]]]]}
{"id":"bmp1-03243","outputs":[["l",["s"],["l",["t",["s"],["b",1],["a",["b",2],["b",0]]],["a",["t",["s"],["b",2],["a",["b",3],["b",0]]],["b",1]]]]]}
{"id":"bmp1-03244","outputs":[["l",["s"],["l",["b",1],["a",["b",2],["b",1]]]]]}
{"id":"bmp1-03245","outputs":[["l",["s"],["l",["a",["b",1],["b",1]],["a",["a",["b",2],["b",2]],["b",1]]]]]}
{"id":"bmp1-03246","outputs":[["l",["s"],["l",["l",["s"],["a",["b",2],["b",0]]],["a",["l",["s"],["a",["b",3],["b",0]]],["b",1]]]]]}
{"id":"bmp1-03247","outputs":[["l",["s"],["l",["t",["s"],["b",2],["a",["b",2],["b",0]]],["a",["t",["s"],["b",3],["a",["b",3],["b",0]]],["b",1]]]]]}
{"id":"bmp1-03248","outputs":[["l",["s"],["l",["b",1],["a",["b",2],["b",1]]]]]}
{"id":"bmp1-03249","outputs":[["l",["s"],["l",["a",["b",1],["b",4]],["a",["a",["b",2],["b",5]],["b",1]]]]]}
{"id":"bmp1-03250","outputs":[["l",["s"],["l",["l",["s"],["a",["b",2],["b",0]]],["a",["l",["s"],["a",["b",3],["b",0]]],["b",1]]]]]}
{"id":"bmp1-03251","outputs":[["l",["s"],["l",["t",["s"],["b",2],["a",["b",2],["b",0]]],["a",["t",["s"],["b",3],["a",["b",3],["b",0]]],["b",1]]]]]}
{"id":"bmp1-03252","outputs":[["l",["s"],["l",["b",1],["a",["b",2],["b",1]]]]]}
{"id":"bmp1-03253","outputs":[["l",["s"],["l",["a",["b",1],["b",5]],["a",["a",["b",2],["b",6]],["b",1]]]]]}
{"id":"bmp1-03254","outputs":[["l",["s"],["l",["l",["s"],["a",["b",2],["b",0]]],["a",["l",["s"],["a",["b",3],["b",0]]],["b",1]]]]]}
{"id":"bmp1-03255","outputs":[["l",["s"],["l",["t",["s"],["b",1],["a",["b",2],["b",0]]],["a",["t",["s"],["b",2],["a",["b",3],["b",0]]],["b",1]]]]]}
{"id":"bmp1-03256","outputs":[["l",["s"],["l",["b",1],["a",["b",2],["b",1]]]]]}
{"id":"bmp1-03257","outputs":[["l",["s"],["l",["a",["b",1],["b",1]],["a",["a",["b",2],["b",2]],["b",1]]]]]}
{"id":"bmp1-03258","outputs":[["l",["s"],["l",["l",["s"],["a",["b",2],["b",0]]],["a",["l",["s"],["a",["b",3],["b",0]]],["b",1]]]]]}
{"id":"bmp1-03259","outputs":[["l",["s"],["l",["t",["s"],["b",2],["a",["b",2],["b",0]]],["a",["t",["s"],["b",3],["a",["b",3],["b",0]]],["b",1]]]]]}
{"id":"bmp1-03260","outputs":[["l",["s"],["l",["b",1],["a",["b",2],["b",1]]]]]}
{"id":"bmp1-03261","outputs":[["l",["s"],["l",["a",["b",1],["b",4]],["a",["a",["b",2],["b",5]],["b",1]]]]]}
{"id":"bmp1-03262","outputs":[["l",["s"],["l",["l",["s"],["a",["b",2],["b",0]]],["a",["l",["s"],["a",["b",3],["b",0]]],["b",1]]]]]}
{"id":"bmp1-03263","outputs":[["l",["s"],["l",["t",["s"],["b",4],["a",["b",2],["b",0]]],["a",["t",["s"],["b",5],["a",["b",3],["b",0]]],["b",1]]]]]}
{"id":"bmp1-03264","outputs":[["l",["s"],["l",["b",1],["a",["b",2],["b",1]]]]]}
{"id":"bmp1-03265","outputs":[["l",["s"],["l",["a",["b",1],["b",1]],["a",["a",["b",2],["b",2]],["b",1]]]]]}
{"id":"bmp1-03266","outputs":[["l",["s"],["l",["l",["s"],["a",["b",2],["b",0]]],["a",["l",["s"],["a",["b",3],["b",0]]],["b",1]]]]]}
{"id":"bmp1-03267","outputs":[["l",["s"],["l",["t",["s"],["b",3],["a",["b",2],["b",0]]],["a",["t",["s"],["b",4],["a",["b",3],["b",0]]],["b",1]]]]]}
{"id":"bmp1-03268","outputs":[["l",["s"],["l",["b",1],["a",["b",2],["b",1]]]]]}
{"id":"bmp1-03269","outputs":[["l",["s"],["l",["a",["b",1],["b",2]],["a",["a",["b",2],["b",3]],["b",1]]]]]}
{"id":"bmp1-03270","outputs":[["l",["s"],["l",["l",["s"],["a",["b",2],["b",0]]],["a",["l",["s"],["a",["b",3],["b",0]]],["b",1]]]]]}
{"id":"bmp1-03271","outputs":[["l",["s"],["l",["t",["s"],["b",3],["a",["b",2],["b",0]]],["a",["t",["s"],["b",4],["a",["b",3],["b",0]]],["b",1]]]]]}
{"id":"bmp1-03272","outputs":[["l",["s"],["l",["b",1],["a",["b",2],["b",1]]]]]}
{"id":"bmp1-03273","outputs":[["l",["s"],["l",["a",["b",1],["b",4]],["a",["a",["b",2],["b",5]],["b",1]]]]]}
{"id":"bmp1-03274","outputs":[["l",["s"],["l",["l",["s"],["a",["b",2],["b",0]]],["a",["l",["s"],["a",["b",3],["b",0]]],["b",1]]]]]}
{"id":"bmp1-03275","outputs":[["l",["s"],["l",["t",["s"],["b",3],["a",["b",2],["b",0]]],["a",["t",["s"],["b",4],["a",["b",3],["b",0]]],["b",1]]]]]}
{"id":"bmp1-03276","outputs":[["l",["s"],["l",["b",1],["a",["b",2],["b",1]]]]]}
{"id":"bmp1-03277","outputs":[["l",["s"],["l",["a",["b",1],["b",3]],["a",["a",["b",2],["b",4]],["b",1]]]]]}
{"id":"bmp1-03278","outputs":[["l",["s"],["l",["l",["s"],["a",["b",2],["b",0]]],["a",["l",["s"],["a",["b",3],["b",0]]],["b",1]]]]]}
{"id":"bmp1-03279","outputs":[["l",["s"],["l",["t",["s"],["b",3],["a",["b",2],["b",0]]],["a",["t",["s"],["b",4],["a",["b",3],["b",0]]],["b",1]]]]]}
{"id":"bmp1-03280","outputs":[["l",["s"],["l",["b",1],["a",["b",2],["b",1]]]]]}
{"id":"bmp1-03281","outputs":[["l",["s"],["l",["a",["b",1],["b",2]],["a",["a",["b",2],["b",3]],["b",1]]]]]}
{"id":"bmp1-03282","outputs":[["l",["s"],["l",["l",["s"],["a",["b",2],["b",0]]],["a",["l",["s"],["a",["b",3],["b",0]]],["b",1]]]]]}
{"id":"bmp1-03283","outputs":[["l",["s"],["l",["t",["s"],["b",4],["a",["b",2],["b",0]]],["a",["t",["s"],["b",5],["a",["b",3],["b",0]]],["b",1]]]]]}
{"id":"bmp1-03284","outputs":[["l",["s"],["l",["b",1],["a",["b",2],["b",1]]]]]}
{"id":"bmp1-03285","outputs":[["l",["s"],["l",["a",["b",1],["b",2]],["a",["a",["b",2],["b",3]],["b",1]]]]]}
{"id":"bmp1-03286","outputs":[["l",["s"],["l",["l",["s"],["a",["b",2],["b",0]]],["a",["l",["s"],["a",["b",3],["b",0]]],["b",1]]]]]}
{"id":"bmp1-03287","outputs":[["l",["s"],["l",["t",["s"],["b",1],["a",["b",2],["b",0]]],["a",["t",["s"],["b",2],["a",["b",3],["b",0]]],["b",1]]]]]}
{"id":"bmp1-03288","outputs":[["l",["s"],["l",["b",1],["a",["b",2],["b",1]]]]]}
{"id":"bmp1-03289","outputs":[["l",["s"],["l",["a",["b",1],["b",2]],["a",["a",["b",2],["b",3]],["b",1]]]]]}
{"id":"bmp1-03290","outputs":[["l",["s"],["l",["l",["s"],["a",["b",2],["b",0]]],["a",["l",["s"],["a",["b",3],["b",0]]],["b",1]]]]]}
{"id":"bmp1-03291","outputs":[["l",["s"],["l",["t",["s"],["b",1],["a",["b",2],["b",0]]],["a",["t",["s"],["b",2],["a",["b",3],["b",0]]],["b",1]]]]]}
{"id":"bmp1-03292","outputs":[["l",["s"],["l",["b",1],["a",["b",2],["b",1]]]]]}
{"id":"bmp1-03293","outputs":[["l",["s"],["l",["a",["b",1],["b",2]],["a",["a",["b",2],["b",3]],["b",1]]]]]}
{"id":"bmp1-03294","outputs":[["l",["s"],["l",["l",["s"],["a",["b",2],["b",0]]],["a",["l",["s"],["a",["b",3],["b",0]]],["b",1]]]]]}
{"id":"bmp1-03295","outputs":[["l",["s"],["l",["t",["s"],["b",2],["a",["b",2],["b",0]]],["a",["t",["s"],["b",3],["a",["b",3],["b",0]]],["b",1]]]]]}
{"id":"bmp1-03296","outputs":[["l",["s"],["l",["b",1],["a",["b",2],["b",1]]]]]}
{"id":"bmp1-03297","outputs":[["l",["s"],["l",["a",["b",1],["b",2]],["a",["a",["b",2],["b",3]],["b",1]]]]]}
{"id":"bmp1-03298","outputs":[["l",["s"],["l",["l",["s"],["a",["b",2],["b",0]]],["a",["l",["s"],["a",["b",3],["b",0]]],["b",1]]]]]}
{"id":"bmp1-03299","outputs":[["l",["s"],["l",["t",["s"],["b",3],["a",["b",2],["b",0]]],["a",["t",["s"],["b",4],["a",["b",3],["b",0]]],["b",1]]]]]}
{"id":"bmp1-03300","outputs":[["l",["s"],["l",["b",1],["a",["b",2],["b",1]]]]]}
{"id":"bmp1-03301","outputs":[["l",["s"],["l",["a",["b",1],["b",1]],["a",["a",["b",2],["b",2]],["b",1]]]]]}
{"id":"bmp1-03302","outputs":[["l",["s"],["l",["l",["s"],["a",["b",2],["b",0]]],["a",["l",["s"],["a",["b",3],["b",0]]],["b",1]]]]]}
{"id":"bmp1-03303","outputs":[["l",["s"],["l",["t",["s"],["b",1],["a",["b",2],["b",0]]],["a",["t",["s"],["b",2],["a",["b",3],["b",0]]],["b",1]]]]]}
{"id":"bmp1-03304","outputs":[["l",["s"],["l",["b",1],["a",["b",2],["b",1]]]]]}
{"id":"bmp1-03305","outputs":[["l",["s"],["l",["a",["b",1],["b",1]],["a",["a",["b",2],["b",2]],["b",1]]]]]}
{"id":"bmp1-03306","outputs":[["l",["s"],["l",["l",["s"],["a",["b",2],["b",0]]],["a",["l",["s"],["a",["b",3],["b",0]]],["b",1]]]]]}
{"id":"bmp1-03307","outputs":[["l",["s"],["l",["t",["s"],["b",1],["a",["b",2],["b",0]]],["a",["t",["s"],["b",2],["a",["b",3],["b",0]]],["b",1]]]]]}
{"id":"bmp1-03308","outputs":[["l",["s"],["l",["b",1],["a",["b",2],["b",1]]]]]}
{"id":"bmp1-03309","outputs":[["l",["s"],["l",["a",["b",1],["b",4]],["a",["a",["b",2],["b",5]],["b",1]]]]]}
{"id":"bmp1-03310","outputs":[["l",["s"],["l",["l",["s"],["a",["b",2],["b",0]]],["a",["l",["s"],["a",["b",3],["b",0]]],["b",1]]]]]}
{"id":"bmp1-03311","outputs":[["l",["s"],["l",["t",["s"],["b",2],["a",["b",2],["b",0]]],["a",["t",["s"],["b",3],["a",["b",3],["b",0]]],["b",1]]]]]}
{"id":"bmp1-03312","outputs":[["l",["s"],["l",["b",1],["a",["b",2],["b",1]]]]]}
{"id":"bmp1-03313","outputs":[["l",["s"],["l",["a",["b",1],["b",3]],["a",["a",["b",2],["b",4]],["b",1]]]]]}
{"id":"bmp1-03314","outputs":[["l",["s"],["l",["l",["s"],["a",["b",2],["b",0]]],["a",["l",["s"],["a",["b",3],["b",0]]],["b",1]]]]]}
{"id":"bmp1-03315","outputs":[["l",["s"],["l",["t",["s"],["b",1],["a",["b",2],["b",0]]],["a",["t",["s"],["b",2],["a",["b",3],["b",0]]],["b",1]]]]]}
{"id":"bmp1-03316","outputs":[["l",["s"],["l",["b",1],["a",["b",2],["b",1]]]]]}
{"id":"bmp1-03317","outputs":[["l",["s"],["l",["a",["b",1],["b",1]],["a",["a",["b",2],["b",2]],["b",1]]]]]}
{"id":"bmp1-03318","outputs":[["l",["s"],["l",["l",["s"],["a",["b",2],["b",0]]],["a",["l",["s"],["a",["b",3],["b",0]]],["b",1]]]]]}
{"id":"bmp1-03319","outputs":[["l",["s"],["l",["t",["s"],["b",2],["a",["b",2],["b",0]]],["a",["t",["s"],["b",3],["a",["b",3],["b",0]]],["b",1]]]]]}
{"id":"bmp1-03320","outputs":[["l",["s"],["l",["b",1],["a",["b",2],["b",1]]]]]}
{"id":"bmp1-03321","outputs":[["l",["s"],["l",["a",["b",1],["b",2]],["a",["a",["b",2],["b",3]],["b",1]]]]]}
{"id":"bmp1-03322","outputs":[["l",["s"],["l",["l",["s"],["a",["b",2],["b",0]]],["a",["l",["s"],["a",["b",3],["b",0]]],["b",1]]]]]}
{"id":"bmp1-03323","outputs":[["l",["s"],["l",["t",["s"],["b",1],["a",["b",2],["b",0]]],["a",["t",["s"],["b",2],["a",["b",3],["b",0]]],["b",1]]]]]}
{"id":"bmp1-03324","outputs":[["l",["s"],["l",["b",1],["a",["b",2],["b",1]]]]]}
{"id":"bmp1-03325","outputs":[["l",["s"],["l",["a",["b",1],["b",1]],["a",["a",["b",2],["b",2]],["b",1]]]]]}
{"id":"bmp1-03326","outputs":[["l",["s"],["l",["l",["s"],["a",["b",2],["b",0]]],["a",["l",["s"],["a",["b",3],["b",0]]],["b",1]]]]]}
{"id":"bmp1-03327","outputs":[["l",["s"],["l",["t",["s"],["b",1],["a",["b",2],["b",0]]],["a",["t",["s"],["b",2],["a",["b",3],["b",0]]],["b",1]]]]]}
{"id":"bmp1-03328","outputs":[["l",["s"],["l",["b",1],["a",["b",2],["b",1]]]]]}
{"id":"bmp1-03329","outputs":[["l",["s"],["l",["a",["b",1],["b",1]],["a",["a",["b",2],["b",2]],["b",1]]]]]}
{"id":"bmp1-03330","outputs":[["l",["s"],["l",["l",["s"],["a",["b",2],["b",0]]],["a",["l",["s"],["a",["b",3],["b",0]]],["b",1]]]]]}
{"id":"bmp1-03331","outputs":[["l",["s"],["l",["t",["s"],["b",1],["a",["b",2],["b",0]]],["a",["t",["s"],["b",2],["a",["b",3],["b",0]]],["b",1]]]]]}
{"id":"bmp1-03332","outputs":[["l",["s"],["l",["b",1],["a",["b",2],["b",1]]]]]}
{"id":"bmp1-03333","outputs":[["l",["s"],["l",["a",["b",1],["b",3]],["a",["a",["b",2],["b",4]],["b",1]]]]]}
{"id":"bmp1-03334","outputs":[["l",["s"],["l",["l",["s"],["a",["b",2],["b",0]]],["a",["l",["s"],["a",["b",3],["b",0]]],["b",1]]]]]}
{"id":"bmp1-03335","outputs":[["l",["s"],["l",["t",["s"],["b",1],["a",["b",2],["b",0]]],["a",["t",["s"],["b",2],["a",["b",3],["b",0]]],["b",1]]]]]}
{"id":"bmp1-03336","outputs":[["l",["s"],["l",["b",1],["a",["b",2],["b",1]]]]]}
{"id":"bmp1-03337","outputs":[["l",["s"],["l",["a",["b",1],["b",1]],["a",["a",["b",2],["b",2]],["b",1]]]]]}
{"id":"bmp1-03338","outputs":[["l",["s"],["l",["l",["s"],["a",["b",2],["b",0]]],["a",["l",["s"],["a",["b",3],["b",0]]],["b",1]]]]]}
{"id":"bmp1-03339","outputs":[["l",["s"],["l",["t",["s"],["b",1],["a",["b",2],["b",0]]],["a",["t",["s"],["b",2],["a",["b",3],["b",0]]],["b",1]]]]]}
{"id":"bmp1-03340","outputs":[["l",["s"],["l",["b",1],["a",["b",2],["b",1]]]]]}
{"id":"bmp1-03341","outputs":[["l",["s"],["l",["a",["b",1],["b",3]],["a",["a",["b",2],["b",4]],["b",1]]]]]}
{"id":"bmp1-03342","outputs":[["l",["s"],["l",["l",["s"],["a",["b",2],["b",0]]],["a",["l",["s"],["a",["b",3],["b",0]]],["b",1]]]]]}
{"id":"bmp1-03343","outputs":[["l",["s"],["l",["t",["s"],["b",1],["a",["b",2],["b",0]]],["a",["t",["s"],["b",2],["a",["b",3],["b",0]]],["b",1]]]]]}
{"id":"bmp1-03344","outputs":[["l",["s"],["l",["b",1],["a",["b",2],["b",1]]]]]}
{"id":"bmp1-03345","outputs":[["l",["s"],["l",["a",["b",1],["b",1]],["a",["a",["b",2],["b",2]],["b",1]]]]]}
{"id":"bmp1-03346","outputs":[["l",["s"],["l",["l",["s"],["a",["b",2],["b",0]]],["a",["l",["s"],["a",["b",3],["b",0]]],["b",1]]]]]}
{"id":"bmp1-03347","outputs":[["l",["s"],["l",["t",["s"],["b",2],["a",["b",2],["b",0]]],["a",["t",["s"],["b",3],["a",["b",3],["b",0]]],["b",1]]]]]}
{"id":"bmp1-03348","outputs":[["l",["s"],["l",["b",1],["a",["b",2],["b",1]]]]]}
{"id":"bmp1-03349","outputs":[["l",["s"],["l",["a",["b",1],["b",1]],["a",["a",["b",2],["b",2]],["b",1]]]]]}
{"id":"bmp1-03350","outputs":[["l",["s"],["l",["l",["s"],["a",["b",2],["b",0]]],["a",["l",["s"],["a",["b",3],["b",0]]],["b",1]]]]]}
{"id":"bmp1-03351","outputs":[["l",["s"],["l",["t",["s"],["b",1],["a",["b",2],["b",0]]],["a",["t",["s"],["b",2],["a",["b",3],["b",0]]],["b",1]]]]]}
{"id":"bmp1-03352","outputs":[["l",["s"],["l",["b",1],["a",["b",2],["b",1]]]]]}
{"id":"bmp1-03353","outputs":[["l",["s"],["l",["a",["b",1],["b",1]],["a",["a",["b",2],["b",2]],["b",1]]]]]}
{"id":"bmp1-03354","outputs":[["l",["s"],["l",["l",["s"],["a",["b",2],["b",0]]],["a",["l",["s"],["a",["b",3],["b",0]]],["b",1]]]]]}
{"id":"bmp1-03355","outputs":[["l",["s"],["l",["t",["s"],["b",3],["a",["b",2],["b",0]]],["a",["t",["s"],["b",4],["a",["b",3],["b",0]]],["b",1]]]]]}
{"id":"bmp1-03356","outputs":[["l",["s"],["l",["b",1],["a",["b",2],["b",1]]]]]}
{"id":"bmp1-03357","outputs":[["l",["s"],["l",["a",["b",1],["b",1]],["a",["a",["b",2],["b",2]],["b",1]]]]]}
{"id":"bmp1-03358","outputs":[["l",["s"],["l",["l",["s"],["a",["b",2],["b",0]]],["a",["l",["s"],["a",["b",3],["b",0]]],["b",1]]]]]}
{"id":"bmp1-03359","outputs":[["l",["s"],["l",["t",["s"],["b",1],["a",["b",2],["b",0]]],["a",["t",["s"],["b",2],["a",["b",3],["b",0]]],["b",1]]]]]}
{"id":"bmp1-03360","outputs":[["l",["s"],["l",["b",1],["a",["b",2],["b",1]]]]]}
{"id":"bmp1-03361","outputs":[["l",["s"],["l",["a",["b",1],["b",3]],["a",["a",["b",2],["b",4]],["b",1]]]]]}
{"id":"bmp1-03362","outputs":[["l",["s"],["l",["l",["s"],["a",["b",2],["b",0]]],["a",["l",["s"],["a",["b",3],["b",0]]],["b",1]]]]]}
{"id":"bmp1-03363","outputs":[["l",["s"],["l",["t",["s"],["b",1],["a",["b",2],["b",0]]],["a",["t",["s"],["b",2],["a",["b",3],["b",0]]],["b",1]]]]]}
{"id":"bmp1-03364","outputs":[["l",["s"],["l",["b",1],["a",["b",2],["b",1]]]]]}
{"id":"bmp1-03365","outputs":[["l",["s"],["l",["a",["b",1],["b",1]],["a",["a",["b",2],["b",2]],["b",1]]]]]}
{"id":"bmp1-03366","outputs":[["l",["s"],["l",["l",["s"],["a",["b",2],["b",0]]],["a",["l",["s"],["a",["b",3],["b",0]]],["b",1]]]]]}
{"id":"bmp1-03367","outputs":[["l",["s"],["l",["t",["s"],["b",1],["a",["b",2],["b",0]]],["a",["t",["s"],["b",2],["a",["b",3],["b",0]]],["b",1]]]]]}
{"id":"bmp1-03368","outputs":[["l",["s"],["l",["b",1],["a",["b",2],["b",1]]]]]}
{"id":"bmp1-03369","outputs":[["l",["s"],["l",["a",["b",1],["b",5]],["a",["a",["b",2],["b",6]],["b",1]]]]]}
{"id":"bmp1-03370","outputs":[["l",["s"],["l",["l",["s"],["a",["b",2],["b",0]]],["a",["l",["s"],["a",["b",3],["b",0]]],["b",1]]]]]}
{"id":"bmp1-03371","outputs":[["l",["s"],["l",["t",["s"],["b",2],["a",["b",2],["b",0]]],["a",["t",["s"],["b",3],["a",["b",3],["b",0]]],["b",1]]]]]}
{"id":"bmp1-03372","outputs":[["l",["s"],["l",["b",1],["a",["b",2],["b",1]]]]]}
{"id":"bmp1-03373","outputs":[["l",["s"],["l",["a",["b",1],["b",1]],["a",["a",["b",2],["b",2]],["b",1]]]]]}
{"id":"bmp1-03374","outputs":[["l",["s"],["l",["l",["s"],["a",["b",2],["b",0]]],["a",["l",["s"],["a",["b",3],["b",0]]],["b",1]]]]]}
{"id":"bmp1-03375","outputs":[["l",["s"],["l",["t",["s"],["b",1],["a",["b",2],["b",0]]],["a",["t",["s"],["b",2],["a",["b",3],["b",0]]],["b",1]]]]]}
{"id":"bmp1-03376","outputs":[["l",["s"],["l",["b",1],["a",["b",2],["b",1]]]]]}
{"id":"bmp1-03377","outputs":[["l",["s"],["l",["a",["b",1],["b",4]],["a",["a",["b",2],["b",5]],["b",1]]]]]}
{"id":"bmp1-03378","outputs":[["l",["s"],["l",["l",["s"],["a",["b",2],["b",0]]],["a",["l",["s"],["a",["b",3],["b",0]]],["b",1]]]]]}
{"id":"bmp1-03379","outputs":[["l",["s"],["l",["t",["s"],["b",2],["a",["b",2],["b",0]]],["a",["t",["s"],["b",3],["a",["b",3],["b",0]]],["b",1]]]]]}
{"id":"bmp1-03380","outputs":[["l",["s"],["l",["b",1],["a",["b",2],["b",1]]]]]}
{"id":"bmp1-03381","outputs":[["l",["s"],["l",["a",["b",1],["b",2]],["a",["a",["b",2],["b",3]],["b",1]]]]]}
{"id":"bmp1-03382","outputs":[["l",["s"],["l",["l",["s"],["a",["b",2],["b",0]]],["a",["l",["s"],["a",["b",3],["b",0]]],["b",1]]]]]}
{"id":"bmp1-03383","outputs":[["l",["s"],["l",["t",["s"],["b",2],["a",["b",2],["b",0]]],["a",["t",["s"],["b",3],["a",["b",3],["b",0]]],["b",1]]]]]}
{"id":"bmp1-03384","outputs":[["l",["s"],["l",["b",1],["a",["b",2],["b",1]]]]]}
{"id":"bmp1-03385","outputs":[["l",["s"],["l",["a",["b",1],["b",2]],["a",["a",["b",2],["b",3]],["b",1]]]]]}
{"id":"bmp1-03386","outputs":[["l",["s"],["l",["l",["s"],["a",["b",2],["b",0]]],["a",["l",["s"],["a",["b",3],["b",0]]],["b",1]]]]]}
{"id":"bmp1-03387","outputs":[["l",["s"],["l",["t",["s"],["b",3],["a",["b",2],["b",0]]],["a",["t",["s"],["b",4],["a",["b",3],["b",0]]],["b",1]]]]]}
{"id":"bmp1-03388","outputs":[["l",["s"],["l",["b",1],["a",["b",2],["b",1]]]]]}
{"id":"bmp1-03389","outputs":[["l",["s"],["l",["a",["b",1],["b",4]],["a",["a",["b",2],["b",5]],["b",1]]]]]}
{"id":"bmp1-03390","outputs":[["l",["s"],["l",["l",["s"],["a",["b",2],["b",0]]],["a",["l",["s"],["a",["b",3],["b",0]]],["b",1]]]]]}
{"id":"bmp1-03391","outputs":[["l",["s"],["l",["t",["s"],["b",1],["a",["b",2],["b",0]]],["a",["t",["s"],["b",2],["a",["b",3],["b",0]]],["b",1]]]]]}
{"id":"bmp1-03392","outputs":[["l",["s"],["l",["b",1],["a",["b",2],["b",1]]]]]}
{"id":"bmp1-03393","outputs":[["l",["s"],["l",["a",["b",1],["b",5]],["a",["a",["b",2],["b",6]],["b",1]]]]]}
{"id":"bmp1-03394","outputs":[["l",["s"],["l",["l",["s"],["a",["b",2],["b",0]]],["a",["l",["s"],["a",["b",3],["b",0]]],["b",1]]]]]}
{"id":"bmp1-03395","outputs":[["l",["s"],["l",["t",["s"],["b",1],["a",["b",2],["b",0]]],["a",["t",["s"],["b",2],["a",["b",3],["b",0]]],["b",1]]]]]}
{"id":"bmp1-03396","outputs":[["l",["s"],["l",["b",1],["a",["b",2],["b",1]]]]]}
{"id":"bmp1-03397","outputs":[["l",["s"],["l",["a",["b",1],["b",1]],["a",["a",["b",2],["b",2]],["b",1]]]]]}
{"id":"bmp1-03398","outputs":[["l",["s"],["l",["l",["s"],["a",["b",2],["b",0]]],["a",["l",["s"],["a",["b",3],["b",0]]],["b",1]]]]]}
{"id":"bmp1-03399","outputs":[["l",["s"],["l",["t",["s"],["b",2],["a",["b",2],["b",0]]],["a",["t",["s"],["b",3],["a",["b",3],["b",0]]],["b",1]]]]]}
{"id":"bmp1-03400","outputs":[["l",["s"],["l",["b",1],["a",["b",2],["b",1]]]]]}
{"id":"bmp1-03401","outputs":[["l",["s"],["l",["a",["b",1],["b",2]],["a",["a",["b",2],["b",3]],["b",1]]]]]}
{"id":"bmp1-03402","outputs":[["l",["s"],["l",["l",["s"],["a",["b",2],["b",0]]],["a",["l",["s"],["a",["b",3],["b",0]]],["b",1]]]]]}
{"id":"bmp1-03403","outputs":[["l",["s"],["l",["t",["s"],["b",4],["a",["b",2],["b",0]]],["a",["t",["s"],["b",5],["a",["b",3],["b",0]]],["b",1]]]]]}
{"id":"bmp1-03404","outputs":[["l",["s"],["l",["b",1],["a",["b",2],["b",1]]]]]}
{"id":"bmp1-03405","outputs":[["l",["s"],["l",["a",["b",1],["b",2]],["a",["a",["b",2],["b",3]],["b",1]]]]]}
{"id":"bmp1-03406","outputs":[["l",["s"],["l",["l",["s"],["a",["b",2],["b",0]]],["a",["l",["s"],["a",["b",3],["b",0]]],["b",1]]]]]}
{"id":"bmp1-03407","outputs":[["l",["s"],["l",["t",["s"],["b",1],["a",["b",2],["b",0]]],["a",["t",["s"],["b",2],["a",["b",3],["b",0]]],["b",1]]]]]}
{"id":"bmp1-03408","outputs":[["l",["s"],["l",["b",1],["a",["b",2],["b",1]]]]]}
{"id":"bmp1-03409","outputs":[["l",["s"],["l",["a",["b",1],["b",1]],["a",["a",["b",2],["b",2]],["b",1]]]]]}
{"id":"bmp1-03410","outputs":[["l",["s"],["l",["l",["s"],["a",["b",2],["b",0]]],["a",["l",["s"],["a",["b",3],["b",0]]],["b",1]]]]]}
{"id":"bmp1-03411","outputs":[["l",["s"],["l",["t",["s"],["b",1],["a",["b",2],["b",0]]],["a",["t",["s"],["b",2],["a",["b",3],["b",0]]],["b",1]]]]]}
{"id":"bmp1-03412","outputs":[["l",["s"],["l",["b",1],["a",["b",2],["b",1]]]]]}
{"id":"bmp1-03413","outputs":[["l",["s"],["l",["a",["b",1],["b",3]],["a",["a",["b",2],["b",4]],["b",1]]]]]}
{"id":"bmp1-03414","outputs":[["l",["s"],["l",["l",["s"],["a",["b",2],["b",0]]],["a",["l",["s"],["a",["b",3],["b",0]]],["b",1]]]]]}
{"id":"bmp1-03415","outputs":[["l",["s"],["l",["t",["s"],["b",3],["a",["b",2],["b",0]]],["a",["t",["s"],["b",4],["a",["b",3],["b",0]]],["b",1]]]]]}
{"id":"bmp1-03416","outputs":[["l",["s"],["l",["b",1],["a",["b",2],["b",1]]]]]}
{"id":"bmp1-03417","outputs":[["l",["s"],["l",["a",["b",1],["b",2]],["a",["a",["b",2],["b",3]],["b",1]]]]]}
{"id":"bmp1-03418","outputs":[["l",["s"],["l",["l",["s"],["a",["b",2],["b",0]]],["a",["l",["s"],["a",["b",3],["b",0]]],["b",1]]]]]}
{"id":"bmp1-03419","outputs":[["l",["s"],["l",["t",["s"],["b",2],["a",["b",2],["b",0]]],["a",["t",["s"],["b",3],["a",["b",3],["b",0]]],["b",1]]]]]}
{"id":"bmp1-03420","outputs":[["l",["s"],["l",["b",1],["a",["b",2],["b",1]]]]]}
{"id":"bmp1-03421","outputs":[["l",["s"],["l",["a",["b",1],["b",2]],["a",["a",["b",2],["b",3]],["b",1]]]]]}
{"id":"bmp1-03422","outputs":[["l",["s"],["l",["l",["s"],["a",["b",2],["b",0]]],["a",["l",["s"],["a",["b",3],["b",0]]],["b",1]]]]]}
{"id":"bmp1-03423","outputs":[["l",["s"],["l",["t",["s"],["b",2],["a",["b",2],["b",0]]],["a",["t",["s"],["b",3],["a",["b",3],["b",0]]],["b",1]]]]]}
{"id":"bmp1-03424","outputs":[["l",["s"],["l",["b",1],["a",["b",2],["b",1]]]]]}
{"id":"bmp1-03425","outputs":[["l",["s"],["l",["a",["b",1],["b",3]],["a",["a",["b",2],["b",4]],["b",1]]]]]}
{"id":"bmp1-03426","outputs":[["l",["s"],["l",["l",["s"],["a",["b",2],["b",0]]],["a",["l",["s"],["a",["b",3],["b",0]]],["b",1]]]]]}
{"id":"bmp1-03427","outputs":[["l",["s"],["l",["t",["s"],["b",3],["a",["b",2],["b",0]]],["a",["t",["s"],["b",4],["a",["b",3],["b",0]]],["b",1]]]]]}
{"id":"bmp1-03428","outputs":[["l",["s"],["l",["b",1],["a",["b",2],["b",1]]]]]}
{"id":"bmp1-03429","outputs":[["l",["s"],["l",["a",["b",1],["b",3]],["a",["a",["b",2],["b",4]],["b",1]]]]]}
{"id":"bmp1-03430","outputs":[["l",["s"],["l",["l",["s"],["a",["b",2],["b",0]]],["a",["l",["s"],["a",["b",3],["b",0]]],["b",1]]]]]}
{"id":"bmp1-03431","outputs":[["l",["s"],["l",["t",["s"],["b",1],["a",["b",2],["b",0]]],["a",["t",["s"],["b",2],["a",["b",3],["b",0]]],["b",1]]]]]}
{"id":"bmp1-03432","outputs":[["l",["s"],["l",["b",1],["a",["b",2],["b",1]]]]]}
{"id":"bmp1-03433","outputs":[["l",["s"],["l",["a",["b",1],["b",3]],["a",["a",["b",2],["b",4]],["b",1]]]]]}
{"id":"bmp1-03434","outputs":[["l",["s"],["l",["l",["s"],["a",["b",2],["b",0]]],["a",["l",["s"],["a",["b",3],["b",0]]],["b",1]]]]]}
{"id":"bmp1-03435","outputs":[["l",["s"],["l",["t",["s"],["b",1],["a",["b",2],["b",0]]],["a",["t",["s"],["b",2],["a",["b",3],["b",0]]],["b",1]]]]]}
{"id":"bmp1-03436","outputs":[["l",["s"],["l",["b",1],["a",["b",2],["b",1]]]]]}
{"id":"bmp1-03437","outputs":[["l",["s"],["l",["a",["b",1],["b",1]],["a",["a",["b",2],["b",2]],["b",1]]]]]}
{"id":"bmp1-03438","outputs":[["l",["s"],["l",["l",["s"],["a",["b",2],["b",0]]],["a",["l",["s"],["a",["b",3],["b",0]]],["b",1]]]]]}
{"id":"bmp1-03439","outputs":[["l",["s"],["l",["t",["s"],["b",4],["a",["b",2],["b",0]]],["a",["t",["s"],["b",5],["a",["b",3],["b",0]]],["b",1]]]]]}
{"id":"bmp1-03440","outputs":[["l",["s"],["l",["b",1],["a",["b",2],["b",1]]]]]}
{"id":"bmp1-03441","outputs":[["l",["s"],["l",["a",["b",1],["b",4]],["a",["a",["b",2],["b",5]],["b",1]]]]]}
{"id":"bmp1-03442","outputs":[["l",["s"],["l",["l",["s"],["a",["b",2],["b",0]]],["a",["l",["s"],["a",["b",3],["b",0]]],["b",1]]]]]}
{"id":"bmp1-03443","outputs":[["l",["s"],["l",["t",["s"],["b",2],["a",["b",2],["b",0]]],["a",["t",["s"],["b",3],["a",["b",3],["b",0]]],["b",1]]]]]}
{"id":"bmp1-03444","outputs":[["l",["s"],["l",["b",1],["a",["b",2],["b",1]]]]]}
{"id":"bmp1-03445","outputs":[["l",["s"],["l",["a",["b",1],["b",4]],["a",["a",["b",2],["b",5]],["b",1]]]]]}
{"id":"bmp1-03446","outputs":[["l",["s"],["l",["l",["s"],["a",["b",2],["b",0]]],["a",["l",["s"],["a",["b",3],["b",0]]],["b",1]]]]]}
{"id":"bmp1-03447","outputs":[["l",["s"],["l",["t",["s"],["b",3],["a",["b",2],["b",0]]],["a",["t",["s"],["b",4],["a",["b",3],["b",0]]],["b",1]]]]]}
{"id":"bmp1-03448","outputs":[["l",["s"],["l",["b",1],["a",["b",2],["b",1]]]]]}
{"id":"bmp1-03449","outputs":[["l",["s"],["l",["a",["b",1],["b",3]],["a",["a",["b",2],["b",4]],["b",1]]]]]}
{"id":"bmp1-03450","outputs":[["l",["s"],["l",["l",["s"],["a",["b",2],["b",0]]],["a",["l",["s"],["a",["b",3],["b",0]]],["b",1]]]]]}
{"id":"bmp1-03451","outputs":[["l",["s"],["l",["t",["s"],["b",2],["a",["b",2],["b",0]]],["a",["t",["s"],["b",3],["a",["b",3],["b",0]]],["b",1]]]]]}
{"id":"bmp1-03452","outputs":[["l",["s"],["l",["b",1],["a",["b",2],["b",1]]]]]}
{"id":"bmp1-03453","outputs":[["l",["s"],["l",["a",["b",1],["b",1]],["a",["a",["b",2],["b",2]],["b",1]]]]]}
{"id":"bmp1-03454","outputs":[["l",["s"],["l",["l",["s"],["a",["b",2],["b",0]]],["a",["l",["s"],["a",["b",3],["b",0]]],["b",1]]]]]}
{"id":"bmp1-03455","outputs":[["l",["s"],["l",["t",["s"],["b",3],["a",["b",2],["b",0]]],["a",["t",["s"],["b",4],["a",["b",3],["b",0]]],["b",1]]]]]}
{"id":"bmp1-03456","outputs":[["l",["s"],["l",["b",1],["a",["b",2],["b",1]]]]]}
{"id":"bmp1-03457","outputs":[["l",["s"],["l",["a",["b",1],["b",1]],["a",["a",["b",2],["b",2]],["b",1]]]]]}
{"id":"bmp1-03458","outputs":[["l",["s"],["l",["l",["s"],["a",["b",2],["b",0]]],["a",["l",["s"],["a",["b",3],["b",0]]],["b",1]]]]]}
{"id":"bmp1-03459","outputs":[["l",["s"],["l",["t",["s"],["b",4],["a",["b",2],["b",0]]],["a",["t",["s"],["b",5],["a",["b",3],["b",0]]],["b",1]]]]]}
{"id":"bmp1-03460","outputs":[["l",["s"],["l",["b",1],["a",["b",2],["b",1]]]]]}
{"id":"bmp1-03461","outputs":[["l",["s"],["l",["a",["b",1],["b",2]],["a",["a",["b",2],["b",3]],["b",1]]]]]}
{"id":"bmp1-03462","outputs":[["l",["s"],["l",["l",["s"],["a",["b",2],["b",0]]],["a",["l",["s"],["a",["b",3],["b",0]]],["b",1]]]]]}
{"id":"bmp1-03463","outputs":[["l",["s"],["l",["t",["s"],["b",1],["a",["b",2],["b",0]]],["a",["t",["s"],["b",2],["a",["b",3],["b",0]]],["b",1]]]]]}
{"id":"bmp1-03464","outputs":[["l",["s"],["l",["b",1],["a",["b",2],["b",1]]]]]}
{"id":"bmp1-03465","outputs":[["l",["s"],["l",["a",["b",1],["b",1]],["a",["a",["b",2],["b",2]],["b",1]]]]]}
{"id":"bmp1-03466","outputs":[["l",["s"],["l",["l",["s"],["a",["b",2],["b",0]]],["a",["l",["s"],["a",["b",3],["b",0]]],["b",1]]]]]}
{"id":"bmp1-03467","outputs":[["l",["s"],["l",["t",["s"],["b",2],["a",["b",2],["b",0]]],["a",["t",["s"],["b",3],["a",["b",3],["b",0]]],["b",1]]]]]}
{"id":"bmp1-03468","outputs":[["l",["s"],["l",["b",1],["a",["b",2],["b",1]]]]]}
{"id":"bmp1-03469","outputs":[["l",["s"],["l",["a",["b",1],["b",2]],["a",["a",["b",2],["b",3]],["b",1]]]]]}
{"id":"bmp1-03470","outputs":[["l",["s"],["l",["l",["s"],["a",["b",2],["b",0]]],["a",["l",["s"],["a",["b",3],["b",0]]],["b",1]]]]]}
{"id":"bmp1-03471","outputs":[["l",["s"],["l",["t",["s"],["b",4],["a",["b",2],["b",0]]],["a",["t",["s"],["b",5],["a",["b",3],["b",0]]],["b",1]]]]]}
{"id":"bmp1-03472","outputs":[["l",["s"],["l",["b",1],["a",["b",2],["b",1]]]]]}
{"id":"bmp1-03473","outputs":[["l",["s"],["l",["a",["b",1],["b",1]],["a",["a",["b",2],["b",2]],["b",1]]]]]}
{"id":"bmp1-03474","outputs":[["l",["s"],["l",["l",["s"],["a",["b",2],["b",0]]],["a",["l",["s"],["a",["b",3],["b",0]]],["b",1]]]]]}
{"id":"bmp1-03475","outputs":[["l",["s"],["l",["t",["s"],["b",3],["a",["b",2],["b",0]]],["a",["t",["s"],["b",4],["a",["b",3],["b",0]]],["b",1]]]]]}
{"id":"bmp1-03476","outputs":[["l",["s"],["l",["b",1],["a",["b",2],["b",1]]]]]}
{"id":"bmp1-03477","outputs":[["l",["s"],["l",["a",["b",1],["b",4]],["a",["a",["b",2],["b",5]],["b",1]]]]]}
{"id":"bmp1-03478","outputs":[["l",["s"],["l",["l",["s"],["a",["b",2],["b",0]]],["a",["l",["s"],["a",["b",3],["b",0]]],["b",1]]]]]}
{"id":"bmp1-03479","outputs":[["l",["s"],["l",["t",["s"],["b",4],["a",["b",2],["b",0]]],["a",["t",["s"],["b",5],["a",["b",3],["b",0]]],["b",1]]]]]}
{"id":"bmp1-03480","outputs":[["l",["s"],["l",["b",1],["a",["b",2],["b",1]]]]]}
{"id":"bmp1-03481","outputs":[["l",["s"],["l",["a",["b",1],["b",1]],["a",["a",["b",2],["b",2]],["b",1]]]]]}
{"id":"bmp1-03482","outputs":[["l",["s"],["l",["l",["s"],["a",["b",2],["b",0]]],["a",["l",["s"],["a",["b",3],["b",0]]],["b",1]]]]]}
{"id":"bmp1-03483","outputs":[["l",["s"],["l",["t",["s"],["b",1],["a",["b",2],["b",0]]],["a",["t",["s"],["b",2],["a",["b",3],["b",0]]],["b",1]]]]]}
{"id":"bmp1-03484","outputs":[["l",["s"],["l",["b",1],["a",["b",2],["b",1]]]]]}
{"id":"bmp1-03485","outputs":[["l",["s"],["l",["a",["b",1],["b",2]],["a",["a",["b",2],["b",3]],["b",1]]]]]}
{"id":"bmp1-03486","outputs":[["l",["s"],["l",["l",["s"],["a",["b",2],["b",0]]],["a",["l",["s"],["a",["b",3],["b",0]]],["b",1]]]]]}
{"id":"bmp1-03487","outputs":[["l",["s"],["l",["t",["s"],["b",1],["a",["b",2],["b",0]]],["a",["t",["s"],["b",2],["a",["b",3],["b",0]]],["b",1]]]]]}
{"id":"bmp1-03488","outputs":[["l",["s"],["l",["b",1],["a",["b",2],["b",1]]]]]}
{"id":"bmp1-03489","outputs":[["l",["s"],["l",["a",["b",1],["b",3]],["a",["a",["b",2],["b",4]],["b",1]]]]]}
{"id":"bmp1-03490","outputs":[["l",["s"],["l",["l",["s"],["a",["b",2],["b",0]]],["a",["l",["s"],["a",["b",3],["b",0]]],["b",1]]]]]}
{"id":"bmp1-03491","outputs":[["l",["s"],["l",["t",["s"],["b",4],["a",["b",2],["b",0]]],["a",["t",["s"],["b",5],["a",["b",3],["b",0]]],["b",1]]]]]}
{"id":"bmp1-03492","outputs":[["l",["s"],["l",["b",1],["a",["b",2],["b",1]]]]]}
{"id":"bmp1-03493","outputs":[["l",["s"],["l",["a",["b",1],["b",1]],["a",["a",["b",2],["b",2]],["b",1]]]]]}
{"id":"bmp1-03494","outputs":[["l",["s"],["l",["l",["s"],["a",["b",2],["b",0]]],["a",["l",["s"],["a",["b",3],["b",0]]],["b",1]]]]]}
{"id":"bmp1-03495","outputs":[["l",["s"],["l",["t",["s"],["b",4],["a",["b",2],["b",0]]],["a",["t",["s"],["b",5],["a",["b",3],["b",0]]],["b",1]]]]]}
{"id":"bmp1-03496","outputs":[["l",["s"],["l",["b",1],["a",["b",2],["b",1]]]]]}
{"id":"bmp1-03497","outputs":[["l",["s"],["l",["a",["b",1],["b",1]],["a",["a",["b",2],["b",2]],["b",1]]]]]}
{"id":"bmp1-03498","outputs":[["l",["s"],["l",["l",["s"],["a",["b",2],["b",0]]],["a",["l",["s"],["a",["b",3],["b",0]]],["b",1]]]]]}
{"id":"bmp1-03499","outputs":[["l",["s"],["l",["t",["s"],["b",3],["a",["b",2],["b",0]]],["a",["t",["s"],["b",4],["a",["b",3],["b",0]]],["b",1]]]]]}
