test_checkpoint_failure_fails_complete_run (test_unit_test_runner.UnitRunnerBoundaryTests) ... ok
test_corrupt_present_host_payload_cannot_be_skipped (test_unit_test_runner.UnitRunnerBoundaryTests) ... ok
test_current_suite_runs_inside_portable_cache_history_context (test_unit_test_runner.UnitRunnerBoundaryTests) ... ok
test_historical_failure_fails_complete_run (test_unit_test_runner.UnitRunnerBoundaryTests) ... ok
test_historical_partition_does_not_hide_future_tests (test_unit_test_runner.UnitRunnerBoundaryTests) ... ok
test_missing_tracked_input_is_not_an_integration_skip (test_unit_test_runner.UnitRunnerBoundaryTests) ... ok
test_only_exact_host_tests_are_skipped (test_unit_test_runner.UnitRunnerBoundaryTests) ... ok
test_only_exact_payload_test_is_skipped (test_unit_test_runner.UnitRunnerBoundaryTests) ... ok
test_present_host_payload_keeps_original_failure (test_unit_test_runner.UnitRunnerBoundaryTests) ... ok
test_present_payload_retains_original_failures (test_unit_test_runner.UnitRunnerBoundaryTests) ... ok
test_required_host_payload_fails_before_discovery_or_source_writes (test_unit_test_runner.UnitRunnerBoundaryTests) ... ok
test_required_payload_fails_before_discovery (test_unit_test_runner.UnitRunnerBoundaryTests) ... ok
test_source_payload_mismatch_fails_before_discovery (test_unit_test_runner.UnitRunnerBoundaryTests) ... ok
test_boundary_reports_only_missing_resources (test_acceptance_impact_source_portable.HostPayloadTests) ... ok
test_link_within_present_crate_is_rejected (test_acceptance_impact_source_portable.HostPayloadTests) ... ok
test_missing_host_cannot_hide_changed_tracked_metadata (test_acceptance_impact_source_portable.HostPayloadTests) ... ok
test_missing_resource_cannot_hide_another_corrupt_crate (test_acceptance_impact_source_portable.HostPayloadTests) ... ok
test_missing_resource_cannot_hide_corrupt_compiler (test_acceptance_impact_source_portable.HostPayloadTests) ... ok
test_original_host_verifiers_and_boundary_accept_exact_synthetic_bindings (test_acceptance_impact_source_portable.HostPayloadTests) ... ok
test_present_corrupt_crate_is_rejected_by_original_verifier (test_acceptance_impact_source_portable.HostPayloadTests) ... ok
test_toolchain_metadata_mismatch_rejects_even_if_all_files_are_absent (test_acceptance_impact_source_portable.HostPayloadTests) ... ok
test_wrong_kind_and_dangling_link_are_not_absence (test_acceptance_impact_source_portable.HostPayloadTests) ... ok
test_host_preflight_failure_prevents_materialization (test_acceptance_impact_source_portable.PortableSourcePreparationTests) ... ok
test_materialized_tampering_is_rejected_and_not_overwritten (test_acceptance_impact_source_portable.PortableSourcePreparationTests) ... ok
test_real_archive_preparation_is_exact_idempotent_and_non_observational (test_acceptance_impact_source_portable.PortableSourcePreparationTests) ... ok
test_changed_archive_and_custody_are_rejected (test_kiota_source_payload.KiotaSourcePayloadTests) ... ok
test_changed_tree_fails_without_overwriting (test_kiota_source_payload.KiotaSourcePayloadTests) ... ok
test_changed_wrapper_fails_without_overwriting (test_kiota_source_payload.KiotaSourcePayloadTests) ... ok
test_clean_checkout_restores_all_bound_external_sources_without_host_payload (test_kiota_source_payload.KiotaSourcePayloadTests) ... ok
test_existing_exact_payload_is_idempotent (test_kiota_source_payload.KiotaSourcePayloadTests) ... ok
test_incomplete_existing_workspace_is_not_replaced (test_kiota_source_payload.KiotaSourcePayloadTests) ... ok
test_linked_ancestor_is_rejected_before_writing (test_kiota_source_payload.KiotaSourcePayloadTests) ... ok
test_linked_tree_and_wrapper_are_rejected (test_kiota_source_payload.KiotaSourcePayloadTests) ... ok
test_archive_dependencies_and_toolchain_match_frozen_inputs (test_acceptance_impact_source.AcceptanceImpactSourceTests) ... ok
test_materialized_source_tampering_is_rejected (test_acceptance_impact_source.AcceptanceImpactSourceTests) ... ok
test_prepare_is_exact_idempotent_and_non_observational (test_acceptance_impact_source.AcceptanceImpactSourceTests) ... ok
test_audit_cannot_authorize_production_edit (test_kiota_recursor_type_design.KiotaRecursorTypeDesignTests) ... ok
test_base_or_nested_stage_omission_fails (test_kiota_recursor_type_design.KiotaRecursorTypeDesignTests) ... ok
test_circular_current_rec_environment_fails (test_kiota_recursor_type_design.KiotaRecursorTypeDesignTests) ... ok
test_exact_package_passes (test_kiota_recursor_type_design.KiotaRecursorTypeDesignTests) ... ok
test_fixture_hash_profile_or_outcome_tampering_fails (test_kiota_recursor_type_design.KiotaRecursorTypeDesignTests) ... ok
test_result_cannot_overclaim_or_record_actions (test_kiota_recursor_type_design.KiotaRecursorTypeDesignTests) ... ok
test_source_hash_or_locator_tampering_fails (test_kiota_recursor_type_design.KiotaRecursorTypeDesignTests) ... ok
test_weaker_comparison_relation_fails (test_kiota_recursor_type_design.KiotaRecursorTypeDesignTests) ... ok
test_exact_package_passes (test_recursor_type_trust_boundary.RecursorTypeTrustBoundaryTests) ... ok
test_historical_ready_handoff_survives_later_successors (test_recursor_type_trust_boundary.RecursorTypeTrustBoundaryTests) ... ok
test_launch_edit_and_external_action_fail (test_recursor_type_trust_boundary.RecursorTypeTrustBoundaryTests) ... ok
test_missing_unblock_condition_fails (test_recursor_type_trust_boundary.RecursorTypeTrustBoundaryTests) ... ok
test_pair_delta_tampering_fails (test_recursor_type_trust_boundary.RecursorTypeTrustBoundaryTests) ... ok
test_policy_overclaim_and_catalog_promotion_fail (test_recursor_type_trust_boundary.RecursorTypeTrustBoundaryTests) ... ok
test_production_ready_without_design_fails (test_recursor_type_trust_boundary.RecursorTypeTrustBoundaryTests) ... ok
test_raw_diagnostic_hash_tampering_fails (test_recursor_type_trust_boundary.RecursorTypeTrustBoundaryTests) ... ok
test_result_cannot_claim_universal_authority (test_recursor_type_trust_boundary.RecursorTypeTrustBoundaryTests) ... ok
test_result_cannot_promote_production_readiness (test_recursor_type_trust_boundary.RecursorTypeTrustBoundaryTests) ... ok
test_source_hash_and_locator_tampering_fail (test_recursor_type_trust_boundary.RecursorTypeTrustBoundaryTests) ... ok
test_swapped_or_weakened_regression_outcomes_fail (test_recursor_type_trust_boundary.RecursorTypeTrustBoundaryTests) ... ok

----------------------------------------------------------------------
Ran 56 tests in 6.523s

OK
