{"meta":{"exporter":{"name":"lean4export","version":"3.1.0"},"format":{"version":"3.1.0"},"lean":{"githash":"f72c35b3f637c8c6571d353742168ab66cc22c00","version":"4.29.1"}}}
{"in":1,"str":{"pre":0,"str":"ResourceEnvelopePilot1"}}
{"in":2,"str":{"pre":1,"str":"pi128"}}
{"il":1,"succ":0}
{"ie":0,"sort":1}
{"in":3,"str":{"pre":0,"str":"x000"}}
{"ie":1,"sort":0}
{"in":4,"str":{"pre":0,"str":"x001"}}
{"in":5,"str":{"pre":0,"str":"x002"}}
{"in":6,"str":{"pre":0,"str":"x003"}}
{"in":7,"str":{"pre":0,"str":"x004"}}
{"in":8,"str":{"pre":0,"str":"x005"}}
{"in":9,"str":{"pre":0,"str":"x006"}}
{"in":10,"str":{"pre":0,"str":"x007"}}
{"in":11,"str":{"pre":0,"str":"x008"}}
{"in":12,"str":{"pre":0,"str":"x009"}}
{"in":13,"str":{"pre":0,"str":"x010"}}
{"in":14,"str":{"pre":0,"str":"x011"}}
{"in":15,"str":{"pre":0,"str":"x012"}}
{"in":16,"str":{"pre":0,"str":"x013"}}
{"in":17,"str":{"pre":0,"str":"x014"}}
{"in":18,"str":{"pre":0,"str":"x015"}}
{"in":19,"str":{"pre":0,"str":"x016"}}
{"in":20,"str":{"pre":0,"str":"x017"}}
{"in":21,"str":{"pre":0,"str":"x018"}}
{"in":22,"str":{"pre":0,"str":"x019"}}
{"in":23,"str":{"pre":0,"str":"x020"}}
{"in":24,"str":{"pre":0,"str":"x021"}}
{"in":25,"str":{"pre":0,"str":"x022"}}
{"in":26,"str":{"pre":0,"str":"x023"}}
{"in":27,"str":{"pre":0,"str":"x024"}}
{"in":28,"str":{"pre":0,"str":"x025"}}
{"in":29,"str":{"pre":0,"str":"x026"}}
{"in":30,"str":{"pre":0,"str":"x027"}}
{"in":31,"str":{"pre":0,"str":"x028"}}
{"in":32,"str":{"pre":0,"str":"x029"}}
{"in":33,"str":{"pre":0,"str":"x030"}}
{"in":34,"str":{"pre":0,"str":"x031"}}
{"in":35,"str":{"pre":0,"str":"x032"}}
{"in":36,"str":{"pre":0,"str":"x033"}}
{"in":37,"str":{"pre":0,"str":"x034"}}
{"in":38,"str":{"pre":0,"str":"x035"}}
{"in":39,"str":{"pre":0,"str":"x036"}}
{"in":40,"str":{"pre":0,"str":"x037"}}
{"in":41,"str":{"pre":0,"str":"x038"}}
{"in":42,"str":{"pre":0,"str":"x039"}}
{"in":43,"str":{"pre":0,"str":"x040"}}
{"in":44,"str":{"pre":0,"str":"x041"}}
{"in":45,"str":{"pre":0,"str":"x042"}}
{"in":46,"str":{"pre":0,"str":"x043"}}
{"in":47,"str":{"pre":0,"str":"x044"}}
{"in":48,"str":{"pre":0,"str":"x045"}}
{"in":49,"str":{"pre":0,"str":"x046"}}
{"in":50,"str":{"pre":0,"str":"x047"}}
{"in":51,"str":{"pre":0,"str":"x048"}}
{"in":52,"str":{"pre":0,"str":"x049"}}
{"in":53,"str":{"pre":0,"str":"x050"}}
{"in":54,"str":{"pre":0,"str":"x051"}}
{"in":55,"str":{"pre":0,"str":"x052"}}
{"in":56,"str":{"pre":0,"str":"x053"}}
{"in":57,"str":{"pre":0,"str":"x054"}}
{"in":58,"str":{"pre":0,"str":"x055"}}
{"in":59,"str":{"pre":0,"str":"x056"}}
{"in":60,"str":{"pre":0,"str":"x057"}}
{"in":61,"str":{"pre":0,"str":"x058"}}
{"in":62,"str":{"pre":0,"str":"x059"}}
{"in":63,"str":{"pre":0,"str":"x060"}}
{"in":64,"str":{"pre":0,"str":"x061"}}
{"in":65,"str":{"pre":0,"str":"x062"}}
{"in":66,"str":{"pre":0,"str":"x063"}}
{"in":67,"str":{"pre":0,"str":"x064"}}
{"in":68,"str":{"pre":0,"str":"x065"}}
{"in":69,"str":{"pre":0,"str":"x066"}}
{"in":70,"str":{"pre":0,"str":"x067"}}
{"in":71,"str":{"pre":0,"str":"x068"}}
{"in":72,"str":{"pre":0,"str":"x069"}}
{"in":73,"str":{"pre":0,"str":"x070"}}
{"in":74,"str":{"pre":0,"str":"x071"}}
{"in":75,"str":{"pre":0,"str":"x072"}}
{"in":76,"str":{"pre":0,"str":"x073"}}
{"in":77,"str":{"pre":0,"str":"x074"}}
{"in":78,"str":{"pre":0,"str":"x075"}}
{"in":79,"str":{"pre":0,"str":"x076"}}
{"in":80,"str":{"pre":0,"str":"x077"}}
{"in":81,"str":{"pre":0,"str":"x078"}}
{"in":82,"str":{"pre":0,"str":"x079"}}
{"in":83,"str":{"pre":0,"str":"x080"}}
{"in":84,"str":{"pre":0,"str":"x081"}}
{"in":85,"str":{"pre":0,"str":"x082"}}
{"in":86,"str":{"pre":0,"str":"x083"}}
{"in":87,"str":{"pre":0,"str":"x084"}}
{"in":88,"str":{"pre":0,"str":"x085"}}
{"in":89,"str":{"pre":0,"str":"x086"}}
{"in":90,"str":{"pre":0,"str":"x087"}}
{"in":91,"str":{"pre":0,"str":"x088"}}
{"in":92,"str":{"pre":0,"str":"x089"}}
{"in":93,"str":{"pre":0,"str":"x090"}}
{"in":94,"str":{"pre":0,"str":"x091"}}
{"in":95,"str":{"pre":0,"str":"x092"}}
{"in":96,"str":{"pre":0,"str":"x093"}}
{"in":97,"str":{"pre":0,"str":"x094"}}
{"in":98,"str":{"pre":0,"str":"x095"}}
{"in":99,"str":{"pre":0,"str":"x096"}}
{"in":100,"str":{"pre":0,"str":"x097"}}
{"in":101,"str":{"pre":0,"str":"x098"}}
{"in":102,"str":{"pre":0,"str":"x099"}}
{"in":103,"str":{"pre":0,"str":"x100"}}
{"in":104,"str":{"pre":0,"str":"x101"}}
{"in":105,"str":{"pre":0,"str":"x102"}}
{"in":106,"str":{"pre":0,"str":"x103"}}
{"in":107,"str":{"pre":0,"str":"x104"}}
{"in":108,"str":{"pre":0,"str":"x105"}}
{"in":109,"str":{"pre":0,"str":"x106"}}
{"in":110,"str":{"pre":0,"str":"x107"}}
{"in":111,"str":{"pre":0,"str":"x108"}}
{"in":112,"str":{"pre":0,"str":"x109"}}
{"in":113,"str":{"pre":0,"str":"x110"}}
{"in":114,"str":{"pre":0,"str":"x111"}}
{"in":115,"str":{"pre":0,"str":"x112"}}
{"in":116,"str":{"pre":0,"str":"x113"}}
{"in":117,"str":{"pre":0,"str":"x114"}}
{"in":118,"str":{"pre":0,"str":"x115"}}
{"in":119,"str":{"pre":0,"str":"x116"}}
{"in":120,"str":{"pre":0,"str":"x117"}}
{"in":121,"str":{"pre":0,"str":"x118"}}
{"in":122,"str":{"pre":0,"str":"x119"}}
{"in":123,"str":{"pre":0,"str":"x120"}}
{"in":124,"str":{"pre":0,"str":"x121"}}
{"in":125,"str":{"pre":0,"str":"x122"}}
{"in":126,"str":{"pre":0,"str":"x123"}}
{"in":127,"str":{"pre":0,"str":"x124"}}
{"in":128,"str":{"pre":0,"str":"x125"}}
{"in":129,"str":{"pre":0,"str":"x126"}}
{"in":130,"str":{"pre":0,"str":"x127"}}
{"forallE":{"binderInfo":"default","body":1,"name":130,"type":1},"ie":2}
{"forallE":{"binderInfo":"default","body":2,"name":129,"type":1},"ie":3}
{"forallE":{"binderInfo":"default","body":3,"name":128,"type":1},"ie":4}
{"forallE":{"binderInfo":"default","body":4,"name":127,"type":1},"ie":5}
{"forallE":{"binderInfo":"default","body":5,"name":126,"type":1},"ie":6}
{"forallE":{"binderInfo":"default","body":6,"name":125,"type":1},"ie":7}
{"forallE":{"binderInfo":"default","body":7,"name":124,"type":1},"ie":8}
{"forallE":{"binderInfo":"default","body":8,"name":123,"type":1},"ie":9}
{"forallE":{"binderInfo":"default","body":9,"name":122,"type":1},"ie":10}
{"forallE":{"binderInfo":"default","body":10,"name":121,"type":1},"ie":11}
{"forallE":{"binderInfo":"default","body":11,"name":120,"type":1},"ie":12}
{"forallE":{"binderInfo":"default","body":12,"name":119,"type":1},"ie":13}
{"forallE":{"binderInfo":"default","body":13,"name":118,"type":1},"ie":14}
{"forallE":{"binderInfo":"default","body":14,"name":117,"type":1},"ie":15}
{"forallE":{"binderInfo":"default","body":15,"name":116,"type":1},"ie":16}
{"forallE":{"binderInfo":"default","body":16,"name":115,"type":1},"ie":17}
{"forallE":{"binderInfo":"default","body":17,"name":114,"type":1},"ie":18}
{"forallE":{"binderInfo":"default","body":18,"name":113,"type":1},"ie":19}
{"forallE":{"binderInfo":"default","body":19,"name":112,"type":1},"ie":20}
{"forallE":{"binderInfo":"default","body":20,"name":111,"type":1},"ie":21}
{"forallE":{"binderInfo":"default","body":21,"name":110,"type":1},"ie":22}
{"forallE":{"binderInfo":"default","body":22,"name":109,"type":1},"ie":23}
{"forallE":{"binderInfo":"default","body":23,"name":108,"type":1},"ie":24}
{"forallE":{"binderInfo":"default","body":24,"name":107,"type":1},"ie":25}
{"forallE":{"binderInfo":"default","body":25,"name":106,"type":1},"ie":26}
{"forallE":{"binderInfo":"default","body":26,"name":105,"type":1},"ie":27}
{"forallE":{"binderInfo":"default","body":27,"name":104,"type":1},"ie":28}
{"forallE":{"binderInfo":"default","body":28,"name":103,"type":1},"ie":29}
{"forallE":{"binderInfo":"default","body":29,"name":102,"type":1},"ie":30}
{"forallE":{"binderInfo":"default","body":30,"name":101,"type":1},"ie":31}
{"forallE":{"binderInfo":"default","body":31,"name":100,"type":1},"ie":32}
{"forallE":{"binderInfo":"default","body":32,"name":99,"type":1},"ie":33}
{"forallE":{"binderInfo":"default","body":33,"name":98,"type":1},"ie":34}
{"forallE":{"binderInfo":"default","body":34,"name":97,"type":1},"ie":35}
{"forallE":{"binderInfo":"default","body":35,"name":96,"type":1},"ie":36}
{"forallE":{"binderInfo":"default","body":36,"name":95,"type":1},"ie":37}
{"forallE":{"binderInfo":"default","body":37,"name":94,"type":1},"ie":38}
{"forallE":{"binderInfo":"default","body":38,"name":93,"type":1},"ie":39}
{"forallE":{"binderInfo":"default","body":39,"name":92,"type":1},"ie":40}
{"forallE":{"binderInfo":"default","body":40,"name":91,"type":1},"ie":41}
{"forallE":{"binderInfo":"default","body":41,"name":90,"type":1},"ie":42}
{"forallE":{"binderInfo":"default","body":42,"name":89,"type":1},"ie":43}
{"forallE":{"binderInfo":"default","body":43,"name":88,"type":1},"ie":44}
{"forallE":{"binderInfo":"default","body":44,"name":87,"type":1},"ie":45}
{"forallE":{"binderInfo":"default","body":45,"name":86,"type":1},"ie":46}
{"forallE":{"binderInfo":"default","body":46,"name":85,"type":1},"ie":47}
{"forallE":{"binderInfo":"default","body":47,"name":84,"type":1},"ie":48}
{"forallE":{"binderInfo":"default","body":48,"name":83,"type":1},"ie":49}
{"forallE":{"binderInfo":"default","body":49,"name":82,"type":1},"ie":50}
{"forallE":{"binderInfo":"default","body":50,"name":81,"type":1},"ie":51}
{"forallE":{"binderInfo":"default","body":51,"name":80,"type":1},"ie":52}
{"forallE":{"binderInfo":"default","body":52,"name":79,"type":1},"ie":53}
{"forallE":{"binderInfo":"default","body":53,"name":78,"type":1},"ie":54}
{"forallE":{"binderInfo":"default","body":54,"name":77,"type":1},"ie":55}
{"forallE":{"binderInfo":"default","body":55,"name":76,"type":1},"ie":56}
{"forallE":{"binderInfo":"default","body":56,"name":75,"type":1},"ie":57}
{"forallE":{"binderInfo":"default","body":57,"name":74,"type":1},"ie":58}
{"forallE":{"binderInfo":"default","body":58,"name":73,"type":1},"ie":59}
{"forallE":{"binderInfo":"default","body":59,"name":72,"type":1},"ie":60}
{"forallE":{"binderInfo":"default","body":60,"name":71,"type":1},"ie":61}
{"forallE":{"binderInfo":"default","body":61,"name":70,"type":1},"ie":62}
{"forallE":{"binderInfo":"default","body":62,"name":69,"type":1},"ie":63}
{"forallE":{"binderInfo":"default","body":63,"name":68,"type":1},"ie":64}
{"forallE":{"binderInfo":"default","body":64,"name":67,"type":1},"ie":65}
{"forallE":{"binderInfo":"default","body":65,"name":66,"type":1},"ie":66}
{"forallE":{"binderInfo":"default","body":66,"name":65,"type":1},"ie":67}
{"forallE":{"binderInfo":"default","body":67,"name":64,"type":1},"ie":68}
{"forallE":{"binderInfo":"default","body":68,"name":63,"type":1},"ie":69}
{"forallE":{"binderInfo":"default","body":69,"name":62,"type":1},"ie":70}
{"forallE":{"binderInfo":"default","body":70,"name":61,"type":1},"ie":71}
{"forallE":{"binderInfo":"default","body":71,"name":60,"type":1},"ie":72}
{"forallE":{"binderInfo":"default","body":72,"name":59,"type":1},"ie":73}
{"forallE":{"binderInfo":"default","body":73,"name":58,"type":1},"ie":74}
{"forallE":{"binderInfo":"default","body":74,"name":57,"type":1},"ie":75}
{"forallE":{"binderInfo":"default","body":75,"name":56,"type":1},"ie":76}
{"forallE":{"binderInfo":"default","body":76,"name":55,"type":1},"ie":77}
{"forallE":{"binderInfo":"default","body":77,"name":54,"type":1},"ie":78}
{"forallE":{"binderInfo":"default","body":78,"name":53,"type":1},"ie":79}
{"forallE":{"binderInfo":"default","body":79,"name":52,"type":1},"ie":80}
{"forallE":{"binderInfo":"default","body":80,"name":51,"type":1},"ie":81}
{"forallE":{"binderInfo":"default","body":81,"name":50,"type":1},"ie":82}
{"forallE":{"binderInfo":"default","body":82,"name":49,"type":1},"ie":83}
{"forallE":{"binderInfo":"default","body":83,"name":48,"type":1},"ie":84}
{"forallE":{"binderInfo":"default","body":84,"name":47,"type":1},"ie":85}
{"forallE":{"binderInfo":"default","body":85,"name":46,"type":1},"ie":86}
{"forallE":{"binderInfo":"default","body":86,"name":45,"type":1},"ie":87}
{"forallE":{"binderInfo":"default","body":87,"name":44,"type":1},"ie":88}
{"forallE":{"binderInfo":"default","body":88,"name":43,"type":1},"ie":89}
{"forallE":{"binderInfo":"default","body":89,"name":42,"type":1},"ie":90}
{"forallE":{"binderInfo":"default","body":90,"name":41,"type":1},"ie":91}
{"forallE":{"binderInfo":"default","body":91,"name":40,"type":1},"ie":92}
{"forallE":{"binderInfo":"default","body":92,"name":39,"type":1},"ie":93}
{"forallE":{"binderInfo":"default","body":93,"name":38,"type":1},"ie":94}
{"forallE":{"binderInfo":"default","body":94,"name":37,"type":1},"ie":95}
{"forallE":{"binderInfo":"default","body":95,"name":36,"type":1},"ie":96}
{"forallE":{"binderInfo":"default","body":96,"name":35,"type":1},"ie":97}
{"forallE":{"binderInfo":"default","body":97,"name":34,"type":1},"ie":98}
{"forallE":{"binderInfo":"default","body":98,"name":33,"type":1},"ie":99}
{"forallE":{"binderInfo":"default","body":99,"name":32,"type":1},"ie":100}
{"forallE":{"binderInfo":"default","body":100,"name":31,"type":1},"ie":101}
{"forallE":{"binderInfo":"default","body":101,"name":30,"type":1},"ie":102}
{"forallE":{"binderInfo":"default","body":102,"name":29,"type":1},"ie":103}
{"forallE":{"binderInfo":"default","body":103,"name":28,"type":1},"ie":104}
{"forallE":{"binderInfo":"default","body":104,"name":27,"type":1},"ie":105}
{"forallE":{"binderInfo":"default","body":105,"name":26,"type":1},"ie":106}
{"forallE":{"binderInfo":"default","body":106,"name":25,"type":1},"ie":107}
{"forallE":{"binderInfo":"default","body":107,"name":24,"type":1},"ie":108}
{"forallE":{"binderInfo":"default","body":108,"name":23,"type":1},"ie":109}
{"forallE":{"binderInfo":"default","body":109,"name":22,"type":1},"ie":110}
{"forallE":{"binderInfo":"default","body":110,"name":21,"type":1},"ie":111}
{"forallE":{"binderInfo":"default","body":111,"name":20,"type":1},"ie":112}
{"forallE":{"binderInfo":"default","body":112,"name":19,"type":1},"ie":113}
{"forallE":{"binderInfo":"default","body":113,"name":18,"type":1},"ie":114}
{"forallE":{"binderInfo":"default","body":114,"name":17,"type":1},"ie":115}
{"forallE":{"binderInfo":"default","body":115,"name":16,"type":1},"ie":116}
{"forallE":{"binderInfo":"default","body":116,"name":15,"type":1},"ie":117}
{"forallE":{"binderInfo":"default","body":117,"name":14,"type":1},"ie":118}
{"forallE":{"binderInfo":"default","body":118,"name":13,"type":1},"ie":119}
{"forallE":{"binderInfo":"default","body":119,"name":12,"type":1},"ie":120}
{"forallE":{"binderInfo":"default","body":120,"name":11,"type":1},"ie":121}
{"forallE":{"binderInfo":"default","body":121,"name":10,"type":1},"ie":122}
{"forallE":{"binderInfo":"default","body":122,"name":9,"type":1},"ie":123}
{"forallE":{"binderInfo":"default","body":123,"name":8,"type":1},"ie":124}
{"forallE":{"binderInfo":"default","body":124,"name":7,"type":1},"ie":125}
{"forallE":{"binderInfo":"default","body":125,"name":6,"type":1},"ie":126}
{"forallE":{"binderInfo":"default","body":126,"name":5,"type":1},"ie":127}
{"forallE":{"binderInfo":"default","body":127,"name":4,"type":1},"ie":128}
{"forallE":{"binderInfo":"default","body":128,"name":3,"type":1},"ie":129}
{"def":{"all":[2],"hints":{"regular":1},"levelParams":[],"name":2,"safety":"safe","type":0,"value":129}}
