{"meta":{"exporter":{"name":"lean4export","version":"3.1.0"},"format":{"version":"3.1.0"},"lean":{"githash":"f72c35b3f637c8c6571d353742168ab66cc22c00","version":"4.29.1"}}}
{"in":1,"str":{"pre":0,"str":"ResourceEnvelopePilot1"}}
{"in":2,"str":{"pre":1,"str":"let256"}}
{"il":1,"succ":0}
{"ie":0,"sort":1}
{"in":3,"str":{"pre":0,"str":"x000"}}
{"ie":1,"sort":0}
{"in":4,"str":{"pre":0,"str":"x001"}}
{"bvar":0,"ie":2}
{"in":5,"str":{"pre":0,"str":"x002"}}
{"in":6,"str":{"pre":0,"str":"x003"}}
{"in":7,"str":{"pre":0,"str":"x004"}}
{"in":8,"str":{"pre":0,"str":"x005"}}
{"in":9,"str":{"pre":0,"str":"x006"}}
{"in":10,"str":{"pre":0,"str":"x007"}}
{"in":11,"str":{"pre":0,"str":"x008"}}
{"in":12,"str":{"pre":0,"str":"x009"}}
{"in":13,"str":{"pre":0,"str":"x010"}}
{"in":14,"str":{"pre":0,"str":"x011"}}
{"in":15,"str":{"pre":0,"str":"x012"}}
{"in":16,"str":{"pre":0,"str":"x013"}}
{"in":17,"str":{"pre":0,"str":"x014"}}
{"in":18,"str":{"pre":0,"str":"x015"}}
{"in":19,"str":{"pre":0,"str":"x016"}}
{"in":20,"str":{"pre":0,"str":"x017"}}
{"in":21,"str":{"pre":0,"str":"x018"}}
{"in":22,"str":{"pre":0,"str":"x019"}}
{"in":23,"str":{"pre":0,"str":"x020"}}
{"in":24,"str":{"pre":0,"str":"x021"}}
{"in":25,"str":{"pre":0,"str":"x022"}}
{"in":26,"str":{"pre":0,"str":"x023"}}
{"in":27,"str":{"pre":0,"str":"x024"}}
{"in":28,"str":{"pre":0,"str":"x025"}}
{"in":29,"str":{"pre":0,"str":"x026"}}
{"in":30,"str":{"pre":0,"str":"x027"}}
{"in":31,"str":{"pre":0,"str":"x028"}}
{"in":32,"str":{"pre":0,"str":"x029"}}
{"in":33,"str":{"pre":0,"str":"x030"}}
{"in":34,"str":{"pre":0,"str":"x031"}}
{"in":35,"str":{"pre":0,"str":"x032"}}
{"in":36,"str":{"pre":0,"str":"x033"}}
{"in":37,"str":{"pre":0,"str":"x034"}}
{"in":38,"str":{"pre":0,"str":"x035"}}
{"in":39,"str":{"pre":0,"str":"x036"}}
{"in":40,"str":{"pre":0,"str":"x037"}}
{"in":41,"str":{"pre":0,"str":"x038"}}
{"in":42,"str":{"pre":0,"str":"x039"}}
{"in":43,"str":{"pre":0,"str":"x040"}}
{"in":44,"str":{"pre":0,"str":"x041"}}
{"in":45,"str":{"pre":0,"str":"x042"}}
{"in":46,"str":{"pre":0,"str":"x043"}}
{"in":47,"str":{"pre":0,"str":"x044"}}
{"in":48,"str":{"pre":0,"str":"x045"}}
{"in":49,"str":{"pre":0,"str":"x046"}}
{"in":50,"str":{"pre":0,"str":"x047"}}
{"in":51,"str":{"pre":0,"str":"x048"}}
{"in":52,"str":{"pre":0,"str":"x049"}}
{"in":53,"str":{"pre":0,"str":"x050"}}
{"in":54,"str":{"pre":0,"str":"x051"}}
{"in":55,"str":{"pre":0,"str":"x052"}}
{"in":56,"str":{"pre":0,"str":"x053"}}
{"in":57,"str":{"pre":0,"str":"x054"}}
{"in":58,"str":{"pre":0,"str":"x055"}}
{"in":59,"str":{"pre":0,"str":"x056"}}
{"in":60,"str":{"pre":0,"str":"x057"}}
{"in":61,"str":{"pre":0,"str":"x058"}}
{"in":62,"str":{"pre":0,"str":"x059"}}
{"in":63,"str":{"pre":0,"str":"x060"}}
{"in":64,"str":{"pre":0,"str":"x061"}}
{"in":65,"str":{"pre":0,"str":"x062"}}
{"in":66,"str":{"pre":0,"str":"x063"}}
{"in":67,"str":{"pre":0,"str":"x064"}}
{"in":68,"str":{"pre":0,"str":"x065"}}
{"in":69,"str":{"pre":0,"str":"x066"}}
{"in":70,"str":{"pre":0,"str":"x067"}}
{"in":71,"str":{"pre":0,"str":"x068"}}
{"in":72,"str":{"pre":0,"str":"x069"}}
{"in":73,"str":{"pre":0,"str":"x070"}}
{"in":74,"str":{"pre":0,"str":"x071"}}
{"in":75,"str":{"pre":0,"str":"x072"}}
{"in":76,"str":{"pre":0,"str":"x073"}}
{"in":77,"str":{"pre":0,"str":"x074"}}
{"in":78,"str":{"pre":0,"str":"x075"}}
{"in":79,"str":{"pre":0,"str":"x076"}}
{"in":80,"str":{"pre":0,"str":"x077"}}
{"in":81,"str":{"pre":0,"str":"x078"}}
{"in":82,"str":{"pre":0,"str":"x079"}}
{"in":83,"str":{"pre":0,"str":"x080"}}
{"in":84,"str":{"pre":0,"str":"x081"}}
{"in":85,"str":{"pre":0,"str":"x082"}}
{"in":86,"str":{"pre":0,"str":"x083"}}
{"in":87,"str":{"pre":0,"str":"x084"}}
{"in":88,"str":{"pre":0,"str":"x085"}}
{"in":89,"str":{"pre":0,"str":"x086"}}
{"in":90,"str":{"pre":0,"str":"x087"}}
{"in":91,"str":{"pre":0,"str":"x088"}}
{"in":92,"str":{"pre":0,"str":"x089"}}
{"in":93,"str":{"pre":0,"str":"x090"}}
{"in":94,"str":{"pre":0,"str":"x091"}}
{"in":95,"str":{"pre":0,"str":"x092"}}
{"in":96,"str":{"pre":0,"str":"x093"}}
{"in":97,"str":{"pre":0,"str":"x094"}}
{"in":98,"str":{"pre":0,"str":"x095"}}
{"in":99,"str":{"pre":0,"str":"x096"}}
{"in":100,"str":{"pre":0,"str":"x097"}}
{"in":101,"str":{"pre":0,"str":"x098"}}
{"in":102,"str":{"pre":0,"str":"x099"}}
{"in":103,"str":{"pre":0,"str":"x100"}}
{"in":104,"str":{"pre":0,"str":"x101"}}
{"in":105,"str":{"pre":0,"str":"x102"}}
{"in":106,"str":{"pre":0,"str":"x103"}}
{"in":107,"str":{"pre":0,"str":"x104"}}
{"in":108,"str":{"pre":0,"str":"x105"}}
{"in":109,"str":{"pre":0,"str":"x106"}}
{"in":110,"str":{"pre":0,"str":"x107"}}
{"in":111,"str":{"pre":0,"str":"x108"}}
{"in":112,"str":{"pre":0,"str":"x109"}}
{"in":113,"str":{"pre":0,"str":"x110"}}
{"in":114,"str":{"pre":0,"str":"x111"}}
{"in":115,"str":{"pre":0,"str":"x112"}}
{"in":116,"str":{"pre":0,"str":"x113"}}
{"in":117,"str":{"pre":0,"str":"x114"}}
{"in":118,"str":{"pre":0,"str":"x115"}}
{"in":119,"str":{"pre":0,"str":"x116"}}
{"in":120,"str":{"pre":0,"str":"x117"}}
{"in":121,"str":{"pre":0,"str":"x118"}}
{"in":122,"str":{"pre":0,"str":"x119"}}
{"in":123,"str":{"pre":0,"str":"x120"}}
{"in":124,"str":{"pre":0,"str":"x121"}}
{"in":125,"str":{"pre":0,"str":"x122"}}
{"in":126,"str":{"pre":0,"str":"x123"}}
{"in":127,"str":{"pre":0,"str":"x124"}}
{"in":128,"str":{"pre":0,"str":"x125"}}
{"in":129,"str":{"pre":0,"str":"x126"}}
{"in":130,"str":{"pre":0,"str":"x127"}}
{"in":131,"str":{"pre":0,"str":"x128"}}
{"in":132,"str":{"pre":0,"str":"x129"}}
{"in":133,"str":{"pre":0,"str":"x130"}}
{"in":134,"str":{"pre":0,"str":"x131"}}
{"in":135,"str":{"pre":0,"str":"x132"}}
{"in":136,"str":{"pre":0,"str":"x133"}}
{"in":137,"str":{"pre":0,"str":"x134"}}
{"in":138,"str":{"pre":0,"str":"x135"}}
{"in":139,"str":{"pre":0,"str":"x136"}}
{"in":140,"str":{"pre":0,"str":"x137"}}
{"in":141,"str":{"pre":0,"str":"x138"}}
{"in":142,"str":{"pre":0,"str":"x139"}}
{"in":143,"str":{"pre":0,"str":"x140"}}
{"in":144,"str":{"pre":0,"str":"x141"}}
{"in":145,"str":{"pre":0,"str":"x142"}}
{"in":146,"str":{"pre":0,"str":"x143"}}
{"in":147,"str":{"pre":0,"str":"x144"}}
{"in":148,"str":{"pre":0,"str":"x145"}}
{"in":149,"str":{"pre":0,"str":"x146"}}
{"in":150,"str":{"pre":0,"str":"x147"}}
{"in":151,"str":{"pre":0,"str":"x148"}}
{"in":152,"str":{"pre":0,"str":"x149"}}
{"in":153,"str":{"pre":0,"str":"x150"}}
{"in":154,"str":{"pre":0,"str":"x151"}}
{"in":155,"str":{"pre":0,"str":"x152"}}
{"in":156,"str":{"pre":0,"str":"x153"}}
{"in":157,"str":{"pre":0,"str":"x154"}}
{"in":158,"str":{"pre":0,"str":"x155"}}
{"in":159,"str":{"pre":0,"str":"x156"}}
{"in":160,"str":{"pre":0,"str":"x157"}}
{"in":161,"str":{"pre":0,"str":"x158"}}
{"in":162,"str":{"pre":0,"str":"x159"}}
{"in":163,"str":{"pre":0,"str":"x160"}}
{"in":164,"str":{"pre":0,"str":"x161"}}
{"in":165,"str":{"pre":0,"str":"x162"}}
{"in":166,"str":{"pre":0,"str":"x163"}}
{"in":167,"str":{"pre":0,"str":"x164"}}
{"in":168,"str":{"pre":0,"str":"x165"}}
{"in":169,"str":{"pre":0,"str":"x166"}}
{"in":170,"str":{"pre":0,"str":"x167"}}
{"in":171,"str":{"pre":0,"str":"x168"}}
{"in":172,"str":{"pre":0,"str":"x169"}}
{"in":173,"str":{"pre":0,"str":"x170"}}
{"in":174,"str":{"pre":0,"str":"x171"}}
{"in":175,"str":{"pre":0,"str":"x172"}}
{"in":176,"str":{"pre":0,"str":"x173"}}
{"in":177,"str":{"pre":0,"str":"x174"}}
{"in":178,"str":{"pre":0,"str":"x175"}}
{"in":179,"str":{"pre":0,"str":"x176"}}
{"in":180,"str":{"pre":0,"str":"x177"}}
{"in":181,"str":{"pre":0,"str":"x178"}}
{"in":182,"str":{"pre":0,"str":"x179"}}
{"in":183,"str":{"pre":0,"str":"x180"}}
{"in":184,"str":{"pre":0,"str":"x181"}}
{"in":185,"str":{"pre":0,"str":"x182"}}
{"in":186,"str":{"pre":0,"str":"x183"}}
{"in":187,"str":{"pre":0,"str":"x184"}}
{"in":188,"str":{"pre":0,"str":"x185"}}
{"in":189,"str":{"pre":0,"str":"x186"}}
{"in":190,"str":{"pre":0,"str":"x187"}}
{"in":191,"str":{"pre":0,"str":"x188"}}
{"in":192,"str":{"pre":0,"str":"x189"}}
{"in":193,"str":{"pre":0,"str":"x190"}}
{"in":194,"str":{"pre":0,"str":"x191"}}
{"in":195,"str":{"pre":0,"str":"x192"}}
{"in":196,"str":{"pre":0,"str":"x193"}}
{"in":197,"str":{"pre":0,"str":"x194"}}
{"in":198,"str":{"pre":0,"str":"x195"}}
{"in":199,"str":{"pre":0,"str":"x196"}}
{"in":200,"str":{"pre":0,"str":"x197"}}
{"in":201,"str":{"pre":0,"str":"x198"}}
{"in":202,"str":{"pre":0,"str":"x199"}}
{"in":203,"str":{"pre":0,"str":"x200"}}
{"in":204,"str":{"pre":0,"str":"x201"}}
{"in":205,"str":{"pre":0,"str":"x202"}}
{"in":206,"str":{"pre":0,"str":"x203"}}
{"in":207,"str":{"pre":0,"str":"x204"}}
{"in":208,"str":{"pre":0,"str":"x205"}}
{"in":209,"str":{"pre":0,"str":"x206"}}
{"in":210,"str":{"pre":0,"str":"x207"}}
{"in":211,"str":{"pre":0,"str":"x208"}}
{"in":212,"str":{"pre":0,"str":"x209"}}
{"in":213,"str":{"pre":0,"str":"x210"}}
{"in":214,"str":{"pre":0,"str":"x211"}}
{"in":215,"str":{"pre":0,"str":"x212"}}
{"in":216,"str":{"pre":0,"str":"x213"}}
{"in":217,"str":{"pre":0,"str":"x214"}}
{"in":218,"str":{"pre":0,"str":"x215"}}
{"in":219,"str":{"pre":0,"str":"x216"}}
{"in":220,"str":{"pre":0,"str":"x217"}}
{"in":221,"str":{"pre":0,"str":"x218"}}
{"in":222,"str":{"pre":0,"str":"x219"}}
{"in":223,"str":{"pre":0,"str":"x220"}}
{"in":224,"str":{"pre":0,"str":"x221"}}
{"in":225,"str":{"pre":0,"str":"x222"}}
{"in":226,"str":{"pre":0,"str":"x223"}}
{"in":227,"str":{"pre":0,"str":"x224"}}
{"in":228,"str":{"pre":0,"str":"x225"}}
{"in":229,"str":{"pre":0,"str":"x226"}}
{"in":230,"str":{"pre":0,"str":"x227"}}
{"in":231,"str":{"pre":0,"str":"x228"}}
{"in":232,"str":{"pre":0,"str":"x229"}}
{"in":233,"str":{"pre":0,"str":"x230"}}
{"in":234,"str":{"pre":0,"str":"x231"}}
{"in":235,"str":{"pre":0,"str":"x232"}}
{"in":236,"str":{"pre":0,"str":"x233"}}
{"in":237,"str":{"pre":0,"str":"x234"}}
{"in":238,"str":{"pre":0,"str":"x235"}}
{"in":239,"str":{"pre":0,"str":"x236"}}
{"in":240,"str":{"pre":0,"str":"x237"}}
{"in":241,"str":{"pre":0,"str":"x238"}}
{"in":242,"str":{"pre":0,"str":"x239"}}
{"in":243,"str":{"pre":0,"str":"x240"}}
{"in":244,"str":{"pre":0,"str":"x241"}}
{"in":245,"str":{"pre":0,"str":"x242"}}
{"in":246,"str":{"pre":0,"str":"x243"}}
{"in":247,"str":{"pre":0,"str":"x244"}}
{"in":248,"str":{"pre":0,"str":"x245"}}
{"in":249,"str":{"pre":0,"str":"x246"}}
{"in":250,"str":{"pre":0,"str":"x247"}}
{"in":251,"str":{"pre":0,"str":"x248"}}
{"in":252,"str":{"pre":0,"str":"x249"}}
{"in":253,"str":{"pre":0,"str":"x250"}}
{"in":254,"str":{"pre":0,"str":"x251"}}
{"in":255,"str":{"pre":0,"str":"x252"}}
{"in":256,"str":{"pre":0,"str":"x253"}}
{"in":257,"str":{"pre":0,"str":"x254"}}
{"in":258,"str":{"pre":0,"str":"x255"}}
{"ie":3,"letE":{"body":2,"name":258,"nondep":false,"type":0,"value":2}}
{"ie":4,"letE":{"body":3,"name":257,"nondep":false,"type":0,"value":2}}
{"ie":5,"letE":{"body":4,"name":256,"nondep":false,"type":0,"value":2}}
{"ie":6,"letE":{"body":5,"name":255,"nondep":false,"type":0,"value":2}}
{"ie":7,"letE":{"body":6,"name":254,"nondep":false,"type":0,"value":2}}
{"ie":8,"letE":{"body":7,"name":253,"nondep":false,"type":0,"value":2}}
{"ie":9,"letE":{"body":8,"name":252,"nondep":false,"type":0,"value":2}}
{"ie":10,"letE":{"body":9,"name":251,"nondep":false,"type":0,"value":2}}
{"ie":11,"letE":{"body":10,"name":250,"nondep":false,"type":0,"value":2}}
{"ie":12,"letE":{"body":11,"name":249,"nondep":false,"type":0,"value":2}}
{"ie":13,"letE":{"body":12,"name":248,"nondep":false,"type":0,"value":2}}
{"ie":14,"letE":{"body":13,"name":247,"nondep":false,"type":0,"value":2}}
{"ie":15,"letE":{"body":14,"name":246,"nondep":false,"type":0,"value":2}}
{"ie":16,"letE":{"body":15,"name":245,"nondep":false,"type":0,"value":2}}
{"ie":17,"letE":{"body":16,"name":244,"nondep":false,"type":0,"value":2}}
{"ie":18,"letE":{"body":17,"name":243,"nondep":false,"type":0,"value":2}}
{"ie":19,"letE":{"body":18,"name":242,"nondep":false,"type":0,"value":2}}
{"ie":20,"letE":{"body":19,"name":241,"nondep":false,"type":0,"value":2}}
{"ie":21,"letE":{"body":20,"name":240,"nondep":false,"type":0,"value":2}}
{"ie":22,"letE":{"body":21,"name":239,"nondep":false,"type":0,"value":2}}
{"ie":23,"letE":{"body":22,"name":238,"nondep":false,"type":0,"value":2}}
{"ie":24,"letE":{"body":23,"name":237,"nondep":false,"type":0,"value":2}}
{"ie":25,"letE":{"body":24,"name":236,"nondep":false,"type":0,"value":2}}
{"ie":26,"letE":{"body":25,"name":235,"nondep":false,"type":0,"value":2}}
{"ie":27,"letE":{"body":26,"name":234,"nondep":false,"type":0,"value":2}}
{"ie":28,"letE":{"body":27,"name":233,"nondep":false,"type":0,"value":2}}
{"ie":29,"letE":{"body":28,"name":232,"nondep":false,"type":0,"value":2}}
{"ie":30,"letE":{"body":29,"name":231,"nondep":false,"type":0,"value":2}}
{"ie":31,"letE":{"body":30,"name":230,"nondep":false,"type":0,"value":2}}
{"ie":32,"letE":{"body":31,"name":229,"nondep":false,"type":0,"value":2}}
{"ie":33,"letE":{"body":32,"name":228,"nondep":false,"type":0,"value":2}}
{"ie":34,"letE":{"body":33,"name":227,"nondep":false,"type":0,"value":2}}
{"ie":35,"letE":{"body":34,"name":226,"nondep":false,"type":0,"value":2}}
{"ie":36,"letE":{"body":35,"name":225,"nondep":false,"type":0,"value":2}}
{"ie":37,"letE":{"body":36,"name":224,"nondep":false,"type":0,"value":2}}
{"ie":38,"letE":{"body":37,"name":223,"nondep":false,"type":0,"value":2}}
{"ie":39,"letE":{"body":38,"name":222,"nondep":false,"type":0,"value":2}}
{"ie":40,"letE":{"body":39,"name":221,"nondep":false,"type":0,"value":2}}
{"ie":41,"letE":{"body":40,"name":220,"nondep":false,"type":0,"value":2}}
{"ie":42,"letE":{"body":41,"name":219,"nondep":false,"type":0,"value":2}}
{"ie":43,"letE":{"body":42,"name":218,"nondep":false,"type":0,"value":2}}
{"ie":44,"letE":{"body":43,"name":217,"nondep":false,"type":0,"value":2}}
{"ie":45,"letE":{"body":44,"name":216,"nondep":false,"type":0,"value":2}}
{"ie":46,"letE":{"body":45,"name":215,"nondep":false,"type":0,"value":2}}
{"ie":47,"letE":{"body":46,"name":214,"nondep":false,"type":0,"value":2}}
{"ie":48,"letE":{"body":47,"name":213,"nondep":false,"type":0,"value":2}}
{"ie":49,"letE":{"body":48,"name":212,"nondep":false,"type":0,"value":2}}
{"ie":50,"letE":{"body":49,"name":211,"nondep":false,"type":0,"value":2}}
{"ie":51,"letE":{"body":50,"name":210,"nondep":false,"type":0,"value":2}}
{"ie":52,"letE":{"body":51,"name":209,"nondep":false,"type":0,"value":2}}
{"ie":53,"letE":{"body":52,"name":208,"nondep":false,"type":0,"value":2}}
{"ie":54,"letE":{"body":53,"name":207,"nondep":false,"type":0,"value":2}}
{"ie":55,"letE":{"body":54,"name":206,"nondep":false,"type":0,"value":2}}
{"ie":56,"letE":{"body":55,"name":205,"nondep":false,"type":0,"value":2}}
{"ie":57,"letE":{"body":56,"name":204,"nondep":false,"type":0,"value":2}}
{"ie":58,"letE":{"body":57,"name":203,"nondep":false,"type":0,"value":2}}
{"ie":59,"letE":{"body":58,"name":202,"nondep":false,"type":0,"value":2}}
{"ie":60,"letE":{"body":59,"name":201,"nondep":false,"type":0,"value":2}}
{"ie":61,"letE":{"body":60,"name":200,"nondep":false,"type":0,"value":2}}
{"ie":62,"letE":{"body":61,"name":199,"nondep":false,"type":0,"value":2}}
{"ie":63,"letE":{"body":62,"name":198,"nondep":false,"type":0,"value":2}}
{"ie":64,"letE":{"body":63,"name":197,"nondep":false,"type":0,"value":2}}
{"ie":65,"letE":{"body":64,"name":196,"nondep":false,"type":0,"value":2}}
{"ie":66,"letE":{"body":65,"name":195,"nondep":false,"type":0,"value":2}}
{"ie":67,"letE":{"body":66,"name":194,"nondep":false,"type":0,"value":2}}
{"ie":68,"letE":{"body":67,"name":193,"nondep":false,"type":0,"value":2}}
{"ie":69,"letE":{"body":68,"name":192,"nondep":false,"type":0,"value":2}}
{"ie":70,"letE":{"body":69,"name":191,"nondep":false,"type":0,"value":2}}
{"ie":71,"letE":{"body":70,"name":190,"nondep":false,"type":0,"value":2}}
{"ie":72,"letE":{"body":71,"name":189,"nondep":false,"type":0,"value":2}}
{"ie":73,"letE":{"body":72,"name":188,"nondep":false,"type":0,"value":2}}
{"ie":74,"letE":{"body":73,"name":187,"nondep":false,"type":0,"value":2}}
{"ie":75,"letE":{"body":74,"name":186,"nondep":false,"type":0,"value":2}}
{"ie":76,"letE":{"body":75,"name":185,"nondep":false,"type":0,"value":2}}
{"ie":77,"letE":{"body":76,"name":184,"nondep":false,"type":0,"value":2}}
{"ie":78,"letE":{"body":77,"name":183,"nondep":false,"type":0,"value":2}}
{"ie":79,"letE":{"body":78,"name":182,"nondep":false,"type":0,"value":2}}
{"ie":80,"letE":{"body":79,"name":181,"nondep":false,"type":0,"value":2}}
{"ie":81,"letE":{"body":80,"name":180,"nondep":false,"type":0,"value":2}}
{"ie":82,"letE":{"body":81,"name":179,"nondep":false,"type":0,"value":2}}
{"ie":83,"letE":{"body":82,"name":178,"nondep":false,"type":0,"value":2}}
{"ie":84,"letE":{"body":83,"name":177,"nondep":false,"type":0,"value":2}}
{"ie":85,"letE":{"body":84,"name":176,"nondep":false,"type":0,"value":2}}
{"ie":86,"letE":{"body":85,"name":175,"nondep":false,"type":0,"value":2}}
{"ie":87,"letE":{"body":86,"name":174,"nondep":false,"type":0,"value":2}}
{"ie":88,"letE":{"body":87,"name":173,"nondep":false,"type":0,"value":2}}
{"ie":89,"letE":{"body":88,"name":172,"nondep":false,"type":0,"value":2}}
{"ie":90,"letE":{"body":89,"name":171,"nondep":false,"type":0,"value":2}}
{"ie":91,"letE":{"body":90,"name":170,"nondep":false,"type":0,"value":2}}
{"ie":92,"letE":{"body":91,"name":169,"nondep":false,"type":0,"value":2}}
{"ie":93,"letE":{"body":92,"name":168,"nondep":false,"type":0,"value":2}}
{"ie":94,"letE":{"body":93,"name":167,"nondep":false,"type":0,"value":2}}
{"ie":95,"letE":{"body":94,"name":166,"nondep":false,"type":0,"value":2}}
{"ie":96,"letE":{"body":95,"name":165,"nondep":false,"type":0,"value":2}}
{"ie":97,"letE":{"body":96,"name":164,"nondep":false,"type":0,"value":2}}
{"ie":98,"letE":{"body":97,"name":163,"nondep":false,"type":0,"value":2}}
{"ie":99,"letE":{"body":98,"name":162,"nondep":false,"type":0,"value":2}}
{"ie":100,"letE":{"body":99,"name":161,"nondep":false,"type":0,"value":2}}
{"ie":101,"letE":{"body":100,"name":160,"nondep":false,"type":0,"value":2}}
{"ie":102,"letE":{"body":101,"name":159,"nondep":false,"type":0,"value":2}}
{"ie":103,"letE":{"body":102,"name":158,"nondep":false,"type":0,"value":2}}
{"ie":104,"letE":{"body":103,"name":157,"nondep":false,"type":0,"value":2}}
{"ie":105,"letE":{"body":104,"name":156,"nondep":false,"type":0,"value":2}}
{"ie":106,"letE":{"body":105,"name":155,"nondep":false,"type":0,"value":2}}
{"ie":107,"letE":{"body":106,"name":154,"nondep":false,"type":0,"value":2}}
{"ie":108,"letE":{"body":107,"name":153,"nondep":false,"type":0,"value":2}}
{"ie":109,"letE":{"body":108,"name":152,"nondep":false,"type":0,"value":2}}
{"ie":110,"letE":{"body":109,"name":151,"nondep":false,"type":0,"value":2}}
{"ie":111,"letE":{"body":110,"name":150,"nondep":false,"type":0,"value":2}}
{"ie":112,"letE":{"body":111,"name":149,"nondep":false,"type":0,"value":2}}
{"ie":113,"letE":{"body":112,"name":148,"nondep":false,"type":0,"value":2}}
{"ie":114,"letE":{"body":113,"name":147,"nondep":false,"type":0,"value":2}}
{"ie":115,"letE":{"body":114,"name":146,"nondep":false,"type":0,"value":2}}
{"ie":116,"letE":{"body":115,"name":145,"nondep":false,"type":0,"value":2}}
{"ie":117,"letE":{"body":116,"name":144,"nondep":false,"type":0,"value":2}}
{"ie":118,"letE":{"body":117,"name":143,"nondep":false,"type":0,"value":2}}
{"ie":119,"letE":{"body":118,"name":142,"nondep":false,"type":0,"value":2}}
{"ie":120,"letE":{"body":119,"name":141,"nondep":false,"type":0,"value":2}}
{"ie":121,"letE":{"body":120,"name":140,"nondep":false,"type":0,"value":2}}
{"ie":122,"letE":{"body":121,"name":139,"nondep":false,"type":0,"value":2}}
{"ie":123,"letE":{"body":122,"name":138,"nondep":false,"type":0,"value":2}}
{"ie":124,"letE":{"body":123,"name":137,"nondep":false,"type":0,"value":2}}
{"ie":125,"letE":{"body":124,"name":136,"nondep":false,"type":0,"value":2}}
{"ie":126,"letE":{"body":125,"name":135,"nondep":false,"type":0,"value":2}}
{"ie":127,"letE":{"body":126,"name":134,"nondep":false,"type":0,"value":2}}
{"ie":128,"letE":{"body":127,"name":133,"nondep":false,"type":0,"value":2}}
{"ie":129,"letE":{"body":128,"name":132,"nondep":false,"type":0,"value":2}}
{"ie":130,"letE":{"body":129,"name":131,"nondep":false,"type":0,"value":2}}
{"ie":131,"letE":{"body":130,"name":130,"nondep":false,"type":0,"value":2}}
{"ie":132,"letE":{"body":131,"name":129,"nondep":false,"type":0,"value":2}}
{"ie":133,"letE":{"body":132,"name":128,"nondep":false,"type":0,"value":2}}
{"ie":134,"letE":{"body":133,"name":127,"nondep":false,"type":0,"value":2}}
{"ie":135,"letE":{"body":134,"name":126,"nondep":false,"type":0,"value":2}}
{"ie":136,"letE":{"body":135,"name":125,"nondep":false,"type":0,"value":2}}
{"ie":137,"letE":{"body":136,"name":124,"nondep":false,"type":0,"value":2}}
{"ie":138,"letE":{"body":137,"name":123,"nondep":false,"type":0,"value":2}}
{"ie":139,"letE":{"body":138,"name":122,"nondep":false,"type":0,"value":2}}
{"ie":140,"letE":{"body":139,"name":121,"nondep":false,"type":0,"value":2}}
{"ie":141,"letE":{"body":140,"name":120,"nondep":false,"type":0,"value":2}}
{"ie":142,"letE":{"body":141,"name":119,"nondep":false,"type":0,"value":2}}
{"ie":143,"letE":{"body":142,"name":118,"nondep":false,"type":0,"value":2}}
{"ie":144,"letE":{"body":143,"name":117,"nondep":false,"type":0,"value":2}}
{"ie":145,"letE":{"body":144,"name":116,"nondep":false,"type":0,"value":2}}
{"ie":146,"letE":{"body":145,"name":115,"nondep":false,"type":0,"value":2}}
{"ie":147,"letE":{"body":146,"name":114,"nondep":false,"type":0,"value":2}}
{"ie":148,"letE":{"body":147,"name":113,"nondep":false,"type":0,"value":2}}
{"ie":149,"letE":{"body":148,"name":112,"nondep":false,"type":0,"value":2}}
{"ie":150,"letE":{"body":149,"name":111,"nondep":false,"type":0,"value":2}}
{"ie":151,"letE":{"body":150,"name":110,"nondep":false,"type":0,"value":2}}
{"ie":152,"letE":{"body":151,"name":109,"nondep":false,"type":0,"value":2}}
{"ie":153,"letE":{"body":152,"name":108,"nondep":false,"type":0,"value":2}}
{"ie":154,"letE":{"body":153,"name":107,"nondep":false,"type":0,"value":2}}
{"ie":155,"letE":{"body":154,"name":106,"nondep":false,"type":0,"value":2}}
{"ie":156,"letE":{"body":155,"name":105,"nondep":false,"type":0,"value":2}}
{"ie":157,"letE":{"body":156,"name":104,"nondep":false,"type":0,"value":2}}
{"ie":158,"letE":{"body":157,"name":103,"nondep":false,"type":0,"value":2}}
{"ie":159,"letE":{"body":158,"name":102,"nondep":false,"type":0,"value":2}}
{"ie":160,"letE":{"body":159,"name":101,"nondep":false,"type":0,"value":2}}
{"ie":161,"letE":{"body":160,"name":100,"nondep":false,"type":0,"value":2}}
{"ie":162,"letE":{"body":161,"name":99,"nondep":false,"type":0,"value":2}}
{"ie":163,"letE":{"body":162,"name":98,"nondep":false,"type":0,"value":2}}
{"ie":164,"letE":{"body":163,"name":97,"nondep":false,"type":0,"value":2}}
{"ie":165,"letE":{"body":164,"name":96,"nondep":false,"type":0,"value":2}}
{"ie":166,"letE":{"body":165,"name":95,"nondep":false,"type":0,"value":2}}
{"ie":167,"letE":{"body":166,"name":94,"nondep":false,"type":0,"value":2}}
{"ie":168,"letE":{"body":167,"name":93,"nondep":false,"type":0,"value":2}}
{"ie":169,"letE":{"body":168,"name":92,"nondep":false,"type":0,"value":2}}
{"ie":170,"letE":{"body":169,"name":91,"nondep":false,"type":0,"value":2}}
{"ie":171,"letE":{"body":170,"name":90,"nondep":false,"type":0,"value":2}}
{"ie":172,"letE":{"body":171,"name":89,"nondep":false,"type":0,"value":2}}
{"ie":173,"letE":{"body":172,"name":88,"nondep":false,"type":0,"value":2}}
{"ie":174,"letE":{"body":173,"name":87,"nondep":false,"type":0,"value":2}}
{"ie":175,"letE":{"body":174,"name":86,"nondep":false,"type":0,"value":2}}
{"ie":176,"letE":{"body":175,"name":85,"nondep":false,"type":0,"value":2}}
{"ie":177,"letE":{"body":176,"name":84,"nondep":false,"type":0,"value":2}}
{"ie":178,"letE":{"body":177,"name":83,"nondep":false,"type":0,"value":2}}
{"ie":179,"letE":{"body":178,"name":82,"nondep":false,"type":0,"value":2}}
{"ie":180,"letE":{"body":179,"name":81,"nondep":false,"type":0,"value":2}}
{"ie":181,"letE":{"body":180,"name":80,"nondep":false,"type":0,"value":2}}
{"ie":182,"letE":{"body":181,"name":79,"nondep":false,"type":0,"value":2}}
{"ie":183,"letE":{"body":182,"name":78,"nondep":false,"type":0,"value":2}}
{"ie":184,"letE":{"body":183,"name":77,"nondep":false,"type":0,"value":2}}
{"ie":185,"letE":{"body":184,"name":76,"nondep":false,"type":0,"value":2}}
{"ie":186,"letE":{"body":185,"name":75,"nondep":false,"type":0,"value":2}}
{"ie":187,"letE":{"body":186,"name":74,"nondep":false,"type":0,"value":2}}
{"ie":188,"letE":{"body":187,"name":73,"nondep":false,"type":0,"value":2}}
{"ie":189,"letE":{"body":188,"name":72,"nondep":false,"type":0,"value":2}}
{"ie":190,"letE":{"body":189,"name":71,"nondep":false,"type":0,"value":2}}
{"ie":191,"letE":{"body":190,"name":70,"nondep":false,"type":0,"value":2}}
{"ie":192,"letE":{"body":191,"name":69,"nondep":false,"type":0,"value":2}}
{"ie":193,"letE":{"body":192,"name":68,"nondep":false,"type":0,"value":2}}
{"ie":194,"letE":{"body":193,"name":67,"nondep":false,"type":0,"value":2}}
{"ie":195,"letE":{"body":194,"name":66,"nondep":false,"type":0,"value":2}}
{"ie":196,"letE":{"body":195,"name":65,"nondep":false,"type":0,"value":2}}
{"ie":197,"letE":{"body":196,"name":64,"nondep":false,"type":0,"value":2}}
{"ie":198,"letE":{"body":197,"name":63,"nondep":false,"type":0,"value":2}}
{"ie":199,"letE":{"body":198,"name":62,"nondep":false,"type":0,"value":2}}
{"ie":200,"letE":{"body":199,"name":61,"nondep":false,"type":0,"value":2}}
{"ie":201,"letE":{"body":200,"name":60,"nondep":false,"type":0,"value":2}}
{"ie":202,"letE":{"body":201,"name":59,"nondep":false,"type":0,"value":2}}
{"ie":203,"letE":{"body":202,"name":58,"nondep":false,"type":0,"value":2}}
{"ie":204,"letE":{"body":203,"name":57,"nondep":false,"type":0,"value":2}}
{"ie":205,"letE":{"body":204,"name":56,"nondep":false,"type":0,"value":2}}
{"ie":206,"letE":{"body":205,"name":55,"nondep":false,"type":0,"value":2}}
{"ie":207,"letE":{"body":206,"name":54,"nondep":false,"type":0,"value":2}}
{"ie":208,"letE":{"body":207,"name":53,"nondep":false,"type":0,"value":2}}
{"ie":209,"letE":{"body":208,"name":52,"nondep":false,"type":0,"value":2}}
{"ie":210,"letE":{"body":209,"name":51,"nondep":false,"type":0,"value":2}}
{"ie":211,"letE":{"body":210,"name":50,"nondep":false,"type":0,"value":2}}
{"ie":212,"letE":{"body":211,"name":49,"nondep":false,"type":0,"value":2}}
{"ie":213,"letE":{"body":212,"name":48,"nondep":false,"type":0,"value":2}}
{"ie":214,"letE":{"body":213,"name":47,"nondep":false,"type":0,"value":2}}
{"ie":215,"letE":{"body":214,"name":46,"nondep":false,"type":0,"value":2}}
{"ie":216,"letE":{"body":215,"name":45,"nondep":false,"type":0,"value":2}}
{"ie":217,"letE":{"body":216,"name":44,"nondep":false,"type":0,"value":2}}
{"ie":218,"letE":{"body":217,"name":43,"nondep":false,"type":0,"value":2}}
{"ie":219,"letE":{"body":218,"name":42,"nondep":false,"type":0,"value":2}}
{"ie":220,"letE":{"body":219,"name":41,"nondep":false,"type":0,"value":2}}
{"ie":221,"letE":{"body":220,"name":40,"nondep":false,"type":0,"value":2}}
{"ie":222,"letE":{"body":221,"name":39,"nondep":false,"type":0,"value":2}}
{"ie":223,"letE":{"body":222,"name":38,"nondep":false,"type":0,"value":2}}
{"ie":224,"letE":{"body":223,"name":37,"nondep":false,"type":0,"value":2}}
{"ie":225,"letE":{"body":224,"name":36,"nondep":false,"type":0,"value":2}}
{"ie":226,"letE":{"body":225,"name":35,"nondep":false,"type":0,"value":2}}
{"ie":227,"letE":{"body":226,"name":34,"nondep":false,"type":0,"value":2}}
{"ie":228,"letE":{"body":227,"name":33,"nondep":false,"type":0,"value":2}}
{"ie":229,"letE":{"body":228,"name":32,"nondep":false,"type":0,"value":2}}
{"ie":230,"letE":{"body":229,"name":31,"nondep":false,"type":0,"value":2}}
{"ie":231,"letE":{"body":230,"name":30,"nondep":false,"type":0,"value":2}}
{"ie":232,"letE":{"body":231,"name":29,"nondep":false,"type":0,"value":2}}
{"ie":233,"letE":{"body":232,"name":28,"nondep":false,"type":0,"value":2}}
{"ie":234,"letE":{"body":233,"name":27,"nondep":false,"type":0,"value":2}}
{"ie":235,"letE":{"body":234,"name":26,"nondep":false,"type":0,"value":2}}
{"ie":236,"letE":{"body":235,"name":25,"nondep":false,"type":0,"value":2}}
{"ie":237,"letE":{"body":236,"name":24,"nondep":false,"type":0,"value":2}}
{"ie":238,"letE":{"body":237,"name":23,"nondep":false,"type":0,"value":2}}
{"ie":239,"letE":{"body":238,"name":22,"nondep":false,"type":0,"value":2}}
{"ie":240,"letE":{"body":239,"name":21,"nondep":false,"type":0,"value":2}}
{"ie":241,"letE":{"body":240,"name":20,"nondep":false,"type":0,"value":2}}
{"ie":242,"letE":{"body":241,"name":19,"nondep":false,"type":0,"value":2}}
{"ie":243,"letE":{"body":242,"name":18,"nondep":false,"type":0,"value":2}}
{"ie":244,"letE":{"body":243,"name":17,"nondep":false,"type":0,"value":2}}
{"ie":245,"letE":{"body":244,"name":16,"nondep":false,"type":0,"value":2}}
{"ie":246,"letE":{"body":245,"name":15,"nondep":false,"type":0,"value":2}}
{"ie":247,"letE":{"body":246,"name":14,"nondep":false,"type":0,"value":2}}
{"ie":248,"letE":{"body":247,"name":13,"nondep":false,"type":0,"value":2}}
{"ie":249,"letE":{"body":248,"name":12,"nondep":false,"type":0,"value":2}}
{"ie":250,"letE":{"body":249,"name":11,"nondep":false,"type":0,"value":2}}
{"ie":251,"letE":{"body":250,"name":10,"nondep":false,"type":0,"value":2}}
{"ie":252,"letE":{"body":251,"name":9,"nondep":false,"type":0,"value":2}}
{"ie":253,"letE":{"body":252,"name":8,"nondep":false,"type":0,"value":2}}
{"ie":254,"letE":{"body":253,"name":7,"nondep":false,"type":0,"value":2}}
{"ie":255,"letE":{"body":254,"name":6,"nondep":false,"type":0,"value":2}}
{"ie":256,"letE":{"body":255,"name":5,"nondep":false,"type":0,"value":2}}
{"ie":257,"letE":{"body":256,"name":4,"nondep":false,"type":0,"value":2}}
{"ie":258,"letE":{"body":257,"name":3,"nondep":false,"type":0,"value":1}}
{"def":{"all":[2],"hints":{"regular":1},"levelParams":[],"name":2,"safety":"safe","type":0,"value":258}}
