cell=explicit-negative revision=015d54649bcaaa0861f355b59761ce308e629fbb trustLevel=0
cell=explicit-negative storedType.raw=Lean.Expr.forallE
  `_
  (Lean.Expr.const `Bool [])
  (Lean.Expr.const `Box [])
  (Lean.BinderInfo.default)
cell=explicit-negative declarationType.raw=Lean.Expr.forallE
  `f
  (Lean.Expr.forallE `_ (Lean.Expr.const `Bool []) (Lean.Expr.const `Box []) (Lean.BinderInfo.default))
  (Lean.Expr.app
    (Lean.Expr.app
      (Lean.Expr.app
        (Lean.Expr.const `Eq [Lean.Level.succ (Lean.Level.zero)])
        (Lean.Expr.forallE `_ (Lean.Expr.const `Bool []) (Lean.Expr.const `Box []) (Lean.BinderInfo.default)))
      (Lean.Expr.bvar 0))
    (Lean.Expr.const `Box.mk []))
  (Lean.BinderInfo.default)
cell=explicit-negative declarationValue.raw=Lean.Expr.lam
  `f
  (Lean.Expr.forallE `_ (Lean.Expr.const `Bool []) (Lean.Expr.const `Box []) (Lean.BinderInfo.default))
  (Lean.Expr.app
    (Lean.Expr.app
      (Lean.Expr.const `Eq.refl [Lean.Level.succ (Lean.Level.zero)])
      (Lean.Expr.forallE `_ (Lean.Expr.const `Bool []) (Lean.Expr.const `Box []) (Lean.BinderInfo.default)))
    (Lean.Expr.bvar 0))
  (Lean.BinderInfo.default)
cell=explicit-negative Kernel.check(type)=Lean.Expr.sort (Lean.Level.zero)
cell=explicit-negative Kernel.check(value)=Lean.Expr.forallE
  `f
  (Lean.Expr.forallE `_ (Lean.Expr.const `Bool []) (Lean.Expr.const `Box []) (Lean.BinderInfo.default))
  (Lean.Expr.app
    (Lean.Expr.app
      (Lean.Expr.app
        (Lean.Expr.const `Eq [Lean.Level.succ (Lean.Level.zero)])
        (Lean.Expr.forallE `_ (Lean.Expr.const `Bool []) (Lean.Expr.const `Box []) (Lean.BinderInfo.default)))
      (Lean.Expr.bvar 0))
    (Lean.Expr.bvar 0))
  (Lean.BinderInfo.default)
cell=explicit-negative addDeclCore=REJECT
classification-input explicitAccepted=false
