Tree2Bridge.lean:60:77: error: failed to synthesize
  Decidable (Official.elimNested O decl 4 = Except.ok lowered)

Hint: Additional diagnostic information may be available using the `set_option diagnostics true` command.
Tree2Bridge.lean:79:9: error: maximum recursion depth has been reached
use `set_option maxRecDepth <num>` to increase limit
use `set_option diagnostics true` to get diagnostic information
Tree2Bridge.lean:88:52: error: failed to synthesize
  Decidable (ops.inferType E 2 A = Except.ok S)

Hint: Additional diagnostic information may be available using the `set_option diagnostics true` command.
Tree2Bridge.lean:89:57: error: failed to synthesize
  Decidable (ops.inferType E 2 (l X) = Except.ok S)

Hint: Additional diagnostic information may be available using the `set_option diagnostics true` command.
Tree2Bridge.lean:90:62: error: failed to synthesize
  Decidable (ops.inferType E 2 (l (l X)) = Except.ok S)

Hint: Additional diagnostic information may be available using the `set_option diagnostics true` command.
Tree2Bridge.lean:92:55: error: failed to synthesize
  Decidable (ops.inferType E 2 (arr A X) = Except.ok (Expr.sort (Level.zero.succ.imax Level.zero.succ)))

Hint: Additional diagnostic information may be available using the `set_option diagnostics true` command.
Tree2Bridge.lean:94:55: error: failed to synthesize
  Decidable (ops.inferType E 2 (arr (l (l X)) X) = Except.ok (Expr.sort (Level.zero.succ.imax Level.zero.succ)))

Hint: Additional diagnostic information may be available using the `set_option diagnostics true` command.
Tree2Bridge.lean:96:77: error: failed to synthesize
  Decidable
    (ops.inferType E 3 (arr (l X) (arr Y Y)) =
      Except.ok (Expr.sort (Level.zero.succ.imax (Level.zero.succ.imax Level.zero.succ))))

Hint: Additional diagnostic information may be available using the `set_option diagnostics true` command.
Tree2Bridge.lean:98:77: error: failed to synthesize
  Decidable
    (ops.inferType E 3 (arr X (arr Y Y)) =
      Except.ok (Expr.sort (Level.zero.succ.imax (Level.zero.succ.imax Level.zero.succ))))

Hint: Additional diagnostic information may be available using the `set_option diagnostics true` command.
'Tree2Bridge.official_lowering' depends on axioms: [propext, sorryAx, Classical.choice, Quot.sound]
'Tree2Bridge.canonical_list' depends on axioms: [propext, Classical.choice, Quot.sound]
'Tree2Bridge.root_crests' depends on axioms: [propext, Classical.choice, Quot.sound]
'Tree2Bridge.container_crests' depends on axioms: [propext, Classical.choice, Quot.sound]
'Tree2Bridge.frame_reset' depends on axioms: [propext, sorryAx, Classical.choice, Quot.sound]
'Tree2Bridge.infer_outer' depends on axioms: [propext, sorryAx, Classical.choice, Quot.sound]
