explorations/runs/EXPLORE-LEAN-ETA-ADMISSION-1/admission-cases.lean:36:12: error(lean.synthInstanceFailed): failed to synthesize instance of type class
  MonadEnv IO

Hint: Type class instance resolution failures can be inspected with the `set_option trace.Meta.synthInstance true` command.
explorations/runs/EXPLORE-LEAN-ETA-ADMISSION-1/admission-cases.lean:55:18: error: overloaded, errors 
  failed to synthesize instance of type class
    MonadError IO
  
  Hint: Type class instance resolution failures can be inspected with the `set_option trace.Meta.synthInstance true` command.
  
  failed to synthesize instance of type class
    MonadExcept Kernel.Exception IO
  
  Hint: Type class instance resolution failures can be inspected with the `set_option trace.Meta.synthInstance true` command.
explorations/runs/EXPLORE-LEAN-ETA-ADMISSION-1/admission-cases.lean:56:19: error: overloaded, errors 
  failed to synthesize instance of type class
    MonadError IO
  
  Hint: Type class instance resolution failures can be inspected with the `set_option trace.Meta.synthInstance true` command.
  
  failed to synthesize instance of type class
    MonadExcept Kernel.Exception IO
  
  Hint: Type class instance resolution failures can be inspected with the `set_option trace.Meta.synthInstance true` command.
explorations/runs/EXPLORE-LEAN-ETA-ADMISSION-1/admission-cases.lean:76:59: error(lean.synthInstanceFailed): failed to synthesize instance of type class
  Repr Kernel.Exception

Hint: Adding the command `deriving instance Repr for Lean.Kernel.Exception` may allow Lean to derive the missing instance.
explorations/runs/EXPLORE-LEAN-ETA-ADMISSION-1/admission-cases.lean:79:0: error: Aborting evaluation since the expression depends on the 'sorry' axiom, which can lead to runtime instability and crashes.

To attempt to evaluate anyway despite the risks, use the '#eval!' command.
