results/research/nanoda-nested-regression-1/safety-change.patch:6: trailing whitespace.
+    
results/research/nanoda-nested-regression-1/safety-change.patch:9: trailing whitespace.
+    
results/research/nanoda-nested-regression-1/safety-change.patch:18: trailing whitespace.
+ 
results/research/nanoda-nested-regression-1/safety-change.patch:31: trailing whitespace.
+ 
results/research/nanoda-nested-regression-1/safety-change.patch:46: trailing whitespace.
+ 
results/research/nanoda-nested-regression-1/safety-change.patch:76: trailing whitespace.
++                    pred(e) 
results/research/nanoda-nested-regression-1/safety-change.patch:116: trailing whitespace.
++                        
results/research/nanoda-nested-regression-1/safety-change.patch:137: trailing whitespace.
+ 
results/research/nanoda-nested-regression-1/safety-change.patch:144: trailing whitespace.
++                Str(pfx, ..) | Num(pfx, ..) => { 
results/research/nanoda-nested-regression-1/safety-change.patch:148: trailing whitespace.
++                        n = pfx 
results/research/nanoda-nested-regression-1/safety-change.patch:163: trailing whitespace.
+ 
results/research/nanoda-nested-regression-1/source/src/env.rs:151: trailing whitespace.
+    /// Compute the index in the recursor's type (in the telescope) where the major premise is located. 
results/research/nanoda-nested-regression-1/source/src/env.rs:155: trailing whitespace.
+    
results/research/nanoda-nested-regression-1/source/src/env.rs:269: trailing whitespace.
+    pub fn get_old_declar(&self, n: &NamePtr<'a>) -> Option<&Declar<'a>> { 
results/research/nanoda-nested-regression-1/source/src/env.rs:313: trailing whitespace.
+            Some(i @ InductiveData { is_recursive, num_indices, all_ctor_names, .. }) 
results/research/nanoda-nested-regression-1/source/src/expr.rs:166: trailing whitespace.
+        if self.expr_cache.inst_cache.capacity() > 1024 { 
results/research/nanoda-nested-regression-1/source/src/expr.rs:167: trailing whitespace.
+            self.expr_cache.inst_cache = crate::util::new_fx_hash_map(); 
results/research/nanoda-nested-regression-1/source/src/expr.rs:168: trailing whitespace.
+        } else { 
results/research/nanoda-nested-regression-1/source/src/expr.rs:169: trailing whitespace.
+            self.expr_cache.inst_cache.clear(); 
results/research/nanoda-nested-regression-1/source/src/expr.rs:278: trailing whitespace.
+        if self.expr_cache.abstr_cache_levels.capacity() > 1024 { 
results/research/nanoda-nested-regression-1/source/src/expr.rs:279: trailing whitespace.
+            self.expr_cache.abstr_cache_levels = crate::util::new_fx_hash_map(); 
results/research/nanoda-nested-regression-1/source/src/expr.rs:280: trailing whitespace.
+        } else { 
results/research/nanoda-nested-regression-1/source/src/expr.rs:281: trailing whitespace.
+            self.expr_cache.abstr_cache_levels.clear(); 
results/research/nanoda-nested-regression-1/source/src/expr.rs:282: trailing whitespace.
+        } 
results/research/nanoda-nested-regression-1/source/src/expr.rs:293: trailing whitespace.
+                Local { .. } => 
results/research/nanoda-nested-regression-1/source/src/expr.rs:337: trailing whitespace.
+        if self.expr_cache.abstr_cache.capacity() > 1024 { 
results/research/nanoda-nested-regression-1/source/src/expr.rs:338: trailing whitespace.
+            self.expr_cache.abstr_cache = crate::util::new_fx_hash_map(); 
results/research/nanoda-nested-regression-1/source/src/expr.rs:339: trailing whitespace.
+        } else { 
results/research/nanoda-nested-regression-1/source/src/expr.rs:340: trailing whitespace.
+            self.expr_cache.abstr_cache.clear(); 
results/research/nanoda-nested-regression-1/source/src/expr.rs:341: trailing whitespace.
+        } 
results/research/nanoda-nested-regression-1/source/src/expr.rs:398: trailing whitespace.
+        if self.expr_cache.subst_cache.capacity() > 1024 { 
results/research/nanoda-nested-regression-1/source/src/expr.rs:399: trailing whitespace.
+            self.expr_cache.subst_cache = crate::util::new_fx_hash_map(); 
results/research/nanoda-nested-regression-1/source/src/expr.rs:400: trailing whitespace.
+        } else { 
results/research/nanoda-nested-regression-1/source/src/expr.rs:401: trailing whitespace.
+            self.expr_cache.subst_cache.clear(); 
results/research/nanoda-nested-regression-1/source/src/expr.rs:402: trailing whitespace.
+        } 
results/research/nanoda-nested-regression-1/source/src/expr.rs:449: trailing whitespace.
+    
results/research/nanoda-nested-regression-1/source/src/expr.rs:513: trailing whitespace.
+    
results/research/nanoda-nested-regression-1/source/src/expr.rs:552: trailing whitespace.
+    
results/research/nanoda-nested-regression-1/source/src/expr.rs:723: trailing whitespace.
+                    pred(e) 
results/research/nanoda-nested-regression-1/source/src/expr.rs:800: trailing whitespace.
+    
results/research/nanoda-nested-regression-1/source/src/expr.rs:835: new blank line at EOF.
results/research/nanoda-nested-regression-1/source/src/inductive.rs:51: trailing whitespace.
+                        
results/research/nanoda-nested-regression-1/source/src/inductive.rs:156: trailing whitespace.
+    /// of recursor names that appeared in the export file. Prevents addition to the environment 
results/research/nanoda-nested-regression-1/source/src/inductive.rs:224: trailing whitespace.
+    ///   
results/research/nanoda-nested-regression-1/source/src/name.rs:35: trailing whitespace.
+                Str(pfx, ..) | Num(pfx, ..) => { 
results/research/nanoda-nested-regression-1/source/src/name.rs:39: trailing whitespace.
+                        n = pfx 
results/research/nanoda-nested-regression-1/source/src/parser.rs:285: trailing whitespace.
+        arg: u32 
results/research/nanoda-nested-regression-1/source/src/parser.rs:401: trailing whitespace.
+    
results/research/nanoda-nested-regression-1/source/src/parser.rs:402: trailing whitespace.
+    // If the execution config has `unknown_pp_declar_hard_error: true`, and a `pp_declars` 
results/research/nanoda-nested-regression-1/source/src/parser.rs:403: trailing whitespace.
+    // that includes `foo`, then we return early with an error if no `foo` declaration is present 
results/research/nanoda-nested-regression-1/source/src/parser.rs:418: trailing whitespace.
+    
results/research/nanoda-nested-regression-1/source/src/parser.rs:442: trailing whitespace.
+    
results/research/nanoda-nested-regression-1/source/src/parser.rs:468: trailing whitespace.
+    
results/research/nanoda-nested-regression-1/source/src/parser.rs:557: trailing whitespace.
+                    DagMarker::ExportFile, 
results/research/nanoda-nested-regression-1/source/src/parser.rs:829: trailing whitespace.
+                    let all_ind_names =  Arc::from(self.get_names(&all)); 
results/research/nanoda-nested-regression-1/source/src/parser.rs:830: trailing whitespace.
+                    let all_ctor_names = Arc::from(self.get_names(&ctors)); 
results/research/nanoda-nested-regression-1/source/src/parser.rs:865: trailing whitespace.
+                    let rules = rules.into_iter().map(|RecursorRule {rhs, ctor, nfields}| 
results/research/nanoda-nested-regression-1/source/src/parser.rs:891: trailing whitespace.
+/// Needed because the lean4export format serializes nat literals as strings: 
results/research/nanoda-nested-regression-1/source/src/tc.rs:5: trailing whitespace.
+    nat_div, nat_mod, nat_sub, nat_gcd, nat_land, nat_lor, 
results/research/nanoda-nested-regression-1/source/src/tc.rs:6: trailing whitespace.
+    nat_xor, nat_shr, nat_shl, ExportFile, ExprPtr, LevelPtr, 
results/research/nanoda-nested-regression-1/source/src/tc.rs:134: trailing whitespace.
+                        } 
results/research/nanoda-nested-regression-1/source/src/tc.rs:192: trailing whitespace.
+        Self { ctx: dag, env, tc_cache: TcCache::new(), declar_info } 
results/research/nanoda-nested-regression-1/source/src/tc.rs:206: trailing whitespace.
+        // This is sort of a "soft" check in terms of soundness, but for theorems, ensure 
results/research/nanoda-nested-regression-1/source/src/tc.rs:215: trailing whitespace.
+        } 
results/research/nanoda-nested-regression-1/source/src/tc.rs:391: trailing whitespace.
+    
results/research/nanoda-nested-regression-1/source/src/tc.rs:575: trailing whitespace.
+                        // `arg_type` and `binder_type` get swapped here to accommodate the 
results/research/nanoda-nested-regression-1/source/src/tc.rs:693: trailing whitespace.
+    
results/research/nanoda-nested-regression-1/source/src/tc.rs:756: trailing whitespace.
+                
results/research/nanoda-nested-regression-1/source/src/tc.rs:1006: trailing whitespace.
+            self.tc_cache.defeq_fail_cache.insert(defeq_fail_cache_key);        
results/research/nanoda-nested-regression-1/source/src/tc.rs:1074: trailing whitespace.
+    
results/research/nanoda-nested-regression-1/source/src/util.rs:280: trailing whitespace.
+        Self { 
results/research/nanoda-nested-regression-1/source/src/util.rs:895: trailing whitespace.
+    #[serde(default)] 
results/research/nanoda-nested-regression-1/source/src/util.rs:897: trailing whitespace.
+    #[serde(default)] 
results/research/nanoda-nested-regression-1/source/src/util.rs:904: trailing whitespace.
+    /// that is not actually in the environment. We give this option because that scenario is 
results/research/nanoda-nested-regression-1/source/src/util.rs:907: trailing whitespace.
+    /// If `true`, the typechecker will fail with a hard error. 
results/research/nanoda-nested-regression-1/source/src/util.rs:925: trailing whitespace.
+    /// when typechecking is finished. 
results/research/nanoda-nested-regression-1/source/src/util.rs:929: trailing whitespace.
+    /// If set to `true`, will allow all axioms to be admitted to the environment. 
results/research/nanoda-nested-regression-1/source/src/util.rs:1017: new blank line at EOF.
