{"meta":{"exporter":{"name":"lean4export","version":"3.1.0"},"format":{"version":"3.1.0"},"lean":{"githash":"f72c35b3f637c8c6571d353742168ab66cc22c00","version":"4.29.1"}}}
{"in":1,"str":{"pre":0,"str":"ResourceEnvelopePilot1"}}
{"in":2,"str":{"pre":1,"str":"pi064"}}
{"il":1,"succ":0}
{"ie":0,"sort":1}
{"in":3,"str":{"pre":0,"str":"x000"}}
{"ie":1,"sort":0}
{"in":4,"str":{"pre":0,"str":"x001"}}
{"in":5,"str":{"pre":0,"str":"x002"}}
{"in":6,"str":{"pre":0,"str":"x003"}}
{"in":7,"str":{"pre":0,"str":"x004"}}
{"in":8,"str":{"pre":0,"str":"x005"}}
{"in":9,"str":{"pre":0,"str":"x006"}}
{"in":10,"str":{"pre":0,"str":"x007"}}
{"in":11,"str":{"pre":0,"str":"x008"}}
{"in":12,"str":{"pre":0,"str":"x009"}}
{"in":13,"str":{"pre":0,"str":"x010"}}
{"in":14,"str":{"pre":0,"str":"x011"}}
{"in":15,"str":{"pre":0,"str":"x012"}}
{"in":16,"str":{"pre":0,"str":"x013"}}
{"in":17,"str":{"pre":0,"str":"x014"}}
{"in":18,"str":{"pre":0,"str":"x015"}}
{"in":19,"str":{"pre":0,"str":"x016"}}
{"in":20,"str":{"pre":0,"str":"x017"}}
{"in":21,"str":{"pre":0,"str":"x018"}}
{"in":22,"str":{"pre":0,"str":"x019"}}
{"in":23,"str":{"pre":0,"str":"x020"}}
{"in":24,"str":{"pre":0,"str":"x021"}}
{"in":25,"str":{"pre":0,"str":"x022"}}
{"in":26,"str":{"pre":0,"str":"x023"}}
{"in":27,"str":{"pre":0,"str":"x024"}}
{"in":28,"str":{"pre":0,"str":"x025"}}
{"in":29,"str":{"pre":0,"str":"x026"}}
{"in":30,"str":{"pre":0,"str":"x027"}}
{"in":31,"str":{"pre":0,"str":"x028"}}
{"in":32,"str":{"pre":0,"str":"x029"}}
{"in":33,"str":{"pre":0,"str":"x030"}}
{"in":34,"str":{"pre":0,"str":"x031"}}
{"in":35,"str":{"pre":0,"str":"x032"}}
{"in":36,"str":{"pre":0,"str":"x033"}}
{"in":37,"str":{"pre":0,"str":"x034"}}
{"in":38,"str":{"pre":0,"str":"x035"}}
{"in":39,"str":{"pre":0,"str":"x036"}}
{"in":40,"str":{"pre":0,"str":"x037"}}
{"in":41,"str":{"pre":0,"str":"x038"}}
{"in":42,"str":{"pre":0,"str":"x039"}}
{"in":43,"str":{"pre":0,"str":"x040"}}
{"in":44,"str":{"pre":0,"str":"x041"}}
{"in":45,"str":{"pre":0,"str":"x042"}}
{"in":46,"str":{"pre":0,"str":"x043"}}
{"in":47,"str":{"pre":0,"str":"x044"}}
{"in":48,"str":{"pre":0,"str":"x045"}}
{"in":49,"str":{"pre":0,"str":"x046"}}
{"in":50,"str":{"pre":0,"str":"x047"}}
{"in":51,"str":{"pre":0,"str":"x048"}}
{"in":52,"str":{"pre":0,"str":"x049"}}
{"in":53,"str":{"pre":0,"str":"x050"}}
{"in":54,"str":{"pre":0,"str":"x051"}}
{"in":55,"str":{"pre":0,"str":"x052"}}
{"in":56,"str":{"pre":0,"str":"x053"}}
{"in":57,"str":{"pre":0,"str":"x054"}}
{"in":58,"str":{"pre":0,"str":"x055"}}
{"in":59,"str":{"pre":0,"str":"x056"}}
{"in":60,"str":{"pre":0,"str":"x057"}}
{"in":61,"str":{"pre":0,"str":"x058"}}
{"in":62,"str":{"pre":0,"str":"x059"}}
{"in":63,"str":{"pre":0,"str":"x060"}}
{"in":64,"str":{"pre":0,"str":"x061"}}
{"in":65,"str":{"pre":0,"str":"x062"}}
{"in":66,"str":{"pre":0,"str":"x063"}}
{"forallE":{"binderInfo":"default","body":1,"name":66,"type":1},"ie":2}
{"forallE":{"binderInfo":"default","body":2,"name":65,"type":1},"ie":3}
{"forallE":{"binderInfo":"default","body":3,"name":64,"type":1},"ie":4}
{"forallE":{"binderInfo":"default","body":4,"name":63,"type":1},"ie":5}
{"forallE":{"binderInfo":"default","body":5,"name":62,"type":1},"ie":6}
{"forallE":{"binderInfo":"default","body":6,"name":61,"type":1},"ie":7}
{"forallE":{"binderInfo":"default","body":7,"name":60,"type":1},"ie":8}
{"forallE":{"binderInfo":"default","body":8,"name":59,"type":1},"ie":9}
{"forallE":{"binderInfo":"default","body":9,"name":58,"type":1},"ie":10}
{"forallE":{"binderInfo":"default","body":10,"name":57,"type":1},"ie":11}
{"forallE":{"binderInfo":"default","body":11,"name":56,"type":1},"ie":12}
{"forallE":{"binderInfo":"default","body":12,"name":55,"type":1},"ie":13}
{"forallE":{"binderInfo":"default","body":13,"name":54,"type":1},"ie":14}
{"forallE":{"binderInfo":"default","body":14,"name":53,"type":1},"ie":15}
{"forallE":{"binderInfo":"default","body":15,"name":52,"type":1},"ie":16}
{"forallE":{"binderInfo":"default","body":16,"name":51,"type":1},"ie":17}
{"forallE":{"binderInfo":"default","body":17,"name":50,"type":1},"ie":18}
{"forallE":{"binderInfo":"default","body":18,"name":49,"type":1},"ie":19}
{"forallE":{"binderInfo":"default","body":19,"name":48,"type":1},"ie":20}
{"forallE":{"binderInfo":"default","body":20,"name":47,"type":1},"ie":21}
{"forallE":{"binderInfo":"default","body":21,"name":46,"type":1},"ie":22}
{"forallE":{"binderInfo":"default","body":22,"name":45,"type":1},"ie":23}
{"forallE":{"binderInfo":"default","body":23,"name":44,"type":1},"ie":24}
{"forallE":{"binderInfo":"default","body":24,"name":43,"type":1},"ie":25}
{"forallE":{"binderInfo":"default","body":25,"name":42,"type":1},"ie":26}
{"forallE":{"binderInfo":"default","body":26,"name":41,"type":1},"ie":27}
{"forallE":{"binderInfo":"default","body":27,"name":40,"type":1},"ie":28}
{"forallE":{"binderInfo":"default","body":28,"name":39,"type":1},"ie":29}
{"forallE":{"binderInfo":"default","body":29,"name":38,"type":1},"ie":30}
{"forallE":{"binderInfo":"default","body":30,"name":37,"type":1},"ie":31}
{"forallE":{"binderInfo":"default","body":31,"name":36,"type":1},"ie":32}
{"forallE":{"binderInfo":"default","body":32,"name":35,"type":1},"ie":33}
{"forallE":{"binderInfo":"default","body":33,"name":34,"type":1},"ie":34}
{"forallE":{"binderInfo":"default","body":34,"name":33,"type":1},"ie":35}
{"forallE":{"binderInfo":"default","body":35,"name":32,"type":1},"ie":36}
{"forallE":{"binderInfo":"default","body":36,"name":31,"type":1},"ie":37}
{"forallE":{"binderInfo":"default","body":37,"name":30,"type":1},"ie":38}
{"forallE":{"binderInfo":"default","body":38,"name":29,"type":1},"ie":39}
{"forallE":{"binderInfo":"default","body":39,"name":28,"type":1},"ie":40}
{"forallE":{"binderInfo":"default","body":40,"name":27,"type":1},"ie":41}
{"forallE":{"binderInfo":"default","body":41,"name":26,"type":1},"ie":42}
{"forallE":{"binderInfo":"default","body":42,"name":25,"type":1},"ie":43}
{"forallE":{"binderInfo":"default","body":43,"name":24,"type":1},"ie":44}
{"forallE":{"binderInfo":"default","body":44,"name":23,"type":1},"ie":45}
{"forallE":{"binderInfo":"default","body":45,"name":22,"type":1},"ie":46}
{"forallE":{"binderInfo":"default","body":46,"name":21,"type":1},"ie":47}
{"forallE":{"binderInfo":"default","body":47,"name":20,"type":1},"ie":48}
{"forallE":{"binderInfo":"default","body":48,"name":19,"type":1},"ie":49}
{"forallE":{"binderInfo":"default","body":49,"name":18,"type":1},"ie":50}
{"forallE":{"binderInfo":"default","body":50,"name":17,"type":1},"ie":51}
{"forallE":{"binderInfo":"default","body":51,"name":16,"type":1},"ie":52}
{"forallE":{"binderInfo":"default","body":52,"name":15,"type":1},"ie":53}
{"forallE":{"binderInfo":"default","body":53,"name":14,"type":1},"ie":54}
{"forallE":{"binderInfo":"default","body":54,"name":13,"type":1},"ie":55}
{"forallE":{"binderInfo":"default","body":55,"name":12,"type":1},"ie":56}
{"forallE":{"binderInfo":"default","body":56,"name":11,"type":1},"ie":57}
{"forallE":{"binderInfo":"default","body":57,"name":10,"type":1},"ie":58}
{"forallE":{"binderInfo":"default","body":58,"name":9,"type":1},"ie":59}
{"forallE":{"binderInfo":"default","body":59,"name":8,"type":1},"ie":60}
{"forallE":{"binderInfo":"default","body":60,"name":7,"type":1},"ie":61}
{"forallE":{"binderInfo":"default","body":61,"name":6,"type":1},"ie":62}
{"forallE":{"binderInfo":"default","body":62,"name":5,"type":1},"ie":63}
{"forallE":{"binderInfo":"default","body":63,"name":4,"type":1},"ie":64}
{"forallE":{"binderInfo":"default","body":64,"name":3,"type":1},"ie":65}
{"def":{"all":[2],"hints":{"regular":1},"levelParams":[],"name":2,"safety":"safe","type":0,"value":65}}
