{"meta":{"exporter":{"name":"lean4export","version":"3.1.0"},"format":{"version":"3.1.0"},"lean":{"githash":"f72c35b3f637c8c6571d353742168ab66cc22c00","version":"4.29.1"}}}
{"in":1,"str":{"pre":0,"str":"ResourceEnvelopePilot1"}}
{"in":2,"str":{"pre":1,"str":"pi032"}}
{"il":1,"succ":0}
{"ie":0,"sort":1}
{"in":3,"str":{"pre":0,"str":"x000"}}
{"ie":1,"sort":0}
{"in":4,"str":{"pre":0,"str":"x001"}}
{"in":5,"str":{"pre":0,"str":"x002"}}
{"in":6,"str":{"pre":0,"str":"x003"}}
{"in":7,"str":{"pre":0,"str":"x004"}}
{"in":8,"str":{"pre":0,"str":"x005"}}
{"in":9,"str":{"pre":0,"str":"x006"}}
{"in":10,"str":{"pre":0,"str":"x007"}}
{"in":11,"str":{"pre":0,"str":"x008"}}
{"in":12,"str":{"pre":0,"str":"x009"}}
{"in":13,"str":{"pre":0,"str":"x010"}}
{"in":14,"str":{"pre":0,"str":"x011"}}
{"in":15,"str":{"pre":0,"str":"x012"}}
{"in":16,"str":{"pre":0,"str":"x013"}}
{"in":17,"str":{"pre":0,"str":"x014"}}
{"in":18,"str":{"pre":0,"str":"x015"}}
{"in":19,"str":{"pre":0,"str":"x016"}}
{"in":20,"str":{"pre":0,"str":"x017"}}
{"in":21,"str":{"pre":0,"str":"x018"}}
{"in":22,"str":{"pre":0,"str":"x019"}}
{"in":23,"str":{"pre":0,"str":"x020"}}
{"in":24,"str":{"pre":0,"str":"x021"}}
{"in":25,"str":{"pre":0,"str":"x022"}}
{"in":26,"str":{"pre":0,"str":"x023"}}
{"in":27,"str":{"pre":0,"str":"x024"}}
{"in":28,"str":{"pre":0,"str":"x025"}}
{"in":29,"str":{"pre":0,"str":"x026"}}
{"in":30,"str":{"pre":0,"str":"x027"}}
{"in":31,"str":{"pre":0,"str":"x028"}}
{"in":32,"str":{"pre":0,"str":"x029"}}
{"in":33,"str":{"pre":0,"str":"x030"}}
{"in":34,"str":{"pre":0,"str":"x031"}}
{"forallE":{"binderInfo":"default","body":1,"name":34,"type":1},"ie":2}
{"forallE":{"binderInfo":"default","body":2,"name":33,"type":1},"ie":3}
{"forallE":{"binderInfo":"default","body":3,"name":32,"type":1},"ie":4}
{"forallE":{"binderInfo":"default","body":4,"name":31,"type":1},"ie":5}
{"forallE":{"binderInfo":"default","body":5,"name":30,"type":1},"ie":6}
{"forallE":{"binderInfo":"default","body":6,"name":29,"type":1},"ie":7}
{"forallE":{"binderInfo":"default","body":7,"name":28,"type":1},"ie":8}
{"forallE":{"binderInfo":"default","body":8,"name":27,"type":1},"ie":9}
{"forallE":{"binderInfo":"default","body":9,"name":26,"type":1},"ie":10}
{"forallE":{"binderInfo":"default","body":10,"name":25,"type":1},"ie":11}
{"forallE":{"binderInfo":"default","body":11,"name":24,"type":1},"ie":12}
{"forallE":{"binderInfo":"default","body":12,"name":23,"type":1},"ie":13}
{"forallE":{"binderInfo":"default","body":13,"name":22,"type":1},"ie":14}
{"forallE":{"binderInfo":"default","body":14,"name":21,"type":1},"ie":15}
{"forallE":{"binderInfo":"default","body":15,"name":20,"type":1},"ie":16}
{"forallE":{"binderInfo":"default","body":16,"name":19,"type":1},"ie":17}
{"forallE":{"binderInfo":"default","body":17,"name":18,"type":1},"ie":18}
{"forallE":{"binderInfo":"default","body":18,"name":17,"type":1},"ie":19}
{"forallE":{"binderInfo":"default","body":19,"name":16,"type":1},"ie":20}
{"forallE":{"binderInfo":"default","body":20,"name":15,"type":1},"ie":21}
{"forallE":{"binderInfo":"default","body":21,"name":14,"type":1},"ie":22}
{"forallE":{"binderInfo":"default","body":22,"name":13,"type":1},"ie":23}
{"forallE":{"binderInfo":"default","body":23,"name":12,"type":1},"ie":24}
{"forallE":{"binderInfo":"default","body":24,"name":11,"type":1},"ie":25}
{"forallE":{"binderInfo":"default","body":25,"name":10,"type":1},"ie":26}
{"forallE":{"binderInfo":"default","body":26,"name":9,"type":1},"ie":27}
{"forallE":{"binderInfo":"default","body":27,"name":8,"type":1},"ie":28}
{"forallE":{"binderInfo":"default","body":28,"name":7,"type":1},"ie":29}
{"forallE":{"binderInfo":"default","body":29,"name":6,"type":1},"ie":30}
{"forallE":{"binderInfo":"default","body":30,"name":5,"type":1},"ie":31}
{"forallE":{"binderInfo":"default","body":31,"name":4,"type":1},"ie":32}
{"forallE":{"binderInfo":"default","body":32,"name":3,"type":1},"ie":33}
{"def":{"all":[2],"hints":{"regular":1},"levelParams":[],"name":2,"safety":"safe","type":0,"value":33}}
