test_erratum_preserves_and_binds_the_original_closure (test_arena_let_regression_erratum.ArenaLetRegressionErratumTests) ... ok
test_followup_repair_binds_portable_cache_validation (test_arena_let_regression_erratum.ArenaLetRegressionErratumTests) ... ok
test_queue_evolution_repair_preserves_both_historical_repairs (test_arena_let_regression_erratum.ArenaLetRegressionErratumTests) ... ok
test_ready_count_accepts_singular_and_plural_without_loose_suffixes (test_arena_let_regression_erratum.ArenaLetRegressionErratumTests) ... ok
test_repair_record_binds_successors_without_scientific_change (test_arena_let_regression_erratum.ArenaLetRegressionErratumTests) ... ok
test_status_ready_count_matches_the_canonical_queue (test_arena_let_regression_erratum.ArenaLetRegressionErratumTests) ... ok
test_all_historical_results_preserve_exact_live_selection (test_survivor_live_transition_status.SurvivorLiveTransitionStatusTests) ... ok
test_added_historical_test_drift_is_rejected (test_portfolio_historical_snapshot_v3.HistoricalStatusCustodyTests) ... ok
test_added_historical_test_missing_is_rejected (test_portfolio_historical_snapshot_v3.HistoricalStatusCustodyTests) ... ok
test_real_transition_preserves_old_tests_and_extends_replay (test_portfolio_historical_snapshot_v3.HistoricalStatusCustodyTests) ... ok
test_closed_identity_survives_fresh_clone_without_ignored_input (test_exploration.ExplorationTests) ... ok
test_closed_unbound_missing_input_is_not_silently_accepted (test_exploration.ExplorationTests) ... ok
test_committed_prefix_and_explicit_review_base (test_exploration.ExplorationTests) ... ok
test_confirmation_identity_cannot_be_reused (test_exploration.ExplorationTests) ... ok
test_duplicate_json_and_partial_append_rejected (test_exploration.ExplorationTests) ... ok
test_live_historical_ledger_without_untracked_payloads (test_exploration.ExplorationTests) ... ok
test_live_ledger_is_valid_without_assurance_generation (test_exploration.ExplorationTests) ... ok
test_missing_measurements_and_failures_are_not_negative_results (test_exploration.ExplorationTests) ... ok
test_missing_raw_or_input_is_rejected (test_exploration.ExplorationTests) ... ok
test_negative_path_only_writes_two_events (test_exploration.ExplorationTests) ... ok
test_old_raw_evidence_cannot_be_rewritten (test_exploration.ExplorationTests) ... ok
test_only_exploration_changes_use_light_ci (test_exploration.ExplorationTests) ... ok
test_open_inconclusive_and_signal_denominators (test_exploration.ExplorationTests) ... ok
test_open_input_missing_or_closed_input_changed_is_rejected (test_exploration.ExplorationTests) ... ok
test_out_of_order_duplicate_or_reclassified_events_rejected (test_exploration.ExplorationTests) ... ok
test_promotion_is_separate_planned_identity_with_no_execution_authority (test_exploration.ExplorationTests) ... ok
test_signal_requires_candidate_observation (test_exploration.ExplorationTests) ... ok
test_start_requires_selected_active_e0_campaign (test_exploration.ExplorationTests) ... ok
test_unsafe_paths_and_symlinks_rejected (test_exploration.ExplorationTests) ... ok

----------------------------------------------------------------------
Ran 29 tests in 14.060s

OK
