PANIC at _private.Lean.Environment.0.Lean.EnvExtension.getStateImpl Lean.Environment:1375:4: invalid environment extension has been accessed
backtrace:
0   lean4lean                           0x000000010b127054 _ZN4leanL15print_backtraceEb + 60
1   lean4lean                           0x000000010b11ddd8 _ZN4leanL15lean_panic_implEPKcmb + 176
2   lean4lean                           0x000000010b11def4 lean_panic_fn_borrowed + 64
3   lean4lean                           0x00000001083bef34 Lean.EnvExtension.getStateUnsafe [arity↓, private] + 2100
4   lean4lean                           0x000000010afe0e60 Lean.ppExprWithInfos + 260
5   lean4lean                           0x000000010864f46c Lean.MessageData.ofExpr [λ] + 268
6   lean4lean                           0x000000010b12c7d8 <apply/2> + 3016
7   lean4lean                           0x00000001086559c0 Lean.MessageData.formatAux + 424
8   lean4lean                           0x000000010865660c Lean.MessageData.formatAux + 3572
9   lean4lean                           0x0000000108655de0 Lean.MessageData.formatAux + 1480
10  lean4lean                           0x000000010865660c Lean.MessageData.formatAux + 3572
11  lean4lean                           0x00000001086565f8 Lean.MessageData.formatAux + 3552
12  lean4lean                           0x00000001086565f8 Lean.MessageData.formatAux + 3552
13  lean4lean                           0x0000000108656fd8 Lean.MessageData.toString + 28
14  lean4lean                           0x0000000104e06538 Lean4Lean.Replay.throwKernelException [arity↓] (lean4lean) + 2576
15  lean4lean                           0x0000000104e08fdc Lean4Lean.Replay.replayConstant [λ] (lean4lean) + 44
16  lean4lean                           0x0000000104e0a9d8 Lean4Lean.Replay.replayConstant (lean4lean) + 2556
17  lean4lean                           0x0000000104e0b980 Std.DTreeMap.Internal.Impl.forInStep spec at Lean4Lean.Replay.replayConstants (lean4lean) + 456
18  lean4lean                           0x0000000104e0b91c Std.DTreeMap.Internal.Impl.forInStep spec at Lean4Lean.Replay.replayConstants (lean4lean) + 356
19  lean4lean                           0x0000000104e0e300 Lean4Lean.Replay.replay (lean4lean) + 376
20  lean4lean                           0x0000000104c721ac [lean] main + 2572
21  lean4lean                           0x000000010b11bb80 _ZNSt3__110__function6__funcIZ13lean_run_mainE3$_0NS_9allocatorIS2_EEFvvEEclEv + 40
22  lean4lean                           0x000000010b11b708 _ZN4lean7lthread3imp5_mainEPv + 52
23  libsystem_pthread.dylib             0x000000018befbbc8 _pthread_start + 136
24  libsystem_pthread.dylib             0x000000018bef6b80 thread_start + 8
PANIC at _private.Lean.Environment.0.Lean.EnvExtension.getStateImpl Lean.Environment:1375:4: invalid environment extension has been accessed
backtrace:
0   lean4lean                           0x000000010b127054 _ZN4leanL15print_backtraceEb + 60
1   lean4lean                           0x000000010b11ddd8 _ZN4leanL15lean_panic_implEPKcmb + 176
2   lean4lean                           0x000000010b11def4 lean_panic_fn_borrowed + 64
3   lean4lean                           0x00000001083bef34 Lean.EnvExtension.getStateUnsafe [arity↓, private] + 2100
4   lean4lean                           0x000000010afe0e60 Lean.ppExprWithInfos + 260
5   lean4lean                           0x000000010864f46c Lean.MessageData.ofExpr [λ] + 268
6   lean4lean                           0x000000010b12c7d8 <apply/2> + 3016
7   lean4lean                           0x00000001086559c0 Lean.MessageData.formatAux + 424
8   lean4lean                           0x000000010865660c Lean.MessageData.formatAux + 3572
9   lean4lean                           0x0000000108655de0 Lean.MessageData.formatAux + 1480
10  lean4lean                           0x000000010865660c Lean.MessageData.formatAux + 3572
11  lean4lean                           0x0000000108656fd8 Lean.MessageData.toString + 28
12  lean4lean                           0x0000000104e06538 Lean4Lean.Replay.throwKernelException [arity↓] (lean4lean) + 2576
13  lean4lean                           0x0000000104e08fdc Lean4Lean.Replay.replayConstant [λ] (lean4lean) + 44
14  lean4lean                           0x0000000104e0a9d8 Lean4Lean.Replay.replayConstant (lean4lean) + 2556
15  lean4lean                           0x0000000104e0b980 Std.DTreeMap.Internal.Impl.forInStep spec at Lean4Lean.Replay.replayConstants (lean4lean) + 456
16  lean4lean                           0x0000000104e0b91c Std.DTreeMap.Internal.Impl.forInStep spec at Lean4Lean.Replay.replayConstants (lean4lean) + 356
17  lean4lean                           0x0000000104e0e300 Lean4Lean.Replay.replay (lean4lean) + 376
18  lean4lean                           0x0000000104c721ac [lean] main + 2572
19  lean4lean                           0x000000010b11bb80 _ZNSt3__110__function6__funcIZ13lean_run_mainE3$_0NS_9allocatorIS2_EEFvvEEclEv + 40
20  lean4lean                           0x000000010b11b708 _ZN4lean7lthread3imp5_mainEPv + 52
21  libsystem_pthread.dylib             0x000000018befbbc8 _pthread_start + 136
22  libsystem_pthread.dylib             0x000000018bef6b80 thread_start + 8
uncaught exception: at PipelineCompleteness.d06: (kernel) declaration type mismatch, 'PipelineCompleteness.d06' has type
  [Error pretty printing expression: (`Inhabited.default` for `IO.Error`). Falling back to raw printer.]
  Type
but it is expected to have type
  [Error pretty printing expression: (`Inhabited.default` for `IO.Error`). Falling back to raw printer.]
  True
