✔ [2/102] Built ConLeche.Kernel.Exclusive (1.1s)
✔ [3/102] Built ConLeche.Verify.ExceptBind (1.1s)
✔ [4/102] Built ConLeche.Kernel.Name (1.2s)
✔ [5/102] Built ConLeche.Term.Syntax (1.3s)
✔ [6/102] Built ConLeche.Term.Subst (273ms)
✔ [7/102] Built ConLeche.Term.Const (258ms)
✔ [8/102] Built ConLeche.Kernel.PropWhen (792ms)
✔ [9/102] Built ConLeche.Verify.Denote.VClosed (359ms)
✔ [10/102] Built ConLeche.Kernel.Expr (1.2s)
✔ [11/102] Built ConLeche.Kernel.NatOpPinSet (270ms)
✔ [12/102] Built ConLeche.Kernel.Env (943ms)
✔ [13/102] Built ConLeche.Kernel.Basis.Names (268ms)
✔ [14/102] Built ConLeche.Kernel.Basis.Builder (244ms)
✔ [15/102] Built ConLeche.Kernel.Basis.Nat (338ms)
✔ [16/102] Built ConLeche.Kernel.Basis.Empty (326ms)
✔ [17/102] Built ConLeche.Kernel.TrustPins (348ms)
✔ [18/102] Built ConLeche.Kernel.Basis.Eq (370ms)
✔ [19/102] Built ConLeche.Kernel.Basis.False (360ms)
✔ [20/102] Built ConLeche.Kernel.Basis.Quot (368ms)
✔ [21/102] Built ConLeche.Kernel.Basis.And (366ms)
✔ [22/102] Built ConLeche.Kernel.Canon (1.3s)
✔ [23/102] Built ConLeche.Kernel.Basis (236ms)
✔ [24/102] Built ConLeche.PinGen.Dump (3.2s)
✔ [25/102] Built ConLeche.Kernel.Level (3.3s)
✔ [26/102] Built ConLeche.Verify.Level (825ms)
✔ [27/102] Built ConLeche.Verify.PropWhen (333ms)
✔ [28/102] Built ConLeche.Kernel.ExprOps (4.3s)
✔ [29/102] Built ConLeche.Kernel.PropRead (362ms)
✔ [30/102] Built ConLeche.Verify.InstList (388ms)
✔ [31/102] Built ConLeche.Verify.Inductives.NestedRuleSyn (544ms)
✔ [32/102] Built ConLeche.Kernel.Inductives.FieldTele (789ms)
✔ [33/102] Built ConLeche.Kernel.CoreDefs (662ms)
✔ [34/102] Built ConLeche.Verify.Shift (1.2s)
✔ [35/102] Built ConLeche.Verify.Cached.Erase (286ms)
✔ [36/102] Built ConLeche.Verify.PropRead (782ms)
✔ [37/102] Built ConLeche.Kernel.Core (1.3s)
✔ [38/102] Built ConLeche.Verify.BetaGate (353ms)
✔ [39/102] Built ConLeche.Verify.StrLitExpr (401ms)
✔ [40/102] Built ConLeche.Kernel.FEnv (421ms)
✔ [41/102] Built ConLeche.Verify.EnvWF (639ms)
✔ [42/102] Built ConLeche.Kernel.TypeChecker (892ms)
✔ [43/102] Built ConLeche.Verify.Subst (2.5s)
✔ [44/102] Built ConLeche.Kernel.Inductives.StructParts (1.5s)
✔ [45/102] Built ConLeche.Kernel.CoreIO (787ms)
✔ [46/102] Built ConLeche.Verify.InstLevels (435ms)
✔ [47/102] Built ConLeche.Verify.Denote.OpenVars (435ms)
✔ [48/102] Built ConLeche.Kernel.Inductives.SumParts (321ms)
✔ [49/102] Built ConLeche.Verify.Knot (415ms)
✔ [50/102] Built ConLeche.Kernel.BasisGen (1.4s)
✔ [51/102] Built ConLeche.Verify.Abstract (897ms)
✔ [52/102] Built ConLeche.Verify.Leaves (487ms)
✔ [53/102] Built ConLeche.Kernel.BasisA (1.3s)
✔ [54/102] Built ConLeche.Verify.InstSpine (321ms)
✔ [55/102] Built ConLeche.Kernel.StdAxioms (1.6s)
✔ [56/102] Built ConLeche.Kernel.TrustAxioms (994ms)
✔ [57/102] Built ConLeche.Kernel.NatOpPins (15s)
✔ [58/102] Built ConLeche.Kernel.CheckerBase (1.1s)
✔ [59/102] Built ConLeche.Kernel.Inductives.StructInstall (981ms)
✔ [60/102] Built ConLeche.Kernel.Inductives.Positivity (1.8s)
✔ [61/102] Built ConLeche.Verify.Inductives.HoleImg (454ms)
✔ [62/102] Built ConLeche.Complete.OfficialNested (530ms)
✔ [63/102] Built ConLeche.Verify.Inductives.PosDeriv (665ms)
✔ [64/102] Built ConLeche.Kernel.Inductives.BlockParts (597ms)
✔ [65/102] Built ConLeche.Kernel.Inductives.BlockRec (282ms)
✔ [66/102] Built ConLeche.Kernel.Inductives.ClassRead (391ms)
✔ [67/102] Built ConLeche.Verify.Inductives.UniformOcc (433ms)
✔ [68/102] Built ConLeche.Verify.Inductives.PosNodes (517ms)
✔ [69/102] Built ConLeche.Kernel.Inductives.SumInstall (1.2s)
✔ [70/102] Built ConLeche.Verify.Inductives.PosDerivFun (620ms)
✔ [71/102] Built ConLeche.Kernel.Inductives.BlockInstall (1.1s)
✔ [72/102] Built ConLeche.Kernel.Checker (1.1s)
✔ [73/102] Built ConLeche.Kernel.DeclCheck (1.7s)
✔ [74/102] Built ConLeche.Verify.Denote (1.7s)
✔ [75/102] Built ConLeche.Kernel.Inductives.StructInstallF (1.1s)
✔ [76/102] Built ConLeche.Verify.Denote.Shift (1.2s)
✔ [77/102] Built ConLeche.Verify.FastOps (1.1s)
✔ [78/102] Built ConLeche.Kernel.Inductives.SumInstallF (1.1s)
✔ [79/102] Built ConLeche.Verify.PairM (17s)
✔ [80/102] Built ConLeche.Verify.Mono (371ms)
✔ [81/102] Built ConLeche.Kernel.Inductives.BlockInstallF (1.1s)
✔ [82/102] Built ConLeche.Kernel.Inductives.RecCheck (1.6s)
✔ [83/102] Built ConLeche.Kernel.Inductives.GenRec (1.4s)
✔ [84/102] Built ConLeche.Verify.InferLemmas (3.9s)
✔ [85/102] Built ConLeche.Kernel.Inductives.BlockTail (1.1s)
✔ [86/102] Built ConLeche.Verify.InferIOLemmas (1.1s)
✔ [87/102] Built ConLeche.Verify.Inductives.ReplaceApps (1.2s)
✔ [88/102] Built ConLeche.Verify.Denote.TeleOpen (1.3s)
✔ [89/102] Built ConLeche.Verify.InferLeaves (1.3s)
✔ [90/102] Built ConLeche.Kernel.CheckDecl (1.2s)
✔ [91/102] Built ConLeche.Verify.Inductives.NestScope (440ms)
✔ [92/102] Built ConLeche.Verify.InferIOLeaves (394ms)
✔ [93/102] Built ConLeche.Verify.Denote.IndFrame (1.1s)
✔ [94/102] Built ConLeche.Verify.Deep (5.7s)
✔ [95/102] Built ConLeche.Verify.Fueled (9.9s)
✔ [96/102] Built ConLeche.Verify.BridgeDecl (13s)
✔ [97/102] Built ConLeche.Verify.BridgeWfImp (1.4s)
✔ [98/102] Built ConLeche.Verify.Inductives.DirectInv (1.4s)
✔ [99/102] Built ConLeche.Verify.Inductives.PositivityInv (1.3s)
✔ [100/102] Built ConLeche.Verify.Inductives.NestContInv (1.5s)
✔ [101/102] Built ConLeche.Verify.Inductives.PosDerivInv (1.7s)
✔ [102/102] Built ConLeche.Complete.PosDerivComplete (1.7s)
Build completed successfully (102 jobs).
