{"attempt": 1, "module": "Batteries.CodeAction.Attr", "status": "COMPLETE", "seconds": 1.7254387501161546}
{"attempt": 2, "module": "Batteries.CodeAction.Deprecated", "status": "COMPLETE", "seconds": 0.495400584070012}
{"attempt": 3, "module": "Batteries.Control.ForInStep.Basic", "status": "COMPLETE", "seconds": 0.2680604159832001}
{"attempt": 4, "module": "Batteries.Lean.HashMap", "status": "COMPLETE", "seconds": 0.2593268749769777}
{"attempt": 5, "module": "Batteries.Lean.Position", "status": "COMPLETE", "seconds": 0.31981108407489955}
{"attempt": 6, "module": "Batteries.Lean.Syntax", "status": "COMPLETE", "seconds": 0.25922075007110834}
{"attempt": 7, "module": "Batteries.Tactic.Lint.Basic", "status": "COMPLETE", "seconds": 0.4954937498550862}
{"attempt": 8, "module": "Batteries.Tactic.OpenPrivate", "status": "COMPLETE", "seconds": 0.5881312920246273}
{"attempt": 9, "module": "Batteries.Tactic.SeqFocus", "status": "COMPLETE", "seconds": 0.42767720902338624}
{"attempt": 10, "module": "Batteries.Util.Panic", "status": "COMPLETE", "seconds": 0.2554973750375211}
{"attempt": 11, "module": "Lean4Lean.List", "status": "COMPLETE", "seconds": 0.2560302501078695}
{"attempt": 12, "module": "Lean4Lean.Std.Ord", "status": "COMPLETE", "seconds": 0.44039341690950096}
{"attempt": 13, "module": "Lean4Lean.Verify.QSort", "status": "COMPLETE", "seconds": 4.110107250045985}
{"attempt": 14, "module": "Batteries.CodeAction.Basic", "status": "COMPLETE", "seconds": 0.5445594170596451}
{"attempt": 15, "module": "Batteries.CodeAction.Misc", "status": "COMPLETE", "seconds": 1.1908882500138134}
{"attempt": 16, "module": "Batteries.Control.ForInStep.Lemmas", "status": "COMPLETE", "seconds": 0.25479058315977454}
{"attempt": 17, "module": "Batteries.Tactic.Alias", "status": "COMPLETE", "seconds": 0.9012013331521302}
{"attempt": 18, "module": "Batteries.Tactic.Lint.Misc", "status": "COMPLETE", "seconds": 0.4988720000255853}
{"attempt": 19, "module": "Lean4Lean.Level", "status": "COMPLETE", "seconds": 2.444301415933296}
{"attempt": 20, "module": "Lean4Lean.Verify.Name", "status": "COMPLETE", "seconds": 0.7856419580057263}
{"attempt": 21, "module": "Batteries.Data.HashMap.Basic", "status": "COMPLETE", "seconds": 0.44415550003759563}
{"attempt": 22, "module": "Batteries.Data.List.Basic", "status": "COMPLETE", "seconds": 1.7531750001944602}
{"attempt": 23, "module": "Batteries.Data.UnionFind.Basic", "status": "COMPLETE", "seconds": 1.1904968328308314}
{"attempt": 24, "module": "Batteries.Util.ProofWanted", "status": "COMPLETE", "seconds": 1.477674625115469}
{"attempt": 25, "module": "Batteries.CodeAction.Match", "status": "COMPLETE", "seconds": 0.6519622921478003}
{"attempt": 26, "module": "Batteries.Data.List.Lemmas", "status": "COMPLETE", "seconds": 2.95606525009498}
{"attempt": 27, "module": "Batteries.CodeAction", "status": "COMPLETE", "seconds": 0.37943504098802805}
CVC preparation refused: unrecorded or missing dependency output
