cell=alias-negative revision=015d54649bcaaa0861f355b59761ce308e629fbb trustLevel=0
cell=alias-negative storedType.raw=Lean.Expr.const `FnAlias []
cell=alias-negative declarationType.raw=Lean.Expr.forallE
  `f
  (Lean.Expr.const `FnAlias [])
  (Lean.Expr.app
    (Lean.Expr.app
      (Lean.Expr.app (Lean.Expr.const `Eq [Lean.Level.succ (Lean.Level.zero)]) (Lean.Expr.const `FnAlias []))
      (Lean.Expr.bvar 0))
    (Lean.Expr.const `Box.mk []))
  (Lean.BinderInfo.default)
cell=alias-negative declarationValue.raw=Lean.Expr.lam
  `f
  (Lean.Expr.const `FnAlias [])
  (Lean.Expr.app
    (Lean.Expr.app (Lean.Expr.const `Eq.refl [Lean.Level.succ (Lean.Level.zero)]) (Lean.Expr.const `FnAlias []))
    (Lean.Expr.bvar 0))
  (Lean.BinderInfo.default)
cell=alias-negative Kernel.check(type)=Lean.Expr.sort (Lean.Level.zero)
cell=alias-negative Kernel.check(value)=Lean.Expr.forallE
  `f
  (Lean.Expr.const `FnAlias [])
  (Lean.Expr.app
    (Lean.Expr.app
      (Lean.Expr.app (Lean.Expr.const `Eq [Lean.Level.succ (Lean.Level.zero)]) (Lean.Expr.const `FnAlias []))
      (Lean.Expr.bvar 0))
    (Lean.Expr.bvar 0))
  (Lean.BinderInfo.default)
cell=alias-negative addDeclCore=ACCEPT
classification-input aliasAccepted=true
