13:11:09.646144 http.c:889              == Info: Couldn't find host github.com in the .netrc file; using defaults
13:11:09.669378 http.c:889              == Info: Host github.com:443 was resolved.
13:11:09.669408 http.c:889              == Info: IPv6: (none)
13:11:09.669413 http.c:889              == Info: IPv4: 140.82.114.4
13:11:09.669437 http.c:889              == Info:   Trying 140.82.114.4:443...
13:11:09.679508 http.c:889              == Info: Connected to github.com (140.82.114.4) port 443
13:11:09.679547 http.c:889              == Info: ALPN: curl offers h2,http/1.1
13:11:09.679665 http.c:889              == Info: (304) (OUT), TLS handshake, Client hello (1):
13:11:09.682910 http.c:889              == Info:  CAfile: /etc/ssl/cert.pem
13:11:09.682917 http.c:889              == Info:  CApath: none
13:11:09.692922 http.c:889              == Info: (304) (IN), TLS handshake, Server hello (2):
13:11:09.693039 http.c:889              == Info: (304) (IN), TLS handshake, Unknown (8):
13:11:09.693058 http.c:889              == Info: (304) (IN), TLS handshake, Certificate (11):
13:11:09.694954 http.c:889              == Info: (304) (IN), TLS handshake, CERT verify (15):
13:11:09.695087 http.c:889              == Info: (304) (IN), TLS handshake, Finished (20):
13:11:09.695142 http.c:889              == Info: (304) (OUT), TLS handshake, Finished (20):
13:11:09.695151 http.c:889              == Info: SSL connection using TLSv1.3 / AEAD-CHACHA20-POLY1305-SHA256 / [blank] / UNDEF
13:11:09.695155 http.c:889              == Info: ALPN: server accepted h2
13:11:09.695159 http.c:889              == Info: Server certificate:
13:11:09.695165 http.c:889              == Info:  subject: CN=github.com
13:11:09.695170 http.c:889              == Info:  start date: Sep  1 00:00:00 2026 GMT
13:11:09.695174 http.c:889              == Info:  expire date: Nov 29 23:59:59 2026 GMT
13:11:09.695181 http.c:889              == Info:  subjectAltName: host "github.com" matched cert's "github.com"
13:11:09.695188 http.c:889              == Info:  issuer: C=GB; O=Sectigo Limited; CN=Sectigo Public Server Authentication CA DV E36
13:11:09.695192 http.c:889              == Info:  SSL certificate verify ok.
13:11:09.695220 http.c:889              == Info: using HTTP/2
13:11:09.695241 http.c:889              == Info: [HTTP/2] [1] OPENED stream for https://github.com/ammkrn/nanoda_lib.git/info/refs?service=git-upload-pack
13:11:09.695245 http.c:889              == Info: [HTTP/2] [1] [:method: GET]
13:11:09.695248 http.c:889              == Info: [HTTP/2] [1] [:scheme: https]
13:11:09.695252 http.c:889              == Info: [HTTP/2] [1] [:authority: github.com]
13:11:09.695255 http.c:889              == Info: [HTTP/2] [1] [:path: /ammkrn/nanoda_lib.git/info/refs?service=git-upload-pack]
13:11:09.695259 http.c:889              == Info: [HTTP/2] [1] [user-agent: git/2.50.1]
13:11:09.695262 http.c:889              == Info: [HTTP/2] [1] [accept: */*]
13:11:09.695265 http.c:889              == Info: [HTTP/2] [1] [accept-encoding: deflate, gzip]
13:11:09.695268 http.c:889              == Info: [HTTP/2] [1] [pragma: no-cache]
13:11:09.695271 http.c:889              == Info: [HTTP/2] [1] [git-protocol: version=2]
13:11:09.695289 http.c:836              => Send header, 0000000201 bytes (0x000000c9)
13:11:09.695294 http.c:848              => Send header: GET /ammkrn/nanoda_lib.git/info/refs?service=git-upload-pack HTTP/2
13:11:09.695298 http.c:848              => Send header: Host: github.com
13:11:09.695301 http.c:848              => Send header: User-Agent: git/2.50.1
13:11:09.695304 http.c:848              => Send header: Accept: */*
13:11:09.695307 http.c:848              => Send header: Accept-Encoding: deflate, gzip
13:11:09.695310 http.c:848              => Send header: Pragma: no-cache
13:11:09.695313 http.c:848              => Send header: Git-Protocol: version=2
13:11:09.695316 http.c:848              => Send header:
13:11:09.695322 http.c:889              == Info: Request completely sent off
13:11:09.745989 http.c:836              <= Recv header, 0000000013 bytes (0x0000000d)
13:11:09.746023 http.c:848              <= Recv header: HTTP/2 200
13:11:09.746031 http.c:836              <= Recv header, 0000000026 bytes (0x0000001a)
13:11:09.746034 http.c:848              <= Recv header: server: GitHub-Babel/3.0
13:11:09.746039 http.c:836              <= Recv header, 0000000059 bytes (0x0000003b)
13:11:09.746042 http.c:848              <= Recv header: content-type: application/x-git-upload-pack-advertisement
13:11:09.746046 http.c:836              <= Recv header, 0000000054 bytes (0x00000036)
13:11:09.746049 http.c:848              <= Recv header: content-security-policy: default-src 'none'; sandbox
13:11:09.746052 http.c:836              <= Recv header, 0000000040 bytes (0x00000028)
13:11:09.746055 http.c:848              <= Recv header: expires: Fri, 01 Jan 1980 00:00:00 GMT
13:11:09.746058 http.c:836              <= Recv header, 0000000018 bytes (0x00000012)
13:11:09.746061 http.c:848              <= Recv header: pragma: no-cache
13:11:09.746064 http.c:836              <= Recv header, 0000000053 bytes (0x00000035)
13:11:09.746066 http.c:848              <= Recv header: cache-control: no-cache, max-age=0, must-revalidate
13:11:09.746070 http.c:836              <= Recv header, 0000000023 bytes (0x00000017)
13:11:09.746072 http.c:848              <= Recv header: vary: Accept-Encoding
13:11:09.746075 http.c:836              <= Recv header, 0000000045 bytes (0x0000002d)
13:11:09.746077 http.c:848              <= Recv header: strict-transport-security: max-age=31536000
13:11:09.746080 http.c:836              <= Recv header, 0000000037 bytes (0x00000025)
13:11:09.746083 http.c:848              <= Recv header: date: Sun, 13 Sep 2026 17:11:09 GMT
13:11:09.746086 http.c:836              <= Recv header, 0000000056 bytes (0x00000038)
13:11:09.746088 http.c:848              <= Recv header: x-github-request-id: EC33:E3AF5:1B0770:22E642:6AA6D92D
13:11:09.746091 http.c:836              <= Recv header, 0000000027 bytes (0x0000001b)
13:11:09.746094 http.c:848              <= Recv header: x-github-edge-region: iad
13:11:09.746097 http.c:836              <= Recv header, 0000000023 bytes (0x00000017)
13:11:09.746099 http.c:848              <= Recv header: x-frame-options: DENY
13:11:09.746102 http.c:836              <= Recv header, 0000000002 bytes (0x00000002)
13:11:09.746104 http.c:848              <= Recv header:
13:11:09.746116 http.c:889              == Info: Connection #0 to host github.com left intact
13:11:09.746242 http.c:889              == Info: Couldn't find host github.com in the .netrc file; using defaults
13:11:09.746248 http.c:889              == Info: Found bundle for host: 0x144f1b1c0 [can multiplex]
13:11:09.746253 http.c:889              == Info: Re-using existing connection with host github.com
13:11:09.746274 http.c:889              == Info: [HTTP/2] [3] OPENED stream for https://github.com/ammkrn/nanoda_lib.git/git-upload-pack
13:11:09.746278 http.c:889              == Info: [HTTP/2] [3] [:method: POST]
13:11:09.746280 http.c:889              == Info: [HTTP/2] [3] [:scheme: https]
13:11:09.746283 http.c:889              == Info: [HTTP/2] [3] [:authority: github.com]
13:11:09.746285 http.c:889              == Info: [HTTP/2] [3] [:path: /ammkrn/nanoda_lib.git/git-upload-pack]
13:11:09.746288 http.c:889              == Info: [HTTP/2] [3] [user-agent: git/2.50.1]
13:11:09.746290 http.c:889              == Info: [HTTP/2] [3] [accept-encoding: deflate, gzip]
13:11:09.746293 http.c:889              == Info: [HTTP/2] [3] [content-type: application/x-git-upload-pack-request]
13:11:09.746296 http.c:889              == Info: [HTTP/2] [3] [accept: application/x-git-upload-pack-result]
13:11:09.746298 http.c:889              == Info: [HTTP/2] [3] [git-protocol: version=2]
13:11:09.746300 http.c:889              == Info: [HTTP/2] [3] [content-length: 298]
13:11:09.746331 http.c:836              => Send header, 0000000273 bytes (0x00000111)
13:11:09.746336 http.c:848              => Send header: POST /ammkrn/nanoda_lib.git/git-upload-pack HTTP/2
13:11:09.746338 http.c:848              => Send header: Host: github.com
13:11:09.746346 http.c:848              => Send header: User-Agent: git/2.50.1
13:11:09.746348 http.c:848              => Send header: Accept-Encoding: deflate, gzip
13:11:09.746350 http.c:848              => Send header: Content-Type: application/x-git-upload-pack-request
13:11:09.746353 http.c:848              => Send header: Accept: application/x-git-upload-pack-result
13:11:09.746355 http.c:848              => Send header: Git-Protocol: version=2
13:11:09.746357 http.c:848              => Send header: Content-Length: 298
13:11:09.746359 http.c:848              => Send header:
13:11:09.746363 http.c:889              == Info: upload completely sent off: 298 bytes
13:11:09.797163 http.c:836              <= Recv header, 0000000013 bytes (0x0000000d)
13:11:09.797192 http.c:848              <= Recv header: HTTP/2 200
13:11:09.797199 http.c:836              <= Recv header, 0000000026 bytes (0x0000001a)
13:11:09.797202 http.c:848              <= Recv header: server: GitHub-Babel/3.0
13:11:09.797206 http.c:836              <= Recv header, 0000000052 bytes (0x00000034)
13:11:09.797209 http.c:848              <= Recv header: content-type: application/x-git-upload-pack-result
13:11:09.797213 http.c:836              <= Recv header, 0000000054 bytes (0x00000036)
13:11:09.797216 http.c:848              <= Recv header: content-security-policy: default-src 'none'; sandbox
13:11:09.797219 http.c:836              <= Recv header, 0000000040 bytes (0x00000028)
13:11:09.797222 http.c:848              <= Recv header: expires: Fri, 01 Jan 1980 00:00:00 GMT
13:11:09.797225 http.c:836              <= Recv header, 0000000018 bytes (0x00000012)
13:11:09.797227 http.c:848              <= Recv header: pragma: no-cache
13:11:09.797231 http.c:836              <= Recv header, 0000000053 bytes (0x00000035)
13:11:09.797233 http.c:848              <= Recv header: cache-control: no-cache, max-age=0, must-revalidate
13:11:09.797236 http.c:836              <= Recv header, 0000000023 bytes (0x00000017)
13:11:09.797239 http.c:848              <= Recv header: vary: Accept-Encoding
13:11:09.797242 http.c:836              <= Recv header, 0000000045 bytes (0x0000002d)
13:11:09.797244 http.c:848              <= Recv header: strict-transport-security: max-age=31536000
13:11:09.797247 http.c:836              <= Recv header, 0000000037 bytes (0x00000025)
13:11:09.797249 http.c:848              <= Recv header: date: Sun, 13 Sep 2026 17:11:09 GMT
13:11:09.797252 http.c:836              <= Recv header, 0000000056 bytes (0x00000038)
13:11:09.797255 http.c:848              <= Recv header: x-github-request-id: EC33:E3AF5:1B0793:22E661:6AA6D92D
13:11:09.797258 http.c:836              <= Recv header, 0000000027 bytes (0x0000001b)
13:11:09.797260 http.c:848              <= Recv header: x-github-edge-region: iad
13:11:09.797263 http.c:836              <= Recv header, 0000000023 bytes (0x00000017)
13:11:09.797265 http.c:848              <= Recv header: x-frame-options: DENY
13:11:09.797268 http.c:836              <= Recv header, 0000000002 bytes (0x00000002)
13:11:09.797271 http.c:848              <= Recv header:
13:11:09.815136 http.c:889              == Info: Connection #0 to host github.com left intact
From https://github.com/ammkrn/nanoda_lib
 * branch            master     -> FETCH_HEAD
