{"id":"bmp1-04500","outputs":[["l",["b",0],["t",["b",1],["a",["b",0],["b",1]],["a",["a",["b",2],["b",1]],["b",0]]]]]}
{"id":"bmp1-04501","outputs":[["l",["a",["b",0],["b",3]],["t",["a",["b",1],["b",4]],["a",["b",5],["a",["b",1],["b",4]]],["a",["a",["a",["b",2],["b",5]],["b",1]],["b",0]]]]]}
{"id":"bmp1-04502","outputs":[["l",["l",["s"],["a",["b",1],["b",0]]],["t",["l",["s"],["a",["b",2],["b",0]]],["a",["b",3],["l",["s"],["a",["b",2],["b",0]]]],["a",["a",["l",["s"],["a",["b",3],["b",0]]],["b",1]],["b",0]]]]]}
{"id":"bmp1-04503","outputs":[["l",["t",["s"],["b",1],["a",["b",1],["b",0]]],["t",["t",["s"],["b",2],["a",["b",2],["b",0]]],["a",["b",2],["t",["s"],["b",2],["a",["b",2],["b",0]]]],["a",["a",["t",["s"],["b",3],["a",["b",3],["b",0]]],["b",1]],["b",0]]]]]}
{"id":"bmp1-04504","outputs":[["l",["b",0],["t",["b",1],["a",["b",3],["b",1]],["a",["a",["b",2],["b",1]],["b",0]]]]]}
{"id":"bmp1-04505","outputs":[["l",["a",["b",0],["b",0]],["t",["a",["b",1],["b",1]],["a",["b",3],["a",["b",1],["b",1]]],["a",["a",["a",["b",2],["b",2]],["b",1]],["b",0]]]]]}
{"id":"bmp1-04506","outputs":[["l",["l",["s"],["a",["b",1],["b",0]]],["t",["l",["s"],["a",["b",2],["b",0]]],["a",["b",4],["l",["s"],["a",["b",2],["b",0]]]],["a",["a",["l",["s"],["a",["b",3],["b",0]]],["b",1]],["b",0]]]]]}
{"id":"bmp1-04507","outputs":[["l",["t",["s"],["b",0],["a",["b",1],["b",0]]],["t",["t",["s"],["b",1],["a",["b",2],["b",0]]],["a",["b",2],["t",["s"],["b",1],["a",["b",2],["b",0]]]],["a",["a",["t",["s"],["b",2],["a",["b",3],["b",0]]],["b",1]],["b",0]]]]]}
{"id":"bmp1-04508","outputs":[["l",["b",0],["t",["b",1],["a",["b",3],["b",1]],["a",["a",["b",2],["b",1]],["b",0]]]]]}
{"id":"bmp1-04509","outputs":[["l",["a",["b",0],["b",2]],["t",["a",["b",1],["b",3]],["a",["b",3],["a",["b",1],["b",3]]],["a",["a",["a",["b",2],["b",4]],["b",1]],["b",0]]]]]}
{"id":"bmp1-04510","outputs":[["l",["l",["s"],["a",["b",1],["b",0]]],["t",["l",["s"],["a",["b",2],["b",0]]],["a",["b",4],["l",["s"],["a",["b",2],["b",0]]]],["a",["a",["l",["s"],["a",["b",3],["b",0]]],["b",1]],["b",0]]]]]}
{"id":"bmp1-04511","outputs":[["l",["t",["s"],["b",1],["a",["b",1],["b",0]]],["t",["t",["s"],["b",2],["a",["b",2],["b",0]]],["a",["b",2],["t",["s"],["b",2],["a",["b",2],["b",0]]]],["a",["a",["t",["s"],["b",3],["a",["b",3],["b",0]]],["b",1]],["b",0]]]]]}
{"id":"bmp1-04512","outputs":[["l",["b",0],["t",["b",1],["a",["b",2],["b",1]],["a",["a",["b",2],["b",1]],["b",0]]]]]}
{"id":"bmp1-04513","outputs":[["l",["a",["b",0],["b",2]],["t",["a",["b",1],["b",3]],["a",["b",2],["a",["b",1],["b",3]]],["a",["a",["a",["b",2],["b",4]],["b",1]],["b",0]]]]]}
{"id":"bmp1-04514","outputs":[["l",["l",["s"],["a",["b",1],["b",0]]],["t",["l",["s"],["a",["b",2],["b",0]]],["a",["b",5],["l",["s"],["a",["b",2],["b",0]]]],["a",["a",["l",["s"],["a",["b",3],["b",0]]],["b",1]],["b",0]]]]]}
{"id":"bmp1-04515","outputs":[["l",["t",["s"],["b",1],["a",["b",1],["b",0]]],["t",["t",["s"],["b",2],["a",["b",2],["b",0]]],["a",["b",3],["t",["s"],["b",2],["a",["b",2],["b",0]]]],["a",["a",["t",["s"],["b",3],["a",["b",3],["b",0]]],["b",1]],["b",0]]]]]}
{"id":"bmp1-04516","outputs":[["l",["b",0],["t",["b",1],["a",["b",2],["b",1]],["a",["a",["b",2],["b",1]],["b",0]]]]]}
{"id":"bmp1-04517","outputs":[["l",["a",["b",0],["b",1]],["t",["a",["b",1],["b",2]],["a",["b",2],["a",["b",1],["b",2]]],["a",["a",["a",["b",2],["b",3]],["b",1]],["b",0]]]]]}
{"id":"bmp1-04518","outputs":[["l",["l",["s"],["a",["b",1],["b",0]]],["t",["l",["s"],["a",["b",2],["b",0]]],["a",["b",3],["l",["s"],["a",["b",2],["b",0]]]],["a",["a",["l",["s"],["a",["b",3],["b",0]]],["b",1]],["b",0]]]]]}
{"id":"bmp1-04519","outputs":[["l",["t",["s"],["b",1],["a",["b",1],["b",0]]],["t",["t",["s"],["b",2],["a",["b",2],["b",0]]],["a",["b",1],["t",["s"],["b",2],["a",["b",2],["b",0]]]],["a",["a",["t",["s"],["b",3],["a",["b",3],["b",0]]],["b",1]],["b",0]]]]]}
{"id":"bmp1-04520","outputs":[["l",["b",0],["t",["b",1],["a",["b",2],["b",1]],["a",["a",["b",2],["b",1]],["b",0]]]]]}
{"id":"bmp1-04521","outputs":[["l",["a",["b",0],["b",0]],["t",["a",["b",1],["b",1]],["a",["b",1],["a",["b",1],["b",1]]],["a",["a",["a",["b",2],["b",2]],["b",1]],["b",0]]]]]}
{"id":"bmp1-04522","outputs":[["l",["l",["s"],["a",["b",1],["b",0]]],["t",["l",["s"],["a",["b",2],["b",0]]],["a",["b",2],["l",["s"],["a",["b",2],["b",0]]]],["a",["a",["l",["s"],["a",["b",3],["b",0]]],["b",1]],["b",0]]]]]}
{"id":"bmp1-04523","outputs":[["l",["t",["s"],["b",1],["a",["b",1],["b",0]]],["t",["t",["s"],["b",2],["a",["b",2],["b",0]]],["a",["b",2],["t",["s"],["b",2],["a",["b",2],["b",0]]]],["a",["a",["t",["s"],["b",3],["a",["b",3],["b",0]]],["b",1]],["b",0]]]]]}
{"id":"bmp1-04524","outputs":[["l",["b",0],["t",["b",1],["a",["b",3],["b",1]],["a",["a",["b",2],["b",1]],["b",0]]]]]}
{"id":"bmp1-04525","outputs":[["l",["a",["b",0],["b",1]],["t",["a",["b",1],["b",2]],["a",["b",1],["a",["b",1],["b",2]]],["a",["a",["a",["b",2],["b",3]],["b",1]],["b",0]]]]]}
{"id":"bmp1-04526","outputs":[["l",["l",["s"],["a",["b",1],["b",0]]],["t",["l",["s"],["a",["b",2],["b",0]]],["a",["b",0],["l",["s"],["a",["b",2],["b",0]]]],["a",["a",["l",["s"],["a",["b",3],["b",0]]],["b",1]],["b",0]]]]]}
{"id":"bmp1-04527","outputs":[["l",["t",["s"],["b",1],["a",["b",1],["b",0]]],["t",["t",["s"],["b",2],["a",["b",2],["b",0]]],["a",["b",4],["t",["s"],["b",2],["a",["b",2],["b",0]]]],["a",["a",["t",["s"],["b",3],["a",["b",3],["b",0]]],["b",1]],["b",0]]]]]}
{"id":"bmp1-04528","outputs":[["l",["b",0],["t",["b",1],["a",["b",3],["b",1]],["a",["a",["b",2],["b",1]],["b",0]]]]]}
{"id":"bmp1-04529","outputs":[["l",["a",["b",0],["b",1]],["t",["a",["b",1],["b",2]],["a",["b",1],["a",["b",1],["b",2]]],["a",["a",["a",["b",2],["b",3]],["b",1]],["b",0]]]]]}
{"id":"bmp1-04530","outputs":[["l",["l",["s"],["a",["b",1],["b",0]]],["t",["l",["s"],["a",["b",2],["b",0]]],["a",["b",3],["l",["s"],["a",["b",2],["b",0]]]],["a",["a",["l",["s"],["a",["b",3],["b",0]]],["b",1]],["b",0]]]]]}
{"id":"bmp1-04531","outputs":[["l",["t",["s"],["b",3],["a",["b",1],["b",0]]],["t",["t",["s"],["b",4],["a",["b",2],["b",0]]],["a",["b",2],["t",["s"],["b",4],["a",["b",2],["b",0]]]],["a",["a",["t",["s"],["b",5],["a",["b",3],["b",0]]],["b",1]],["b",0]]]]]}
{"id":"bmp1-04532","outputs":[["l",["b",0],["t",["b",1],["a",["b",0],["b",1]],["a",["a",["b",2],["b",1]],["b",0]]]]]}
{"id":"bmp1-04533","outputs":[["l",["a",["b",0],["b",1]],["t",["a",["b",1],["b",2]],["a",["b",1],["a",["b",1],["b",2]]],["a",["a",["a",["b",2],["b",3]],["b",1]],["b",0]]]]]}
{"id":"bmp1-04534","outputs":[["l",["l",["s"],["a",["b",1],["b",0]]],["t",["l",["s"],["a",["b",2],["b",0]]],["a",["b",2],["l",["s"],["a",["b",2],["b",0]]]],["a",["a",["l",["s"],["a",["b",3],["b",0]]],["b",1]],["b",0]]]]]}
{"id":"bmp1-04535","outputs":[["l",["t",["s"],["b",0],["a",["b",1],["b",0]]],["t",["t",["s"],["b",1],["a",["b",2],["b",0]]],["a",["b",3],["t",["s"],["b",1],["a",["b",2],["b",0]]]],["a",["a",["t",["s"],["b",2],["a",["b",3],["b",0]]],["b",1]],["b",0]]]]]}
{"id":"bmp1-04536","outputs":[["l",["b",0],["t",["b",1],["a",["b",2],["b",1]],["a",["a",["b",2],["b",1]],["b",0]]]]]}
{"id":"bmp1-04537","outputs":[["l",["a",["b",0],["b",0]],["t",["a",["b",1],["b",1]],["a",["b",2],["a",["b",1],["b",1]]],["a",["a",["a",["b",2],["b",2]],["b",1]],["b",0]]]]]}
{"id":"bmp1-04538","outputs":[["l",["l",["s"],["a",["b",1],["b",0]]],["t",["l",["s"],["a",["b",2],["b",0]]],["a",["b",3],["l",["s"],["a",["b",2],["b",0]]]],["a",["a",["l",["s"],["a",["b",3],["b",0]]],["b",1]],["b",0]]]]]}
{"id":"bmp1-04539","outputs":[["l",["t",["s"],["b",2],["a",["b",1],["b",0]]],["t",["t",["s"],["b",3],["a",["b",2],["b",0]]],["a",["b",3],["t",["s"],["b",3],["a",["b",2],["b",0]]]],["a",["a",["t",["s"],["b",4],["a",["b",3],["b",0]]],["b",1]],["b",0]]]]]}
{"id":"bmp1-04540","outputs":[["l",["b",0],["t",["b",1],["a",["b",2],["b",1]],["a",["a",["b",2],["b",1]],["b",0]]]]]}
{"id":"bmp1-04541","outputs":[["l",["a",["b",0],["b",0]],["t",["a",["b",1],["b",1]],["a",["b",1],["a",["b",1],["b",1]]],["a",["a",["a",["b",2],["b",2]],["b",1]],["b",0]]]]]}
{"id":"bmp1-04542","outputs":[["l",["l",["s"],["a",["b",1],["b",0]]],["t",["l",["s"],["a",["b",2],["b",0]]],["a",["b",0],["l",["s"],["a",["b",2],["b",0]]]],["a",["a",["l",["s"],["a",["b",3],["b",0]]],["b",1]],["b",0]]]]]}
{"id":"bmp1-04543","outputs":[["l",["t",["s"],["b",1],["a",["b",1],["b",0]]],["t",["t",["s"],["b",2],["a",["b",2],["b",0]]],["a",["b",3],["t",["s"],["b",2],["a",["b",2],["b",0]]]],["a",["a",["t",["s"],["b",3],["a",["b",3],["b",0]]],["b",1]],["b",0]]]]]}
{"id":"bmp1-04544","outputs":[["l",["b",0],["t",["b",1],["a",["b",4],["b",1]],["a",["a",["b",2],["b",1]],["b",0]]]]]}
{"id":"bmp1-04545","outputs":[["l",["a",["b",0],["b",0]],["t",["a",["b",1],["b",1]],["a",["b",2],["a",["b",1],["b",1]]],["a",["a",["a",["b",2],["b",2]],["b",1]],["b",0]]]]]}
{"id":"bmp1-04546","outputs":[["l",["l",["s"],["a",["b",1],["b",0]]],["t",["l",["s"],["a",["b",2],["b",0]]],["a",["b",2],["l",["s"],["a",["b",2],["b",0]]]],["a",["a",["l",["s"],["a",["b",3],["b",0]]],["b",1]],["b",0]]]]]}
{"id":"bmp1-04547","outputs":[["l",["t",["s"],["b",0],["a",["b",1],["b",0]]],["t",["t",["s"],["b",1],["a",["b",2],["b",0]]],["a",["b",1],["t",["s"],["b",1],["a",["b",2],["b",0]]]],["a",["a",["t",["s"],["b",2],["a",["b",3],["b",0]]],["b",1]],["b",0]]]]]}
{"id":"bmp1-04548","outputs":[["l",["b",0],["t",["b",1],["a",["b",2],["b",1]],["a",["a",["b",2],["b",1]],["b",0]]]]]}
{"id":"bmp1-04549","outputs":[["l",["a",["b",0],["b",4]],["t",["a",["b",1],["b",5]],["a",["b",2],["a",["b",1],["b",5]]],["a",["a",["a",["b",2],["b",6]],["b",1]],["b",0]]]]]}
{"id":"bmp1-04550","outputs":[["l",["l",["s"],["a",["b",1],["b",0]]],["t",["l",["s"],["a",["b",2],["b",0]]],["a",["b",2],["l",["s"],["a",["b",2],["b",0]]]],["a",["a",["l",["s"],["a",["b",3],["b",0]]],["b",1]],["b",0]]]]]}
{"id":"bmp1-04551","outputs":[["l",["t",["s"],["b",0],["a",["b",1],["b",0]]],["t",["t",["s"],["b",1],["a",["b",2],["b",0]]],["a",["b",2],["t",["s"],["b",1],["a",["b",2],["b",0]]]],["a",["a",["t",["s"],["b",2],["a",["b",3],["b",0]]],["b",1]],["b",0]]]]]}
{"id":"bmp1-04552","outputs":[["l",["b",0],["t",["b",1],["a",["b",3],["b",1]],["a",["a",["b",2],["b",1]],["b",0]]]]]}
{"id":"bmp1-04553","outputs":[["l",["a",["b",0],["b",4]],["t",["a",["b",1],["b",5]],["a",["b",3],["a",["b",1],["b",5]]],["a",["a",["a",["b",2],["b",6]],["b",1]],["b",0]]]]]}
{"id":"bmp1-04554","outputs":[["l",["l",["s"],["a",["b",1],["b",0]]],["t",["l",["s"],["a",["b",2],["b",0]]],["a",["b",2],["l",["s"],["a",["b",2],["b",0]]]],["a",["a",["l",["s"],["a",["b",3],["b",0]]],["b",1]],["b",0]]]]]}
{"id":"bmp1-04555","outputs":[["l",["t",["s"],["b",1],["a",["b",1],["b",0]]],["t",["t",["s"],["b",2],["a",["b",2],["b",0]]],["a",["b",2],["t",["s"],["b",2],["a",["b",2],["b",0]]]],["a",["a",["t",["s"],["b",3],["a",["b",3],["b",0]]],["b",1]],["b",0]]]]]}
{"id":"bmp1-04556","outputs":[["l",["b",0],["t",["b",1],["a",["b",2],["b",1]],["a",["a",["b",2],["b",1]],["b",0]]]]]}
{"id":"bmp1-04557","outputs":[["l",["a",["b",0],["b",1]],["t",["a",["b",1],["b",2]],["a",["b",1],["a",["b",1],["b",2]]],["a",["a",["a",["b",2],["b",3]],["b",1]],["b",0]]]]]}
{"id":"bmp1-04558","outputs":[["l",["l",["s"],["a",["b",1],["b",0]]],["t",["l",["s"],["a",["b",2],["b",0]]],["a",["b",4],["l",["s"],["a",["b",2],["b",0]]]],["a",["a",["l",["s"],["a",["b",3],["b",0]]],["b",1]],["b",0]]]]]}
{"id":"bmp1-04559","outputs":[["l",["t",["s"],["b",1],["a",["b",1],["b",0]]],["t",["t",["s"],["b",2],["a",["b",2],["b",0]]],["a",["b",2],["t",["s"],["b",2],["a",["b",2],["b",0]]]],["a",["a",["t",["s"],["b",3],["a",["b",3],["b",0]]],["b",1]],["b",0]]]]]}
{"id":"bmp1-04560","outputs":[["l",["b",0],["t",["b",1],["a",["b",2],["b",1]],["a",["a",["b",2],["b",1]],["b",0]]]]]}
{"id":"bmp1-04561","outputs":[["l",["a",["b",0],["b",0]],["t",["a",["b",1],["b",1]],["a",["b",1],["a",["b",1],["b",1]]],["a",["a",["a",["b",2],["b",2]],["b",1]],["b",0]]]]]}
{"id":"bmp1-04562","outputs":[["l",["l",["s"],["a",["b",1],["b",0]]],["t",["l",["s"],["a",["b",2],["b",0]]],["a",["b",2],["l",["s"],["a",["b",2],["b",0]]]],["a",["a",["l",["s"],["a",["b",3],["b",0]]],["b",1]],["b",0]]]]]}
{"id":"bmp1-04563","outputs":[["l",["t",["s"],["b",0],["a",["b",1],["b",0]]],["t",["t",["s"],["b",1],["a",["b",2],["b",0]]],["a",["b",2],["t",["s"],["b",1],["a",["b",2],["b",0]]]],["a",["a",["t",["s"],["b",2],["a",["b",3],["b",0]]],["b",1]],["b",0]]]]]}
{"id":"bmp1-04564","outputs":[["l",["b",0],["t",["b",1],["a",["b",0],["b",1]],["a",["a",["b",2],["b",1]],["b",0]]]]]}
{"id":"bmp1-04565","outputs":[["l",["a",["b",0],["b",1]],["t",["a",["b",1],["b",2]],["a",["b",1],["a",["b",1],["b",2]]],["a",["a",["a",["b",2],["b",3]],["b",1]],["b",0]]]]]}
{"id":"bmp1-04566","outputs":[["l",["l",["s"],["a",["b",1],["b",0]]],["t",["l",["s"],["a",["b",2],["b",0]]],["a",["b",5],["l",["s"],["a",["b",2],["b",0]]]],["a",["a",["l",["s"],["a",["b",3],["b",0]]],["b",1]],["b",0]]]]]}
{"id":"bmp1-04567","outputs":[["l",["t",["s"],["b",1],["a",["b",1],["b",0]]],["t",["t",["s"],["b",2],["a",["b",2],["b",0]]],["a",["b",2],["t",["s"],["b",2],["a",["b",2],["b",0]]]],["a",["a",["t",["s"],["b",3],["a",["b",3],["b",0]]],["b",1]],["b",0]]]]]}
{"id":"bmp1-04568","outputs":[["l",["b",0],["t",["b",1],["a",["b",0],["b",1]],["a",["a",["b",2],["b",1]],["b",0]]]]]}
{"id":"bmp1-04569","outputs":[["l",["a",["b",0],["b",0]],["t",["a",["b",1],["b",1]],["a",["b",2],["a",["b",1],["b",1]]],["a",["a",["a",["b",2],["b",2]],["b",1]],["b",0]]]]]}
{"id":"bmp1-04570","outputs":[["l",["l",["s"],["a",["b",1],["b",0]]],["t",["l",["s"],["a",["b",2],["b",0]]],["a",["b",0],["l",["s"],["a",["b",2],["b",0]]]],["a",["a",["l",["s"],["a",["b",3],["b",0]]],["b",1]],["b",0]]]]]}
{"id":"bmp1-04571","outputs":[["l",["t",["s"],["b",0],["a",["b",1],["b",0]]],["t",["t",["s"],["b",1],["a",["b",2],["b",0]]],["a",["b",1],["t",["s"],["b",1],["a",["b",2],["b",0]]]],["a",["a",["t",["s"],["b",2],["a",["b",3],["b",0]]],["b",1]],["b",0]]]]]}
{"id":"bmp1-04572","outputs":[["l",["b",0],["t",["b",1],["a",["b",3],["b",1]],["a",["a",["b",2],["b",1]],["b",0]]]]]}
{"id":"bmp1-04573","outputs":[["l",["a",["b",0],["b",2]],["t",["a",["b",1],["b",3]],["a",["b",3],["a",["b",1],["b",3]]],["a",["a",["a",["b",2],["b",4]],["b",1]],["b",0]]]]]}
{"id":"bmp1-04574","outputs":[["l",["l",["s"],["a",["b",1],["b",0]]],["t",["l",["s"],["a",["b",2],["b",0]]],["a",["b",0],["l",["s"],["a",["b",2],["b",0]]]],["a",["a",["l",["s"],["a",["b",3],["b",0]]],["b",1]],["b",0]]]]]}
{"id":"bmp1-04575","outputs":[["l",["t",["s"],["b",2],["a",["b",1],["b",0]]],["t",["t",["s"],["b",3],["a",["b",2],["b",0]]],["a",["b",2],["t",["s"],["b",3],["a",["b",2],["b",0]]]],["a",["a",["t",["s"],["b",4],["a",["b",3],["b",0]]],["b",1]],["b",0]]]]]}
{"id":"bmp1-04576","outputs":[["l",["b",0],["t",["b",1],["a",["b",2],["b",1]],["a",["a",["b",2],["b",1]],["b",0]]]]]}
{"id":"bmp1-04577","outputs":[["l",["a",["b",0],["b",0]],["t",["a",["b",1],["b",1]],["a",["b",1],["a",["b",1],["b",1]]],["a",["a",["a",["b",2],["b",2]],["b",1]],["b",0]]]]]}
{"id":"bmp1-04578","outputs":[["l",["l",["s"],["a",["b",1],["b",0]]],["t",["l",["s"],["a",["b",2],["b",0]]],["a",["b",0],["l",["s"],["a",["b",2],["b",0]]]],["a",["a",["l",["s"],["a",["b",3],["b",0]]],["b",1]],["b",0]]]]]}
{"id":"bmp1-04579","outputs":[["l",["t",["s"],["b",3],["a",["b",1],["b",0]]],["t",["t",["s"],["b",4],["a",["b",2],["b",0]]],["a",["b",3],["t",["s"],["b",4],["a",["b",2],["b",0]]]],["a",["a",["t",["s"],["b",5],["a",["b",3],["b",0]]],["b",1]],["b",0]]]]]}
{"id":"bmp1-04580","outputs":[["l",["b",0],["t",["b",1],["a",["b",2],["b",1]],["a",["a",["b",2],["b",1]],["b",0]]]]]}
{"id":"bmp1-04581","outputs":[["l",["a",["b",0],["b",0]],["t",["a",["b",1],["b",1]],["a",["b",3],["a",["b",1],["b",1]]],["a",["a",["a",["b",2],["b",2]],["b",1]],["b",0]]]]]}
{"id":"bmp1-04582","outputs":[["l",["l",["s"],["a",["b",1],["b",0]]],["t",["l",["s"],["a",["b",2],["b",0]]],["a",["b",3],["l",["s"],["a",["b",2],["b",0]]]],["a",["a",["l",["s"],["a",["b",3],["b",0]]],["b",1]],["b",0]]]]]}
{"id":"bmp1-04583","outputs":[["l",["t",["s"],["b",1],["a",["b",1],["b",0]]],["t",["t",["s"],["b",2],["a",["b",2],["b",0]]],["a",["b",3],["t",["s"],["b",2],["a",["b",2],["b",0]]]],["a",["a",["t",["s"],["b",3],["a",["b",3],["b",0]]],["b",1]],["b",0]]]]]}
{"id":"bmp1-04584","outputs":[["l",["b",0],["t",["b",1],["a",["b",3],["b",1]],["a",["a",["b",2],["b",1]],["b",0]]]]]}
{"id":"bmp1-04585","outputs":[["l",["a",["b",0],["b",0]],["t",["a",["b",1],["b",1]],["a",["b",1],["a",["b",1],["b",1]]],["a",["a",["a",["b",2],["b",2]],["b",1]],["b",0]]]]]}
{"id":"bmp1-04586","outputs":[["l",["l",["s"],["a",["b",1],["b",0]]],["t",["l",["s"],["a",["b",2],["b",0]]],["a",["b",3],["l",["s"],["a",["b",2],["b",0]]]],["a",["a",["l",["s"],["a",["b",3],["b",0]]],["b",1]],["b",0]]]]]}
{"id":"bmp1-04587","outputs":[["l",["t",["s"],["b",1],["a",["b",1],["b",0]]],["t",["t",["s"],["b",2],["a",["b",2],["b",0]]],["a",["b",5],["t",["s"],["b",2],["a",["b",2],["b",0]]]],["a",["a",["t",["s"],["b",3],["a",["b",3],["b",0]]],["b",1]],["b",0]]]]]}
{"id":"bmp1-04588","outputs":[["l",["b",0],["t",["b",1],["a",["b",2],["b",1]],["a",["a",["b",2],["b",1]],["b",0]]]]]}
{"id":"bmp1-04589","outputs":[["l",["a",["b",0],["b",3]],["t",["a",["b",1],["b",4]],["a",["b",1],["a",["b",1],["b",4]]],["a",["a",["a",["b",2],["b",5]],["b",1]],["b",0]]]]]}
{"id":"bmp1-04590","outputs":[["l",["l",["s"],["a",["b",1],["b",0]]],["t",["l",["s"],["a",["b",2],["b",0]]],["a",["b",2],["l",["s"],["a",["b",2],["b",0]]]],["a",["a",["l",["s"],["a",["b",3],["b",0]]],["b",1]],["b",0]]]]]}
{"id":"bmp1-04591","outputs":[["l",["t",["s"],["b",1],["a",["b",1],["b",0]]],["t",["t",["s"],["b",2],["a",["b",2],["b",0]]],["a",["b",1],["t",["s"],["b",2],["a",["b",2],["b",0]]]],["a",["a",["t",["s"],["b",3],["a",["b",3],["b",0]]],["b",1]],["b",0]]]]]}
{"id":"bmp1-04592","outputs":[["l",["b",0],["t",["b",1],["a",["b",2],["b",1]],["a",["a",["b",2],["b",1]],["b",0]]]]]}
{"id":"bmp1-04593","outputs":[["l",["a",["b",0],["b",0]],["t",["a",["b",1],["b",1]],["a",["b",2],["a",["b",1],["b",1]]],["a",["a",["a",["b",2],["b",2]],["b",1]],["b",0]]]]]}
{"id":"bmp1-04594","outputs":[["l",["l",["s"],["a",["b",1],["b",0]]],["t",["l",["s"],["a",["b",2],["b",0]]],["a",["b",3],["l",["s"],["a",["b",2],["b",0]]]],["a",["a",["l",["s"],["a",["b",3],["b",0]]],["b",1]],["b",0]]]]]}
{"id":"bmp1-04595","outputs":[["l",["t",["s"],["b",0],["a",["b",1],["b",0]]],["t",["t",["s"],["b",1],["a",["b",2],["b",0]]],["a",["b",1],["t",["s"],["b",1],["a",["b",2],["b",0]]]],["a",["a",["t",["s"],["b",2],["a",["b",3],["b",0]]],["b",1]],["b",0]]]]]}
{"id":"bmp1-04596","outputs":[["l",["b",0],["t",["b",1],["a",["b",2],["b",1]],["a",["a",["b",2],["b",1]],["b",0]]]]]}
{"id":"bmp1-04597","outputs":[["l",["a",["b",0],["b",2]],["t",["a",["b",1],["b",3]],["a",["b",4],["a",["b",1],["b",3]]],["a",["a",["a",["b",2],["b",4]],["b",1]],["b",0]]]]]}
{"id":"bmp1-04598","outputs":[["l",["l",["s"],["a",["b",1],["b",0]]],["t",["l",["s"],["a",["b",2],["b",0]]],["a",["b",3],["l",["s"],["a",["b",2],["b",0]]]],["a",["a",["l",["s"],["a",["b",3],["b",0]]],["b",1]],["b",0]]]]]}
{"id":"bmp1-04599","outputs":[["l",["t",["s"],["b",3],["a",["b",1],["b",0]]],["t",["t",["s"],["b",4],["a",["b",2],["b",0]]],["a",["b",5],["t",["s"],["b",4],["a",["b",2],["b",0]]]],["a",["a",["t",["s"],["b",5],["a",["b",3],["b",0]]],["b",1]],["b",0]]]]]}
{"id":"bmp1-04600","outputs":[["l",["b",0],["t",["b",1],["a",["b",3],["b",1]],["a",["a",["b",2],["b",1]],["b",0]]]]]}
{"id":"bmp1-04601","outputs":[["l",["a",["b",0],["b",1]],["t",["a",["b",1],["b",2]],["a",["b",2],["a",["b",1],["b",2]]],["a",["a",["a",["b",2],["b",3]],["b",1]],["b",0]]]]]}
{"id":"bmp1-04602","outputs":[["l",["l",["s"],["a",["b",1],["b",0]]],["t",["l",["s"],["a",["b",2],["b",0]]],["a",["b",0],["l",["s"],["a",["b",2],["b",0]]]],["a",["a",["l",["s"],["a",["b",3],["b",0]]],["b",1]],["b",0]]]]]}
{"id":"bmp1-04603","outputs":[["l",["t",["s"],["b",2],["a",["b",1],["b",0]]],["t",["t",["s"],["b",3],["a",["b",2],["b",0]]],["a",["b",2],["t",["s"],["b",3],["a",["b",2],["b",0]]]],["a",["a",["t",["s"],["b",4],["a",["b",3],["b",0]]],["b",1]],["b",0]]]]]}
{"id":"bmp1-04604","outputs":[["l",["b",0],["t",["b",1],["a",["b",2],["b",1]],["a",["a",["b",2],["b",1]],["b",0]]]]]}
{"id":"bmp1-04605","outputs":[["l",["a",["b",0],["b",0]],["t",["a",["b",1],["b",1]],["a",["b",1],["a",["b",1],["b",1]]],["a",["a",["a",["b",2],["b",2]],["b",1]],["b",0]]]]]}
{"id":"bmp1-04606","outputs":[["l",["l",["s"],["a",["b",1],["b",0]]],["t",["l",["s"],["a",["b",2],["b",0]]],["a",["b",0],["l",["s"],["a",["b",2],["b",0]]]],["a",["a",["l",["s"],["a",["b",3],["b",0]]],["b",1]],["b",0]]]]]}
{"id":"bmp1-04607","outputs":[["l",["t",["s"],["b",3],["a",["b",1],["b",0]]],["t",["t",["s"],["b",4],["a",["b",2],["b",0]]],["a",["b",1],["t",["s"],["b",4],["a",["b",2],["b",0]]]],["a",["a",["t",["s"],["b",5],["a",["b",3],["b",0]]],["b",1]],["b",0]]]]]}
{"id":"bmp1-04608","outputs":[["l",["b",0],["t",["b",1],["a",["b",0],["b",1]],["a",["a",["b",2],["b",1]],["b",0]]]]]}
{"id":"bmp1-04609","outputs":[["l",["a",["b",0],["b",1]],["t",["a",["b",1],["b",2]],["a",["b",5],["a",["b",1],["b",2]]],["a",["a",["a",["b",2],["b",3]],["b",1]],["b",0]]]]]}
{"id":"bmp1-04610","outputs":[["l",["l",["s"],["a",["b",1],["b",0]]],["t",["l",["s"],["a",["b",2],["b",0]]],["a",["b",0],["l",["s"],["a",["b",2],["b",0]]]],["a",["a",["l",["s"],["a",["b",3],["b",0]]],["b",1]],["b",0]]]]]}
{"id":"bmp1-04611","outputs":[["l",["t",["s"],["b",1],["a",["b",1],["b",0]]],["t",["t",["s"],["b",2],["a",["b",2],["b",0]]],["a",["b",1],["t",["s"],["b",2],["a",["b",2],["b",0]]]],["a",["a",["t",["s"],["b",3],["a",["b",3],["b",0]]],["b",1]],["b",0]]]]]}
{"id":"bmp1-04612","outputs":[["l",["b",0],["t",["b",1],["a",["b",3],["b",1]],["a",["a",["b",2],["b",1]],["b",0]]]]]}
{"id":"bmp1-04613","outputs":[["l",["a",["b",0],["b",1]],["t",["a",["b",1],["b",2]],["a",["b",1],["a",["b",1],["b",2]]],["a",["a",["a",["b",2],["b",3]],["b",1]],["b",0]]]]]}
{"id":"bmp1-04614","outputs":[["l",["l",["s"],["a",["b",1],["b",0]]],["t",["l",["s"],["a",["b",2],["b",0]]],["a",["b",2],["l",["s"],["a",["b",2],["b",0]]]],["a",["a",["l",["s"],["a",["b",3],["b",0]]],["b",1]],["b",0]]]]]}
{"id":"bmp1-04615","outputs":[["l",["t",["s"],["b",4],["a",["b",1],["b",0]]],["t",["t",["s"],["b",5],["a",["b",2],["b",0]]],["a",["b",3],["t",["s"],["b",5],["a",["b",2],["b",0]]]],["a",["a",["t",["s"],["b",6],["a",["b",3],["b",0]]],["b",1]],["b",0]]]]]}
{"id":"bmp1-04616","outputs":[["l",["b",0],["t",["b",1],["a",["b",2],["b",1]],["a",["a",["b",2],["b",1]],["b",0]]]]]}
{"id":"bmp1-04617","outputs":[["l",["a",["b",0],["b",0]],["t",["a",["b",1],["b",1]],["a",["b",2],["a",["b",1],["b",1]]],["a",["a",["a",["b",2],["b",2]],["b",1]],["b",0]]]]]}
{"id":"bmp1-04618","outputs":[["l",["l",["s"],["a",["b",1],["b",0]]],["t",["l",["s"],["a",["b",2],["b",0]]],["a",["b",0],["l",["s"],["a",["b",2],["b",0]]]],["a",["a",["l",["s"],["a",["b",3],["b",0]]],["b",1]],["b",0]]]]]}
{"id":"bmp1-04619","outputs":[["l",["t",["s"],["b",2],["a",["b",1],["b",0]]],["t",["t",["s"],["b",3],["a",["b",2],["b",0]]],["a",["b",2],["t",["s"],["b",3],["a",["b",2],["b",0]]]],["a",["a",["t",["s"],["b",4],["a",["b",3],["b",0]]],["b",1]],["b",0]]]]]}
{"id":"bmp1-04620","outputs":[["l",["b",0],["t",["b",1],["a",["b",4],["b",1]],["a",["a",["b",2],["b",1]],["b",0]]]]]}
{"id":"bmp1-04621","outputs":[["l",["a",["b",0],["b",1]],["t",["a",["b",1],["b",2]],["a",["b",1],["a",["b",1],["b",2]]],["a",["a",["a",["b",2],["b",3]],["b",1]],["b",0]]]]]}
{"id":"bmp1-04622","outputs":[["l",["l",["s"],["a",["b",1],["b",0]]],["t",["l",["s"],["a",["b",2],["b",0]]],["a",["b",3],["l",["s"],["a",["b",2],["b",0]]]],["a",["a",["l",["s"],["a",["b",3],["b",0]]],["b",1]],["b",0]]]]]}
{"id":"bmp1-04623","outputs":[["l",["t",["s"],["b",3],["a",["b",1],["b",0]]],["t",["t",["s"],["b",4],["a",["b",2],["b",0]]],["a",["b",2],["t",["s"],["b",4],["a",["b",2],["b",0]]]],["a",["a",["t",["s"],["b",5],["a",["b",3],["b",0]]],["b",1]],["b",0]]]]]}
{"id":"bmp1-04624","outputs":[["l",["b",0],["t",["b",1],["a",["b",2],["b",1]],["a",["a",["b",2],["b",1]],["b",0]]]]]}
{"id":"bmp1-04625","outputs":[["l",["a",["b",0],["b",0]],["t",["a",["b",1],["b",1]],["a",["b",3],["a",["b",1],["b",1]]],["a",["a",["a",["b",2],["b",2]],["b",1]],["b",0]]]]]}
{"id":"bmp1-04626","outputs":[["l",["l",["s"],["a",["b",1],["b",0]]],["t",["l",["s"],["a",["b",2],["b",0]]],["a",["b",0],["l",["s"],["a",["b",2],["b",0]]]],["a",["a",["l",["s"],["a",["b",3],["b",0]]],["b",1]],["b",0]]]]]}
{"id":"bmp1-04627","outputs":[["l",["t",["s"],["b",0],["a",["b",1],["b",0]]],["t",["t",["s"],["b",1],["a",["b",2],["b",0]]],["a",["b",2],["t",["s"],["b",1],["a",["b",2],["b",0]]]],["a",["a",["t",["s"],["b",2],["a",["b",3],["b",0]]],["b",1]],["b",0]]]]]}
{"id":"bmp1-04628","outputs":[["l",["b",0],["t",["b",1],["a",["b",0],["b",1]],["a",["a",["b",2],["b",1]],["b",0]]]]]}
{"id":"bmp1-04629","outputs":[["l",["a",["b",0],["b",0]],["t",["a",["b",1],["b",1]],["a",["b",2],["a",["b",1],["b",1]]],["a",["a",["a",["b",2],["b",2]],["b",1]],["b",0]]]]]}
{"id":"bmp1-04630","outputs":[["l",["l",["s"],["a",["b",1],["b",0]]],["t",["l",["s"],["a",["b",2],["b",0]]],["a",["b",0],["l",["s"],["a",["b",2],["b",0]]]],["a",["a",["l",["s"],["a",["b",3],["b",0]]],["b",1]],["b",0]]]]]}
{"id":"bmp1-04631","outputs":[["l",["t",["s"],["b",2],["a",["b",1],["b",0]]],["t",["t",["s"],["b",3],["a",["b",2],["b",0]]],["a",["b",4],["t",["s"],["b",3],["a",["b",2],["b",0]]]],["a",["a",["t",["s"],["b",4],["a",["b",3],["b",0]]],["b",1]],["b",0]]]]]}
{"id":"bmp1-04632","outputs":[["l",["b",0],["t",["b",1],["a",["b",4],["b",1]],["a",["a",["b",2],["b",1]],["b",0]]]]]}
{"id":"bmp1-04633","outputs":[["l",["a",["b",0],["b",0]],["t",["a",["b",1],["b",1]],["a",["b",1],["a",["b",1],["b",1]]],["a",["a",["a",["b",2],["b",2]],["b",1]],["b",0]]]]]}
{"id":"bmp1-04634","outputs":[["l",["l",["s"],["a",["b",1],["b",0]]],["t",["l",["s"],["a",["b",2],["b",0]]],["a",["b",0],["l",["s"],["a",["b",2],["b",0]]]],["a",["a",["l",["s"],["a",["b",3],["b",0]]],["b",1]],["b",0]]]]]}
{"id":"bmp1-04635","outputs":[["l",["t",["s"],["b",1],["a",["b",1],["b",0]]],["t",["t",["s"],["b",2],["a",["b",2],["b",0]]],["a",["b",1],["t",["s"],["b",2],["a",["b",2],["b",0]]]],["a",["a",["t",["s"],["b",3],["a",["b",3],["b",0]]],["b",1]],["b",0]]]]]}
{"id":"bmp1-04636","outputs":[["l",["b",0],["t",["b",1],["a",["b",3],["b",1]],["a",["a",["b",2],["b",1]],["b",0]]]]]}
{"id":"bmp1-04637","outputs":[["l",["a",["b",0],["b",0]],["t",["a",["b",1],["b",1]],["a",["b",3],["a",["b",1],["b",1]]],["a",["a",["a",["b",2],["b",2]],["b",1]],["b",0]]]]]}
{"id":"bmp1-04638","outputs":[["l",["l",["s"],["a",["b",1],["b",0]]],["t",["l",["s"],["a",["b",2],["b",0]]],["a",["b",3],["l",["s"],["a",["b",2],["b",0]]]],["a",["a",["l",["s"],["a",["b",3],["b",0]]],["b",1]],["b",0]]]]]}
{"id":"bmp1-04639","outputs":[["l",["t",["s"],["b",1],["a",["b",1],["b",0]]],["t",["t",["s"],["b",2],["a",["b",2],["b",0]]],["a",["b",1],["t",["s"],["b",2],["a",["b",2],["b",0]]]],["a",["a",["t",["s"],["b",3],["a",["b",3],["b",0]]],["b",1]],["b",0]]]]]}
{"id":"bmp1-04640","outputs":[["l",["b",0],["t",["b",1],["a",["b",3],["b",1]],["a",["a",["b",2],["b",1]],["b",0]]]]]}
{"id":"bmp1-04641","outputs":[["l",["a",["b",0],["b",1]],["t",["a",["b",1],["b",2]],["a",["b",2],["a",["b",1],["b",2]]],["a",["a",["a",["b",2],["b",3]],["b",1]],["b",0]]]]]}
{"id":"bmp1-04642","outputs":[["l",["l",["s"],["a",["b",1],["b",0]]],["t",["l",["s"],["a",["b",2],["b",0]]],["a",["b",0],["l",["s"],["a",["b",2],["b",0]]]],["a",["a",["l",["s"],["a",["b",3],["b",0]]],["b",1]],["b",0]]]]]}
{"id":"bmp1-04643","outputs":[["l",["t",["s"],["b",0],["a",["b",1],["b",0]]],["t",["t",["s"],["b",1],["a",["b",2],["b",0]]],["a",["b",2],["t",["s"],["b",1],["a",["b",2],["b",0]]]],["a",["a",["t",["s"],["b",2],["a",["b",3],["b",0]]],["b",1]],["b",0]]]]]}
{"id":"bmp1-04644","outputs":[["l",["b",0],["t",["b",1],["a",["b",0],["b",1]],["a",["a",["b",2],["b",1]],["b",0]]]]]}
{"id":"bmp1-04645","outputs":[["l",["a",["b",0],["b",0]],["t",["a",["b",1],["b",1]],["a",["b",4],["a",["b",1],["b",1]]],["a",["a",["a",["b",2],["b",2]],["b",1]],["b",0]]]]]}
{"id":"bmp1-04646","outputs":[["l",["l",["s"],["a",["b",1],["b",0]]],["t",["l",["s"],["a",["b",2],["b",0]]],["a",["b",2],["l",["s"],["a",["b",2],["b",0]]]],["a",["a",["l",["s"],["a",["b",3],["b",0]]],["b",1]],["b",0]]]]]}
{"id":"bmp1-04647","outputs":[["l",["t",["s"],["b",0],["a",["b",1],["b",0]]],["t",["t",["s"],["b",1],["a",["b",2],["b",0]]],["a",["b",4],["t",["s"],["b",1],["a",["b",2],["b",0]]]],["a",["a",["t",["s"],["b",2],["a",["b",3],["b",0]]],["b",1]],["b",0]]]]]}
{"id":"bmp1-04648","outputs":[["l",["b",0],["t",["b",1],["a",["b",0],["b",1]],["a",["a",["b",2],["b",1]],["b",0]]]]]}
{"id":"bmp1-04649","outputs":[["l",["a",["b",0],["b",2]],["t",["a",["b",1],["b",3]],["a",["b",5],["a",["b",1],["b",3]]],["a",["a",["a",["b",2],["b",4]],["b",1]],["b",0]]]]]}
{"id":"bmp1-04650","outputs":[["l",["l",["s"],["a",["b",1],["b",0]]],["t",["l",["s"],["a",["b",2],["b",0]]],["a",["b",3],["l",["s"],["a",["b",2],["b",0]]]],["a",["a",["l",["s"],["a",["b",3],["b",0]]],["b",1]],["b",0]]]]]}
{"id":"bmp1-04651","outputs":[["l",["t",["s"],["b",2],["a",["b",1],["b",0]]],["t",["t",["s"],["b",3],["a",["b",2],["b",0]]],["a",["b",3],["t",["s"],["b",3],["a",["b",2],["b",0]]]],["a",["a",["t",["s"],["b",4],["a",["b",3],["b",0]]],["b",1]],["b",0]]]]]}
{"id":"bmp1-04652","outputs":[["l",["b",0],["t",["b",1],["a",["b",0],["b",1]],["a",["a",["b",2],["b",1]],["b",0]]]]]}
{"id":"bmp1-04653","outputs":[["l",["a",["b",0],["b",1]],["t",["a",["b",1],["b",2]],["a",["b",2],["a",["b",1],["b",2]]],["a",["a",["a",["b",2],["b",3]],["b",1]],["b",0]]]]]}
{"id":"bmp1-04654","outputs":[["l",["l",["s"],["a",["b",1],["b",0]]],["t",["l",["s"],["a",["b",2],["b",0]]],["a",["b",4],["l",["s"],["a",["b",2],["b",0]]]],["a",["a",["l",["s"],["a",["b",3],["b",0]]],["b",1]],["b",0]]]]]}
{"id":"bmp1-04655","outputs":[["l",["t",["s"],["b",1],["a",["b",1],["b",0]]],["t",["t",["s"],["b",2],["a",["b",2],["b",0]]],["a",["b",1],["t",["s"],["b",2],["a",["b",2],["b",0]]]],["a",["a",["t",["s"],["b",3],["a",["b",3],["b",0]]],["b",1]],["b",0]]]]]}
{"id":"bmp1-04656","outputs":[["l",["b",0],["t",["b",1],["a",["b",2],["b",1]],["a",["a",["b",2],["b",1]],["b",0]]]]]}
{"id":"bmp1-04657","outputs":[["l",["a",["b",0],["b",0]],["t",["a",["b",1],["b",1]],["a",["b",1],["a",["b",1],["b",1]]],["a",["a",["a",["b",2],["b",2]],["b",1]],["b",0]]]]]}
{"id":"bmp1-04658","outputs":[["l",["l",["s"],["a",["b",1],["b",0]]],["t",["l",["s"],["a",["b",2],["b",0]]],["a",["b",2],["l",["s"],["a",["b",2],["b",0]]]],["a",["a",["l",["s"],["a",["b",3],["b",0]]],["b",1]],["b",0]]]]]}
{"id":"bmp1-04659","outputs":[["l",["t",["s"],["b",0],["a",["b",1],["b",0]]],["t",["t",["s"],["b",1],["a",["b",2],["b",0]]],["a",["b",1],["t",["s"],["b",1],["a",["b",2],["b",0]]]],["a",["a",["t",["s"],["b",2],["a",["b",3],["b",0]]],["b",1]],["b",0]]]]]}
{"id":"bmp1-04660","outputs":[["l",["b",0],["t",["b",1],["a",["b",5],["b",1]],["a",["a",["b",2],["b",1]],["b",0]]]]]}
{"id":"bmp1-04661","outputs":[["l",["a",["b",0],["b",0]],["t",["a",["b",1],["b",1]],["a",["b",2],["a",["b",1],["b",1]]],["a",["a",["a",["b",2],["b",2]],["b",1]],["b",0]]]]]}
{"id":"bmp1-04662","outputs":[["l",["l",["s"],["a",["b",1],["b",0]]],["t",["l",["s"],["a",["b",2],["b",0]]],["a",["b",0],["l",["s"],["a",["b",2],["b",0]]]],["a",["a",["l",["s"],["a",["b",3],["b",0]]],["b",1]],["b",0]]]]]}
{"id":"bmp1-04663","outputs":[["l",["t",["s"],["b",1],["a",["b",1],["b",0]]],["t",["t",["s"],["b",2],["a",["b",2],["b",0]]],["a",["b",3],["t",["s"],["b",2],["a",["b",2],["b",0]]]],["a",["a",["t",["s"],["b",3],["a",["b",3],["b",0]]],["b",1]],["b",0]]]]]}
{"id":"bmp1-04664","outputs":[["l",["b",0],["t",["b",1],["a",["b",2],["b",1]],["a",["a",["b",2],["b",1]],["b",0]]]]]}
{"id":"bmp1-04665","outputs":[["l",["a",["b",0],["b",1]],["t",["a",["b",1],["b",2]],["a",["b",1],["a",["b",1],["b",2]]],["a",["a",["a",["b",2],["b",3]],["b",1]],["b",0]]]]]}
{"id":"bmp1-04666","outputs":[["l",["l",["s"],["a",["b",1],["b",0]]],["t",["l",["s"],["a",["b",2],["b",0]]],["a",["b",4],["l",["s"],["a",["b",2],["b",0]]]],["a",["a",["l",["s"],["a",["b",3],["b",0]]],["b",1]],["b",0]]]]]}
{"id":"bmp1-04667","outputs":[["l",["t",["s"],["b",1],["a",["b",1],["b",0]]],["t",["t",["s"],["b",2],["a",["b",2],["b",0]]],["a",["b",1],["t",["s"],["b",2],["a",["b",2],["b",0]]]],["a",["a",["t",["s"],["b",3],["a",["b",3],["b",0]]],["b",1]],["b",0]]]]]}
{"id":"bmp1-04668","outputs":[["l",["b",0],["t",["b",1],["a",["b",2],["b",1]],["a",["a",["b",2],["b",1]],["b",0]]]]]}
{"id":"bmp1-04669","outputs":[["l",["a",["b",0],["b",0]],["t",["a",["b",1],["b",1]],["a",["b",1],["a",["b",1],["b",1]]],["a",["a",["a",["b",2],["b",2]],["b",1]],["b",0]]]]]}
{"id":"bmp1-04670","outputs":[["l",["l",["s"],["a",["b",1],["b",0]]],["t",["l",["s"],["a",["b",2],["b",0]]],["a",["b",5],["l",["s"],["a",["b",2],["b",0]]]],["a",["a",["l",["s"],["a",["b",3],["b",0]]],["b",1]],["b",0]]]]]}
{"id":"bmp1-04671","outputs":[["l",["t",["s"],["b",2],["a",["b",1],["b",0]]],["t",["t",["s"],["b",3],["a",["b",2],["b",0]]],["a",["b",3],["t",["s"],["b",3],["a",["b",2],["b",0]]]],["a",["a",["t",["s"],["b",4],["a",["b",3],["b",0]]],["b",1]],["b",0]]]]]}
{"id":"bmp1-04672","outputs":[["l",["b",0],["t",["b",1],["a",["b",0],["b",1]],["a",["a",["b",2],["b",1]],["b",0]]]]]}
{"id":"bmp1-04673","outputs":[["l",["a",["b",0],["b",0]],["t",["a",["b",1],["b",1]],["a",["b",2],["a",["b",1],["b",1]]],["a",["a",["a",["b",2],["b",2]],["b",1]],["b",0]]]]]}
{"id":"bmp1-04674","outputs":[["l",["l",["s"],["a",["b",1],["b",0]]],["t",["l",["s"],["a",["b",2],["b",0]]],["a",["b",2],["l",["s"],["a",["b",2],["b",0]]]],["a",["a",["l",["s"],["a",["b",3],["b",0]]],["b",1]],["b",0]]]]]}
{"id":"bmp1-04675","outputs":[["l",["t",["s"],["b",0],["a",["b",1],["b",0]]],["t",["t",["s"],["b",1],["a",["b",2],["b",0]]],["a",["b",2],["t",["s"],["b",1],["a",["b",2],["b",0]]]],["a",["a",["t",["s"],["b",2],["a",["b",3],["b",0]]],["b",1]],["b",0]]]]]}
{"id":"bmp1-04676","outputs":[["l",["b",0],["t",["b",1],["a",["b",2],["b",1]],["a",["a",["b",2],["b",1]],["b",0]]]]]}
{"id":"bmp1-04677","outputs":[["l",["a",["b",0],["b",1]],["t",["a",["b",1],["b",2]],["a",["b",2],["a",["b",1],["b",2]]],["a",["a",["a",["b",2],["b",3]],["b",1]],["b",0]]]]]}
{"id":"bmp1-04678","outputs":[["l",["l",["s"],["a",["b",1],["b",0]]],["t",["l",["s"],["a",["b",2],["b",0]]],["a",["b",0],["l",["s"],["a",["b",2],["b",0]]]],["a",["a",["l",["s"],["a",["b",3],["b",0]]],["b",1]],["b",0]]]]]}
{"id":"bmp1-04679","outputs":[["l",["t",["s"],["b",1],["a",["b",1],["b",0]]],["t",["t",["s"],["b",2],["a",["b",2],["b",0]]],["a",["b",3],["t",["s"],["b",2],["a",["b",2],["b",0]]]],["a",["a",["t",["s"],["b",3],["a",["b",3],["b",0]]],["b",1]],["b",0]]]]]}
{"id":"bmp1-04680","outputs":[["l",["b",0],["t",["b",1],["a",["b",0],["b",1]],["a",["a",["b",2],["b",1]],["b",0]]]]]}
{"id":"bmp1-04681","outputs":[["l",["a",["b",0],["b",0]],["t",["a",["b",1],["b",1]],["a",["b",2],["a",["b",1],["b",1]]],["a",["a",["a",["b",2],["b",2]],["b",1]],["b",0]]]]]}
{"id":"bmp1-04682","outputs":[["l",["l",["s"],["a",["b",1],["b",0]]],["t",["l",["s"],["a",["b",2],["b",0]]],["a",["b",2],["l",["s"],["a",["b",2],["b",0]]]],["a",["a",["l",["s"],["a",["b",3],["b",0]]],["b",1]],["b",0]]]]]}
{"id":"bmp1-04683","outputs":[["l",["t",["s"],["b",1],["a",["b",1],["b",0]]],["t",["t",["s"],["b",2],["a",["b",2],["b",0]]],["a",["b",1],["t",["s"],["b",2],["a",["b",2],["b",0]]]],["a",["a",["t",["s"],["b",3],["a",["b",3],["b",0]]],["b",1]],["b",0]]]]]}
{"id":"bmp1-04684","outputs":[["l",["b",0],["t",["b",1],["a",["b",5],["b",1]],["a",["a",["b",2],["b",1]],["b",0]]]]]}
{"id":"bmp1-04685","outputs":[["l",["a",["b",0],["b",3]],["t",["a",["b",1],["b",4]],["a",["b",3],["a",["b",1],["b",4]]],["a",["a",["a",["b",2],["b",5]],["b",1]],["b",0]]]]]}
{"id":"bmp1-04686","outputs":[["l",["l",["s"],["a",["b",1],["b",0]]],["t",["l",["s"],["a",["b",2],["b",0]]],["a",["b",0],["l",["s"],["a",["b",2],["b",0]]]],["a",["a",["l",["s"],["a",["b",3],["b",0]]],["b",1]],["b",0]]]]]}
{"id":"bmp1-04687","outputs":[["l",["t",["s"],["b",0],["a",["b",1],["b",0]]],["t",["t",["s"],["b",1],["a",["b",2],["b",0]]],["a",["b",3],["t",["s"],["b",1],["a",["b",2],["b",0]]]],["a",["a",["t",["s"],["b",2],["a",["b",3],["b",0]]],["b",1]],["b",0]]]]]}
{"id":"bmp1-04688","outputs":[["l",["b",0],["t",["b",1],["a",["b",2],["b",1]],["a",["a",["b",2],["b",1]],["b",0]]]]]}
{"id":"bmp1-04689","outputs":[["l",["a",["b",0],["b",1]],["t",["a",["b",1],["b",2]],["a",["b",2],["a",["b",1],["b",2]]],["a",["a",["a",["b",2],["b",3]],["b",1]],["b",0]]]]]}
{"id":"bmp1-04690","outputs":[["l",["l",["s"],["a",["b",1],["b",0]]],["t",["l",["s"],["a",["b",2],["b",0]]],["a",["b",0],["l",["s"],["a",["b",2],["b",0]]]],["a",["a",["l",["s"],["a",["b",3],["b",0]]],["b",1]],["b",0]]]]]}
{"id":"bmp1-04691","outputs":[["l",["t",["s"],["b",1],["a",["b",1],["b",0]]],["t",["t",["s"],["b",2],["a",["b",2],["b",0]]],["a",["b",2],["t",["s"],["b",2],["a",["b",2],["b",0]]]],["a",["a",["t",["s"],["b",3],["a",["b",3],["b",0]]],["b",1]],["b",0]]]]]}
{"id":"bmp1-04692","outputs":[["l",["b",0],["t",["b",1],["a",["b",2],["b",1]],["a",["a",["b",2],["b",1]],["b",0]]]]]}
{"id":"bmp1-04693","outputs":[["l",["a",["b",0],["b",2]],["t",["a",["b",1],["b",3]],["a",["b",3],["a",["b",1],["b",3]]],["a",["a",["a",["b",2],["b",4]],["b",1]],["b",0]]]]]}
{"id":"bmp1-04694","outputs":[["l",["l",["s"],["a",["b",1],["b",0]]],["t",["l",["s"],["a",["b",2],["b",0]]],["a",["b",3],["l",["s"],["a",["b",2],["b",0]]]],["a",["a",["l",["s"],["a",["b",3],["b",0]]],["b",1]],["b",0]]]]]}
{"id":"bmp1-04695","outputs":[["l",["t",["s"],["b",0],["a",["b",1],["b",0]]],["t",["t",["s"],["b",1],["a",["b",2],["b",0]]],["a",["b",2],["t",["s"],["b",1],["a",["b",2],["b",0]]]],["a",["a",["t",["s"],["b",2],["a",["b",3],["b",0]]],["b",1]],["b",0]]]]]}
{"id":"bmp1-04696","outputs":[["l",["b",0],["t",["b",1],["a",["b",0],["b",1]],["a",["a",["b",2],["b",1]],["b",0]]]]]}
{"id":"bmp1-04697","outputs":[["l",["a",["b",0],["b",1]],["t",["a",["b",1],["b",2]],["a",["b",1],["a",["b",1],["b",2]]],["a",["a",["a",["b",2],["b",3]],["b",1]],["b",0]]]]]}
{"id":"bmp1-04698","outputs":[["l",["l",["s"],["a",["b",1],["b",0]]],["t",["l",["s"],["a",["b",2],["b",0]]],["a",["b",4],["l",["s"],["a",["b",2],["b",0]]]],["a",["a",["l",["s"],["a",["b",3],["b",0]]],["b",1]],["b",0]]]]]}
{"id":"bmp1-04699","outputs":[["l",["t",["s"],["b",1],["a",["b",1],["b",0]]],["t",["t",["s"],["b",2],["a",["b",2],["b",0]]],["a",["b",3],["t",["s"],["b",2],["a",["b",2],["b",0]]]],["a",["a",["t",["s"],["b",3],["a",["b",3],["b",0]]],["b",1]],["b",0]]]]]}
{"id":"bmp1-04700","outputs":[["l",["b",0],["t",["b",1],["a",["b",0],["b",1]],["a",["a",["b",2],["b",1]],["b",0]]]]]}
{"id":"bmp1-04701","outputs":[["l",["a",["b",0],["b",0]],["t",["a",["b",1],["b",1]],["a",["b",1],["a",["b",1],["b",1]]],["a",["a",["a",["b",2],["b",2]],["b",1]],["b",0]]]]]}
{"id":"bmp1-04702","outputs":[["l",["l",["s"],["a",["b",1],["b",0]]],["t",["l",["s"],["a",["b",2],["b",0]]],["a",["b",4],["l",["s"],["a",["b",2],["b",0]]]],["a",["a",["l",["s"],["a",["b",3],["b",0]]],["b",1]],["b",0]]]]]}
{"id":"bmp1-04703","outputs":[["l",["t",["s"],["b",1],["a",["b",1],["b",0]]],["t",["t",["s"],["b",2],["a",["b",2],["b",0]]],["a",["b",1],["t",["s"],["b",2],["a",["b",2],["b",0]]]],["a",["a",["t",["s"],["b",3],["a",["b",3],["b",0]]],["b",1]],["b",0]]]]]}
{"id":"bmp1-04704","outputs":[["l",["b",0],["t",["b",1],["a",["b",2],["b",1]],["a",["a",["b",2],["b",1]],["b",0]]]]]}
{"id":"bmp1-04705","outputs":[["l",["a",["b",0],["b",2]],["t",["a",["b",1],["b",3]],["a",["b",2],["a",["b",1],["b",3]]],["a",["a",["a",["b",2],["b",4]],["b",1]],["b",0]]]]]}
{"id":"bmp1-04706","outputs":[["l",["l",["s"],["a",["b",1],["b",0]]],["t",["l",["s"],["a",["b",2],["b",0]]],["a",["b",2],["l",["s"],["a",["b",2],["b",0]]]],["a",["a",["l",["s"],["a",["b",3],["b",0]]],["b",1]],["b",0]]]]]}
{"id":"bmp1-04707","outputs":[["l",["t",["s"],["b",0],["a",["b",1],["b",0]]],["t",["t",["s"],["b",1],["a",["b",2],["b",0]]],["a",["b",2],["t",["s"],["b",1],["a",["b",2],["b",0]]]],["a",["a",["t",["s"],["b",2],["a",["b",3],["b",0]]],["b",1]],["b",0]]]]]}
{"id":"bmp1-04708","outputs":[["l",["b",0],["t",["b",1],["a",["b",0],["b",1]],["a",["a",["b",2],["b",1]],["b",0]]]]]}
{"id":"bmp1-04709","outputs":[["l",["a",["b",0],["b",2]],["t",["a",["b",1],["b",3]],["a",["b",3],["a",["b",1],["b",3]]],["a",["a",["a",["b",2],["b",4]],["b",1]],["b",0]]]]]}
{"id":"bmp1-04710","outputs":[["l",["l",["s"],["a",["b",1],["b",0]]],["t",["l",["s"],["a",["b",2],["b",0]]],["a",["b",2],["l",["s"],["a",["b",2],["b",0]]]],["a",["a",["l",["s"],["a",["b",3],["b",0]]],["b",1]],["b",0]]]]]}
{"id":"bmp1-04711","outputs":[["l",["t",["s"],["b",4],["a",["b",1],["b",0]]],["t",["t",["s"],["b",5],["a",["b",2],["b",0]]],["a",["b",1],["t",["s"],["b",5],["a",["b",2],["b",0]]]],["a",["a",["t",["s"],["b",6],["a",["b",3],["b",0]]],["b",1]],["b",0]]]]]}
{"id":"bmp1-04712","outputs":[["l",["b",0],["t",["b",1],["a",["b",0],["b",1]],["a",["a",["b",2],["b",1]],["b",0]]]]]}
{"id":"bmp1-04713","outputs":[["l",["a",["b",0],["b",0]],["t",["a",["b",1],["b",1]],["a",["b",1],["a",["b",1],["b",1]]],["a",["a",["a",["b",2],["b",2]],["b",1]],["b",0]]]]]}
{"id":"bmp1-04714","outputs":[["l",["l",["s"],["a",["b",1],["b",0]]],["t",["l",["s"],["a",["b",2],["b",0]]],["a",["b",4],["l",["s"],["a",["b",2],["b",0]]]],["a",["a",["l",["s"],["a",["b",3],["b",0]]],["b",1]],["b",0]]]]]}
{"id":"bmp1-04715","outputs":[["l",["t",["s"],["b",0],["a",["b",1],["b",0]]],["t",["t",["s"],["b",1],["a",["b",2],["b",0]]],["a",["b",4],["t",["s"],["b",1],["a",["b",2],["b",0]]]],["a",["a",["t",["s"],["b",2],["a",["b",3],["b",0]]],["b",1]],["b",0]]]]]}
{"id":"bmp1-04716","outputs":[["l",["b",0],["t",["b",1],["a",["b",3],["b",1]],["a",["a",["b",2],["b",1]],["b",0]]]]]}
{"id":"bmp1-04717","outputs":[["l",["a",["b",0],["b",2]],["t",["a",["b",1],["b",3]],["a",["b",1],["a",["b",1],["b",3]]],["a",["a",["a",["b",2],["b",4]],["b",1]],["b",0]]]]]}
{"id":"bmp1-04718","outputs":[["l",["l",["s"],["a",["b",1],["b",0]]],["t",["l",["s"],["a",["b",2],["b",0]]],["a",["b",5],["l",["s"],["a",["b",2],["b",0]]]],["a",["a",["l",["s"],["a",["b",3],["b",0]]],["b",1]],["b",0]]]]]}
{"id":"bmp1-04719","outputs":[["l",["t",["s"],["b",1],["a",["b",1],["b",0]]],["t",["t",["s"],["b",2],["a",["b",2],["b",0]]],["a",["b",1],["t",["s"],["b",2],["a",["b",2],["b",0]]]],["a",["a",["t",["s"],["b",3],["a",["b",3],["b",0]]],["b",1]],["b",0]]]]]}
{"id":"bmp1-04720","outputs":[["l",["b",0],["t",["b",1],["a",["b",3],["b",1]],["a",["a",["b",2],["b",1]],["b",0]]]]]}
{"id":"bmp1-04721","outputs":[["l",["a",["b",0],["b",1]],["t",["a",["b",1],["b",2]],["a",["b",1],["a",["b",1],["b",2]]],["a",["a",["a",["b",2],["b",3]],["b",1]],["b",0]]]]]}
{"id":"bmp1-04722","outputs":[["l",["l",["s"],["a",["b",1],["b",0]]],["t",["l",["s"],["a",["b",2],["b",0]]],["a",["b",0],["l",["s"],["a",["b",2],["b",0]]]],["a",["a",["l",["s"],["a",["b",3],["b",0]]],["b",1]],["b",0]]]]]}
{"id":"bmp1-04723","outputs":[["l",["t",["s"],["b",2],["a",["b",1],["b",0]]],["t",["t",["s"],["b",3],["a",["b",2],["b",0]]],["a",["b",2],["t",["s"],["b",3],["a",["b",2],["b",0]]]],["a",["a",["t",["s"],["b",4],["a",["b",3],["b",0]]],["b",1]],["b",0]]]]]}
{"id":"bmp1-04724","outputs":[["l",["b",0],["t",["b",1],["a",["b",4],["b",1]],["a",["a",["b",2],["b",1]],["b",0]]]]]}
{"id":"bmp1-04725","outputs":[["l",["a",["b",0],["b",1]],["t",["a",["b",1],["b",2]],["a",["b",2],["a",["b",1],["b",2]]],["a",["a",["a",["b",2],["b",3]],["b",1]],["b",0]]]]]}
{"id":"bmp1-04726","outputs":[["l",["l",["s"],["a",["b",1],["b",0]]],["t",["l",["s"],["a",["b",2],["b",0]]],["a",["b",0],["l",["s"],["a",["b",2],["b",0]]]],["a",["a",["l",["s"],["a",["b",3],["b",0]]],["b",1]],["b",0]]]]]}
{"id":"bmp1-04727","outputs":[["l",["t",["s"],["b",1],["a",["b",1],["b",0]]],["t",["t",["s"],["b",2],["a",["b",2],["b",0]]],["a",["b",2],["t",["s"],["b",2],["a",["b",2],["b",0]]]],["a",["a",["t",["s"],["b",3],["a",["b",3],["b",0]]],["b",1]],["b",0]]]]]}
{"id":"bmp1-04728","outputs":[["l",["b",0],["t",["b",1],["a",["b",4],["b",1]],["a",["a",["b",2],["b",1]],["b",0]]]]]}
{"id":"bmp1-04729","outputs":[["l",["a",["b",0],["b",3]],["t",["a",["b",1],["b",4]],["a",["b",4],["a",["b",1],["b",4]]],["a",["a",["a",["b",2],["b",5]],["b",1]],["b",0]]]]]}
{"id":"bmp1-04730","outputs":[["l",["l",["s"],["a",["b",1],["b",0]]],["t",["l",["s"],["a",["b",2],["b",0]]],["a",["b",3],["l",["s"],["a",["b",2],["b",0]]]],["a",["a",["l",["s"],["a",["b",3],["b",0]]],["b",1]],["b",0]]]]]}
{"id":"bmp1-04731","outputs":[["l",["t",["s"],["b",1],["a",["b",1],["b",0]]],["t",["t",["s"],["b",2],["a",["b",2],["b",0]]],["a",["b",1],["t",["s"],["b",2],["a",["b",2],["b",0]]]],["a",["a",["t",["s"],["b",3],["a",["b",3],["b",0]]],["b",1]],["b",0]]]]]}
{"id":"bmp1-04732","outputs":[["l",["b",0],["t",["b",1],["a",["b",3],["b",1]],["a",["a",["b",2],["b",1]],["b",0]]]]]}
{"id":"bmp1-04733","outputs":[["l",["a",["b",0],["b",0]],["t",["a",["b",1],["b",1]],["a",["b",2],["a",["b",1],["b",1]]],["a",["a",["a",["b",2],["b",2]],["b",1]],["b",0]]]]]}
{"id":"bmp1-04734","outputs":[["l",["l",["s"],["a",["b",1],["b",0]]],["t",["l",["s"],["a",["b",2],["b",0]]],["a",["b",3],["l",["s"],["a",["b",2],["b",0]]]],["a",["a",["l",["s"],["a",["b",3],["b",0]]],["b",1]],["b",0]]]]]}
{"id":"bmp1-04735","outputs":[["l",["t",["s"],["b",4],["a",["b",1],["b",0]]],["t",["t",["s"],["b",5],["a",["b",2],["b",0]]],["a",["b",3],["t",["s"],["b",5],["a",["b",2],["b",0]]]],["a",["a",["t",["s"],["b",6],["a",["b",3],["b",0]]],["b",1]],["b",0]]]]]}
{"id":"bmp1-04736","outputs":[["l",["b",0],["t",["b",1],["a",["b",3],["b",1]],["a",["a",["b",2],["b",1]],["b",0]]]]]}
{"id":"bmp1-04737","outputs":[["l",["a",["b",0],["b",3]],["t",["a",["b",1],["b",4]],["a",["b",3],["a",["b",1],["b",4]]],["a",["a",["a",["b",2],["b",5]],["b",1]],["b",0]]]]]}
{"id":"bmp1-04738","outputs":[["l",["l",["s"],["a",["b",1],["b",0]]],["t",["l",["s"],["a",["b",2],["b",0]]],["a",["b",2],["l",["s"],["a",["b",2],["b",0]]]],["a",["a",["l",["s"],["a",["b",3],["b",0]]],["b",1]],["b",0]]]]]}
{"id":"bmp1-04739","outputs":[["l",["t",["s"],["b",0],["a",["b",1],["b",0]]],["t",["t",["s"],["b",1],["a",["b",2],["b",0]]],["a",["b",3],["t",["s"],["b",1],["a",["b",2],["b",0]]]],["a",["a",["t",["s"],["b",2],["a",["b",3],["b",0]]],["b",1]],["b",0]]]]]}
{"id":"bmp1-04740","outputs":[["l",["b",0],["t",["b",1],["a",["b",3],["b",1]],["a",["a",["b",2],["b",1]],["b",0]]]]]}
{"id":"bmp1-04741","outputs":[["l",["a",["b",0],["b",1]],["t",["a",["b",1],["b",2]],["a",["b",4],["a",["b",1],["b",2]]],["a",["a",["a",["b",2],["b",3]],["b",1]],["b",0]]]]]}
{"id":"bmp1-04742","outputs":[["l",["l",["s"],["a",["b",1],["b",0]]],["t",["l",["s"],["a",["b",2],["b",0]]],["a",["b",0],["l",["s"],["a",["b",2],["b",0]]]],["a",["a",["l",["s"],["a",["b",3],["b",0]]],["b",1]],["b",0]]]]]}
{"id":"bmp1-04743","outputs":[["l",["t",["s"],["b",2],["a",["b",1],["b",0]]],["t",["t",["s"],["b",3],["a",["b",2],["b",0]]],["a",["b",1],["t",["s"],["b",3],["a",["b",2],["b",0]]]],["a",["a",["t",["s"],["b",4],["a",["b",3],["b",0]]],["b",1]],["b",0]]]]]}
{"id":"bmp1-04744","outputs":[["l",["b",0],["t",["b",1],["a",["b",2],["b",1]],["a",["a",["b",2],["b",1]],["b",0]]]]]}
{"id":"bmp1-04745","outputs":[["l",["a",["b",0],["b",0]],["t",["a",["b",1],["b",1]],["a",["b",2],["a",["b",1],["b",1]]],["a",["a",["a",["b",2],["b",2]],["b",1]],["b",0]]]]]}
{"id":"bmp1-04746","outputs":[["l",["l",["s"],["a",["b",1],["b",0]]],["t",["l",["s"],["a",["b",2],["b",0]]],["a",["b",2],["l",["s"],["a",["b",2],["b",0]]]],["a",["a",["l",["s"],["a",["b",3],["b",0]]],["b",1]],["b",0]]]]]}
{"id":"bmp1-04747","outputs":[["l",["t",["s"],["b",1],["a",["b",1],["b",0]]],["t",["t",["s"],["b",2],["a",["b",2],["b",0]]],["a",["b",3],["t",["s"],["b",2],["a",["b",2],["b",0]]]],["a",["a",["t",["s"],["b",3],["a",["b",3],["b",0]]],["b",1]],["b",0]]]]]}
{"id":"bmp1-04748","outputs":[["l",["b",0],["t",["b",1],["a",["b",3],["b",1]],["a",["a",["b",2],["b",1]],["b",0]]]]]}
{"id":"bmp1-04749","outputs":[["l",["a",["b",0],["b",0]],["t",["a",["b",1],["b",1]],["a",["b",5],["a",["b",1],["b",1]]],["a",["a",["a",["b",2],["b",2]],["b",1]],["b",0]]]]]}
{"id":"bmp1-04750","outputs":[["l",["l",["s"],["a",["b",1],["b",0]]],["t",["l",["s"],["a",["b",2],["b",0]]],["a",["b",2],["l",["s"],["a",["b",2],["b",0]]]],["a",["a",["l",["s"],["a",["b",3],["b",0]]],["b",1]],["b",0]]]]]}
{"id":"bmp1-04751","outputs":[["l",["t",["s"],["b",1],["a",["b",1],["b",0]]],["t",["t",["s"],["b",2],["a",["b",2],["b",0]]],["a",["b",3],["t",["s"],["b",2],["a",["b",2],["b",0]]]],["a",["a",["t",["s"],["b",3],["a",["b",3],["b",0]]],["b",1]],["b",0]]]]]}
{"id":"bmp1-04752","outputs":[["l",["b",0],["t",["b",1],["a",["b",0],["b",1]],["a",["a",["b",2],["b",1]],["b",0]]]]]}
{"id":"bmp1-04753","outputs":[["l",["a",["b",0],["b",0]],["t",["a",["b",1],["b",1]],["a",["b",1],["a",["b",1],["b",1]]],["a",["a",["a",["b",2],["b",2]],["b",1]],["b",0]]]]]}
{"id":"bmp1-04754","outputs":[["l",["l",["s"],["a",["b",1],["b",0]]],["t",["l",["s"],["a",["b",2],["b",0]]],["a",["b",2],["l",["s"],["a",["b",2],["b",0]]]],["a",["a",["l",["s"],["a",["b",3],["b",0]]],["b",1]],["b",0]]]]]}
{"id":"bmp1-04755","outputs":[["l",["t",["s"],["b",0],["a",["b",1],["b",0]]],["t",["t",["s"],["b",1],["a",["b",2],["b",0]]],["a",["b",2],["t",["s"],["b",1],["a",["b",2],["b",0]]]],["a",["a",["t",["s"],["b",2],["a",["b",3],["b",0]]],["b",1]],["b",0]]]]]}
{"id":"bmp1-04756","outputs":[["l",["b",0],["t",["b",1],["a",["b",5],["b",1]],["a",["a",["b",2],["b",1]],["b",0]]]]]}
{"id":"bmp1-04757","outputs":[["l",["a",["b",0],["b",1]],["t",["a",["b",1],["b",2]],["a",["b",1],["a",["b",1],["b",2]]],["a",["a",["a",["b",2],["b",3]],["b",1]],["b",0]]]]]}
{"id":"bmp1-04758","outputs":[["l",["l",["s"],["a",["b",1],["b",0]]],["t",["l",["s"],["a",["b",2],["b",0]]],["a",["b",4],["l",["s"],["a",["b",2],["b",0]]]],["a",["a",["l",["s"],["a",["b",3],["b",0]]],["b",1]],["b",0]]]]]}
{"id":"bmp1-04759","outputs":[["l",["t",["s"],["b",3],["a",["b",1],["b",0]]],["t",["t",["s"],["b",4],["a",["b",2],["b",0]]],["a",["b",5],["t",["s"],["b",4],["a",["b",2],["b",0]]]],["a",["a",["t",["s"],["b",5],["a",["b",3],["b",0]]],["b",1]],["b",0]]]]]}
{"id":"bmp1-04760","outputs":[["l",["b",0],["t",["b",1],["a",["b",0],["b",1]],["a",["a",["b",2],["b",1]],["b",0]]]]]}
{"id":"bmp1-04761","outputs":[["l",["a",["b",0],["b",2]],["t",["a",["b",1],["b",3]],["a",["b",1],["a",["b",1],["b",3]]],["a",["a",["a",["b",2],["b",4]],["b",1]],["b",0]]]]]}
{"id":"bmp1-04762","outputs":[["l",["l",["s"],["a",["b",1],["b",0]]],["t",["l",["s"],["a",["b",2],["b",0]]],["a",["b",2],["l",["s"],["a",["b",2],["b",0]]]],["a",["a",["l",["s"],["a",["b",3],["b",0]]],["b",1]],["b",0]]]]]}
{"id":"bmp1-04763","outputs":[["l",["t",["s"],["b",0],["a",["b",1],["b",0]]],["t",["t",["s"],["b",1],["a",["b",2],["b",0]]],["a",["b",2],["t",["s"],["b",1],["a",["b",2],["b",0]]]],["a",["a",["t",["s"],["b",2],["a",["b",3],["b",0]]],["b",1]],["b",0]]]]]}
{"id":"bmp1-04764","outputs":[["l",["b",0],["t",["b",1],["a",["b",2],["b",1]],["a",["a",["b",2],["b",1]],["b",0]]]]]}
{"id":"bmp1-04765","outputs":[["l",["a",["b",0],["b",3]],["t",["a",["b",1],["b",4]],["a",["b",2],["a",["b",1],["b",4]]],["a",["a",["a",["b",2],["b",5]],["b",1]],["b",0]]]]]}
{"id":"bmp1-04766","outputs":[["l",["l",["s"],["a",["b",1],["b",0]]],["t",["l",["s"],["a",["b",2],["b",0]]],["a",["b",0],["l",["s"],["a",["b",2],["b",0]]]],["a",["a",["l",["s"],["a",["b",3],["b",0]]],["b",1]],["b",0]]]]]}
{"id":"bmp1-04767","outputs":[["l",["t",["s"],["b",0],["a",["b",1],["b",0]]],["t",["t",["s"],["b",1],["a",["b",2],["b",0]]],["a",["b",2],["t",["s"],["b",1],["a",["b",2],["b",0]]]],["a",["a",["t",["s"],["b",2],["a",["b",3],["b",0]]],["b",1]],["b",0]]]]]}
{"id":"bmp1-04768","outputs":[["l",["b",0],["t",["b",1],["a",["b",2],["b",1]],["a",["a",["b",2],["b",1]],["b",0]]]]]}
{"id":"bmp1-04769","outputs":[["l",["a",["b",0],["b",0]],["t",["a",["b",1],["b",1]],["a",["b",1],["a",["b",1],["b",1]]],["a",["a",["a",["b",2],["b",2]],["b",1]],["b",0]]]]]}
{"id":"bmp1-04770","outputs":[["l",["l",["s"],["a",["b",1],["b",0]]],["t",["l",["s"],["a",["b",2],["b",0]]],["a",["b",3],["l",["s"],["a",["b",2],["b",0]]]],["a",["a",["l",["s"],["a",["b",3],["b",0]]],["b",1]],["b",0]]]]]}
{"id":"bmp1-04771","outputs":[["l",["t",["s"],["b",0],["a",["b",1],["b",0]]],["t",["t",["s"],["b",1],["a",["b",2],["b",0]]],["a",["b",5],["t",["s"],["b",1],["a",["b",2],["b",0]]]],["a",["a",["t",["s"],["b",2],["a",["b",3],["b",0]]],["b",1]],["b",0]]]]]}
{"id":"bmp1-04772","outputs":[["l",["b",0],["t",["b",1],["a",["b",4],["b",1]],["a",["a",["b",2],["b",1]],["b",0]]]]]}
{"id":"bmp1-04773","outputs":[["l",["a",["b",0],["b",0]],["t",["a",["b",1],["b",1]],["a",["b",3],["a",["b",1],["b",1]]],["a",["a",["a",["b",2],["b",2]],["b",1]],["b",0]]]]]}
{"id":"bmp1-04774","outputs":[["l",["l",["s"],["a",["b",1],["b",0]]],["t",["l",["s"],["a",["b",2],["b",0]]],["a",["b",4],["l",["s"],["a",["b",2],["b",0]]]],["a",["a",["l",["s"],["a",["b",3],["b",0]]],["b",1]],["b",0]]]]]}
{"id":"bmp1-04775","outputs":[["l",["t",["s"],["b",4],["a",["b",1],["b",0]]],["t",["t",["s"],["b",5],["a",["b",2],["b",0]]],["a",["b",1],["t",["s"],["b",5],["a",["b",2],["b",0]]]],["a",["a",["t",["s"],["b",6],["a",["b",3],["b",0]]],["b",1]],["b",0]]]]]}
{"id":"bmp1-04776","outputs":[["l",["b",0],["t",["b",1],["a",["b",3],["b",1]],["a",["a",["b",2],["b",1]],["b",0]]]]]}
{"id":"bmp1-04777","outputs":[["l",["a",["b",0],["b",1]],["t",["a",["b",1],["b",2]],["a",["b",5],["a",["b",1],["b",2]]],["a",["a",["a",["b",2],["b",3]],["b",1]],["b",0]]]]]}
{"id":"bmp1-04778","outputs":[["l",["l",["s"],["a",["b",1],["b",0]]],["t",["l",["s"],["a",["b",2],["b",0]]],["a",["b",4],["l",["s"],["a",["b",2],["b",0]]]],["a",["a",["l",["s"],["a",["b",3],["b",0]]],["b",1]],["b",0]]]]]}
{"id":"bmp1-04779","outputs":[["l",["t",["s"],["b",4],["a",["b",1],["b",0]]],["t",["t",["s"],["b",5],["a",["b",2],["b",0]]],["a",["b",3],["t",["s"],["b",5],["a",["b",2],["b",0]]]],["a",["a",["t",["s"],["b",6],["a",["b",3],["b",0]]],["b",1]],["b",0]]]]]}
{"id":"bmp1-04780","outputs":[["l",["b",0],["t",["b",1],["a",["b",0],["b",1]],["a",["a",["b",2],["b",1]],["b",0]]]]]}
{"id":"bmp1-04781","outputs":[["l",["a",["b",0],["b",1]],["t",["a",["b",1],["b",2]],["a",["b",4],["a",["b",1],["b",2]]],["a",["a",["a",["b",2],["b",3]],["b",1]],["b",0]]]]]}
{"id":"bmp1-04782","outputs":[["l",["l",["s"],["a",["b",1],["b",0]]],["t",["l",["s"],["a",["b",2],["b",0]]],["a",["b",0],["l",["s"],["a",["b",2],["b",0]]]],["a",["a",["l",["s"],["a",["b",3],["b",0]]],["b",1]],["b",0]]]]]}
{"id":"bmp1-04783","outputs":[["l",["t",["s"],["b",3],["a",["b",1],["b",0]]],["t",["t",["s"],["b",4],["a",["b",2],["b",0]]],["a",["b",3],["t",["s"],["b",4],["a",["b",2],["b",0]]]],["a",["a",["t",["s"],["b",5],["a",["b",3],["b",0]]],["b",1]],["b",0]]]]]}
{"id":"bmp1-04784","outputs":[["l",["b",0],["t",["b",1],["a",["b",2],["b",1]],["a",["a",["b",2],["b",1]],["b",0]]]]]}
{"id":"bmp1-04785","outputs":[["l",["a",["b",0],["b",2]],["t",["a",["b",1],["b",3]],["a",["b",4],["a",["b",1],["b",3]]],["a",["a",["a",["b",2],["b",4]],["b",1]],["b",0]]]]]}
{"id":"bmp1-04786","outputs":[["l",["l",["s"],["a",["b",1],["b",0]]],["t",["l",["s"],["a",["b",2],["b",0]]],["a",["b",2],["l",["s"],["a",["b",2],["b",0]]]],["a",["a",["l",["s"],["a",["b",3],["b",0]]],["b",1]],["b",0]]]]]}
{"id":"bmp1-04787","outputs":[["l",["t",["s"],["b",4],["a",["b",1],["b",0]]],["t",["t",["s"],["b",5],["a",["b",2],["b",0]]],["a",["b",5],["t",["s"],["b",5],["a",["b",2],["b",0]]]],["a",["a",["t",["s"],["b",6],["a",["b",3],["b",0]]],["b",1]],["b",0]]]]]}
{"id":"bmp1-04788","outputs":[["l",["b",0],["t",["b",1],["a",["b",2],["b",1]],["a",["a",["b",2],["b",1]],["b",0]]]]]}
{"id":"bmp1-04789","outputs":[["l",["a",["b",0],["b",1]],["t",["a",["b",1],["b",2]],["a",["b",1],["a",["b",1],["b",2]]],["a",["a",["a",["b",2],["b",3]],["b",1]],["b",0]]]]]}
{"id":"bmp1-04790","outputs":[["l",["l",["s"],["a",["b",1],["b",0]]],["t",["l",["s"],["a",["b",2],["b",0]]],["a",["b",2],["l",["s"],["a",["b",2],["b",0]]]],["a",["a",["l",["s"],["a",["b",3],["b",0]]],["b",1]],["b",0]]]]]}
{"id":"bmp1-04791","outputs":[["l",["t",["s"],["b",1],["a",["b",1],["b",0]]],["t",["t",["s"],["b",2],["a",["b",2],["b",0]]],["a",["b",1],["t",["s"],["b",2],["a",["b",2],["b",0]]]],["a",["a",["t",["s"],["b",3],["a",["b",3],["b",0]]],["b",1]],["b",0]]]]]}
{"id":"bmp1-04792","outputs":[["l",["b",0],["t",["b",1],["a",["b",0],["b",1]],["a",["a",["b",2],["b",1]],["b",0]]]]]}
{"id":"bmp1-04793","outputs":[["l",["a",["b",0],["b",1]],["t",["a",["b",1],["b",2]],["a",["b",1],["a",["b",1],["b",2]]],["a",["a",["a",["b",2],["b",3]],["b",1]],["b",0]]]]]}
{"id":"bmp1-04794","outputs":[["l",["l",["s"],["a",["b",1],["b",0]]],["t",["l",["s"],["a",["b",2],["b",0]]],["a",["b",0],["l",["s"],["a",["b",2],["b",0]]]],["a",["a",["l",["s"],["a",["b",3],["b",0]]],["b",1]],["b",0]]]]]}
{"id":"bmp1-04795","outputs":[["l",["t",["s"],["b",0],["a",["b",1],["b",0]]],["t",["t",["s"],["b",1],["a",["b",2],["b",0]]],["a",["b",1],["t",["s"],["b",1],["a",["b",2],["b",0]]]],["a",["a",["t",["s"],["b",2],["a",["b",3],["b",0]]],["b",1]],["b",0]]]]]}
{"id":"bmp1-04796","outputs":[["l",["b",0],["t",["b",1],["a",["b",0],["b",1]],["a",["a",["b",2],["b",1]],["b",0]]]]]}
{"id":"bmp1-04797","outputs":[["l",["a",["b",0],["b",1]],["t",["a",["b",1],["b",2]],["a",["b",2],["a",["b",1],["b",2]]],["a",["a",["a",["b",2],["b",3]],["b",1]],["b",0]]]]]}
{"id":"bmp1-04798","outputs":[["l",["l",["s"],["a",["b",1],["b",0]]],["t",["l",["s"],["a",["b",2],["b",0]]],["a",["b",3],["l",["s"],["a",["b",2],["b",0]]]],["a",["a",["l",["s"],["a",["b",3],["b",0]]],["b",1]],["b",0]]]]]}
{"id":"bmp1-04799","outputs":[["l",["t",["s"],["b",1],["a",["b",1],["b",0]]],["t",["t",["s"],["b",2],["a",["b",2],["b",0]]],["a",["b",2],["t",["s"],["b",2],["a",["b",2],["b",0]]]],["a",["a",["t",["s"],["b",3],["a",["b",3],["b",0]]],["b",1]],["b",0]]]]]}
{"id":"bmp1-04800","outputs":[["l",["b",0],["t",["b",1],["a",["b",5],["b",1]],["a",["a",["b",2],["b",1]],["b",0]]]]]}
{"id":"bmp1-04801","outputs":[["l",["a",["b",0],["b",1]],["t",["a",["b",1],["b",2]],["a",["b",2],["a",["b",1],["b",2]]],["a",["a",["a",["b",2],["b",3]],["b",1]],["b",0]]]]]}
{"id":"bmp1-04802","outputs":[["l",["l",["s"],["a",["b",1],["b",0]]],["t",["l",["s"],["a",["b",2],["b",0]]],["a",["b",4],["l",["s"],["a",["b",2],["b",0]]]],["a",["a",["l",["s"],["a",["b",3],["b",0]]],["b",1]],["b",0]]]]]}
{"id":"bmp1-04803","outputs":[["l",["t",["s"],["b",0],["a",["b",1],["b",0]]],["t",["t",["s"],["b",1],["a",["b",2],["b",0]]],["a",["b",2],["t",["s"],["b",1],["a",["b",2],["b",0]]]],["a",["a",["t",["s"],["b",2],["a",["b",3],["b",0]]],["b",1]],["b",0]]]]]}
{"id":"bmp1-04804","outputs":[["l",["b",0],["t",["b",1],["a",["b",5],["b",1]],["a",["a",["b",2],["b",1]],["b",0]]]]]}
{"id":"bmp1-04805","outputs":[["l",["a",["b",0],["b",1]],["t",["a",["b",1],["b",2]],["a",["b",2],["a",["b",1],["b",2]]],["a",["a",["a",["b",2],["b",3]],["b",1]],["b",0]]]]]}
{"id":"bmp1-04806","outputs":[["l",["l",["s"],["a",["b",1],["b",0]]],["t",["l",["s"],["a",["b",2],["b",0]]],["a",["b",2],["l",["s"],["a",["b",2],["b",0]]]],["a",["a",["l",["s"],["a",["b",3],["b",0]]],["b",1]],["b",0]]]]]}
{"id":"bmp1-04807","outputs":[["l",["t",["s"],["b",1],["a",["b",1],["b",0]]],["t",["t",["s"],["b",2],["a",["b",2],["b",0]]],["a",["b",3],["t",["s"],["b",2],["a",["b",2],["b",0]]]],["a",["a",["t",["s"],["b",3],["a",["b",3],["b",0]]],["b",1]],["b",0]]]]]}
{"id":"bmp1-04808","outputs":[["l",["b",0],["t",["b",1],["a",["b",2],["b",1]],["a",["a",["b",2],["b",1]],["b",0]]]]]}
{"id":"bmp1-04809","outputs":[["l",["a",["b",0],["b",1]],["t",["a",["b",1],["b",2]],["a",["b",2],["a",["b",1],["b",2]]],["a",["a",["a",["b",2],["b",3]],["b",1]],["b",0]]]]]}
{"id":"bmp1-04810","outputs":[["l",["l",["s"],["a",["b",1],["b",0]]],["t",["l",["s"],["a",["b",2],["b",0]]],["a",["b",4],["l",["s"],["a",["b",2],["b",0]]]],["a",["a",["l",["s"],["a",["b",3],["b",0]]],["b",1]],["b",0]]]]]}
{"id":"bmp1-04811","outputs":[["l",["t",["s"],["b",3],["a",["b",1],["b",0]]],["t",["t",["s"],["b",4],["a",["b",2],["b",0]]],["a",["b",3],["t",["s"],["b",4],["a",["b",2],["b",0]]]],["a",["a",["t",["s"],["b",5],["a",["b",3],["b",0]]],["b",1]],["b",0]]]]]}
{"id":"bmp1-04812","outputs":[["l",["b",0],["t",["b",1],["a",["b",2],["b",1]],["a",["a",["b",2],["b",1]],["b",0]]]]]}
{"id":"bmp1-04813","outputs":[["l",["a",["b",0],["b",1]],["t",["a",["b",1],["b",2]],["a",["b",4],["a",["b",1],["b",2]]],["a",["a",["a",["b",2],["b",3]],["b",1]],["b",0]]]]]}
{"id":"bmp1-04814","outputs":[["l",["l",["s"],["a",["b",1],["b",0]]],["t",["l",["s"],["a",["b",2],["b",0]]],["a",["b",0],["l",["s"],["a",["b",2],["b",0]]]],["a",["a",["l",["s"],["a",["b",3],["b",0]]],["b",1]],["b",0]]]]]}
{"id":"bmp1-04815","outputs":[["l",["t",["s"],["b",2],["a",["b",1],["b",0]]],["t",["t",["s"],["b",3],["a",["b",2],["b",0]]],["a",["b",2],["t",["s"],["b",3],["a",["b",2],["b",0]]]],["a",["a",["t",["s"],["b",4],["a",["b",3],["b",0]]],["b",1]],["b",0]]]]]}
{"id":"bmp1-04816","outputs":[["l",["b",0],["t",["b",1],["a",["b",0],["b",1]],["a",["a",["b",2],["b",1]],["b",0]]]]]}
{"id":"bmp1-04817","outputs":[["l",["a",["b",0],["b",1]],["t",["a",["b",1],["b",2]],["a",["b",1],["a",["b",1],["b",2]]],["a",["a",["a",["b",2],["b",3]],["b",1]],["b",0]]]]]}
{"id":"bmp1-04818","outputs":[["l",["l",["s"],["a",["b",1],["b",0]]],["t",["l",["s"],["a",["b",2],["b",0]]],["a",["b",3],["l",["s"],["a",["b",2],["b",0]]]],["a",["a",["l",["s"],["a",["b",3],["b",0]]],["b",1]],["b",0]]]]]}
{"id":"bmp1-04819","outputs":[["l",["t",["s"],["b",1],["a",["b",1],["b",0]]],["t",["t",["s"],["b",2],["a",["b",2],["b",0]]],["a",["b",2],["t",["s"],["b",2],["a",["b",2],["b",0]]]],["a",["a",["t",["s"],["b",3],["a",["b",3],["b",0]]],["b",1]],["b",0]]]]]}
{"id":"bmp1-04820","outputs":[["l",["b",0],["t",["b",1],["a",["b",2],["b",1]],["a",["a",["b",2],["b",1]],["b",0]]]]]}
{"id":"bmp1-04821","outputs":[["l",["a",["b",0],["b",0]],["t",["a",["b",1],["b",1]],["a",["b",2],["a",["b",1],["b",1]]],["a",["a",["a",["b",2],["b",2]],["b",1]],["b",0]]]]]}
{"id":"bmp1-04822","outputs":[["l",["l",["s"],["a",["b",1],["b",0]]],["t",["l",["s"],["a",["b",2],["b",0]]],["a",["b",3],["l",["s"],["a",["b",2],["b",0]]]],["a",["a",["l",["s"],["a",["b",3],["b",0]]],["b",1]],["b",0]]]]]}
{"id":"bmp1-04823","outputs":[["l",["t",["s"],["b",3],["a",["b",1],["b",0]]],["t",["t",["s"],["b",4],["a",["b",2],["b",0]]],["a",["b",2],["t",["s"],["b",4],["a",["b",2],["b",0]]]],["a",["a",["t",["s"],["b",5],["a",["b",3],["b",0]]],["b",1]],["b",0]]]]]}
{"id":"bmp1-04824","outputs":[["l",["b",0],["t",["b",1],["a",["b",0],["b",1]],["a",["a",["b",2],["b",1]],["b",0]]]]]}
{"id":"bmp1-04825","outputs":[["l",["a",["b",0],["b",2]],["t",["a",["b",1],["b",3]],["a",["b",1],["a",["b",1],["b",3]]],["a",["a",["a",["b",2],["b",4]],["b",1]],["b",0]]]]]}
{"id":"bmp1-04826","outputs":[["l",["l",["s"],["a",["b",1],["b",0]]],["t",["l",["s"],["a",["b",2],["b",0]]],["a",["b",0],["l",["s"],["a",["b",2],["b",0]]]],["a",["a",["l",["s"],["a",["b",3],["b",0]]],["b",1]],["b",0]]]]]}
{"id":"bmp1-04827","outputs":[["l",["t",["s"],["b",1],["a",["b",1],["b",0]]],["t",["t",["s"],["b",2],["a",["b",2],["b",0]]],["a",["b",2],["t",["s"],["b",2],["a",["b",2],["b",0]]]],["a",["a",["t",["s"],["b",3],["a",["b",3],["b",0]]],["b",1]],["b",0]]]]]}
{"id":"bmp1-04828","outputs":[["l",["b",0],["t",["b",1],["a",["b",0],["b",1]],["a",["a",["b",2],["b",1]],["b",0]]]]]}
{"id":"bmp1-04829","outputs":[["l",["a",["b",0],["b",0]],["t",["a",["b",1],["b",1]],["a",["b",1],["a",["b",1],["b",1]]],["a",["a",["a",["b",2],["b",2]],["b",1]],["b",0]]]]]}
{"id":"bmp1-04830","outputs":[["l",["l",["s"],["a",["b",1],["b",0]]],["t",["l",["s"],["a",["b",2],["b",0]]],["a",["b",3],["l",["s"],["a",["b",2],["b",0]]]],["a",["a",["l",["s"],["a",["b",3],["b",0]]],["b",1]],["b",0]]]]]}
{"id":"bmp1-04831","outputs":[["l",["t",["s"],["b",4],["a",["b",1],["b",0]]],["t",["t",["s"],["b",5],["a",["b",2],["b",0]]],["a",["b",4],["t",["s"],["b",5],["a",["b",2],["b",0]]]],["a",["a",["t",["s"],["b",6],["a",["b",3],["b",0]]],["b",1]],["b",0]]]]]}
{"id":"bmp1-04832","outputs":[["l",["b",0],["t",["b",1],["a",["b",2],["b",1]],["a",["a",["b",2],["b",1]],["b",0]]]]]}
{"id":"bmp1-04833","outputs":[["l",["a",["b",0],["b",2]],["t",["a",["b",1],["b",3]],["a",["b",5],["a",["b",1],["b",3]]],["a",["a",["a",["b",2],["b",4]],["b",1]],["b",0]]]]]}
{"id":"bmp1-04834","outputs":[["l",["l",["s"],["a",["b",1],["b",0]]],["t",["l",["s"],["a",["b",2],["b",0]]],["a",["b",0],["l",["s"],["a",["b",2],["b",0]]]],["a",["a",["l",["s"],["a",["b",3],["b",0]]],["b",1]],["b",0]]]]]}
{"id":"bmp1-04835","outputs":[["l",["t",["s"],["b",2],["a",["b",1],["b",0]]],["t",["t",["s"],["b",3],["a",["b",2],["b",0]]],["a",["b",1],["t",["s"],["b",3],["a",["b",2],["b",0]]]],["a",["a",["t",["s"],["b",4],["a",["b",3],["b",0]]],["b",1]],["b",0]]]]]}
{"id":"bmp1-04836","outputs":[["l",["b",0],["t",["b",1],["a",["b",0],["b",1]],["a",["a",["b",2],["b",1]],["b",0]]]]]}
{"id":"bmp1-04837","outputs":[["l",["a",["b",0],["b",1]],["t",["a",["b",1],["b",2]],["a",["b",1],["a",["b",1],["b",2]]],["a",["a",["a",["b",2],["b",3]],["b",1]],["b",0]]]]]}
{"id":"bmp1-04838","outputs":[["l",["l",["s"],["a",["b",1],["b",0]]],["t",["l",["s"],["a",["b",2],["b",0]]],["a",["b",2],["l",["s"],["a",["b",2],["b",0]]]],["a",["a",["l",["s"],["a",["b",3],["b",0]]],["b",1]],["b",0]]]]]}
{"id":"bmp1-04839","outputs":[["l",["t",["s"],["b",0],["a",["b",1],["b",0]]],["t",["t",["s"],["b",1],["a",["b",2],["b",0]]],["a",["b",1],["t",["s"],["b",1],["a",["b",2],["b",0]]]],["a",["a",["t",["s"],["b",2],["a",["b",3],["b",0]]],["b",1]],["b",0]]]]]}
{"id":"bmp1-04840","outputs":[["l",["b",0],["t",["b",1],["a",["b",3],["b",1]],["a",["a",["b",2],["b",1]],["b",0]]]]]}
{"id":"bmp1-04841","outputs":[["l",["a",["b",0],["b",3]],["t",["a",["b",1],["b",4]],["a",["b",2],["a",["b",1],["b",4]]],["a",["a",["a",["b",2],["b",5]],["b",1]],["b",0]]]]]}
{"id":"bmp1-04842","outputs":[["l",["l",["s"],["a",["b",1],["b",0]]],["t",["l",["s"],["a",["b",2],["b",0]]],["a",["b",2],["l",["s"],["a",["b",2],["b",0]]]],["a",["a",["l",["s"],["a",["b",3],["b",0]]],["b",1]],["b",0]]]]]}
{"id":"bmp1-04843","outputs":[["l",["t",["s"],["b",2],["a",["b",1],["b",0]]],["t",["t",["s"],["b",3],["a",["b",2],["b",0]]],["a",["b",2],["t",["s"],["b",3],["a",["b",2],["b",0]]]],["a",["a",["t",["s"],["b",4],["a",["b",3],["b",0]]],["b",1]],["b",0]]]]]}
{"id":"bmp1-04844","outputs":[["l",["b",0],["t",["b",1],["a",["b",2],["b",1]],["a",["a",["b",2],["b",1]],["b",0]]]]]}
{"id":"bmp1-04845","outputs":[["l",["a",["b",0],["b",0]],["t",["a",["b",1],["b",1]],["a",["b",1],["a",["b",1],["b",1]]],["a",["a",["a",["b",2],["b",2]],["b",1]],["b",0]]]]]}
{"id":"bmp1-04846","outputs":[["l",["l",["s"],["a",["b",1],["b",0]]],["t",["l",["s"],["a",["b",2],["b",0]]],["a",["b",2],["l",["s"],["a",["b",2],["b",0]]]],["a",["a",["l",["s"],["a",["b",3],["b",0]]],["b",1]],["b",0]]]]]}
{"id":"bmp1-04847","outputs":[["l",["t",["s"],["b",1],["a",["b",1],["b",0]]],["t",["t",["s"],["b",2],["a",["b",2],["b",0]]],["a",["b",1],["t",["s"],["b",2],["a",["b",2],["b",0]]]],["a",["a",["t",["s"],["b",3],["a",["b",3],["b",0]]],["b",1]],["b",0]]]]]}
{"id":"bmp1-04848","outputs":[["l",["b",0],["t",["b",1],["a",["b",0],["b",1]],["a",["a",["b",2],["b",1]],["b",0]]]]]}
{"id":"bmp1-04849","outputs":[["l",["a",["b",0],["b",0]],["t",["a",["b",1],["b",1]],["a",["b",1],["a",["b",1],["b",1]]],["a",["a",["a",["b",2],["b",2]],["b",1]],["b",0]]]]]}
{"id":"bmp1-04850","outputs":[["l",["l",["s"],["a",["b",1],["b",0]]],["t",["l",["s"],["a",["b",2],["b",0]]],["a",["b",3],["l",["s"],["a",["b",2],["b",0]]]],["a",["a",["l",["s"],["a",["b",3],["b",0]]],["b",1]],["b",0]]]]]}
{"id":"bmp1-04851","outputs":[["l",["t",["s"],["b",0],["a",["b",1],["b",0]]],["t",["t",["s"],["b",1],["a",["b",2],["b",0]]],["a",["b",1],["t",["s"],["b",1],["a",["b",2],["b",0]]]],["a",["a",["t",["s"],["b",2],["a",["b",3],["b",0]]],["b",1]],["b",0]]]]]}
{"id":"bmp1-04852","outputs":[["l",["b",0],["t",["b",1],["a",["b",2],["b",1]],["a",["a",["b",2],["b",1]],["b",0]]]]]}
{"id":"bmp1-04853","outputs":[["l",["a",["b",0],["b",3]],["t",["a",["b",1],["b",4]],["a",["b",3],["a",["b",1],["b",4]]],["a",["a",["a",["b",2],["b",5]],["b",1]],["b",0]]]]]}
{"id":"bmp1-04854","outputs":[["l",["l",["s"],["a",["b",1],["b",0]]],["t",["l",["s"],["a",["b",2],["b",0]]],["a",["b",3],["l",["s"],["a",["b",2],["b",0]]]],["a",["a",["l",["s"],["a",["b",3],["b",0]]],["b",1]],["b",0]]]]]}
{"id":"bmp1-04855","outputs":[["l",["t",["s"],["b",1],["a",["b",1],["b",0]]],["t",["t",["s"],["b",2],["a",["b",2],["b",0]]],["a",["b",3],["t",["s"],["b",2],["a",["b",2],["b",0]]]],["a",["a",["t",["s"],["b",3],["a",["b",3],["b",0]]],["b",1]],["b",0]]]]]}
{"id":"bmp1-04856","outputs":[["l",["b",0],["t",["b",1],["a",["b",0],["b",1]],["a",["a",["b",2],["b",1]],["b",0]]]]]}
{"id":"bmp1-04857","outputs":[["l",["a",["b",0],["b",0]],["t",["a",["b",1],["b",1]],["a",["b",1],["a",["b",1],["b",1]]],["a",["a",["a",["b",2],["b",2]],["b",1]],["b",0]]]]]}
{"id":"bmp1-04858","outputs":[["l",["l",["s"],["a",["b",1],["b",0]]],["t",["l",["s"],["a",["b",2],["b",0]]],["a",["b",0],["l",["s"],["a",["b",2],["b",0]]]],["a",["a",["l",["s"],["a",["b",3],["b",0]]],["b",1]],["b",0]]]]]}
{"id":"bmp1-04859","outputs":[["l",["t",["s"],["b",0],["a",["b",1],["b",0]]],["t",["t",["s"],["b",1],["a",["b",2],["b",0]]],["a",["b",1],["t",["s"],["b",1],["a",["b",2],["b",0]]]],["a",["a",["t",["s"],["b",2],["a",["b",3],["b",0]]],["b",1]],["b",0]]]]]}
{"id":"bmp1-04860","outputs":[["l",["b",0],["t",["b",1],["a",["b",4],["b",1]],["a",["a",["b",2],["b",1]],["b",0]]]]]}
{"id":"bmp1-04861","outputs":[["l",["a",["b",0],["b",2]],["t",["a",["b",1],["b",3]],["a",["b",1],["a",["b",1],["b",3]]],["a",["a",["a",["b",2],["b",4]],["b",1]],["b",0]]]]]}
{"id":"bmp1-04862","outputs":[["l",["l",["s"],["a",["b",1],["b",0]]],["t",["l",["s"],["a",["b",2],["b",0]]],["a",["b",2],["l",["s"],["a",["b",2],["b",0]]]],["a",["a",["l",["s"],["a",["b",3],["b",0]]],["b",1]],["b",0]]]]]}
{"id":"bmp1-04863","outputs":[["l",["t",["s"],["b",4],["a",["b",1],["b",0]]],["t",["t",["s"],["b",5],["a",["b",2],["b",0]]],["a",["b",5],["t",["s"],["b",5],["a",["b",2],["b",0]]]],["a",["a",["t",["s"],["b",6],["a",["b",3],["b",0]]],["b",1]],["b",0]]]]]}
{"id":"bmp1-04864","outputs":[["l",["b",0],["t",["b",1],["a",["b",3],["b",1]],["a",["a",["b",2],["b",1]],["b",0]]]]]}
{"id":"bmp1-04865","outputs":[["l",["a",["b",0],["b",1]],["t",["a",["b",1],["b",2]],["a",["b",1],["a",["b",1],["b",2]]],["a",["a",["a",["b",2],["b",3]],["b",1]],["b",0]]]]]}
{"id":"bmp1-04866","outputs":[["l",["l",["s"],["a",["b",1],["b",0]]],["t",["l",["s"],["a",["b",2],["b",0]]],["a",["b",5],["l",["s"],["a",["b",2],["b",0]]]],["a",["a",["l",["s"],["a",["b",3],["b",0]]],["b",1]],["b",0]]]]]}
{"id":"bmp1-04867","outputs":[["l",["t",["s"],["b",0],["a",["b",1],["b",0]]],["t",["t",["s"],["b",1],["a",["b",2],["b",0]]],["a",["b",3],["t",["s"],["b",1],["a",["b",2],["b",0]]]],["a",["a",["t",["s"],["b",2],["a",["b",3],["b",0]]],["b",1]],["b",0]]]]]}
{"id":"bmp1-04868","outputs":[["l",["b",0],["t",["b",1],["a",["b",3],["b",1]],["a",["a",["b",2],["b",1]],["b",0]]]]]}
{"id":"bmp1-04869","outputs":[["l",["a",["b",0],["b",1]],["t",["a",["b",1],["b",2]],["a",["b",1],["a",["b",1],["b",2]]],["a",["a",["a",["b",2],["b",3]],["b",1]],["b",0]]]]]}
{"id":"bmp1-04870","outputs":[["l",["l",["s"],["a",["b",1],["b",0]]],["t",["l",["s"],["a",["b",2],["b",0]]],["a",["b",0],["l",["s"],["a",["b",2],["b",0]]]],["a",["a",["l",["s"],["a",["b",3],["b",0]]],["b",1]],["b",0]]]]]}
{"id":"bmp1-04871","outputs":[["l",["t",["s"],["b",1],["a",["b",1],["b",0]]],["t",["t",["s"],["b",2],["a",["b",2],["b",0]]],["a",["b",4],["t",["s"],["b",2],["a",["b",2],["b",0]]]],["a",["a",["t",["s"],["b",3],["a",["b",3],["b",0]]],["b",1]],["b",0]]]]]}
{"id":"bmp1-04872","outputs":[["l",["b",0],["t",["b",1],["a",["b",0],["b",1]],["a",["a",["b",2],["b",1]],["b",0]]]]]}
{"id":"bmp1-04873","outputs":[["l",["a",["b",0],["b",1]],["t",["a",["b",1],["b",2]],["a",["b",3],["a",["b",1],["b",2]]],["a",["a",["a",["b",2],["b",3]],["b",1]],["b",0]]]]]}
{"id":"bmp1-04874","outputs":[["l",["l",["s"],["a",["b",1],["b",0]]],["t",["l",["s"],["a",["b",2],["b",0]]],["a",["b",0],["l",["s"],["a",["b",2],["b",0]]]],["a",["a",["l",["s"],["a",["b",3],["b",0]]],["b",1]],["b",0]]]]]}
{"id":"bmp1-04875","outputs":[["l",["t",["s"],["b",0],["a",["b",1],["b",0]]],["t",["t",["s"],["b",1],["a",["b",2],["b",0]]],["a",["b",1],["t",["s"],["b",1],["a",["b",2],["b",0]]]],["a",["a",["t",["s"],["b",2],["a",["b",3],["b",0]]],["b",1]],["b",0]]]]]}
{"id":"bmp1-04876","outputs":[["l",["b",0],["t",["b",1],["a",["b",3],["b",1]],["a",["a",["b",2],["b",1]],["b",0]]]]]}
{"id":"bmp1-04877","outputs":[["l",["a",["b",0],["b",0]],["t",["a",["b",1],["b",1]],["a",["b",1],["a",["b",1],["b",1]]],["a",["a",["a",["b",2],["b",2]],["b",1]],["b",0]]]]]}
{"id":"bmp1-04878","outputs":[["l",["l",["s"],["a",["b",1],["b",0]]],["t",["l",["s"],["a",["b",2],["b",0]]],["a",["b",0],["l",["s"],["a",["b",2],["b",0]]]],["a",["a",["l",["s"],["a",["b",3],["b",0]]],["b",1]],["b",0]]]]]}
{"id":"bmp1-04879","outputs":[["l",["t",["s"],["b",2],["a",["b",1],["b",0]]],["t",["t",["s"],["b",3],["a",["b",2],["b",0]]],["a",["b",5],["t",["s"],["b",3],["a",["b",2],["b",0]]]],["a",["a",["t",["s"],["b",4],["a",["b",3],["b",0]]],["b",1]],["b",0]]]]]}
{"id":"bmp1-04880","outputs":[["l",["b",0],["t",["b",1],["a",["b",5],["b",1]],["a",["a",["b",2],["b",1]],["b",0]]]]]}
{"id":"bmp1-04881","outputs":[["l",["a",["b",0],["b",2]],["t",["a",["b",1],["b",3]],["a",["b",2],["a",["b",1],["b",3]]],["a",["a",["a",["b",2],["b",4]],["b",1]],["b",0]]]]]}
{"id":"bmp1-04882","outputs":[["l",["l",["s"],["a",["b",1],["b",0]]],["t",["l",["s"],["a",["b",2],["b",0]]],["a",["b",3],["l",["s"],["a",["b",2],["b",0]]]],["a",["a",["l",["s"],["a",["b",3],["b",0]]],["b",1]],["b",0]]]]]}
{"id":"bmp1-04883","outputs":[["l",["t",["s"],["b",0],["a",["b",1],["b",0]]],["t",["t",["s"],["b",1],["a",["b",2],["b",0]]],["a",["b",4],["t",["s"],["b",1],["a",["b",2],["b",0]]]],["a",["a",["t",["s"],["b",2],["a",["b",3],["b",0]]],["b",1]],["b",0]]]]]}
{"id":"bmp1-04884","outputs":[["l",["b",0],["t",["b",1],["a",["b",3],["b",1]],["a",["a",["b",2],["b",1]],["b",0]]]]]}
{"id":"bmp1-04885","outputs":[["l",["a",["b",0],["b",0]],["t",["a",["b",1],["b",1]],["a",["b",1],["a",["b",1],["b",1]]],["a",["a",["a",["b",2],["b",2]],["b",1]],["b",0]]]]]}
{"id":"bmp1-04886","outputs":[["l",["l",["s"],["a",["b",1],["b",0]]],["t",["l",["s"],["a",["b",2],["b",0]]],["a",["b",2],["l",["s"],["a",["b",2],["b",0]]]],["a",["a",["l",["s"],["a",["b",3],["b",0]]],["b",1]],["b",0]]]]]}
{"id":"bmp1-04887","outputs":[["l",["t",["s"],["b",3],["a",["b",1],["b",0]]],["t",["t",["s"],["b",4],["a",["b",2],["b",0]]],["a",["b",2],["t",["s"],["b",4],["a",["b",2],["b",0]]]],["a",["a",["t",["s"],["b",5],["a",["b",3],["b",0]]],["b",1]],["b",0]]]]]}
{"id":"bmp1-04888","outputs":[["l",["b",0],["t",["b",1],["a",["b",0],["b",1]],["a",["a",["b",2],["b",1]],["b",0]]]]]}
{"id":"bmp1-04889","outputs":[["l",["a",["b",0],["b",1]],["t",["a",["b",1],["b",2]],["a",["b",3],["a",["b",1],["b",2]]],["a",["a",["a",["b",2],["b",3]],["b",1]],["b",0]]]]]}
{"id":"bmp1-04890","outputs":[["l",["l",["s"],["a",["b",1],["b",0]]],["t",["l",["s"],["a",["b",2],["b",0]]],["a",["b",0],["l",["s"],["a",["b",2],["b",0]]]],["a",["a",["l",["s"],["a",["b",3],["b",0]]],["b",1]],["b",0]]]]]}
{"id":"bmp1-04891","outputs":[["l",["t",["s"],["b",0],["a",["b",1],["b",0]]],["t",["t",["s"],["b",1],["a",["b",2],["b",0]]],["a",["b",1],["t",["s"],["b",1],["a",["b",2],["b",0]]]],["a",["a",["t",["s"],["b",2],["a",["b",3],["b",0]]],["b",1]],["b",0]]]]]}
{"id":"bmp1-04892","outputs":[["l",["b",0],["t",["b",1],["a",["b",2],["b",1]],["a",["a",["b",2],["b",1]],["b",0]]]]]}
{"id":"bmp1-04893","outputs":[["l",["a",["b",0],["b",1]],["t",["a",["b",1],["b",2]],["a",["b",2],["a",["b",1],["b",2]]],["a",["a",["a",["b",2],["b",3]],["b",1]],["b",0]]]]]}
{"id":"bmp1-04894","outputs":[["l",["l",["s"],["a",["b",1],["b",0]]],["t",["l",["s"],["a",["b",2],["b",0]]],["a",["b",3],["l",["s"],["a",["b",2],["b",0]]]],["a",["a",["l",["s"],["a",["b",3],["b",0]]],["b",1]],["b",0]]]]]}
{"id":"bmp1-04895","outputs":[["l",["t",["s"],["b",0],["a",["b",1],["b",0]]],["t",["t",["s"],["b",1],["a",["b",2],["b",0]]],["a",["b",2],["t",["s"],["b",1],["a",["b",2],["b",0]]]],["a",["a",["t",["s"],["b",2],["a",["b",3],["b",0]]],["b",1]],["b",0]]]]]}
{"id":"bmp1-04896","outputs":[["l",["b",0],["t",["b",1],["a",["b",2],["b",1]],["a",["a",["b",2],["b",1]],["b",0]]]]]}
{"id":"bmp1-04897","outputs":[["l",["a",["b",0],["b",1]],["t",["a",["b",1],["b",2]],["a",["b",1],["a",["b",1],["b",2]]],["a",["a",["a",["b",2],["b",3]],["b",1]],["b",0]]]]]}
{"id":"bmp1-04898","outputs":[["l",["l",["s"],["a",["b",1],["b",0]]],["t",["l",["s"],["a",["b",2],["b",0]]],["a",["b",0],["l",["s"],["a",["b",2],["b",0]]]],["a",["a",["l",["s"],["a",["b",3],["b",0]]],["b",1]],["b",0]]]]]}
{"id":"bmp1-04899","outputs":[["l",["t",["s"],["b",0],["a",["b",1],["b",0]]],["t",["t",["s"],["b",1],["a",["b",2],["b",0]]],["a",["b",1],["t",["s"],["b",1],["a",["b",2],["b",0]]]],["a",["a",["t",["s"],["b",2],["a",["b",3],["b",0]]],["b",1]],["b",0]]]]]}
{"id":"bmp1-04900","outputs":[["l",["b",0],["t",["b",1],["a",["b",0],["b",1]],["a",["a",["b",2],["b",1]],["b",0]]]]]}
{"id":"bmp1-04901","outputs":[["l",["a",["b",0],["b",3]],["t",["a",["b",1],["b",4]],["a",["b",2],["a",["b",1],["b",4]]],["a",["a",["a",["b",2],["b",5]],["b",1]],["b",0]]]]]}
{"id":"bmp1-04902","outputs":[["l",["l",["s"],["a",["b",1],["b",0]]],["t",["l",["s"],["a",["b",2],["b",0]]],["a",["b",0],["l",["s"],["a",["b",2],["b",0]]]],["a",["a",["l",["s"],["a",["b",3],["b",0]]],["b",1]],["b",0]]]]]}
{"id":"bmp1-04903","outputs":[["l",["t",["s"],["b",1],["a",["b",1],["b",0]]],["t",["t",["s"],["b",2],["a",["b",2],["b",0]]],["a",["b",2],["t",["s"],["b",2],["a",["b",2],["b",0]]]],["a",["a",["t",["s"],["b",3],["a",["b",3],["b",0]]],["b",1]],["b",0]]]]]}
{"id":"bmp1-04904","outputs":[["l",["b",0],["t",["b",1],["a",["b",2],["b",1]],["a",["a",["b",2],["b",1]],["b",0]]]]]}
{"id":"bmp1-04905","outputs":[["l",["a",["b",0],["b",4]],["t",["a",["b",1],["b",5]],["a",["b",3],["a",["b",1],["b",5]]],["a",["a",["a",["b",2],["b",6]],["b",1]],["b",0]]]]]}
{"id":"bmp1-04906","outputs":[["l",["l",["s"],["a",["b",1],["b",0]]],["t",["l",["s"],["a",["b",2],["b",0]]],["a",["b",2],["l",["s"],["a",["b",2],["b",0]]]],["a",["a",["l",["s"],["a",["b",3],["b",0]]],["b",1]],["b",0]]]]]}
{"id":"bmp1-04907","outputs":[["l",["t",["s"],["b",1],["a",["b",1],["b",0]]],["t",["t",["s"],["b",2],["a",["b",2],["b",0]]],["a",["b",1],["t",["s"],["b",2],["a",["b",2],["b",0]]]],["a",["a",["t",["s"],["b",3],["a",["b",3],["b",0]]],["b",1]],["b",0]]]]]}
{"id":"bmp1-04908","outputs":[["l",["b",0],["t",["b",1],["a",["b",3],["b",1]],["a",["a",["b",2],["b",1]],["b",0]]]]]}
{"id":"bmp1-04909","outputs":[["l",["a",["b",0],["b",0]],["t",["a",["b",1],["b",1]],["a",["b",5],["a",["b",1],["b",1]]],["a",["a",["a",["b",2],["b",2]],["b",1]],["b",0]]]]]}
{"id":"bmp1-04910","outputs":[["l",["l",["s"],["a",["b",1],["b",0]]],["t",["l",["s"],["a",["b",2],["b",0]]],["a",["b",4],["l",["s"],["a",["b",2],["b",0]]]],["a",["a",["l",["s"],["a",["b",3],["b",0]]],["b",1]],["b",0]]]]]}
{"id":"bmp1-04911","outputs":[["l",["t",["s"],["b",3],["a",["b",1],["b",0]]],["t",["t",["s"],["b",4],["a",["b",2],["b",0]]],["a",["b",1],["t",["s"],["b",4],["a",["b",2],["b",0]]]],["a",["a",["t",["s"],["b",5],["a",["b",3],["b",0]]],["b",1]],["b",0]]]]]}
{"id":"bmp1-04912","outputs":[["l",["b",0],["t",["b",1],["a",["b",3],["b",1]],["a",["a",["b",2],["b",1]],["b",0]]]]]}
{"id":"bmp1-04913","outputs":[["l",["a",["b",0],["b",0]],["t",["a",["b",1],["b",1]],["a",["b",1],["a",["b",1],["b",1]]],["a",["a",["a",["b",2],["b",2]],["b",1]],["b",0]]]]]}
{"id":"bmp1-04914","outputs":[["l",["l",["s"],["a",["b",1],["b",0]]],["t",["l",["s"],["a",["b",2],["b",0]]],["a",["b",0],["l",["s"],["a",["b",2],["b",0]]]],["a",["a",["l",["s"],["a",["b",3],["b",0]]],["b",1]],["b",0]]]]]}
{"id":"bmp1-04915","outputs":[["l",["t",["s"],["b",0],["a",["b",1],["b",0]]],["t",["t",["s"],["b",1],["a",["b",2],["b",0]]],["a",["b",5],["t",["s"],["b",1],["a",["b",2],["b",0]]]],["a",["a",["t",["s"],["b",2],["a",["b",3],["b",0]]],["b",1]],["b",0]]]]]}
{"id":"bmp1-04916","outputs":[["l",["b",0],["t",["b",1],["a",["b",2],["b",1]],["a",["a",["b",2],["b",1]],["b",0]]]]]}
{"id":"bmp1-04917","outputs":[["l",["a",["b",0],["b",1]],["t",["a",["b",1],["b",2]],["a",["b",2],["a",["b",1],["b",2]]],["a",["a",["a",["b",2],["b",3]],["b",1]],["b",0]]]]]}
{"id":"bmp1-04918","outputs":[["l",["l",["s"],["a",["b",1],["b",0]]],["t",["l",["s"],["a",["b",2],["b",0]]],["a",["b",2],["l",["s"],["a",["b",2],["b",0]]]],["a",["a",["l",["s"],["a",["b",3],["b",0]]],["b",1]],["b",0]]]]]}
{"id":"bmp1-04919","outputs":[["l",["t",["s"],["b",2],["a",["b",1],["b",0]]],["t",["t",["s"],["b",3],["a",["b",2],["b",0]]],["a",["b",3],["t",["s"],["b",3],["a",["b",2],["b",0]]]],["a",["a",["t",["s"],["b",4],["a",["b",3],["b",0]]],["b",1]],["b",0]]]]]}
{"id":"bmp1-04920","outputs":[["l",["b",0],["t",["b",1],["a",["b",3],["b",1]],["a",["a",["b",2],["b",1]],["b",0]]]]]}
{"id":"bmp1-04921","outputs":[["l",["a",["b",0],["b",4]],["t",["a",["b",1],["b",5]],["a",["b",5],["a",["b",1],["b",5]]],["a",["a",["a",["b",2],["b",6]],["b",1]],["b",0]]]]]}
{"id":"bmp1-04922","outputs":[["l",["l",["s"],["a",["b",1],["b",0]]],["t",["l",["s"],["a",["b",2],["b",0]]],["a",["b",0],["l",["s"],["a",["b",2],["b",0]]]],["a",["a",["l",["s"],["a",["b",3],["b",0]]],["b",1]],["b",0]]]]]}
{"id":"bmp1-04923","outputs":[["l",["t",["s"],["b",0],["a",["b",1],["b",0]]],["t",["t",["s"],["b",1],["a",["b",2],["b",0]]],["a",["b",1],["t",["s"],["b",1],["a",["b",2],["b",0]]]],["a",["a",["t",["s"],["b",2],["a",["b",3],["b",0]]],["b",1]],["b",0]]]]]}
{"id":"bmp1-04924","outputs":[["l",["b",0],["t",["b",1],["a",["b",0],["b",1]],["a",["a",["b",2],["b",1]],["b",0]]]]]}
{"id":"bmp1-04925","outputs":[["l",["a",["b",0],["b",0]],["t",["a",["b",1],["b",1]],["a",["b",3],["a",["b",1],["b",1]]],["a",["a",["a",["b",2],["b",2]],["b",1]],["b",0]]]]]}
{"id":"bmp1-04926","outputs":[["l",["l",["s"],["a",["b",1],["b",0]]],["t",["l",["s"],["a",["b",2],["b",0]]],["a",["b",2],["l",["s"],["a",["b",2],["b",0]]]],["a",["a",["l",["s"],["a",["b",3],["b",0]]],["b",1]],["b",0]]]]]}
{"id":"bmp1-04927","outputs":[["l",["t",["s"],["b",3],["a",["b",1],["b",0]]],["t",["t",["s"],["b",4],["a",["b",2],["b",0]]],["a",["b",2],["t",["s"],["b",4],["a",["b",2],["b",0]]]],["a",["a",["t",["s"],["b",5],["a",["b",3],["b",0]]],["b",1]],["b",0]]]]]}
{"id":"bmp1-04928","outputs":[["l",["b",0],["t",["b",1],["a",["b",0],["b",1]],["a",["a",["b",2],["b",1]],["b",0]]]]]}
{"id":"bmp1-04929","outputs":[["l",["a",["b",0],["b",3]],["t",["a",["b",1],["b",4]],["a",["b",1],["a",["b",1],["b",4]]],["a",["a",["a",["b",2],["b",5]],["b",1]],["b",0]]]]]}
{"id":"bmp1-04930","outputs":[["l",["l",["s"],["a",["b",1],["b",0]]],["t",["l",["s"],["a",["b",2],["b",0]]],["a",["b",4],["l",["s"],["a",["b",2],["b",0]]]],["a",["a",["l",["s"],["a",["b",3],["b",0]]],["b",1]],["b",0]]]]]}
{"id":"bmp1-04931","outputs":[["l",["t",["s"],["b",1],["a",["b",1],["b",0]]],["t",["t",["s"],["b",2],["a",["b",2],["b",0]]],["a",["b",1],["t",["s"],["b",2],["a",["b",2],["b",0]]]],["a",["a",["t",["s"],["b",3],["a",["b",3],["b",0]]],["b",1]],["b",0]]]]]}
{"id":"bmp1-04932","outputs":[["l",["b",0],["t",["b",1],["a",["b",3],["b",1]],["a",["a",["b",2],["b",1]],["b",0]]]]]}
{"id":"bmp1-04933","outputs":[["l",["a",["b",0],["b",4]],["t",["a",["b",1],["b",5]],["a",["b",3],["a",["b",1],["b",5]]],["a",["a",["a",["b",2],["b",6]],["b",1]],["b",0]]]]]}
{"id":"bmp1-04934","outputs":[["l",["l",["s"],["a",["b",1],["b",0]]],["t",["l",["s"],["a",["b",2],["b",0]]],["a",["b",0],["l",["s"],["a",["b",2],["b",0]]]],["a",["a",["l",["s"],["a",["b",3],["b",0]]],["b",1]],["b",0]]]]]}
{"id":"bmp1-04935","outputs":[["l",["t",["s"],["b",1],["a",["b",1],["b",0]]],["t",["t",["s"],["b",2],["a",["b",2],["b",0]]],["a",["b",1],["t",["s"],["b",2],["a",["b",2],["b",0]]]],["a",["a",["t",["s"],["b",3],["a",["b",3],["b",0]]],["b",1]],["b",0]]]]]}
{"id":"bmp1-04936","outputs":[["l",["b",0],["t",["b",1],["a",["b",2],["b",1]],["a",["a",["b",2],["b",1]],["b",0]]]]]}
{"id":"bmp1-04937","outputs":[["l",["a",["b",0],["b",4]],["t",["a",["b",1],["b",5]],["a",["b",3],["a",["b",1],["b",5]]],["a",["a",["a",["b",2],["b",6]],["b",1]],["b",0]]]]]}
{"id":"bmp1-04938","outputs":[["l",["l",["s"],["a",["b",1],["b",0]]],["t",["l",["s"],["a",["b",2],["b",0]]],["a",["b",2],["l",["s"],["a",["b",2],["b",0]]]],["a",["a",["l",["s"],["a",["b",3],["b",0]]],["b",1]],["b",0]]]]]}
{"id":"bmp1-04939","outputs":[["l",["t",["s"],["b",1],["a",["b",1],["b",0]]],["t",["t",["s"],["b",2],["a",["b",2],["b",0]]],["a",["b",2],["t",["s"],["b",2],["a",["b",2],["b",0]]]],["a",["a",["t",["s"],["b",3],["a",["b",3],["b",0]]],["b",1]],["b",0]]]]]}
{"id":"bmp1-04940","outputs":[["l",["b",0],["t",["b",1],["a",["b",2],["b",1]],["a",["a",["b",2],["b",1]],["b",0]]]]]}
{"id":"bmp1-04941","outputs":[["l",["a",["b",0],["b",2]],["t",["a",["b",1],["b",3]],["a",["b",1],["a",["b",1],["b",3]]],["a",["a",["a",["b",2],["b",4]],["b",1]],["b",0]]]]]}
{"id":"bmp1-04942","outputs":[["l",["l",["s"],["a",["b",1],["b",0]]],["t",["l",["s"],["a",["b",2],["b",0]]],["a",["b",0],["l",["s"],["a",["b",2],["b",0]]]],["a",["a",["l",["s"],["a",["b",3],["b",0]]],["b",1]],["b",0]]]]]}
{"id":"bmp1-04943","outputs":[["l",["t",["s"],["b",3],["a",["b",1],["b",0]]],["t",["t",["s"],["b",4],["a",["b",2],["b",0]]],["a",["b",2],["t",["s"],["b",4],["a",["b",2],["b",0]]]],["a",["a",["t",["s"],["b",5],["a",["b",3],["b",0]]],["b",1]],["b",0]]]]]}
{"id":"bmp1-04944","outputs":[["l",["b",0],["t",["b",1],["a",["b",5],["b",1]],["a",["a",["b",2],["b",1]],["b",0]]]]]}
{"id":"bmp1-04945","outputs":[["l",["a",["b",0],["b",4]],["t",["a",["b",1],["b",5]],["a",["b",3],["a",["b",1],["b",5]]],["a",["a",["a",["b",2],["b",6]],["b",1]],["b",0]]]]]}
{"id":"bmp1-04946","outputs":[["l",["l",["s"],["a",["b",1],["b",0]]],["t",["l",["s"],["a",["b",2],["b",0]]],["a",["b",0],["l",["s"],["a",["b",2],["b",0]]]],["a",["a",["l",["s"],["a",["b",3],["b",0]]],["b",1]],["b",0]]]]]}
{"id":"bmp1-04947","outputs":[["l",["t",["s"],["b",1],["a",["b",1],["b",0]]],["t",["t",["s"],["b",2],["a",["b",2],["b",0]]],["a",["b",3],["t",["s"],["b",2],["a",["b",2],["b",0]]]],["a",["a",["t",["s"],["b",3],["a",["b",3],["b",0]]],["b",1]],["b",0]]]]]}
{"id":"bmp1-04948","outputs":[["l",["b",0],["t",["b",1],["a",["b",3],["b",1]],["a",["a",["b",2],["b",1]],["b",0]]]]]}
{"id":"bmp1-04949","outputs":[["l",["a",["b",0],["b",1]],["t",["a",["b",1],["b",2]],["a",["b",3],["a",["b",1],["b",2]]],["a",["a",["a",["b",2],["b",3]],["b",1]],["b",0]]]]]}
{"id":"bmp1-04950","outputs":[["l",["l",["s"],["a",["b",1],["b",0]]],["t",["l",["s"],["a",["b",2],["b",0]]],["a",["b",3],["l",["s"],["a",["b",2],["b",0]]]],["a",["a",["l",["s"],["a",["b",3],["b",0]]],["b",1]],["b",0]]]]]}
{"id":"bmp1-04951","outputs":[["l",["t",["s"],["b",0],["a",["b",1],["b",0]]],["t",["t",["s"],["b",1],["a",["b",2],["b",0]]],["a",["b",3],["t",["s"],["b",1],["a",["b",2],["b",0]]]],["a",["a",["t",["s"],["b",2],["a",["b",3],["b",0]]],["b",1]],["b",0]]]]]}
{"id":"bmp1-04952","outputs":[["l",["b",0],["t",["b",1],["a",["b",3],["b",1]],["a",["a",["b",2],["b",1]],["b",0]]]]]}
{"id":"bmp1-04953","outputs":[["l",["a",["b",0],["b",3]],["t",["a",["b",1],["b",4]],["a",["b",5],["a",["b",1],["b",4]]],["a",["a",["a",["b",2],["b",5]],["b",1]],["b",0]]]]]}
{"id":"bmp1-04954","outputs":[["l",["l",["s"],["a",["b",1],["b",0]]],["t",["l",["s"],["a",["b",2],["b",0]]],["a",["b",2],["l",["s"],["a",["b",2],["b",0]]]],["a",["a",["l",["s"],["a",["b",3],["b",0]]],["b",1]],["b",0]]]]]}
{"id":"bmp1-04955","outputs":[["l",["t",["s"],["b",0],["a",["b",1],["b",0]]],["t",["t",["s"],["b",1],["a",["b",2],["b",0]]],["a",["b",1],["t",["s"],["b",1],["a",["b",2],["b",0]]]],["a",["a",["t",["s"],["b",2],["a",["b",3],["b",0]]],["b",1]],["b",0]]]]]}
{"id":"bmp1-04956","outputs":[["l",["b",0],["t",["b",1],["a",["b",3],["b",1]],["a",["a",["b",2],["b",1]],["b",0]]]]]}
{"id":"bmp1-04957","outputs":[["l",["a",["b",0],["b",2]],["t",["a",["b",1],["b",3]],["a",["b",2],["a",["b",1],["b",3]]],["a",["a",["a",["b",2],["b",4]],["b",1]],["b",0]]]]]}
{"id":"bmp1-04958","outputs":[["l",["l",["s"],["a",["b",1],["b",0]]],["t",["l",["s"],["a",["b",2],["b",0]]],["a",["b",2],["l",["s"],["a",["b",2],["b",0]]]],["a",["a",["l",["s"],["a",["b",3],["b",0]]],["b",1]],["b",0]]]]]}
{"id":"bmp1-04959","outputs":[["l",["t",["s"],["b",1],["a",["b",1],["b",0]]],["t",["t",["s"],["b",2],["a",["b",2],["b",0]]],["a",["b",1],["t",["s"],["b",2],["a",["b",2],["b",0]]]],["a",["a",["t",["s"],["b",3],["a",["b",3],["b",0]]],["b",1]],["b",0]]]]]}
{"id":"bmp1-04960","outputs":[["l",["b",0],["t",["b",1],["a",["b",0],["b",1]],["a",["a",["b",2],["b",1]],["b",0]]]]]}
{"id":"bmp1-04961","outputs":[["l",["a",["b",0],["b",1]],["t",["a",["b",1],["b",2]],["a",["b",2],["a",["b",1],["b",2]]],["a",["a",["a",["b",2],["b",3]],["b",1]],["b",0]]]]]}
{"id":"bmp1-04962","outputs":[["l",["l",["s"],["a",["b",1],["b",0]]],["t",["l",["s"],["a",["b",2],["b",0]]],["a",["b",3],["l",["s"],["a",["b",2],["b",0]]]],["a",["a",["l",["s"],["a",["b",3],["b",0]]],["b",1]],["b",0]]]]]}
{"id":"bmp1-04963","outputs":[["l",["t",["s"],["b",0],["a",["b",1],["b",0]]],["t",["t",["s"],["b",1],["a",["b",2],["b",0]]],["a",["b",1],["t",["s"],["b",1],["a",["b",2],["b",0]]]],["a",["a",["t",["s"],["b",2],["a",["b",3],["b",0]]],["b",1]],["b",0]]]]]}
{"id":"bmp1-04964","outputs":[["l",["b",0],["t",["b",1],["a",["b",0],["b",1]],["a",["a",["b",2],["b",1]],["b",0]]]]]}
{"id":"bmp1-04965","outputs":[["l",["a",["b",0],["b",3]],["t",["a",["b",1],["b",4]],["a",["b",1],["a",["b",1],["b",4]]],["a",["a",["a",["b",2],["b",5]],["b",1]],["b",0]]]]]}
{"id":"bmp1-04966","outputs":[["l",["l",["s"],["a",["b",1],["b",0]]],["t",["l",["s"],["a",["b",2],["b",0]]],["a",["b",0],["l",["s"],["a",["b",2],["b",0]]]],["a",["a",["l",["s"],["a",["b",3],["b",0]]],["b",1]],["b",0]]]]]}
{"id":"bmp1-04967","outputs":[["l",["t",["s"],["b",0],["a",["b",1],["b",0]]],["t",["t",["s"],["b",1],["a",["b",2],["b",0]]],["a",["b",2],["t",["s"],["b",1],["a",["b",2],["b",0]]]],["a",["a",["t",["s"],["b",2],["a",["b",3],["b",0]]],["b",1]],["b",0]]]]]}
{"id":"bmp1-04968","outputs":[["l",["b",0],["t",["b",1],["a",["b",4],["b",1]],["a",["a",["b",2],["b",1]],["b",0]]]]]}
{"id":"bmp1-04969","outputs":[["l",["a",["b",0],["b",0]],["t",["a",["b",1],["b",1]],["a",["b",3],["a",["b",1],["b",1]]],["a",["a",["a",["b",2],["b",2]],["b",1]],["b",0]]]]]}
{"id":"bmp1-04970","outputs":[["l",["l",["s"],["a",["b",1],["b",0]]],["t",["l",["s"],["a",["b",2],["b",0]]],["a",["b",4],["l",["s"],["a",["b",2],["b",0]]]],["a",["a",["l",["s"],["a",["b",3],["b",0]]],["b",1]],["b",0]]]]]}
{"id":"bmp1-04971","outputs":[["l",["t",["s"],["b",0],["a",["b",1],["b",0]]],["t",["t",["s"],["b",1],["a",["b",2],["b",0]]],["a",["b",1],["t",["s"],["b",1],["a",["b",2],["b",0]]]],["a",["a",["t",["s"],["b",2],["a",["b",3],["b",0]]],["b",1]],["b",0]]]]]}
{"id":"bmp1-04972","outputs":[["l",["b",0],["t",["b",1],["a",["b",2],["b",1]],["a",["a",["b",2],["b",1]],["b",0]]]]]}
{"id":"bmp1-04973","outputs":[["l",["a",["b",0],["b",0]],["t",["a",["b",1],["b",1]],["a",["b",2],["a",["b",1],["b",1]]],["a",["a",["a",["b",2],["b",2]],["b",1]],["b",0]]]]]}
{"id":"bmp1-04974","outputs":[["l",["l",["s"],["a",["b",1],["b",0]]],["t",["l",["s"],["a",["b",2],["b",0]]],["a",["b",0],["l",["s"],["a",["b",2],["b",0]]]],["a",["a",["l",["s"],["a",["b",3],["b",0]]],["b",1]],["b",0]]]]]}
{"id":"bmp1-04975","outputs":[["l",["t",["s"],["b",2],["a",["b",1],["b",0]]],["t",["t",["s"],["b",3],["a",["b",2],["b",0]]],["a",["b",2],["t",["s"],["b",3],["a",["b",2],["b",0]]]],["a",["a",["t",["s"],["b",4],["a",["b",3],["b",0]]],["b",1]],["b",0]]]]]}
{"id":"bmp1-04976","outputs":[["l",["b",0],["t",["b",1],["a",["b",3],["b",1]],["a",["a",["b",2],["b",1]],["b",0]]]]]}
{"id":"bmp1-04977","outputs":[["l",["a",["b",0],["b",0]],["t",["a",["b",1],["b",1]],["a",["b",4],["a",["b",1],["b",1]]],["a",["a",["a",["b",2],["b",2]],["b",1]],["b",0]]]]]}
{"id":"bmp1-04978","outputs":[["l",["l",["s"],["a",["b",1],["b",0]]],["t",["l",["s"],["a",["b",2],["b",0]]],["a",["b",0],["l",["s"],["a",["b",2],["b",0]]]],["a",["a",["l",["s"],["a",["b",3],["b",0]]],["b",1]],["b",0]]]]]}
{"id":"bmp1-04979","outputs":[["l",["t",["s"],["b",0],["a",["b",1],["b",0]]],["t",["t",["s"],["b",1],["a",["b",2],["b",0]]],["a",["b",1],["t",["s"],["b",1],["a",["b",2],["b",0]]]],["a",["a",["t",["s"],["b",2],["a",["b",3],["b",0]]],["b",1]],["b",0]]]]]}
{"id":"bmp1-04980","outputs":[["l",["b",0],["t",["b",1],["a",["b",4],["b",1]],["a",["a",["b",2],["b",1]],["b",0]]]]]}
{"id":"bmp1-04981","outputs":[["l",["a",["b",0],["b",1]],["t",["a",["b",1],["b",2]],["a",["b",3],["a",["b",1],["b",2]]],["a",["a",["a",["b",2],["b",3]],["b",1]],["b",0]]]]]}
{"id":"bmp1-04982","outputs":[["l",["l",["s"],["a",["b",1],["b",0]]],["t",["l",["s"],["a",["b",2],["b",0]]],["a",["b",0],["l",["s"],["a",["b",2],["b",0]]]],["a",["a",["l",["s"],["a",["b",3],["b",0]]],["b",1]],["b",0]]]]]}
{"id":"bmp1-04983","outputs":[["l",["t",["s"],["b",2],["a",["b",1],["b",0]]],["t",["t",["s"],["b",3],["a",["b",2],["b",0]]],["a",["b",3],["t",["s"],["b",3],["a",["b",2],["b",0]]]],["a",["a",["t",["s"],["b",4],["a",["b",3],["b",0]]],["b",1]],["b",0]]]]]}
{"id":"bmp1-04984","outputs":[["l",["b",0],["t",["b",1],["a",["b",5],["b",1]],["a",["a",["b",2],["b",1]],["b",0]]]]]}
{"id":"bmp1-04985","outputs":[["l",["a",["b",0],["b",1]],["t",["a",["b",1],["b",2]],["a",["b",1],["a",["b",1],["b",2]]],["a",["a",["a",["b",2],["b",3]],["b",1]],["b",0]]]]]}
{"id":"bmp1-04986","outputs":[["l",["l",["s"],["a",["b",1],["b",0]]],["t",["l",["s"],["a",["b",2],["b",0]]],["a",["b",2],["l",["s"],["a",["b",2],["b",0]]]],["a",["a",["l",["s"],["a",["b",3],["b",0]]],["b",1]],["b",0]]]]]}
{"id":"bmp1-04987","outputs":[["l",["t",["s"],["b",1],["a",["b",1],["b",0]]],["t",["t",["s"],["b",2],["a",["b",2],["b",0]]],["a",["b",1],["t",["s"],["b",2],["a",["b",2],["b",0]]]],["a",["a",["t",["s"],["b",3],["a",["b",3],["b",0]]],["b",1]],["b",0]]]]]}
{"id":"bmp1-04988","outputs":[["l",["b",0],["t",["b",1],["a",["b",2],["b",1]],["a",["a",["b",2],["b",1]],["b",0]]]]]}
{"id":"bmp1-04989","outputs":[["l",["a",["b",0],["b",1]],["t",["a",["b",1],["b",2]],["a",["b",3],["a",["b",1],["b",2]]],["a",["a",["a",["b",2],["b",3]],["b",1]],["b",0]]]]]}
{"id":"bmp1-04990","outputs":[["l",["l",["s"],["a",["b",1],["b",0]]],["t",["l",["s"],["a",["b",2],["b",0]]],["a",["b",2],["l",["s"],["a",["b",2],["b",0]]]],["a",["a",["l",["s"],["a",["b",3],["b",0]]],["b",1]],["b",0]]]]]}
{"id":"bmp1-04991","outputs":[["l",["t",["s"],["b",2],["a",["b",1],["b",0]]],["t",["t",["s"],["b",3],["a",["b",2],["b",0]]],["a",["b",1],["t",["s"],["b",3],["a",["b",2],["b",0]]]],["a",["a",["t",["s"],["b",4],["a",["b",3],["b",0]]],["b",1]],["b",0]]]]]}
{"id":"bmp1-04992","outputs":[["l",["b",0],["t",["b",1],["a",["b",0],["b",1]],["a",["a",["b",2],["b",1]],["b",0]]]]]}
{"id":"bmp1-04993","outputs":[["l",["a",["b",0],["b",2]],["t",["a",["b",1],["b",3]],["a",["b",1],["a",["b",1],["b",3]]],["a",["a",["a",["b",2],["b",4]],["b",1]],["b",0]]]]]}
{"id":"bmp1-04994","outputs":[["l",["l",["s"],["a",["b",1],["b",0]]],["t",["l",["s"],["a",["b",2],["b",0]]],["a",["b",3],["l",["s"],["a",["b",2],["b",0]]]],["a",["a",["l",["s"],["a",["b",3],["b",0]]],["b",1]],["b",0]]]]]}
{"id":"bmp1-04995","outputs":[["l",["t",["s"],["b",2],["a",["b",1],["b",0]]],["t",["t",["s"],["b",3],["a",["b",2],["b",0]]],["a",["b",3],["t",["s"],["b",3],["a",["b",2],["b",0]]]],["a",["a",["t",["s"],["b",4],["a",["b",3],["b",0]]],["b",1]],["b",0]]]]]}
{"id":"bmp1-04996","outputs":[["l",["b",0],["t",["b",1],["a",["b",5],["b",1]],["a",["a",["b",2],["b",1]],["b",0]]]]]}
{"id":"bmp1-04997","outputs":[["l",["a",["b",0],["b",1]],["t",["a",["b",1],["b",2]],["a",["b",1],["a",["b",1],["b",2]]],["a",["a",["a",["b",2],["b",3]],["b",1]],["b",0]]]]]}
{"id":"bmp1-04998","outputs":[["l",["l",["s"],["a",["b",1],["b",0]]],["t",["l",["s"],["a",["b",2],["b",0]]],["a",["b",2],["l",["s"],["a",["b",2],["b",0]]]],["a",["a",["l",["s"],["a",["b",3],["b",0]]],["b",1]],["b",0]]]]]}
{"id":"bmp1-04999","outputs":[["l",["t",["s"],["b",3],["a",["b",1],["b",0]]],["t",["t",["s"],["b",4],["a",["b",2],["b",0]]],["a",["b",2],["t",["s"],["b",4],["a",["b",2],["b",0]]]],["a",["a",["t",["s"],["b",5],["a",["b",3],["b",0]]],["b",1]],["b",0]]]]]}
