PASS 0 ConLeche.Kernel.Name 0.348
PASS 1 ConLeche.Kernel.PropWhen 0.654
PASS 2 ConLeche.Kernel.Exclusive 0.196
PASS 3 ConLeche.Kernel.Expr 1.047
PASS 4 ConLeche.Kernel.Env 0.743
PASS 5 ConLeche.Kernel.Basis.Names 0.212
PASS 6 ConLeche.Kernel.Basis.Builder 0.206
PASS 7 ConLeche.Kernel.Basis.Eq 0.21
PASS 8 ConLeche.Kernel.Basis.Nat 0.21
PASS 9 ConLeche.Kernel.Basis.Empty 0.203
PASS 10 ConLeche.Kernel.Basis.False 0.206
PASS 11 ConLeche.Kernel.Basis.Quot 0.225
PASS 12 ConLeche.Kernel.Basis.And 0.22
PASS 13 ConLeche.Kernel.Canon 0.948
PASS 14 ConLeche.Kernel.Basis 0.205
PASS 15 ConLeche.Kernel.Level 2.645
PASS 16 ConLeche.Kernel.ExprOps 3.454
PASS 17 ConLeche.Kernel.PropRead 0.242
PASS 18 ConLeche.Kernel.CoreDefs 0.429
PASS 19 ConLeche.Kernel.Core 0.781
PASS 20 ConLeche.Kernel.TypeChecker 0.564
PASS 21 ConLeche.Kernel.BasisGen 1.215
PASS 22 ConLeche.Kernel.BasisA 0.809
PASS 23 ConLeche.Kernel.StdAxioms 1.367
PASS 24 ConLeche.Kernel.NatOpPinSet 0.218
PASS 25 ConLeche.PinGen.Dump 1.126
PASS 26 ConLeche.Kernel.NatOpPins 10.48
PASS 27 ConLeche.Kernel.Inductives.StructParts 1.057
PASS 28 ConLeche.Kernel.CheckerBase 0.906
PASS 29 ConLeche.Kernel.Inductives.FieldTele 0.531
PASS 30 ConLeche.Kernel.Inductives.Positivity 1.527
PASS 31 ConLeche.Complete.OfficialNested 0.346
PASS 32 ConLeche.Verify.Shift 0.794
PASS 33 ConLeche.Verify.Inductives.PosDeriv 0.447
PASS 34 ConLeche.Verify.Inductives.PosNodes 0.357
PASS 35 ConLeche.Verify.Inductives.PosDerivFun 0.52
PASS 36 ConLeche.Kernel.CoreIO 0.574
PASS 37 ConLeche.Verify.BetaGate 0.216
PASS 38 ConLeche.Verify.Knot 0.348
PASS 39 ConLeche.Verify.Abstract 0.612
PASS 40 ConLeche.Verify.Leaves 0.373
PASS 41 ConLeche.Verify.Subst 1.702
PASS 42 ConLeche.Verify.PairM 13.299
PASS 43 ConLeche.Verify.Mono 0.351
PASS 44 ConLeche.Verify.Level 0.697
PASS 45 ConLeche.Verify.PropWhen 0.3
PASS 46 ConLeche.Verify.InstLevels 0.309
PASS 47 ConLeche.Verify.EnvWF 0.419
PASS 48 ConLeche.Verify.StrLitExpr 0.245
PASS 49 ConLeche.Verify.InstList 0.258
PASS 50 ConLeche.Verify.InstSpine 0.279
PASS 51 ConLeche.Verify.InferLemmas 3.339
PASS 52 ConLeche.Verify.Inductives.ReplaceApps 0.766
PASS 53 ConLeche.Verify.Inductives.NestScope 0.373
PASS 54 ConLeche.Verify.PropRead 0.517
PASS 55 ConLeche.Verify.InferLeaves 0.871
PASS 56 ConLeche.Verify.InferIOLemmas 0.578
PASS 57 ConLeche.Verify.InferIOLeaves 0.363
PASS 58 ConLeche.Verify.Deep 5.182
PASS 59 ConLeche.Verify.Fueled 8.997
PASS 60 ConLeche.Kernel.TrustPins 0.225
PASS 61 ConLeche.Kernel.TrustAxioms 0.885
PASS 62 ConLeche.Kernel.Inductives.StructInstall 0.833
PASS 63 ConLeche.Kernel.Inductives.SumInstall 0.886
PASS 64 ConLeche.Kernel.Inductives.SumParts 0.264
PASS 65 ConLeche.Kernel.Inductives.BlockParts 0.416
PASS 66 ConLeche.Kernel.Inductives.BlockRec 0.212
PASS 67 ConLeche.Kernel.Inductives.BlockInstall 0.929
PASS 68 ConLeche.Kernel.Checker 0.946
PASS 69 ConLeche.Kernel.FEnv 0.265
PASS 70 ConLeche.Kernel.DeclCheck 1.26
PASS 71 ConLeche.Kernel.Inductives.StructInstallF 0.868
PASS 72 ConLeche.Kernel.Inductives.SumInstallF 0.923
PASS 73 ConLeche.Kernel.Inductives.BlockInstallF 0.951
PASS 74 ConLeche.Kernel.Inductives.RecCheck 1.323
PASS 75 ConLeche.Kernel.Inductives.ClassRead 0.289
PASS 76 ConLeche.Kernel.Inductives.GenRec 1.128
PASS 77 ConLeche.Kernel.Inductives.BlockTail 0.87
PASS 78 ConLeche.Kernel.CheckDecl 0.874
PASS 79 ConLeche.Verify.BridgeDecl 11.594
PASS 80 ConLeche.Verify.Inductives.NestedRuleSyn 0.371
PASS 81 ConLeche.Verify.BridgeWfImp 1.219
PASS 82 ConLeche.Verify.ExceptBind 0.204
PASS 83 ConLeche.Verify.FastOps 0.891
PASS 84 ConLeche.Verify.Inductives.DirectInv 1.284
PASS 85 ConLeche.Verify.Inductives.NestContInv 1.226
PASS 86 ConLeche.Verify.Inductives.UniformOcc 0.32
PASS 87 ConLeche.Verify.Inductives.PositivityInv 1.092
PASS 88 ConLeche.Verify.Inductives.HoleImg 0.327
PASS 89 ConLeche.Verify.Cached.Erase 0.222
PASS 90 ConLeche.Term.Syntax 0.324
PASS 91 ConLeche.Term.Subst 0.236
PASS 92 ConLeche.Verify.Denote.OpenVars 0.242
PASS 93 ConLeche.Term.Const 0.223
PASS 94 ConLeche.Verify.Denote 1.331
PASS 95 ConLeche.Verify.Denote.VClosed 0.304
PASS 96 ConLeche.Verify.Denote.Shift 1.013
PASS 97 ConLeche.Verify.Denote.TeleOpen 0.936
PASS 98 ConLeche.Verify.Denote.IndFrame 0.92
PASS 99 ConLeche.Verify.Inductives.PosDerivInv 1.446
PASS 100 ConLeche.Complete.PosDerivComplete 1.472
PASS 101 Tree2Bridge 4.034
PASS 102 Tree2TowerSupport 1.142
PASS 103 Tree2TowerCore 1.287
PASS 104 Tree2TowerNative 1.641
PASS 105 Tree2TowerWalk 1.569
PASS 106 Tree2TowerOfficial 1.526
PASS 107 Tree2TowerCorrespondence 1.447
FRESH CONFIRMATION SUCCESS
