PANIC at _private.Lean.Environment.0.Lean.EnvExtension.getStateImpl Lean.Environment:1375:4: invalid environment extension has been accessed
backtrace:
0   lean4lean                           0x0000000106803054 _ZN4leanL15print_backtraceEb + 60
1   lean4lean                           0x00000001067f9dd8 _ZN4leanL15lean_panic_implEPKcmb + 176
2   lean4lean                           0x00000001067f9ef4 lean_panic_fn_borrowed + 64
3   lean4lean                           0x0000000103a9af34 Lean.EnvExtension.getStateUnsafe [arity↓, private] + 2100
4   lean4lean                           0x00000001066bce60 Lean.ppExprWithInfos + 260
5   lean4lean                           0x0000000103d2b46c Lean.MessageData.ofExpr [λ] + 268
6   lean4lean                           0x00000001068087d8 <apply/2> + 3016
7   lean4lean                           0x0000000103d319c0 Lean.MessageData.formatAux + 424
8   lean4lean                           0x0000000103d3260c Lean.MessageData.formatAux + 3572
9   lean4lean                           0x0000000103d31de0 Lean.MessageData.formatAux + 1480
10  lean4lean                           0x0000000103d3260c Lean.MessageData.formatAux + 3572
11  lean4lean                           0x0000000103d325f8 Lean.MessageData.formatAux + 3552
12  lean4lean                           0x0000000103d325f8 Lean.MessageData.formatAux + 3552
13  lean4lean                           0x0000000103d32fd8 Lean.MessageData.toString + 28
14  lean4lean                           0x00000001004e2538 Lean4Lean.Replay.throwKernelException [arity↓] (lean4lean) + 2576
15  lean4lean                           0x00000001004e4fdc Lean4Lean.Replay.replayConstant [λ] (lean4lean) + 44
16  lean4lean                           0x00000001004e69d8 Lean4Lean.Replay.replayConstant (lean4lean) + 2556
17  lean4lean                           0x00000001004e7980 Std.DTreeMap.Internal.Impl.forInStep spec at Lean4Lean.Replay.replayConstants (lean4lean) + 456
18  lean4lean                           0x00000001004e791c Std.DTreeMap.Internal.Impl.forInStep spec at Lean4Lean.Replay.replayConstants (lean4lean) + 356
19  lean4lean                           0x00000001004e5ccc Lean4Lean.Replay.replayConstants (lean4lean) + 32
20  lean4lean                           0x00000001004e641c Lean4Lean.Replay.replayConstant (lean4lean) + 1088
21  lean4lean                           0x00000001004e7980 Std.DTreeMap.Internal.Impl.forInStep spec at Lean4Lean.Replay.replayConstants (lean4lean) + 456
22  lean4lean                           0x00000001004e5ccc Lean4Lean.Replay.replayConstants (lean4lean) + 32
23  lean4lean                           0x00000001004e641c Lean4Lean.Replay.replayConstant (lean4lean) + 1088
24  lean4lean                           0x00000001004e7980 Std.DTreeMap.Internal.Impl.forInStep spec at Lean4Lean.Replay.replayConstants (lean4lean) + 456
25  lean4lean                           0x00000001004e791c Std.DTreeMap.Internal.Impl.forInStep spec at Lean4Lean.Replay.replayConstants (lean4lean) + 356
26  lean4lean                           0x00000001004e5ccc Lean4Lean.Replay.replayConstants (lean4lean) + 32
27  lean4lean                           0x00000001004e641c Lean4Lean.Replay.replayConstant (lean4lean) + 1088
28  lean4lean                           0x00000001004e7980 Std.DTreeMap.Internal.Impl.forInStep spec at Lean4Lean.Replay.replayConstants (lean4lean) + 456
29  lean4lean                           0x00000001004e791c Std.DTreeMap.Internal.Impl.forInStep spec at Lean4Lean.Replay.replayConstants (lean4lean) + 356
30  lean4lean                           0x00000001004e5ccc Lean4Lean.Replay.replayConstants (lean4lean) + 32
31  lean4lean                           0x00000001004e641c Lean4Lean.Replay.replayConstant (lean4lean) + 1088
32  lean4lean                           0x00000001004e7980 Std.DTreeMap.Internal.Impl.forInStep spec at Lean4Lean.Replay.replayConstants (lean4lean) + 456
33  lean4lean                           0x00000001004e791c Std.DTreeMap.Internal.Impl.forInStep spec at Lean4Lean.Replay.replayConstants (lean4lean) + 356
34  lean4lean                           0x00000001004e791c Std.DTreeMap.Internal.Impl.forInStep spec at Lean4Lean.Replay.replayConstants (lean4lean) + 356
35  lean4lean                           0x00000001004ea300 Lean4Lean.Replay.replay (lean4lean) + 376
36  lean4lean                           0x000000010034e1ac [lean] main + 2572
37  lean4lean                           0x00000001067f7b80 _ZNSt3__110__function6__funcIZ13lean_run_mainE3$_0NS_9allocatorIS2_EEFvvEEclEv + 40
38  lean4lean                           0x00000001067f7708 _ZN4lean7lthread3imp5_mainEPv + 52
39  libsystem_pthread.dylib             0x000000018befbbc8 _pthread_start + 136
40  libsystem_pthread.dylib             0x000000018bef6b80 thread_start + 8
PANIC at _private.Lean.Environment.0.Lean.EnvExtension.getStateImpl Lean.Environment:1375:4: invalid environment extension has been accessed
backtrace:
0   lean4lean                           0x0000000106803054 _ZN4leanL15print_backtraceEb + 60
1   lean4lean                           0x00000001067f9dd8 _ZN4leanL15lean_panic_implEPKcmb + 176
2   lean4lean                           0x00000001067f9ef4 lean_panic_fn_borrowed + 64
3   lean4lean                           0x0000000103a9af34 Lean.EnvExtension.getStateUnsafe [arity↓, private] + 2100
4   lean4lean                           0x00000001066bce60 Lean.ppExprWithInfos + 260
5   lean4lean                           0x0000000103d2b46c Lean.MessageData.ofExpr [λ] + 268
6   lean4lean                           0x00000001068087d8 <apply/2> + 3016
7   lean4lean                           0x0000000103d319c0 Lean.MessageData.formatAux + 424
8   lean4lean                           0x0000000103d3260c Lean.MessageData.formatAux + 3572
9   lean4lean                           0x0000000103d31de0 Lean.MessageData.formatAux + 1480
10  lean4lean                           0x0000000103d3260c Lean.MessageData.formatAux + 3572
11  lean4lean                           0x0000000103d32fd8 Lean.MessageData.toString + 28
12  lean4lean                           0x00000001004e2538 Lean4Lean.Replay.throwKernelException [arity↓] (lean4lean) + 2576
13  lean4lean                           0x00000001004e4fdc Lean4Lean.Replay.replayConstant [λ] (lean4lean) + 44
14  lean4lean                           0x00000001004e69d8 Lean4Lean.Replay.replayConstant (lean4lean) + 2556
15  lean4lean                           0x00000001004e7980 Std.DTreeMap.Internal.Impl.forInStep spec at Lean4Lean.Replay.replayConstants (lean4lean) + 456
16  lean4lean                           0x00000001004e791c Std.DTreeMap.Internal.Impl.forInStep spec at Lean4Lean.Replay.replayConstants (lean4lean) + 356
17  lean4lean                           0x00000001004e5ccc Lean4Lean.Replay.replayConstants (lean4lean) + 32
18  lean4lean                           0x00000001004e641c Lean4Lean.Replay.replayConstant (lean4lean) + 1088
19  lean4lean                           0x00000001004e7980 Std.DTreeMap.Internal.Impl.forInStep spec at Lean4Lean.Replay.replayConstants (lean4lean) + 456
20  lean4lean                           0x00000001004e5ccc Lean4Lean.Replay.replayConstants (lean4lean) + 32
21  lean4lean                           0x00000001004e641c Lean4Lean.Replay.replayConstant (lean4lean) + 1088
22  lean4lean                           0x00000001004e7980 Std.DTreeMap.Internal.Impl.forInStep spec at Lean4Lean.Replay.replayConstants (lean4lean) + 456
23  lean4lean                           0x00000001004e791c Std.DTreeMap.Internal.Impl.forInStep spec at Lean4Lean.Replay.replayConstants (lean4lean) + 356
24  lean4lean                           0x00000001004e5ccc Lean4Lean.Replay.replayConstants (lean4lean) + 32
25  lean4lean                           0x00000001004e641c Lean4Lean.Replay.replayConstant (lean4lean) + 1088
26  lean4lean                           0x00000001004e7980 Std.DTreeMap.Internal.Impl.forInStep spec at Lean4Lean.Replay.replayConstants (lean4lean) + 456
27  lean4lean                           0x00000001004e791c Std.DTreeMap.Internal.Impl.forInStep spec at Lean4Lean.Replay.replayConstants (lean4lean) + 356
28  lean4lean                           0x00000001004e5ccc Lean4Lean.Replay.replayConstants (lean4lean) + 32
29  lean4lean                           0x00000001004e641c Lean4Lean.Replay.replayConstant (lean4lean) + 1088
30  lean4lean                           0x00000001004e7980 Std.DTreeMap.Internal.Impl.forInStep spec at Lean4Lean.Replay.replayConstants (lean4lean) + 456
31  lean4lean                           0x00000001004e791c Std.DTreeMap.Internal.Impl.forInStep spec at Lean4Lean.Replay.replayConstants (lean4lean) + 356
32  lean4lean                           0x00000001004e791c Std.DTreeMap.Internal.Impl.forInStep spec at Lean4Lean.Replay.replayConstants (lean4lean) + 356
33  lean4lean                           0x00000001004ea300 Lean4Lean.Replay.replay (lean4lean) + 376
34  lean4lean                           0x000000010034e1ac [lean] main + 2572
35  lean4lean                           0x00000001067f7b80 _ZNSt3__110__function6__funcIZ13lean_run_mainE3$_0NS_9allocatorIS2_EEFvvEEclEv + 40
36  lean4lean                           0x00000001067f7708 _ZN4lean7lthread3imp5_mainEPv + 52
37  libsystem_pthread.dylib             0x000000018befbbc8 _pthread_start + 136
38  libsystem_pthread.dylib             0x000000018bef6b80 thread_start + 8
uncaught exception: at PipelineCompleteness.d01: (kernel) declaration type mismatch, 'PipelineCompleteness.d01' has type
  [Error pretty printing expression: (`Inhabited.default` for `IO.Error`). Falling back to raw printer.]
  Type
but it is expected to have type
  [Error pretty printing expression: (`Inhabited.default` for `IO.Error`). Falling back to raw printer.]
  True
