{"id":"bmp1-03500","outputs":[["a",["l",["b",0],["a",["b",1],["b",0]]],["b",2]]]}
{"id":"bmp1-03501","outputs":[["a",["l",["a",["b",0],["b",3]],["a",["a",["b",1],["b",4]],["b",0]]],["b",0]]]}
{"id":"bmp1-03502","outputs":[["a",["l",["l",["s"],["a",["b",1],["b",0]]],["a",["l",["s"],["a",["b",2],["b",0]]],["b",0]]],["b",2]]]}
{"id":"bmp1-03503","outputs":[["a",["l",["t",["s"],["b",1],["a",["b",1],["b",0]]],["a",["t",["s"],["b",2],["a",["b",2],["b",0]]],["b",0]]],["b",0]]]}
{"id":"bmp1-03504","outputs":[["a",["l",["b",0],["a",["b",1],["b",0]]],["b",1]]]}
{"id":"bmp1-03505","outputs":[["a",["l",["a",["b",0],["b",1]],["a",["a",["b",1],["b",2]],["b",0]]],["b",2]]]}
{"id":"bmp1-03506","outputs":[["a",["l",["l",["s"],["a",["b",1],["b",0]]],["a",["l",["s"],["a",["b",2],["b",0]]],["b",0]]],["b",2]]]}
{"id":"bmp1-03507","outputs":[["a",["l",["t",["s"],["b",0],["a",["b",1],["b",0]]],["a",["t",["s"],["b",1],["a",["b",2],["b",0]]],["b",0]]],["b",3]]]}
{"id":"bmp1-03508","outputs":[["a",["l",["b",0],["a",["b",1],["b",0]]],["b",0]]]}
{"id":"bmp1-03509","outputs":[["a",["l",["a",["b",0],["b",0]],["a",["a",["b",1],["b",1]],["b",0]]],["b",1]]]}
{"id":"bmp1-03510","outputs":[["a",["l",["l",["s"],["a",["b",1],["b",0]]],["a",["l",["s"],["a",["b",2],["b",0]]],["b",0]]],["b",1]]]}
{"id":"bmp1-03511","outputs":[["a",["l",["t",["s"],["b",0],["a",["b",1],["b",0]]],["a",["t",["s"],["b",1],["a",["b",2],["b",0]]],["b",0]]],["b",1]]]}
{"id":"bmp1-03512","outputs":[["a",["l",["b",0],["a",["b",1],["b",0]]],["b",1]]]}
{"id":"bmp1-03513","outputs":[["a",["l",["a",["b",0],["b",1]],["a",["a",["b",1],["b",2]],["b",0]]],["b",0]]]}
{"id":"bmp1-03514","outputs":[["a",["l",["l",["s"],["a",["b",1],["b",0]]],["a",["l",["s"],["a",["b",2],["b",0]]],["b",0]]],["b",1]]]}
{"id":"bmp1-03515","outputs":[["a",["l",["t",["s"],["b",2],["a",["b",1],["b",0]]],["a",["t",["s"],["b",3],["a",["b",2],["b",0]]],["b",0]]],["b",2]]]}
{"id":"bmp1-03516","outputs":[["a",["l",["b",0],["a",["b",1],["b",0]]],["b",3]]]}
{"id":"bmp1-03517","outputs":[["a",["l",["a",["b",0],["b",1]],["a",["a",["b",1],["b",2]],["b",0]]],["b",3]]]}
{"id":"bmp1-03518","outputs":[["a",["l",["l",["s"],["a",["b",1],["b",0]]],["a",["l",["s"],["a",["b",2],["b",0]]],["b",0]]],["b",1]]]}
{"id":"bmp1-03519","outputs":[["a",["l",["t",["s"],["b",2],["a",["b",1],["b",0]]],["a",["t",["s"],["b",3],["a",["b",2],["b",0]]],["b",0]]],["b",1]]]}
{"id":"bmp1-03520","outputs":[["a",["l",["b",0],["a",["b",1],["b",0]]],["b",1]]]}
{"id":"bmp1-03521","outputs":[["a",["l",["a",["b",0],["b",0]],["a",["a",["b",1],["b",1]],["b",0]]],["b",0]]]}
{"id":"bmp1-03522","outputs":[["a",["l",["l",["s"],["a",["b",1],["b",0]]],["a",["l",["s"],["a",["b",2],["b",0]]],["b",0]]],["b",2]]]}
{"id":"bmp1-03523","outputs":[["a",["l",["t",["s"],["b",1],["a",["b",1],["b",0]]],["a",["t",["s"],["b",2],["a",["b",2],["b",0]]],["b",0]]],["b",1]]]}
{"id":"bmp1-03524","outputs":[["a",["l",["b",0],["a",["b",1],["b",0]]],["b",1]]]}
{"id":"bmp1-03525","outputs":[["a",["l",["a",["b",0],["b",0]],["a",["a",["b",1],["b",1]],["b",0]]],["b",2]]]}
{"id":"bmp1-03526","outputs":[["a",["l",["l",["s"],["a",["b",1],["b",0]]],["a",["l",["s"],["a",["b",2],["b",0]]],["b",0]]],["b",0]]]}
{"id":"bmp1-03527","outputs":[["a",["l",["t",["s"],["b",3],["a",["b",1],["b",0]]],["a",["t",["s"],["b",4],["a",["b",2],["b",0]]],["b",0]]],["b",1]]]}
{"id":"bmp1-03528","outputs":[["a",["l",["b",0],["a",["b",1],["b",0]]],["b",0]]]}
{"id":"bmp1-03529","outputs":[["a",["l",["a",["b",0],["b",0]],["a",["a",["b",1],["b",1]],["b",0]]],["b",2]]]}
{"id":"bmp1-03530","outputs":[["a",["l",["l",["s"],["a",["b",1],["b",0]]],["a",["l",["s"],["a",["b",2],["b",0]]],["b",0]]],["b",4]]]}
{"id":"bmp1-03531","outputs":[["a",["l",["t",["s"],["b",2],["a",["b",1],["b",0]]],["a",["t",["s"],["b",3],["a",["b",2],["b",0]]],["b",0]]],["b",1]]]}
{"id":"bmp1-03532","outputs":[["a",["l",["b",0],["a",["b",1],["b",0]]],["b",2]]]}
{"id":"bmp1-03533","outputs":[["a",["l",["a",["b",0],["b",2]],["a",["a",["b",1],["b",3]],["b",0]]],["b",4]]]}
{"id":"bmp1-03534","outputs":[["a",["l",["l",["s"],["a",["b",1],["b",0]]],["a",["l",["s"],["a",["b",2],["b",0]]],["b",0]]],["b",1]]]}
{"id":"bmp1-03535","outputs":[["a",["l",["t",["s"],["b",1],["a",["b",1],["b",0]]],["a",["t",["s"],["b",2],["a",["b",2],["b",0]]],["b",0]]],["b",0]]]}
{"id":"bmp1-03536","outputs":[["a",["l",["b",0],["a",["b",1],["b",0]]],["b",3]]]}
{"id":"bmp1-03537","outputs":[["a",["l",["a",["b",0],["b",0]],["a",["a",["b",1],["b",1]],["b",0]]],["b",0]]]}
{"id":"bmp1-03538","outputs":[["a",["l",["l",["s"],["a",["b",1],["b",0]]],["a",["l",["s"],["a",["b",2],["b",0]]],["b",0]]],["b",1]]]}
{"id":"bmp1-03539","outputs":[["a",["l",["t",["s"],["b",0],["a",["b",1],["b",0]]],["a",["t",["s"],["b",1],["a",["b",2],["b",0]]],["b",0]]],["b",3]]]}
{"id":"bmp1-03540","outputs":[["a",["l",["b",0],["a",["b",1],["b",0]]],["b",2]]]}
{"id":"bmp1-03541","outputs":[["a",["l",["a",["b",0],["b",1]],["a",["a",["b",1],["b",2]],["b",0]]],["b",1]]]}
{"id":"bmp1-03542","outputs":[["a",["l",["l",["s"],["a",["b",1],["b",0]]],["a",["l",["s"],["a",["b",2],["b",0]]],["b",0]]],["b",2]]]}
{"id":"bmp1-03543","outputs":[["a",["l",["t",["s"],["b",1],["a",["b",1],["b",0]]],["a",["t",["s"],["b",2],["a",["b",2],["b",0]]],["b",0]]],["b",0]]]}
{"id":"bmp1-03544","outputs":[["a",["l",["b",0],["a",["b",1],["b",0]]],["b",0]]]}
{"id":"bmp1-03545","outputs":[["a",["l",["a",["b",0],["b",4]],["a",["a",["b",1],["b",5]],["b",0]]],["b",1]]]}
{"id":"bmp1-03546","outputs":[["a",["l",["l",["s"],["a",["b",1],["b",0]]],["a",["l",["s"],["a",["b",2],["b",0]]],["b",0]]],["b",1]]]}
{"id":"bmp1-03547","outputs":[["a",["l",["t",["s"],["b",0],["a",["b",1],["b",0]]],["a",["t",["s"],["b",1],["a",["b",2],["b",0]]],["b",0]]],["b",0]]]}
{"id":"bmp1-03548","outputs":[["a",["l",["b",0],["a",["b",1],["b",0]]],["b",1]]]}
{"id":"bmp1-03549","outputs":[["a",["l",["a",["b",0],["b",1]],["a",["a",["b",1],["b",2]],["b",0]]],["b",1]]]}
{"id":"bmp1-03550","outputs":[["a",["l",["l",["s"],["a",["b",1],["b",0]]],["a",["l",["s"],["a",["b",2],["b",0]]],["b",0]]],["b",0]]]}
{"id":"bmp1-03551","outputs":[["a",["l",["t",["s"],["b",1],["a",["b",1],["b",0]]],["a",["t",["s"],["b",2],["a",["b",2],["b",0]]],["b",0]]],["b",3]]]}
{"id":"bmp1-03552","outputs":[["a",["l",["b",0],["a",["b",1],["b",0]]],["b",0]]]}
{"id":"bmp1-03553","outputs":[["a",["l",["a",["b",0],["b",1]],["a",["a",["b",1],["b",2]],["b",0]]],["b",0]]]}
{"id":"bmp1-03554","outputs":[["a",["l",["l",["s"],["a",["b",1],["b",0]]],["a",["l",["s"],["a",["b",2],["b",0]]],["b",0]]],["b",3]]]}
{"id":"bmp1-03555","outputs":[["a",["l",["t",["s"],["b",2],["a",["b",1],["b",0]]],["a",["t",["s"],["b",3],["a",["b",2],["b",0]]],["b",0]]],["b",2]]]}
{"id":"bmp1-03556","outputs":[["a",["l",["b",0],["a",["b",1],["b",0]]],["b",3]]]}
{"id":"bmp1-03557","outputs":[["a",["l",["a",["b",0],["b",0]],["a",["a",["b",1],["b",1]],["b",0]]],["b",2]]]}
{"id":"bmp1-03558","outputs":[["a",["l",["l",["s"],["a",["b",1],["b",0]]],["a",["l",["s"],["a",["b",2],["b",0]]],["b",0]]],["b",0]]]}
{"id":"bmp1-03559","outputs":[["a",["l",["t",["s"],["b",3],["a",["b",1],["b",0]]],["a",["t",["s"],["b",4],["a",["b",2],["b",0]]],["b",0]]],["b",0]]]}
{"id":"bmp1-03560","outputs":[["a",["l",["b",0],["a",["b",1],["b",0]]],["b",1]]]}
{"id":"bmp1-03561","outputs":[["a",["l",["a",["b",0],["b",0]],["a",["a",["b",1],["b",1]],["b",0]]],["b",0]]]}
{"id":"bmp1-03562","outputs":[["a",["l",["l",["s"],["a",["b",1],["b",0]]],["a",["l",["s"],["a",["b",2],["b",0]]],["b",0]]],["b",1]]]}
{"id":"bmp1-03563","outputs":[["a",["l",["t",["s"],["b",1],["a",["b",1],["b",0]]],["a",["t",["s"],["b",2],["a",["b",2],["b",0]]],["b",0]]],["b",1]]]}
{"id":"bmp1-03564","outputs":[["a",["l",["b",0],["a",["b",1],["b",0]]],["b",3]]]}
{"id":"bmp1-03565","outputs":[["a",["l",["a",["b",0],["b",0]],["a",["a",["b",1],["b",1]],["b",0]]],["b",1]]]}
{"id":"bmp1-03566","outputs":[["a",["l",["l",["s"],["a",["b",1],["b",0]]],["a",["l",["s"],["a",["b",2],["b",0]]],["b",0]]],["b",3]]]}
{"id":"bmp1-03567","outputs":[["a",["l",["t",["s"],["b",0],["a",["b",1],["b",0]]],["a",["t",["s"],["b",1],["a",["b",2],["b",0]]],["b",0]]],["b",0]]]}
{"id":"bmp1-03568","outputs":[["a",["l",["b",0],["a",["b",1],["b",0]]],["b",1]]]}
{"id":"bmp1-03569","outputs":[["a",["l",["a",["b",0],["b",2]],["a",["a",["b",1],["b",3]],["b",0]]],["b",2]]]}
{"id":"bmp1-03570","outputs":[["a",["l",["l",["s"],["a",["b",1],["b",0]]],["a",["l",["s"],["a",["b",2],["b",0]]],["b",0]]],["b",0]]]}
{"id":"bmp1-03571","outputs":[["a",["l",["t",["s"],["b",0],["a",["b",1],["b",0]]],["a",["t",["s"],["b",1],["a",["b",2],["b",0]]],["b",0]]],["b",2]]]}
{"id":"bmp1-03572","outputs":[["a",["l",["b",0],["a",["b",1],["b",0]]],["b",1]]]}
{"id":"bmp1-03573","outputs":[["a",["l",["a",["b",0],["b",1]],["a",["a",["b",1],["b",2]],["b",0]]],["b",1]]]}
{"id":"bmp1-03574","outputs":[["a",["l",["l",["s"],["a",["b",1],["b",0]]],["a",["l",["s"],["a",["b",2],["b",0]]],["b",0]]],["b",3]]]}
{"id":"bmp1-03575","outputs":[["a",["l",["t",["s"],["b",0],["a",["b",1],["b",0]]],["a",["t",["s"],["b",1],["a",["b",2],["b",0]]],["b",0]]],["b",3]]]}
{"id":"bmp1-03576","outputs":[["a",["l",["b",0],["a",["b",1],["b",0]]],["b",1]]]}
{"id":"bmp1-03577","outputs":[["a",["l",["a",["b",0],["b",2]],["a",["a",["b",1],["b",3]],["b",0]]],["b",1]]]}
{"id":"bmp1-03578","outputs":[["a",["l",["l",["s"],["a",["b",1],["b",0]]],["a",["l",["s"],["a",["b",2],["b",0]]],["b",0]]],["b",0]]]}
{"id":"bmp1-03579","outputs":[["a",["l",["t",["s"],["b",3],["a",["b",1],["b",0]]],["a",["t",["s"],["b",4],["a",["b",2],["b",0]]],["b",0]]],["b",1]]]}
{"id":"bmp1-03580","outputs":[["a",["l",["b",0],["a",["b",1],["b",0]]],["b",4]]]}
{"id":"bmp1-03581","outputs":[["a",["l",["a",["b",0],["b",1]],["a",["a",["b",1],["b",2]],["b",0]]],["b",1]]]}
{"id":"bmp1-03582","outputs":[["a",["l",["l",["s"],["a",["b",1],["b",0]]],["a",["l",["s"],["a",["b",2],["b",0]]],["b",0]]],["b",1]]]}
{"id":"bmp1-03583","outputs":[["a",["l",["t",["s"],["b",0],["a",["b",1],["b",0]]],["a",["t",["s"],["b",1],["a",["b",2],["b",0]]],["b",0]]],["b",4]]]}
{"id":"bmp1-03584","outputs":[["a",["l",["b",0],["a",["b",1],["b",0]]],["b",1]]]}
{"id":"bmp1-03585","outputs":[["a",["l",["a",["b",0],["b",0]],["a",["a",["b",1],["b",1]],["b",0]]],["b",3]]]}
{"id":"bmp1-03586","outputs":[["a",["l",["l",["s"],["a",["b",1],["b",0]]],["a",["l",["s"],["a",["b",2],["b",0]]],["b",0]]],["b",1]]]}
{"id":"bmp1-03587","outputs":[["a",["l",["t",["s"],["b",3],["a",["b",1],["b",0]]],["a",["t",["s"],["b",4],["a",["b",2],["b",0]]],["b",0]]],["b",1]]]}
{"id":"bmp1-03588","outputs":[["a",["l",["b",0],["a",["b",1],["b",0]]],["b",1]]]}
{"id":"bmp1-03589","outputs":[["a",["l",["a",["b",0],["b",0]],["a",["a",["b",1],["b",1]],["b",0]]],["b",0]]]}
{"id":"bmp1-03590","outputs":[["a",["l",["l",["s"],["a",["b",1],["b",0]]],["a",["l",["s"],["a",["b",2],["b",0]]],["b",0]]],["b",0]]]}
{"id":"bmp1-03591","outputs":[["a",["l",["t",["s"],["b",1],["a",["b",1],["b",0]]],["a",["t",["s"],["b",2],["a",["b",2],["b",0]]],["b",0]]],["b",1]]]}
{"id":"bmp1-03592","outputs":[["a",["l",["b",0],["a",["b",1],["b",0]]],["b",0]]]}
{"id":"bmp1-03593","outputs":[["a",["l",["a",["b",0],["b",1]],["a",["a",["b",1],["b",2]],["b",0]]],["b",0]]]}
{"id":"bmp1-03594","outputs":[["a",["l",["l",["s"],["a",["b",1],["b",0]]],["a",["l",["s"],["a",["b",2],["b",0]]],["b",0]]],["b",0]]]}
{"id":"bmp1-03595","outputs":[["a",["l",["t",["s"],["b",0],["a",["b",1],["b",0]]],["a",["t",["s"],["b",1],["a",["b",2],["b",0]]],["b",0]]],["b",1]]]}
{"id":"bmp1-03596","outputs":[["a",["l",["b",0],["a",["b",1],["b",0]]],["b",1]]]}
{"id":"bmp1-03597","outputs":[["a",["l",["a",["b",0],["b",0]],["a",["a",["b",1],["b",1]],["b",0]]],["b",1]]]}
{"id":"bmp1-03598","outputs":[["a",["l",["l",["s"],["a",["b",1],["b",0]]],["a",["l",["s"],["a",["b",2],["b",0]]],["b",0]]],["b",0]]]}
{"id":"bmp1-03599","outputs":[["a",["l",["t",["s"],["b",1],["a",["b",1],["b",0]]],["a",["t",["s"],["b",2],["a",["b",2],["b",0]]],["b",0]]],["b",1]]]}
{"id":"bmp1-03600","outputs":[["a",["l",["b",0],["a",["b",1],["b",0]]],["b",2]]]}
{"id":"bmp1-03601","outputs":[["a",["l",["a",["b",0],["b",1]],["a",["a",["b",1],["b",2]],["b",0]]],["b",1]]]}
{"id":"bmp1-03602","outputs":[["a",["l",["l",["s"],["a",["b",1],["b",0]]],["a",["l",["s"],["a",["b",2],["b",0]]],["b",0]]],["b",0]]]}
{"id":"bmp1-03603","outputs":[["a",["l",["t",["s"],["b",0],["a",["b",1],["b",0]]],["a",["t",["s"],["b",1],["a",["b",2],["b",0]]],["b",0]]],["b",1]]]}
{"id":"bmp1-03604","outputs":[["a",["l",["b",0],["a",["b",1],["b",0]]],["b",0]]]}
{"id":"bmp1-03605","outputs":[["a",["l",["a",["b",0],["b",3]],["a",["a",["b",1],["b",4]],["b",0]]],["b",0]]]}
{"id":"bmp1-03606","outputs":[["a",["l",["l",["s"],["a",["b",1],["b",0]]],["a",["l",["s"],["a",["b",2],["b",0]]],["b",0]]],["b",1]]]}
{"id":"bmp1-03607","outputs":[["a",["l",["t",["s"],["b",0],["a",["b",1],["b",0]]],["a",["t",["s"],["b",1],["a",["b",2],["b",0]]],["b",0]]],["b",3]]]}
{"id":"bmp1-03608","outputs":[["a",["l",["b",0],["a",["b",1],["b",0]]],["b",0]]]}
{"id":"bmp1-03609","outputs":[["a",["l",["a",["b",0],["b",1]],["a",["a",["b",1],["b",2]],["b",0]]],["b",2]]]}
{"id":"bmp1-03610","outputs":[["a",["l",["l",["s"],["a",["b",1],["b",0]]],["a",["l",["s"],["a",["b",2],["b",0]]],["b",0]]],["b",1]]]}
{"id":"bmp1-03611","outputs":[["a",["l",["t",["s"],["b",3],["a",["b",1],["b",0]]],["a",["t",["s"],["b",4],["a",["b",2],["b",0]]],["b",0]]],["b",1]]]}
{"id":"bmp1-03612","outputs":[["a",["l",["b",0],["a",["b",1],["b",0]]],["b",0]]]}
{"id":"bmp1-03613","outputs":[["a",["l",["a",["b",0],["b",1]],["a",["a",["b",1],["b",2]],["b",0]]],["b",0]]]}
{"id":"bmp1-03614","outputs":[["a",["l",["l",["s"],["a",["b",1],["b",0]]],["a",["l",["s"],["a",["b",2],["b",0]]],["b",0]]],["b",0]]]}
{"id":"bmp1-03615","outputs":[["a",["l",["t",["s"],["b",1],["a",["b",1],["b",0]]],["a",["t",["s"],["b",2],["a",["b",2],["b",0]]],["b",0]]],["b",0]]]}
{"id":"bmp1-03616","outputs":[["a",["l",["b",0],["a",["b",1],["b",0]]],["b",1]]]}
{"id":"bmp1-03617","outputs":[["a",["l",["a",["b",0],["b",2]],["a",["a",["b",1],["b",3]],["b",0]]],["b",2]]]}
{"id":"bmp1-03618","outputs":[["a",["l",["l",["s"],["a",["b",1],["b",0]]],["a",["l",["s"],["a",["b",2],["b",0]]],["b",0]]],["b",1]]]}
{"id":"bmp1-03619","outputs":[["a",["l",["t",["s"],["b",1],["a",["b",1],["b",0]]],["a",["t",["s"],["b",2],["a",["b",2],["b",0]]],["b",0]]],["b",1]]]}
{"id":"bmp1-03620","outputs":[["a",["l",["b",0],["a",["b",1],["b",0]]],["b",4]]]}
{"id":"bmp1-03621","outputs":[["a",["l",["a",["b",0],["b",0]],["a",["a",["b",1],["b",1]],["b",0]]],["b",0]]]}
{"id":"bmp1-03622","outputs":[["a",["l",["l",["s"],["a",["b",1],["b",0]]],["a",["l",["s"],["a",["b",2],["b",0]]],["b",0]]],["b",4]]]}
{"id":"bmp1-03623","outputs":[["a",["l",["t",["s"],["b",2],["a",["b",1],["b",0]]],["a",["t",["s"],["b",3],["a",["b",2],["b",0]]],["b",0]]],["b",1]]]}
{"id":"bmp1-03624","outputs":[["a",["l",["b",0],["a",["b",1],["b",0]]],["b",1]]]}
{"id":"bmp1-03625","outputs":[["a",["l",["a",["b",0],["b",0]],["a",["a",["b",1],["b",1]],["b",0]]],["b",1]]]}
{"id":"bmp1-03626","outputs":[["a",["l",["l",["s"],["a",["b",1],["b",0]]],["a",["l",["s"],["a",["b",2],["b",0]]],["b",0]]],["b",1]]]}
{"id":"bmp1-03627","outputs":[["a",["l",["t",["s"],["b",0],["a",["b",1],["b",0]]],["a",["t",["s"],["b",1],["a",["b",2],["b",0]]],["b",0]]],["b",1]]]}
{"id":"bmp1-03628","outputs":[["a",["l",["b",0],["a",["b",1],["b",0]]],["b",1]]]}
{"id":"bmp1-03629","outputs":[["a",["l",["a",["b",0],["b",0]],["a",["a",["b",1],["b",1]],["b",0]]],["b",0]]]}
{"id":"bmp1-03630","outputs":[["a",["l",["l",["s"],["a",["b",1],["b",0]]],["a",["l",["s"],["a",["b",2],["b",0]]],["b",0]]],["b",0]]]}
{"id":"bmp1-03631","outputs":[["a",["l",["t",["s"],["b",1],["a",["b",1],["b",0]]],["a",["t",["s"],["b",2],["a",["b",2],["b",0]]],["b",0]]],["b",0]]]}
{"id":"bmp1-03632","outputs":[["a",["l",["b",0],["a",["b",1],["b",0]]],["b",3]]]}
{"id":"bmp1-03633","outputs":[["a",["l",["a",["b",0],["b",0]],["a",["a",["b",1],["b",1]],["b",0]]],["b",1]]]}
{"id":"bmp1-03634","outputs":[["a",["l",["l",["s"],["a",["b",1],["b",0]]],["a",["l",["s"],["a",["b",2],["b",0]]],["b",0]]],["b",1]]]}
{"id":"bmp1-03635","outputs":[["a",["l",["t",["s"],["b",1],["a",["b",1],["b",0]]],["a",["t",["s"],["b",2],["a",["b",2],["b",0]]],["b",0]]],["b",2]]]}
{"id":"bmp1-03636","outputs":[["a",["l",["b",0],["a",["b",1],["b",0]]],["b",1]]]}
{"id":"bmp1-03637","outputs":[["a",["l",["a",["b",0],["b",1]],["a",["a",["b",1],["b",2]],["b",0]]],["b",0]]]}
{"id":"bmp1-03638","outputs":[["a",["l",["l",["s"],["a",["b",1],["b",0]]],["a",["l",["s"],["a",["b",2],["b",0]]],["b",0]]],["b",1]]]}
{"id":"bmp1-03639","outputs":[["a",["l",["t",["s"],["b",1],["a",["b",1],["b",0]]],["a",["t",["s"],["b",2],["a",["b",2],["b",0]]],["b",0]]],["b",1]]]}
{"id":"bmp1-03640","outputs":[["a",["l",["b",0],["a",["b",1],["b",0]]],["b",2]]]}
{"id":"bmp1-03641","outputs":[["a",["l",["a",["b",0],["b",0]],["a",["a",["b",1],["b",1]],["b",0]]],["b",1]]]}
{"id":"bmp1-03642","outputs":[["a",["l",["l",["s"],["a",["b",1],["b",0]]],["a",["l",["s"],["a",["b",2],["b",0]]],["b",0]]],["b",0]]]}
{"id":"bmp1-03643","outputs":[["a",["l",["t",["s"],["b",1],["a",["b",1],["b",0]]],["a",["t",["s"],["b",2],["a",["b",2],["b",0]]],["b",0]]],["b",2]]]}
{"id":"bmp1-03644","outputs":[["a",["l",["b",0],["a",["b",1],["b",0]]],["b",0]]]}
{"id":"bmp1-03645","outputs":[["a",["l",["a",["b",0],["b",3]],["a",["a",["b",1],["b",4]],["b",0]]],["b",2]]]}
{"id":"bmp1-03646","outputs":[["a",["l",["l",["s"],["a",["b",1],["b",0]]],["a",["l",["s"],["a",["b",2],["b",0]]],["b",0]]],["b",0]]]}
{"id":"bmp1-03647","outputs":[["a",["l",["t",["s"],["b",1],["a",["b",1],["b",0]]],["a",["t",["s"],["b",2],["a",["b",2],["b",0]]],["b",0]]],["b",2]]]}
{"id":"bmp1-03648","outputs":[["a",["l",["b",0],["a",["b",1],["b",0]]],["b",0]]]}
{"id":"bmp1-03649","outputs":[["a",["l",["a",["b",0],["b",1]],["a",["a",["b",1],["b",2]],["b",0]]],["b",0]]]}
{"id":"bmp1-03650","outputs":[["a",["l",["l",["s"],["a",["b",1],["b",0]]],["a",["l",["s"],["a",["b",2],["b",0]]],["b",0]]],["b",2]]]}
{"id":"bmp1-03651","outputs":[["a",["l",["t",["s"],["b",0],["a",["b",1],["b",0]]],["a",["t",["s"],["b",1],["a",["b",2],["b",0]]],["b",0]]],["b",1]]]}
{"id":"bmp1-03652","outputs":[["a",["l",["b",0],["a",["b",1],["b",0]]],["b",3]]]}
{"id":"bmp1-03653","outputs":[["a",["l",["a",["b",0],["b",3]],["a",["a",["b",1],["b",4]],["b",0]]],["b",2]]]}
{"id":"bmp1-03654","outputs":[["a",["l",["l",["s"],["a",["b",1],["b",0]]],["a",["l",["s"],["a",["b",2],["b",0]]],["b",0]]],["b",4]]]}
{"id":"bmp1-03655","outputs":[["a",["l",["t",["s"],["b",0],["a",["b",1],["b",0]]],["a",["t",["s"],["b",1],["a",["b",2],["b",0]]],["b",0]]],["b",3]]]}
{"id":"bmp1-03656","outputs":[["a",["l",["b",0],["a",["b",1],["b",0]]],["b",0]]]}
{"id":"bmp1-03657","outputs":[["a",["l",["a",["b",0],["b",0]],["a",["a",["b",1],["b",1]],["b",0]]],["b",1]]]}
{"id":"bmp1-03658","outputs":[["a",["l",["l",["s"],["a",["b",1],["b",0]]],["a",["l",["s"],["a",["b",2],["b",0]]],["b",0]]],["b",0]]]}
{"id":"bmp1-03659","outputs":[["a",["l",["t",["s"],["b",3],["a",["b",1],["b",0]]],["a",["t",["s"],["b",4],["a",["b",2],["b",0]]],["b",0]]],["b",1]]]}
{"id":"bmp1-03660","outputs":[["a",["l",["b",0],["a",["b",1],["b",0]]],["b",1]]]}
{"id":"bmp1-03661","outputs":[["a",["l",["a",["b",0],["b",0]],["a",["a",["b",1],["b",1]],["b",0]]],["b",1]]]}
{"id":"bmp1-03662","outputs":[["a",["l",["l",["s"],["a",["b",1],["b",0]]],["a",["l",["s"],["a",["b",2],["b",0]]],["b",0]]],["b",1]]]}
{"id":"bmp1-03663","outputs":[["a",["l",["t",["s"],["b",3],["a",["b",1],["b",0]]],["a",["t",["s"],["b",4],["a",["b",2],["b",0]]],["b",0]]],["b",3]]]}
{"id":"bmp1-03664","outputs":[["a",["l",["b",0],["a",["b",1],["b",0]]],["b",0]]]}
{"id":"bmp1-03665","outputs":[["a",["l",["a",["b",0],["b",1]],["a",["a",["b",1],["b",2]],["b",0]]],["b",4]]]}
{"id":"bmp1-03666","outputs":[["a",["l",["l",["s"],["a",["b",1],["b",0]]],["a",["l",["s"],["a",["b",2],["b",0]]],["b",0]]],["b",2]]]}
{"id":"bmp1-03667","outputs":[["a",["l",["t",["s"],["b",1],["a",["b",1],["b",0]]],["a",["t",["s"],["b",2],["a",["b",2],["b",0]]],["b",0]]],["b",0]]]}
{"id":"bmp1-03668","outputs":[["a",["l",["b",0],["a",["b",1],["b",0]]],["b",0]]]}
{"id":"bmp1-03669","outputs":[["a",["l",["a",["b",0],["b",2]],["a",["a",["b",1],["b",3]],["b",0]]],["b",1]]]}
{"id":"bmp1-03670","outputs":[["a",["l",["l",["s"],["a",["b",1],["b",0]]],["a",["l",["s"],["a",["b",2],["b",0]]],["b",0]]],["b",0]]]}
{"id":"bmp1-03671","outputs":[["a",["l",["t",["s"],["b",4],["a",["b",1],["b",0]]],["a",["t",["s"],["b",5],["a",["b",2],["b",0]]],["b",0]]],["b",3]]]}
{"id":"bmp1-03672","outputs":[["a",["l",["b",0],["a",["b",1],["b",0]]],["b",2]]]}
{"id":"bmp1-03673","outputs":[["a",["l",["a",["b",0],["b",1]],["a",["a",["b",1],["b",2]],["b",0]]],["b",1]]]}
{"id":"bmp1-03674","outputs":[["a",["l",["l",["s"],["a",["b",1],["b",0]]],["a",["l",["s"],["a",["b",2],["b",0]]],["b",0]]],["b",2]]]}
{"id":"bmp1-03675","outputs":[["a",["l",["t",["s"],["b",1],["a",["b",1],["b",0]]],["a",["t",["s"],["b",2],["a",["b",2],["b",0]]],["b",0]]],["b",2]]]}
{"id":"bmp1-03676","outputs":[["a",["l",["b",0],["a",["b",1],["b",0]]],["b",0]]]}
{"id":"bmp1-03677","outputs":[["a",["l",["a",["b",0],["b",3]],["a",["a",["b",1],["b",4]],["b",0]]],["b",1]]]}
{"id":"bmp1-03678","outputs":[["a",["l",["l",["s"],["a",["b",1],["b",0]]],["a",["l",["s"],["a",["b",2],["b",0]]],["b",0]]],["b",2]]]}
{"id":"bmp1-03679","outputs":[["a",["l",["t",["s"],["b",1],["a",["b",1],["b",0]]],["a",["t",["s"],["b",2],["a",["b",2],["b",0]]],["b",0]]],["b",0]]]}
{"id":"bmp1-03680","outputs":[["a",["l",["b",0],["a",["b",1],["b",0]]],["b",1]]]}
{"id":"bmp1-03681","outputs":[["a",["l",["a",["b",0],["b",2]],["a",["a",["b",1],["b",3]],["b",0]]],["b",1]]]}
{"id":"bmp1-03682","outputs":[["a",["l",["l",["s"],["a",["b",1],["b",0]]],["a",["l",["s"],["a",["b",2],["b",0]]],["b",0]]],["b",4]]]}
{"id":"bmp1-03683","outputs":[["a",["l",["t",["s"],["b",1],["a",["b",1],["b",0]]],["a",["t",["s"],["b",2],["a",["b",2],["b",0]]],["b",0]]],["b",1]]]}
{"id":"bmp1-03684","outputs":[["a",["l",["b",0],["a",["b",1],["b",0]]],["b",0]]]}
{"id":"bmp1-03685","outputs":[["a",["l",["a",["b",0],["b",3]],["a",["a",["b",1],["b",4]],["b",0]]],["b",0]]]}
{"id":"bmp1-03686","outputs":[["a",["l",["l",["s"],["a",["b",1],["b",0]]],["a",["l",["s"],["a",["b",2],["b",0]]],["b",0]]],["b",3]]]}
{"id":"bmp1-03687","outputs":[["a",["l",["t",["s"],["b",1],["a",["b",1],["b",0]]],["a",["t",["s"],["b",2],["a",["b",2],["b",0]]],["b",0]]],["b",0]]]}
{"id":"bmp1-03688","outputs":[["a",["l",["b",0],["a",["b",1],["b",0]]],["b",1]]]}
{"id":"bmp1-03689","outputs":[["a",["l",["a",["b",0],["b",1]],["a",["a",["b",1],["b",2]],["b",0]]],["b",0]]]}
{"id":"bmp1-03690","outputs":[["a",["l",["l",["s"],["a",["b",1],["b",0]]],["a",["l",["s"],["a",["b",2],["b",0]]],["b",0]]],["b",0]]]}
{"id":"bmp1-03691","outputs":[["a",["l",["t",["s"],["b",2],["a",["b",1],["b",0]]],["a",["t",["s"],["b",3],["a",["b",2],["b",0]]],["b",0]]],["b",1]]]}
{"id":"bmp1-03692","outputs":[["a",["l",["b",0],["a",["b",1],["b",0]]],["b",1]]]}
{"id":"bmp1-03693","outputs":[["a",["l",["a",["b",0],["b",1]],["a",["a",["b",1],["b",2]],["b",0]]],["b",0]]]}
{"id":"bmp1-03694","outputs":[["a",["l",["l",["s"],["a",["b",1],["b",0]]],["a",["l",["s"],["a",["b",2],["b",0]]],["b",0]]],["b",0]]]}
{"id":"bmp1-03695","outputs":[["a",["l",["t",["s"],["b",4],["a",["b",1],["b",0]]],["a",["t",["s"],["b",5],["a",["b",2],["b",0]]],["b",0]]],["b",4]]]}
{"id":"bmp1-03696","outputs":[["a",["l",["b",0],["a",["b",1],["b",0]]],["b",1]]]}
{"id":"bmp1-03697","outputs":[["a",["l",["a",["b",0],["b",1]],["a",["a",["b",1],["b",2]],["b",0]]],["b",2]]]}
{"id":"bmp1-03698","outputs":[["a",["l",["l",["s"],["a",["b",1],["b",0]]],["a",["l",["s"],["a",["b",2],["b",0]]],["b",0]]],["b",0]]]}
{"id":"bmp1-03699","outputs":[["a",["l",["t",["s"],["b",2],["a",["b",1],["b",0]]],["a",["t",["s"],["b",3],["a",["b",2],["b",0]]],["b",0]]],["b",0]]]}
{"id":"bmp1-03700","outputs":[["a",["l",["b",0],["a",["b",1],["b",0]]],["b",0]]]}
{"id":"bmp1-03701","outputs":[["a",["l",["a",["b",0],["b",1]],["a",["a",["b",1],["b",2]],["b",0]]],["b",1]]]}
{"id":"bmp1-03702","outputs":[["a",["l",["l",["s"],["a",["b",1],["b",0]]],["a",["l",["s"],["a",["b",2],["b",0]]],["b",0]]],["b",1]]]}
{"id":"bmp1-03703","outputs":[["a",["l",["t",["s"],["b",1],["a",["b",1],["b",0]]],["a",["t",["s"],["b",2],["a",["b",2],["b",0]]],["b",0]]],["b",1]]]}
{"id":"bmp1-03704","outputs":[["a",["l",["b",0],["a",["b",1],["b",0]]],["b",1]]]}
{"id":"bmp1-03705","outputs":[["a",["l",["a",["b",0],["b",1]],["a",["a",["b",1],["b",2]],["b",0]]],["b",1]]]}
{"id":"bmp1-03706","outputs":[["a",["l",["l",["s"],["a",["b",1],["b",0]]],["a",["l",["s"],["a",["b",2],["b",0]]],["b",0]]],["b",4]]]}
{"id":"bmp1-03707","outputs":[["a",["l",["t",["s"],["b",2],["a",["b",1],["b",0]]],["a",["t",["s"],["b",3],["a",["b",2],["b",0]]],["b",0]]],["b",0]]]}
{"id":"bmp1-03708","outputs":[["a",["l",["b",0],["a",["b",1],["b",0]]],["b",2]]]}
{"id":"bmp1-03709","outputs":[["a",["l",["a",["b",0],["b",1]],["a",["a",["b",1],["b",2]],["b",0]]],["b",1]]]}
{"id":"bmp1-03710","outputs":[["a",["l",["l",["s"],["a",["b",1],["b",0]]],["a",["l",["s"],["a",["b",2],["b",0]]],["b",0]]],["b",0]]]}
{"id":"bmp1-03711","outputs":[["a",["l",["t",["s"],["b",2],["a",["b",1],["b",0]]],["a",["t",["s"],["b",3],["a",["b",2],["b",0]]],["b",0]]],["b",3]]]}
{"id":"bmp1-03712","outputs":[["a",["l",["b",0],["a",["b",1],["b",0]]],["b",1]]]}
{"id":"bmp1-03713","outputs":[["a",["l",["a",["b",0],["b",2]],["a",["a",["b",1],["b",3]],["b",0]]],["b",0]]]}
{"id":"bmp1-03714","outputs":[["a",["l",["l",["s"],["a",["b",1],["b",0]]],["a",["l",["s"],["a",["b",2],["b",0]]],["b",0]]],["b",1]]]}
{"id":"bmp1-03715","outputs":[["a",["l",["t",["s"],["b",3],["a",["b",1],["b",0]]],["a",["t",["s"],["b",4],["a",["b",2],["b",0]]],["b",0]]],["b",1]]]}
{"id":"bmp1-03716","outputs":[["a",["l",["b",0],["a",["b",1],["b",0]]],["b",0]]]}
{"id":"bmp1-03717","outputs":[["a",["l",["a",["b",0],["b",1]],["a",["a",["b",1],["b",2]],["b",0]]],["b",1]]]}
{"id":"bmp1-03718","outputs":[["a",["l",["l",["s"],["a",["b",1],["b",0]]],["a",["l",["s"],["a",["b",2],["b",0]]],["b",0]]],["b",2]]]}
{"id":"bmp1-03719","outputs":[["a",["l",["t",["s"],["b",2],["a",["b",1],["b",0]]],["a",["t",["s"],["b",3],["a",["b",2],["b",0]]],["b",0]]],["b",3]]]}
{"id":"bmp1-03720","outputs":[["a",["l",["b",0],["a",["b",1],["b",0]]],["b",0]]]}
{"id":"bmp1-03721","outputs":[["a",["l",["a",["b",0],["b",1]],["a",["a",["b",1],["b",2]],["b",0]]],["b",0]]]}
{"id":"bmp1-03722","outputs":[["a",["l",["l",["s"],["a",["b",1],["b",0]]],["a",["l",["s"],["a",["b",2],["b",0]]],["b",0]]],["b",0]]]}
{"id":"bmp1-03723","outputs":[["a",["l",["t",["s"],["b",0],["a",["b",1],["b",0]]],["a",["t",["s"],["b",1],["a",["b",2],["b",0]]],["b",0]]],["b",2]]]}
{"id":"bmp1-03724","outputs":[["a",["l",["b",0],["a",["b",1],["b",0]]],["b",1]]]}
{"id":"bmp1-03725","outputs":[["a",["l",["a",["b",0],["b",0]],["a",["a",["b",1],["b",1]],["b",0]]],["b",1]]]}
{"id":"bmp1-03726","outputs":[["a",["l",["l",["s"],["a",["b",1],["b",0]]],["a",["l",["s"],["a",["b",2],["b",0]]],["b",0]]],["b",0]]]}
{"id":"bmp1-03727","outputs":[["a",["l",["t",["s"],["b",1],["a",["b",1],["b",0]]],["a",["t",["s"],["b",2],["a",["b",2],["b",0]]],["b",0]]],["b",2]]]}
{"id":"bmp1-03728","outputs":[["a",["l",["b",0],["a",["b",1],["b",0]]],["b",1]]]}
{"id":"bmp1-03729","outputs":[["a",["l",["a",["b",0],["b",2]],["a",["a",["b",1],["b",3]],["b",0]]],["b",0]]]}
{"id":"bmp1-03730","outputs":[["a",["l",["l",["s"],["a",["b",1],["b",0]]],["a",["l",["s"],["a",["b",2],["b",0]]],["b",0]]],["b",1]]]}
{"id":"bmp1-03731","outputs":[["a",["l",["t",["s"],["b",2],["a",["b",1],["b",0]]],["a",["t",["s"],["b",3],["a",["b",2],["b",0]]],["b",0]]],["b",2]]]}
{"id":"bmp1-03732","outputs":[["a",["l",["b",0],["a",["b",1],["b",0]]],["b",1]]]}
{"id":"bmp1-03733","outputs":[["a",["l",["a",["b",0],["b",2]],["a",["a",["b",1],["b",3]],["b",0]]],["b",2]]]}
{"id":"bmp1-03734","outputs":[["a",["l",["l",["s"],["a",["b",1],["b",0]]],["a",["l",["s"],["a",["b",2],["b",0]]],["b",0]]],["b",0]]]}
{"id":"bmp1-03735","outputs":[["a",["l",["t",["s"],["b",4],["a",["b",1],["b",0]]],["a",["t",["s"],["b",5],["a",["b",2],["b",0]]],["b",0]]],["b",1]]]}
{"id":"bmp1-03736","outputs":[["a",["l",["b",0],["a",["b",1],["b",0]]],["b",2]]]}
{"id":"bmp1-03737","outputs":[["a",["l",["a",["b",0],["b",2]],["a",["a",["b",1],["b",3]],["b",0]]],["b",1]]]}
{"id":"bmp1-03738","outputs":[["a",["l",["l",["s"],["a",["b",1],["b",0]]],["a",["l",["s"],["a",["b",2],["b",0]]],["b",0]]],["b",3]]]}
{"id":"bmp1-03739","outputs":[["a",["l",["t",["s"],["b",1],["a",["b",1],["b",0]]],["a",["t",["s"],["b",2],["a",["b",2],["b",0]]],["b",0]]],["b",4]]]}
{"id":"bmp1-03740","outputs":[["a",["l",["b",0],["a",["b",1],["b",0]]],["b",3]]]}
{"id":"bmp1-03741","outputs":[["a",["l",["a",["b",0],["b",0]],["a",["a",["b",1],["b",1]],["b",0]]],["b",2]]]}
{"id":"bmp1-03742","outputs":[["a",["l",["l",["s"],["a",["b",1],["b",0]]],["a",["l",["s"],["a",["b",2],["b",0]]],["b",0]]],["b",0]]]}
{"id":"bmp1-03743","outputs":[["a",["l",["t",["s"],["b",2],["a",["b",1],["b",0]]],["a",["t",["s"],["b",3],["a",["b",2],["b",0]]],["b",0]]],["b",0]]]}
{"id":"bmp1-03744","outputs":[["a",["l",["b",0],["a",["b",1],["b",0]]],["b",1]]]}
{"id":"bmp1-03745","outputs":[["a",["l",["a",["b",0],["b",2]],["a",["a",["b",1],["b",3]],["b",0]]],["b",1]]]}
{"id":"bmp1-03746","outputs":[["a",["l",["l",["s"],["a",["b",1],["b",0]]],["a",["l",["s"],["a",["b",2],["b",0]]],["b",0]]],["b",0]]]}
{"id":"bmp1-03747","outputs":[["a",["l",["t",["s"],["b",1],["a",["b",1],["b",0]]],["a",["t",["s"],["b",2],["a",["b",2],["b",0]]],["b",0]]],["b",1]]]}
{"id":"bmp1-03748","outputs":[["a",["l",["b",0],["a",["b",1],["b",0]]],["b",1]]]}
{"id":"bmp1-03749","outputs":[["a",["l",["a",["b",0],["b",2]],["a",["a",["b",1],["b",3]],["b",0]]],["b",1]]]}
{"id":"bmp1-03750","outputs":[["a",["l",["l",["s"],["a",["b",1],["b",0]]],["a",["l",["s"],["a",["b",2],["b",0]]],["b",0]]],["b",1]]]}
{"id":"bmp1-03751","outputs":[["a",["l",["t",["s"],["b",0],["a",["b",1],["b",0]]],["a",["t",["s"],["b",1],["a",["b",2],["b",0]]],["b",0]]],["b",1]]]}
{"id":"bmp1-03752","outputs":[["a",["l",["b",0],["a",["b",1],["b",0]]],["b",2]]]}
{"id":"bmp1-03753","outputs":[["a",["l",["a",["b",0],["b",0]],["a",["a",["b",1],["b",1]],["b",0]]],["b",0]]]}
{"id":"bmp1-03754","outputs":[["a",["l",["l",["s"],["a",["b",1],["b",0]]],["a",["l",["s"],["a",["b",2],["b",0]]],["b",0]]],["b",2]]]}
{"id":"bmp1-03755","outputs":[["a",["l",["t",["s"],["b",0],["a",["b",1],["b",0]]],["a",["t",["s"],["b",1],["a",["b",2],["b",0]]],["b",0]]],["b",0]]]}
{"id":"bmp1-03756","outputs":[["a",["l",["b",0],["a",["b",1],["b",0]]],["b",0]]]}
{"id":"bmp1-03757","outputs":[["a",["l",["a",["b",0],["b",0]],["a",["a",["b",1],["b",1]],["b",0]]],["b",0]]]}
{"id":"bmp1-03758","outputs":[["a",["l",["l",["s"],["a",["b",1],["b",0]]],["a",["l",["s"],["a",["b",2],["b",0]]],["b",0]]],["b",3]]]}
{"id":"bmp1-03759","outputs":[["a",["l",["t",["s"],["b",1],["a",["b",1],["b",0]]],["a",["t",["s"],["b",2],["a",["b",2],["b",0]]],["b",0]]],["b",0]]]}
{"id":"bmp1-03760","outputs":[["a",["l",["b",0],["a",["b",1],["b",0]]],["b",0]]]}
{"id":"bmp1-03761","outputs":[["a",["l",["a",["b",0],["b",3]],["a",["a",["b",1],["b",4]],["b",0]]],["b",3]]]}
{"id":"bmp1-03762","outputs":[["a",["l",["l",["s"],["a",["b",1],["b",0]]],["a",["l",["s"],["a",["b",2],["b",0]]],["b",0]]],["b",0]]]}
{"id":"bmp1-03763","outputs":[["a",["l",["t",["s"],["b",3],["a",["b",1],["b",0]]],["a",["t",["s"],["b",4],["a",["b",2],["b",0]]],["b",0]]],["b",2]]]}
{"id":"bmp1-03764","outputs":[["a",["l",["b",0],["a",["b",1],["b",0]]],["b",1]]]}
{"id":"bmp1-03765","outputs":[["a",["l",["a",["b",0],["b",0]],["a",["a",["b",1],["b",1]],["b",0]]],["b",0]]]}
{"id":"bmp1-03766","outputs":[["a",["l",["l",["s"],["a",["b",1],["b",0]]],["a",["l",["s"],["a",["b",2],["b",0]]],["b",0]]],["b",1]]]}
{"id":"bmp1-03767","outputs":[["a",["l",["t",["s"],["b",3],["a",["b",1],["b",0]]],["a",["t",["s"],["b",4],["a",["b",2],["b",0]]],["b",0]]],["b",3]]]}
{"id":"bmp1-03768","outputs":[["a",["l",["b",0],["a",["b",1],["b",0]]],["b",4]]]}
{"id":"bmp1-03769","outputs":[["a",["l",["a",["b",0],["b",4]],["a",["a",["b",1],["b",5]],["b",0]]],["b",3]]]}
{"id":"bmp1-03770","outputs":[["a",["l",["l",["s"],["a",["b",1],["b",0]]],["a",["l",["s"],["a",["b",2],["b",0]]],["b",0]]],["b",0]]]}
{"id":"bmp1-03771","outputs":[["a",["l",["t",["s"],["b",2],["a",["b",1],["b",0]]],["a",["t",["s"],["b",3],["a",["b",2],["b",0]]],["b",0]]],["b",1]]]}
{"id":"bmp1-03772","outputs":[["a",["l",["b",0],["a",["b",1],["b",0]]],["b",1]]]}
{"id":"bmp1-03773","outputs":[["a",["l",["a",["b",0],["b",2]],["a",["a",["b",1],["b",3]],["b",0]]],["b",4]]]}
{"id":"bmp1-03774","outputs":[["a",["l",["l",["s"],["a",["b",1],["b",0]]],["a",["l",["s"],["a",["b",2],["b",0]]],["b",0]]],["b",2]]]}
{"id":"bmp1-03775","outputs":[["a",["l",["t",["s"],["b",0],["a",["b",1],["b",0]]],["a",["t",["s"],["b",1],["a",["b",2],["b",0]]],["b",0]]],["b",2]]]}
{"id":"bmp1-03776","outputs":[["a",["l",["b",0],["a",["b",1],["b",0]]],["b",1]]]}
{"id":"bmp1-03777","outputs":[["a",["l",["a",["b",0],["b",3]],["a",["a",["b",1],["b",4]],["b",0]]],["b",1]]]}
{"id":"bmp1-03778","outputs":[["a",["l",["l",["s"],["a",["b",1],["b",0]]],["a",["l",["s"],["a",["b",2],["b",0]]],["b",0]]],["b",2]]]}
{"id":"bmp1-03779","outputs":[["a",["l",["t",["s"],["b",1],["a",["b",1],["b",0]]],["a",["t",["s"],["b",2],["a",["b",2],["b",0]]],["b",0]]],["b",0]]]}
{"id":"bmp1-03780","outputs":[["a",["l",["b",0],["a",["b",1],["b",0]]],["b",2]]]}
{"id":"bmp1-03781","outputs":[["a",["l",["a",["b",0],["b",0]],["a",["a",["b",1],["b",1]],["b",0]]],["b",4]]]}
{"id":"bmp1-03782","outputs":[["a",["l",["l",["s"],["a",["b",1],["b",0]]],["a",["l",["s"],["a",["b",2],["b",0]]],["b",0]]],["b",1]]]}
{"id":"bmp1-03783","outputs":[["a",["l",["t",["s"],["b",0],["a",["b",1],["b",0]]],["a",["t",["s"],["b",1],["a",["b",2],["b",0]]],["b",0]]],["b",2]]]}
{"id":"bmp1-03784","outputs":[["a",["l",["b",0],["a",["b",1],["b",0]]],["b",0]]]}
{"id":"bmp1-03785","outputs":[["a",["l",["a",["b",0],["b",2]],["a",["a",["b",1],["b",3]],["b",0]]],["b",0]]]}
{"id":"bmp1-03786","outputs":[["a",["l",["l",["s"],["a",["b",1],["b",0]]],["a",["l",["s"],["a",["b",2],["b",0]]],["b",0]]],["b",0]]]}
{"id":"bmp1-03787","outputs":[["a",["l",["t",["s"],["b",0],["a",["b",1],["b",0]]],["a",["t",["s"],["b",1],["a",["b",2],["b",0]]],["b",0]]],["b",0]]]}
{"id":"bmp1-03788","outputs":[["a",["l",["b",0],["a",["b",1],["b",0]]],["b",0]]]}
{"id":"bmp1-03789","outputs":[["a",["l",["a",["b",0],["b",0]],["a",["a",["b",1],["b",1]],["b",0]]],["b",1]]]}
{"id":"bmp1-03790","outputs":[["a",["l",["l",["s"],["a",["b",1],["b",0]]],["a",["l",["s"],["a",["b",2],["b",0]]],["b",0]]],["b",0]]]}
{"id":"bmp1-03791","outputs":[["a",["l",["t",["s"],["b",3],["a",["b",1],["b",0]]],["a",["t",["s"],["b",4],["a",["b",2],["b",0]]],["b",0]]],["b",0]]]}
{"id":"bmp1-03792","outputs":[["a",["l",["b",0],["a",["b",1],["b",0]]],["b",2]]]}
{"id":"bmp1-03793","outputs":[["a",["l",["a",["b",0],["b",0]],["a",["a",["b",1],["b",1]],["b",0]]],["b",0]]]}
{"id":"bmp1-03794","outputs":[["a",["l",["l",["s"],["a",["b",1],["b",0]]],["a",["l",["s"],["a",["b",2],["b",0]]],["b",0]]],["b",3]]]}
{"id":"bmp1-03795","outputs":[["a",["l",["t",["s"],["b",3],["a",["b",1],["b",0]]],["a",["t",["s"],["b",4],["a",["b",2],["b",0]]],["b",0]]],["b",3]]]}
{"id":"bmp1-03796","outputs":[["a",["l",["b",0],["a",["b",1],["b",0]]],["b",2]]]}
{"id":"bmp1-03797","outputs":[["a",["l",["a",["b",0],["b",1]],["a",["a",["b",1],["b",2]],["b",0]]],["b",2]]]}
{"id":"bmp1-03798","outputs":[["a",["l",["l",["s"],["a",["b",1],["b",0]]],["a",["l",["s"],["a",["b",2],["b",0]]],["b",0]]],["b",3]]]}
{"id":"bmp1-03799","outputs":[["a",["l",["t",["s"],["b",0],["a",["b",1],["b",0]]],["a",["t",["s"],["b",1],["a",["b",2],["b",0]]],["b",0]]],["b",2]]]}
{"id":"bmp1-03800","outputs":[["a",["l",["b",0],["a",["b",1],["b",0]]],["b",2]]]}
{"id":"bmp1-03801","outputs":[["a",["l",["a",["b",0],["b",0]],["a",["a",["b",1],["b",1]],["b",0]]],["b",1]]]}
{"id":"bmp1-03802","outputs":[["a",["l",["l",["s"],["a",["b",1],["b",0]]],["a",["l",["s"],["a",["b",2],["b",0]]],["b",0]]],["b",4]]]}
{"id":"bmp1-03803","outputs":[["a",["l",["t",["s"],["b",2],["a",["b",1],["b",0]]],["a",["t",["s"],["b",3],["a",["b",2],["b",0]]],["b",0]]],["b",1]]]}
{"id":"bmp1-03804","outputs":[["a",["l",["b",0],["a",["b",1],["b",0]]],["b",1]]]}
{"id":"bmp1-03805","outputs":[["a",["l",["a",["b",0],["b",1]],["a",["a",["b",1],["b",2]],["b",0]]],["b",3]]]}
{"id":"bmp1-03806","outputs":[["a",["l",["l",["s"],["a",["b",1],["b",0]]],["a",["l",["s"],["a",["b",2],["b",0]]],["b",0]]],["b",2]]]}
{"id":"bmp1-03807","outputs":[["a",["l",["t",["s"],["b",3],["a",["b",1],["b",0]]],["a",["t",["s"],["b",4],["a",["b",2],["b",0]]],["b",0]]],["b",4]]]}
{"id":"bmp1-03808","outputs":[["a",["l",["b",0],["a",["b",1],["b",0]]],["b",2]]]}
{"id":"bmp1-03809","outputs":[["a",["l",["a",["b",0],["b",0]],["a",["a",["b",1],["b",1]],["b",0]]],["b",1]]]}
{"id":"bmp1-03810","outputs":[["a",["l",["l",["s"],["a",["b",1],["b",0]]],["a",["l",["s"],["a",["b",2],["b",0]]],["b",0]]],["b",1]]]}
{"id":"bmp1-03811","outputs":[["a",["l",["t",["s"],["b",1],["a",["b",1],["b",0]]],["a",["t",["s"],["b",2],["a",["b",2],["b",0]]],["b",0]]],["b",1]]]}
{"id":"bmp1-03812","outputs":[["a",["l",["b",0],["a",["b",1],["b",0]]],["b",4]]]}
{"id":"bmp1-03813","outputs":[["a",["l",["a",["b",0],["b",0]],["a",["a",["b",1],["b",1]],["b",0]]],["b",0]]]}
{"id":"bmp1-03814","outputs":[["a",["l",["l",["s"],["a",["b",1],["b",0]]],["a",["l",["s"],["a",["b",2],["b",0]]],["b",0]]],["b",1]]]}
{"id":"bmp1-03815","outputs":[["a",["l",["t",["s"],["b",2],["a",["b",1],["b",0]]],["a",["t",["s"],["b",3],["a",["b",2],["b",0]]],["b",0]]],["b",2]]]}
{"id":"bmp1-03816","outputs":[["a",["l",["b",0],["a",["b",1],["b",0]]],["b",2]]]}
{"id":"bmp1-03817","outputs":[["a",["l",["a",["b",0],["b",0]],["a",["a",["b",1],["b",1]],["b",0]]],["b",1]]]}
{"id":"bmp1-03818","outputs":[["a",["l",["l",["s"],["a",["b",1],["b",0]]],["a",["l",["s"],["a",["b",2],["b",0]]],["b",0]]],["b",2]]]}
{"id":"bmp1-03819","outputs":[["a",["l",["t",["s"],["b",0],["a",["b",1],["b",0]]],["a",["t",["s"],["b",1],["a",["b",2],["b",0]]],["b",0]]],["b",1]]]}
{"id":"bmp1-03820","outputs":[["a",["l",["b",0],["a",["b",1],["b",0]]],["b",4]]]}
{"id":"bmp1-03821","outputs":[["a",["l",["a",["b",0],["b",0]],["a",["a",["b",1],["b",1]],["b",0]]],["b",1]]]}
{"id":"bmp1-03822","outputs":[["a",["l",["l",["s"],["a",["b",1],["b",0]]],["a",["l",["s"],["a",["b",2],["b",0]]],["b",0]]],["b",0]]]}
{"id":"bmp1-03823","outputs":[["a",["l",["t",["s"],["b",3],["a",["b",1],["b",0]]],["a",["t",["s"],["b",4],["a",["b",2],["b",0]]],["b",0]]],["b",2]]]}
{"id":"bmp1-03824","outputs":[["a",["l",["b",0],["a",["b",1],["b",0]]],["b",1]]]}
{"id":"bmp1-03825","outputs":[["a",["l",["a",["b",0],["b",0]],["a",["a",["b",1],["b",1]],["b",0]]],["b",1]]]}
{"id":"bmp1-03826","outputs":[["a",["l",["l",["s"],["a",["b",1],["b",0]]],["a",["l",["s"],["a",["b",2],["b",0]]],["b",0]]],["b",1]]]}
{"id":"bmp1-03827","outputs":[["a",["l",["t",["s"],["b",0],["a",["b",1],["b",0]]],["a",["t",["s"],["b",1],["a",["b",2],["b",0]]],["b",0]]],["b",1]]]}
{"id":"bmp1-03828","outputs":[["a",["l",["b",0],["a",["b",1],["b",0]]],["b",0]]]}
{"id":"bmp1-03829","outputs":[["a",["l",["a",["b",0],["b",3]],["a",["a",["b",1],["b",4]],["b",0]]],["b",0]]]}
{"id":"bmp1-03830","outputs":[["a",["l",["l",["s"],["a",["b",1],["b",0]]],["a",["l",["s"],["a",["b",2],["b",0]]],["b",0]]],["b",0]]]}
{"id":"bmp1-03831","outputs":[["a",["l",["t",["s"],["b",1],["a",["b",1],["b",0]]],["a",["t",["s"],["b",2],["a",["b",2],["b",0]]],["b",0]]],["b",0]]]}
{"id":"bmp1-03832","outputs":[["a",["l",["b",0],["a",["b",1],["b",0]]],["b",2]]]}
{"id":"bmp1-03833","outputs":[["a",["l",["a",["b",0],["b",2]],["a",["a",["b",1],["b",3]],["b",0]]],["b",1]]]}
{"id":"bmp1-03834","outputs":[["a",["l",["l",["s"],["a",["b",1],["b",0]]],["a",["l",["s"],["a",["b",2],["b",0]]],["b",0]]],["b",3]]]}
{"id":"bmp1-03835","outputs":[["a",["l",["t",["s"],["b",0],["a",["b",1],["b",0]]],["a",["t",["s"],["b",1],["a",["b",2],["b",0]]],["b",0]]],["b",1]]]}
{"id":"bmp1-03836","outputs":[["a",["l",["b",0],["a",["b",1],["b",0]]],["b",0]]]}
{"id":"bmp1-03837","outputs":[["a",["l",["a",["b",0],["b",1]],["a",["a",["b",1],["b",2]],["b",0]]],["b",1]]]}
{"id":"bmp1-03838","outputs":[["a",["l",["l",["s"],["a",["b",1],["b",0]]],["a",["l",["s"],["a",["b",2],["b",0]]],["b",0]]],["b",2]]]}
{"id":"bmp1-03839","outputs":[["a",["l",["t",["s"],["b",2],["a",["b",1],["b",0]]],["a",["t",["s"],["b",3],["a",["b",2],["b",0]]],["b",0]]],["b",2]]]}
{"id":"bmp1-03840","outputs":[["a",["l",["b",0],["a",["b",1],["b",0]]],["b",0]]]}
{"id":"bmp1-03841","outputs":[["a",["l",["a",["b",0],["b",1]],["a",["a",["b",1],["b",2]],["b",0]]],["b",2]]]}
{"id":"bmp1-03842","outputs":[["a",["l",["l",["s"],["a",["b",1],["b",0]]],["a",["l",["s"],["a",["b",2],["b",0]]],["b",0]]],["b",4]]]}
{"id":"bmp1-03843","outputs":[["a",["l",["t",["s"],["b",1],["a",["b",1],["b",0]]],["a",["t",["s"],["b",2],["a",["b",2],["b",0]]],["b",0]]],["b",1]]]}
{"id":"bmp1-03844","outputs":[["a",["l",["b",0],["a",["b",1],["b",0]]],["b",2]]]}
{"id":"bmp1-03845","outputs":[["a",["l",["a",["b",0],["b",0]],["a",["a",["b",1],["b",1]],["b",0]]],["b",1]]]}
{"id":"bmp1-03846","outputs":[["a",["l",["l",["s"],["a",["b",1],["b",0]]],["a",["l",["s"],["a",["b",2],["b",0]]],["b",0]]],["b",0]]]}
{"id":"bmp1-03847","outputs":[["a",["l",["t",["s"],["b",2],["a",["b",1],["b",0]]],["a",["t",["s"],["b",3],["a",["b",2],["b",0]]],["b",0]]],["b",3]]]}
{"id":"bmp1-03848","outputs":[["a",["l",["b",0],["a",["b",1],["b",0]]],["b",0]]]}
{"id":"bmp1-03849","outputs":[["a",["l",["a",["b",0],["b",2]],["a",["a",["b",1],["b",3]],["b",0]]],["b",1]]]}
{"id":"bmp1-03850","outputs":[["a",["l",["l",["s"],["a",["b",1],["b",0]]],["a",["l",["s"],["a",["b",2],["b",0]]],["b",0]]],["b",1]]]}
{"id":"bmp1-03851","outputs":[["a",["l",["t",["s"],["b",4],["a",["b",1],["b",0]]],["a",["t",["s"],["b",5],["a",["b",2],["b",0]]],["b",0]]],["b",4]]]}
{"id":"bmp1-03852","outputs":[["a",["l",["b",0],["a",["b",1],["b",0]]],["b",0]]]}
{"id":"bmp1-03853","outputs":[["a",["l",["a",["b",0],["b",2]],["a",["a",["b",1],["b",3]],["b",0]]],["b",2]]]}
{"id":"bmp1-03854","outputs":[["a",["l",["l",["s"],["a",["b",1],["b",0]]],["a",["l",["s"],["a",["b",2],["b",0]]],["b",0]]],["b",2]]]}
{"id":"bmp1-03855","outputs":[["a",["l",["t",["s"],["b",4],["a",["b",1],["b",0]]],["a",["t",["s"],["b",5],["a",["b",2],["b",0]]],["b",0]]],["b",2]]]}
{"id":"bmp1-03856","outputs":[["a",["l",["b",0],["a",["b",1],["b",0]]],["b",2]]]}
{"id":"bmp1-03857","outputs":[["a",["l",["a",["b",0],["b",2]],["a",["a",["b",1],["b",3]],["b",0]]],["b",1]]]}
{"id":"bmp1-03858","outputs":[["a",["l",["l",["s"],["a",["b",1],["b",0]]],["a",["l",["s"],["a",["b",2],["b",0]]],["b",0]]],["b",2]]]}
{"id":"bmp1-03859","outputs":[["a",["l",["t",["s"],["b",0],["a",["b",1],["b",0]]],["a",["t",["s"],["b",1],["a",["b",2],["b",0]]],["b",0]]],["b",1]]]}
{"id":"bmp1-03860","outputs":[["a",["l",["b",0],["a",["b",1],["b",0]]],["b",3]]]}
{"id":"bmp1-03861","outputs":[["a",["l",["a",["b",0],["b",0]],["a",["a",["b",1],["b",1]],["b",0]]],["b",2]]]}
{"id":"bmp1-03862","outputs":[["a",["l",["l",["s"],["a",["b",1],["b",0]]],["a",["l",["s"],["a",["b",2],["b",0]]],["b",0]]],["b",0]]]}
{"id":"bmp1-03863","outputs":[["a",["l",["t",["s"],["b",2],["a",["b",1],["b",0]]],["a",["t",["s"],["b",3],["a",["b",2],["b",0]]],["b",0]]],["b",2]]]}
{"id":"bmp1-03864","outputs":[["a",["l",["b",0],["a",["b",1],["b",0]]],["b",0]]]}
{"id":"bmp1-03865","outputs":[["a",["l",["a",["b",0],["b",0]],["a",["a",["b",1],["b",1]],["b",0]]],["b",3]]]}
{"id":"bmp1-03866","outputs":[["a",["l",["l",["s"],["a",["b",1],["b",0]]],["a",["l",["s"],["a",["b",2],["b",0]]],["b",0]]],["b",0]]]}
{"id":"bmp1-03867","outputs":[["a",["l",["t",["s"],["b",1],["a",["b",1],["b",0]]],["a",["t",["s"],["b",2],["a",["b",2],["b",0]]],["b",0]]],["b",1]]]}
{"id":"bmp1-03868","outputs":[["a",["l",["b",0],["a",["b",1],["b",0]]],["b",0]]]}
{"id":"bmp1-03869","outputs":[["a",["l",["a",["b",0],["b",3]],["a",["a",["b",1],["b",4]],["b",0]]],["b",1]]]}
{"id":"bmp1-03870","outputs":[["a",["l",["l",["s"],["a",["b",1],["b",0]]],["a",["l",["s"],["a",["b",2],["b",0]]],["b",0]]],["b",1]]]}
{"id":"bmp1-03871","outputs":[["a",["l",["t",["s"],["b",0],["a",["b",1],["b",0]]],["a",["t",["s"],["b",1],["a",["b",2],["b",0]]],["b",0]]],["b",0]]]}
{"id":"bmp1-03872","outputs":[["a",["l",["b",0],["a",["b",1],["b",0]]],["b",3]]]}
{"id":"bmp1-03873","outputs":[["a",["l",["a",["b",0],["b",1]],["a",["a",["b",1],["b",2]],["b",0]]],["b",1]]]}
{"id":"bmp1-03874","outputs":[["a",["l",["l",["s"],["a",["b",1],["b",0]]],["a",["l",["s"],["a",["b",2],["b",0]]],["b",0]]],["b",1]]]}
{"id":"bmp1-03875","outputs":[["a",["l",["t",["s"],["b",2],["a",["b",1],["b",0]]],["a",["t",["s"],["b",3],["a",["b",2],["b",0]]],["b",0]]],["b",1]]]}
{"id":"bmp1-03876","outputs":[["a",["l",["b",0],["a",["b",1],["b",0]]],["b",4]]]}
{"id":"bmp1-03877","outputs":[["a",["l",["a",["b",0],["b",1]],["a",["a",["b",1],["b",2]],["b",0]]],["b",1]]]}
{"id":"bmp1-03878","outputs":[["a",["l",["l",["s"],["a",["b",1],["b",0]]],["a",["l",["s"],["a",["b",2],["b",0]]],["b",0]]],["b",1]]]}
{"id":"bmp1-03879","outputs":[["a",["l",["t",["s"],["b",0],["a",["b",1],["b",0]]],["a",["t",["s"],["b",1],["a",["b",2],["b",0]]],["b",0]]],["b",1]]]}
{"id":"bmp1-03880","outputs":[["a",["l",["b",0],["a",["b",1],["b",0]]],["b",1]]]}
{"id":"bmp1-03881","outputs":[["a",["l",["a",["b",0],["b",0]],["a",["a",["b",1],["b",1]],["b",0]]],["b",3]]]}
{"id":"bmp1-03882","outputs":[["a",["l",["l",["s"],["a",["b",1],["b",0]]],["a",["l",["s"],["a",["b",2],["b",0]]],["b",0]]],["b",0]]]}
{"id":"bmp1-03883","outputs":[["a",["l",["t",["s"],["b",1],["a",["b",1],["b",0]]],["a",["t",["s"],["b",2],["a",["b",2],["b",0]]],["b",0]]],["b",3]]]}
{"id":"bmp1-03884","outputs":[["a",["l",["b",0],["a",["b",1],["b",0]]],["b",1]]]}
{"id":"bmp1-03885","outputs":[["a",["l",["a",["b",0],["b",1]],["a",["a",["b",1],["b",2]],["b",0]]],["b",0]]]}
{"id":"bmp1-03886","outputs":[["a",["l",["l",["s"],["a",["b",1],["b",0]]],["a",["l",["s"],["a",["b",2],["b",0]]],["b",0]]],["b",2]]]}
{"id":"bmp1-03887","outputs":[["a",["l",["t",["s"],["b",1],["a",["b",1],["b",0]]],["a",["t",["s"],["b",2],["a",["b",2],["b",0]]],["b",0]]],["b",1]]]}
{"id":"bmp1-03888","outputs":[["a",["l",["b",0],["a",["b",1],["b",0]]],["b",1]]]}
{"id":"bmp1-03889","outputs":[["a",["l",["a",["b",0],["b",4]],["a",["a",["b",1],["b",5]],["b",0]]],["b",1]]]}
{"id":"bmp1-03890","outputs":[["a",["l",["l",["s"],["a",["b",1],["b",0]]],["a",["l",["s"],["a",["b",2],["b",0]]],["b",0]]],["b",1]]]}
{"id":"bmp1-03891","outputs":[["a",["l",["t",["s"],["b",1],["a",["b",1],["b",0]]],["a",["t",["s"],["b",2],["a",["b",2],["b",0]]],["b",0]]],["b",0]]]}
{"id":"bmp1-03892","outputs":[["a",["l",["b",0],["a",["b",1],["b",0]]],["b",2]]]}
{"id":"bmp1-03893","outputs":[["a",["l",["a",["b",0],["b",2]],["a",["a",["b",1],["b",3]],["b",0]]],["b",2]]]}
{"id":"bmp1-03894","outputs":[["a",["l",["l",["s"],["a",["b",1],["b",0]]],["a",["l",["s"],["a",["b",2],["b",0]]],["b",0]]],["b",1]]]}
{"id":"bmp1-03895","outputs":[["a",["l",["t",["s"],["b",1],["a",["b",1],["b",0]]],["a",["t",["s"],["b",2],["a",["b",2],["b",0]]],["b",0]]],["b",0]]]}
{"id":"bmp1-03896","outputs":[["a",["l",["b",0],["a",["b",1],["b",0]]],["b",0]]]}
{"id":"bmp1-03897","outputs":[["a",["l",["a",["b",0],["b",0]],["a",["a",["b",1],["b",1]],["b",0]]],["b",0]]]}
{"id":"bmp1-03898","outputs":[["a",["l",["l",["s"],["a",["b",1],["b",0]]],["a",["l",["s"],["a",["b",2],["b",0]]],["b",0]]],["b",0]]]}
{"id":"bmp1-03899","outputs":[["a",["l",["t",["s"],["b",0],["a",["b",1],["b",0]]],["a",["t",["s"],["b",1],["a",["b",2],["b",0]]],["b",0]]],["b",0]]]}
{"id":"bmp1-03900","outputs":[["a",["l",["b",0],["a",["b",1],["b",0]]],["b",2]]]}
{"id":"bmp1-03901","outputs":[["a",["l",["a",["b",0],["b",1]],["a",["a",["b",1],["b",2]],["b",0]]],["b",4]]]}
{"id":"bmp1-03902","outputs":[["a",["l",["l",["s"],["a",["b",1],["b",0]]],["a",["l",["s"],["a",["b",2],["b",0]]],["b",0]]],["b",2]]]}
{"id":"bmp1-03903","outputs":[["a",["l",["t",["s"],["b",0],["a",["b",1],["b",0]]],["a",["t",["s"],["b",1],["a",["b",2],["b",0]]],["b",0]]],["b",0]]]}
{"id":"bmp1-03904","outputs":[["a",["l",["b",0],["a",["b",1],["b",0]]],["b",0]]]}
{"id":"bmp1-03905","outputs":[["a",["l",["a",["b",0],["b",1]],["a",["a",["b",1],["b",2]],["b",0]]],["b",4]]]}
{"id":"bmp1-03906","outputs":[["a",["l",["l",["s"],["a",["b",1],["b",0]]],["a",["l",["s"],["a",["b",2],["b",0]]],["b",0]]],["b",0]]]}
{"id":"bmp1-03907","outputs":[["a",["l",["t",["s"],["b",0],["a",["b",1],["b",0]]],["a",["t",["s"],["b",1],["a",["b",2],["b",0]]],["b",0]]],["b",1]]]}
{"id":"bmp1-03908","outputs":[["a",["l",["b",0],["a",["b",1],["b",0]]],["b",0]]]}
{"id":"bmp1-03909","outputs":[["a",["l",["a",["b",0],["b",3]],["a",["a",["b",1],["b",4]],["b",0]]],["b",1]]]}
{"id":"bmp1-03910","outputs":[["a",["l",["l",["s"],["a",["b",1],["b",0]]],["a",["l",["s"],["a",["b",2],["b",0]]],["b",0]]],["b",0]]]}
{"id":"bmp1-03911","outputs":[["a",["l",["t",["s"],["b",3],["a",["b",1],["b",0]]],["a",["t",["s"],["b",4],["a",["b",2],["b",0]]],["b",0]]],["b",3]]]}
{"id":"bmp1-03912","outputs":[["a",["l",["b",0],["a",["b",1],["b",0]]],["b",0]]]}
{"id":"bmp1-03913","outputs":[["a",["l",["a",["b",0],["b",0]],["a",["a",["b",1],["b",1]],["b",0]]],["b",1]]]}
{"id":"bmp1-03914","outputs":[["a",["l",["l",["s"],["a",["b",1],["b",0]]],["a",["l",["s"],["a",["b",2],["b",0]]],["b",0]]],["b",3]]]}
{"id":"bmp1-03915","outputs":[["a",["l",["t",["s"],["b",4],["a",["b",1],["b",0]]],["a",["t",["s"],["b",5],["a",["b",2],["b",0]]],["b",0]]],["b",1]]]}
{"id":"bmp1-03916","outputs":[["a",["l",["b",0],["a",["b",1],["b",0]]],["b",0]]]}
{"id":"bmp1-03917","outputs":[["a",["l",["a",["b",0],["b",0]],["a",["a",["b",1],["b",1]],["b",0]]],["b",0]]]}
{"id":"bmp1-03918","outputs":[["a",["l",["l",["s"],["a",["b",1],["b",0]]],["a",["l",["s"],["a",["b",2],["b",0]]],["b",0]]],["b",1]]]}
{"id":"bmp1-03919","outputs":[["a",["l",["t",["s"],["b",0],["a",["b",1],["b",0]]],["a",["t",["s"],["b",1],["a",["b",2],["b",0]]],["b",0]]],["b",4]]]}
{"id":"bmp1-03920","outputs":[["a",["l",["b",0],["a",["b",1],["b",0]]],["b",1]]]}
{"id":"bmp1-03921","outputs":[["a",["l",["a",["b",0],["b",0]],["a",["a",["b",1],["b",1]],["b",0]]],["b",0]]]}
{"id":"bmp1-03922","outputs":[["a",["l",["l",["s"],["a",["b",1],["b",0]]],["a",["l",["s"],["a",["b",2],["b",0]]],["b",0]]],["b",1]]]}
{"id":"bmp1-03923","outputs":[["a",["l",["t",["s"],["b",2],["a",["b",1],["b",0]]],["a",["t",["s"],["b",3],["a",["b",2],["b",0]]],["b",0]]],["b",1]]]}
{"id":"bmp1-03924","outputs":[["a",["l",["b",0],["a",["b",1],["b",0]]],["b",1]]]}
{"id":"bmp1-03925","outputs":[["a",["l",["a",["b",0],["b",1]],["a",["a",["b",1],["b",2]],["b",0]]],["b",3]]]}
{"id":"bmp1-03926","outputs":[["a",["l",["l",["s"],["a",["b",1],["b",0]]],["a",["l",["s"],["a",["b",2],["b",0]]],["b",0]]],["b",0]]]}
{"id":"bmp1-03927","outputs":[["a",["l",["t",["s"],["b",1],["a",["b",1],["b",0]]],["a",["t",["s"],["b",2],["a",["b",2],["b",0]]],["b",0]]],["b",4]]]}
{"id":"bmp1-03928","outputs":[["a",["l",["b",0],["a",["b",1],["b",0]]],["b",1]]]}
{"id":"bmp1-03929","outputs":[["a",["l",["a",["b",0],["b",2]],["a",["a",["b",1],["b",3]],["b",0]]],["b",0]]]}
{"id":"bmp1-03930","outputs":[["a",["l",["l",["s"],["a",["b",1],["b",0]]],["a",["l",["s"],["a",["b",2],["b",0]]],["b",0]]],["b",1]]]}
{"id":"bmp1-03931","outputs":[["a",["l",["t",["s"],["b",1],["a",["b",1],["b",0]]],["a",["t",["s"],["b",2],["a",["b",2],["b",0]]],["b",0]]],["b",1]]]}
{"id":"bmp1-03932","outputs":[["a",["l",["b",0],["a",["b",1],["b",0]]],["b",3]]]}
{"id":"bmp1-03933","outputs":[["a",["l",["a",["b",0],["b",2]],["a",["a",["b",1],["b",3]],["b",0]]],["b",2]]]}
{"id":"bmp1-03934","outputs":[["a",["l",["l",["s"],["a",["b",1],["b",0]]],["a",["l",["s"],["a",["b",2],["b",0]]],["b",0]]],["b",0]]]}
{"id":"bmp1-03935","outputs":[["a",["l",["t",["s"],["b",0],["a",["b",1],["b",0]]],["a",["t",["s"],["b",1],["a",["b",2],["b",0]]],["b",0]]],["b",0]]]}
{"id":"bmp1-03936","outputs":[["a",["l",["b",0],["a",["b",1],["b",0]]],["b",0]]]}
{"id":"bmp1-03937","outputs":[["a",["l",["a",["b",0],["b",0]],["a",["a",["b",1],["b",1]],["b",0]]],["b",1]]]}
{"id":"bmp1-03938","outputs":[["a",["l",["l",["s"],["a",["b",1],["b",0]]],["a",["l",["s"],["a",["b",2],["b",0]]],["b",0]]],["b",3]]]}
{"id":"bmp1-03939","outputs":[["a",["l",["t",["s"],["b",0],["a",["b",1],["b",0]]],["a",["t",["s"],["b",1],["a",["b",2],["b",0]]],["b",0]]],["b",2]]]}
{"id":"bmp1-03940","outputs":[["a",["l",["b",0],["a",["b",1],["b",0]]],["b",0]]]}
{"id":"bmp1-03941","outputs":[["a",["l",["a",["b",0],["b",3]],["a",["a",["b",1],["b",4]],["b",0]]],["b",0]]]}
{"id":"bmp1-03942","outputs":[["a",["l",["l",["s"],["a",["b",1],["b",0]]],["a",["l",["s"],["a",["b",2],["b",0]]],["b",0]]],["b",1]]]}
{"id":"bmp1-03943","outputs":[["a",["l",["t",["s"],["b",1],["a",["b",1],["b",0]]],["a",["t",["s"],["b",2],["a",["b",2],["b",0]]],["b",0]]],["b",3]]]}
{"id":"bmp1-03944","outputs":[["a",["l",["b",0],["a",["b",1],["b",0]]],["b",1]]]}
{"id":"bmp1-03945","outputs":[["a",["l",["a",["b",0],["b",2]],["a",["a",["b",1],["b",3]],["b",0]]],["b",0]]]}
{"id":"bmp1-03946","outputs":[["a",["l",["l",["s"],["a",["b",1],["b",0]]],["a",["l",["s"],["a",["b",2],["b",0]]],["b",0]]],["b",1]]]}
{"id":"bmp1-03947","outputs":[["a",["l",["t",["s"],["b",1],["a",["b",1],["b",0]]],["a",["t",["s"],["b",2],["a",["b",2],["b",0]]],["b",0]]],["b",3]]]}
{"id":"bmp1-03948","outputs":[["a",["l",["b",0],["a",["b",1],["b",0]]],["b",0]]]}
{"id":"bmp1-03949","outputs":[["a",["l",["a",["b",0],["b",0]],["a",["a",["b",1],["b",1]],["b",0]]],["b",0]]]}
{"id":"bmp1-03950","outputs":[["a",["l",["l",["s"],["a",["b",1],["b",0]]],["a",["l",["s"],["a",["b",2],["b",0]]],["b",0]]],["b",0]]]}
{"id":"bmp1-03951","outputs":[["a",["l",["t",["s"],["b",0],["a",["b",1],["b",0]]],["a",["t",["s"],["b",1],["a",["b",2],["b",0]]],["b",0]]],["b",1]]]}
{"id":"bmp1-03952","outputs":[["a",["l",["b",0],["a",["b",1],["b",0]]],["b",0]]]}
{"id":"bmp1-03953","outputs":[["a",["l",["a",["b",0],["b",1]],["a",["a",["b",1],["b",2]],["b",0]]],["b",0]]]}
{"id":"bmp1-03954","outputs":[["a",["l",["l",["s"],["a",["b",1],["b",0]]],["a",["l",["s"],["a",["b",2],["b",0]]],["b",0]]],["b",0]]]}
{"id":"bmp1-03955","outputs":[["a",["l",["t",["s"],["b",0],["a",["b",1],["b",0]]],["a",["t",["s"],["b",1],["a",["b",2],["b",0]]],["b",0]]],["b",2]]]}
{"id":"bmp1-03956","outputs":[["a",["l",["b",0],["a",["b",1],["b",0]]],["b",1]]]}
{"id":"bmp1-03957","outputs":[["a",["l",["a",["b",0],["b",3]],["a",["a",["b",1],["b",4]],["b",0]]],["b",1]]]}
{"id":"bmp1-03958","outputs":[["a",["l",["l",["s"],["a",["b",1],["b",0]]],["a",["l",["s"],["a",["b",2],["b",0]]],["b",0]]],["b",0]]]}
{"id":"bmp1-03959","outputs":[["a",["l",["t",["s"],["b",1],["a",["b",1],["b",0]]],["a",["t",["s"],["b",2],["a",["b",2],["b",0]]],["b",0]]],["b",2]]]}
{"id":"bmp1-03960","outputs":[["a",["l",["b",0],["a",["b",1],["b",0]]],["b",2]]]}
{"id":"bmp1-03961","outputs":[["a",["l",["a",["b",0],["b",1]],["a",["a",["b",1],["b",2]],["b",0]]],["b",0]]]}
{"id":"bmp1-03962","outputs":[["a",["l",["l",["s"],["a",["b",1],["b",0]]],["a",["l",["s"],["a",["b",2],["b",0]]],["b",0]]],["b",2]]]}
{"id":"bmp1-03963","outputs":[["a",["l",["t",["s"],["b",1],["a",["b",1],["b",0]]],["a",["t",["s"],["b",2],["a",["b",2],["b",0]]],["b",0]]],["b",1]]]}
{"id":"bmp1-03964","outputs":[["a",["l",["b",0],["a",["b",1],["b",0]]],["b",1]]]}
{"id":"bmp1-03965","outputs":[["a",["l",["a",["b",0],["b",1]],["a",["a",["b",1],["b",2]],["b",0]]],["b",0]]]}
{"id":"bmp1-03966","outputs":[["a",["l",["l",["s"],["a",["b",1],["b",0]]],["a",["l",["s"],["a",["b",2],["b",0]]],["b",0]]],["b",3]]]}
{"id":"bmp1-03967","outputs":[["a",["l",["t",["s"],["b",1],["a",["b",1],["b",0]]],["a",["t",["s"],["b",2],["a",["b",2],["b",0]]],["b",0]]],["b",2]]]}
{"id":"bmp1-03968","outputs":[["a",["l",["b",0],["a",["b",1],["b",0]]],["b",1]]]}
{"id":"bmp1-03969","outputs":[["a",["l",["a",["b",0],["b",1]],["a",["a",["b",1],["b",2]],["b",0]]],["b",1]]]}
{"id":"bmp1-03970","outputs":[["a",["l",["l",["s"],["a",["b",1],["b",0]]],["a",["l",["s"],["a",["b",2],["b",0]]],["b",0]]],["b",3]]]}
{"id":"bmp1-03971","outputs":[["a",["l",["t",["s"],["b",1],["a",["b",1],["b",0]]],["a",["t",["s"],["b",2],["a",["b",2],["b",0]]],["b",0]]],["b",0]]]}
{"id":"bmp1-03972","outputs":[["a",["l",["b",0],["a",["b",1],["b",0]]],["b",2]]]}
{"id":"bmp1-03973","outputs":[["a",["l",["a",["b",0],["b",0]],["a",["a",["b",1],["b",1]],["b",0]]],["b",0]]]}
{"id":"bmp1-03974","outputs":[["a",["l",["l",["s"],["a",["b",1],["b",0]]],["a",["l",["s"],["a",["b",2],["b",0]]],["b",0]]],["b",0]]]}
{"id":"bmp1-03975","outputs":[["a",["l",["t",["s"],["b",0],["a",["b",1],["b",0]]],["a",["t",["s"],["b",1],["a",["b",2],["b",0]]],["b",0]]],["b",0]]]}
{"id":"bmp1-03976","outputs":[["a",["l",["b",0],["a",["b",1],["b",0]]],["b",2]]]}
{"id":"bmp1-03977","outputs":[["a",["l",["a",["b",0],["b",4]],["a",["a",["b",1],["b",5]],["b",0]]],["b",3]]]}
{"id":"bmp1-03978","outputs":[["a",["l",["l",["s"],["a",["b",1],["b",0]]],["a",["l",["s"],["a",["b",2],["b",0]]],["b",0]]],["b",3]]]}
{"id":"bmp1-03979","outputs":[["a",["l",["t",["s"],["b",0],["a",["b",1],["b",0]]],["a",["t",["s"],["b",1],["a",["b",2],["b",0]]],["b",0]]],["b",1]]]}
{"id":"bmp1-03980","outputs":[["a",["l",["b",0],["a",["b",1],["b",0]]],["b",1]]]}
{"id":"bmp1-03981","outputs":[["a",["l",["a",["b",0],["b",1]],["a",["a",["b",1],["b",2]],["b",0]]],["b",0]]]}
{"id":"bmp1-03982","outputs":[["a",["l",["l",["s"],["a",["b",1],["b",0]]],["a",["l",["s"],["a",["b",2],["b",0]]],["b",0]]],["b",1]]]}
{"id":"bmp1-03983","outputs":[["a",["l",["t",["s"],["b",4],["a",["b",1],["b",0]]],["a",["t",["s"],["b",5],["a",["b",2],["b",0]]],["b",0]]],["b",1]]]}
{"id":"bmp1-03984","outputs":[["a",["l",["b",0],["a",["b",1],["b",0]]],["b",1]]]}
{"id":"bmp1-03985","outputs":[["a",["l",["a",["b",0],["b",3]],["a",["a",["b",1],["b",4]],["b",0]]],["b",2]]]}
{"id":"bmp1-03986","outputs":[["a",["l",["l",["s"],["a",["b",1],["b",0]]],["a",["l",["s"],["a",["b",2],["b",0]]],["b",0]]],["b",0]]]}
{"id":"bmp1-03987","outputs":[["a",["l",["t",["s"],["b",2],["a",["b",1],["b",0]]],["a",["t",["s"],["b",3],["a",["b",2],["b",0]]],["b",0]]],["b",2]]]}
{"id":"bmp1-03988","outputs":[["a",["l",["b",0],["a",["b",1],["b",0]]],["b",2]]]}
{"id":"bmp1-03989","outputs":[["a",["l",["a",["b",0],["b",1]],["a",["a",["b",1],["b",2]],["b",0]]],["b",0]]]}
{"id":"bmp1-03990","outputs":[["a",["l",["l",["s"],["a",["b",1],["b",0]]],["a",["l",["s"],["a",["b",2],["b",0]]],["b",0]]],["b",1]]]}
{"id":"bmp1-03991","outputs":[["a",["l",["t",["s"],["b",1],["a",["b",1],["b",0]]],["a",["t",["s"],["b",2],["a",["b",2],["b",0]]],["b",0]]],["b",1]]]}
{"id":"bmp1-03992","outputs":[["a",["l",["b",0],["a",["b",1],["b",0]]],["b",1]]]}
{"id":"bmp1-03993","outputs":[["a",["l",["a",["b",0],["b",2]],["a",["a",["b",1],["b",3]],["b",0]]],["b",2]]]}
{"id":"bmp1-03994","outputs":[["a",["l",["l",["s"],["a",["b",1],["b",0]]],["a",["l",["s"],["a",["b",2],["b",0]]],["b",0]]],["b",2]]]}
{"id":"bmp1-03995","outputs":[["a",["l",["t",["s"],["b",0],["a",["b",1],["b",0]]],["a",["t",["s"],["b",1],["a",["b",2],["b",0]]],["b",0]]],["b",1]]]}
{"id":"bmp1-03996","outputs":[["a",["l",["b",0],["a",["b",1],["b",0]]],["b",0]]]}
{"id":"bmp1-03997","outputs":[["a",["l",["a",["b",0],["b",4]],["a",["a",["b",1],["b",5]],["b",0]]],["b",4]]]}
{"id":"bmp1-03998","outputs":[["a",["l",["l",["s"],["a",["b",1],["b",0]]],["a",["l",["s"],["a",["b",2],["b",0]]],["b",0]]],["b",0]]]}
{"id":"bmp1-03999","outputs":[["a",["l",["t",["s"],["b",1],["a",["b",1],["b",0]]],["a",["t",["s"],["b",2],["a",["b",2],["b",0]]],["b",0]]],["b",0]]]}
