PANIC at _private.explorations.runs.«EXPLORE-LEAN-ETA-ADMISSION-1».«admission-cases».0.runCell explorations.runs.«EXPLORE-LEAN-ETA-ADMISSION-1».«admission-cases»:37:2: assertion violation: env.header.trustLevel == 0
  
backtrace:
/workspace/pr15373-payload/lean-4.36.0-pre-linux/bin/../lib/lean/libleanshared.so(+0x9776ac5) [0x7fbb039cbac5]
/workspace/pr15373-payload/lean-4.36.0-pre-linux/bin/../lib/lean/libleanshared.so(+0x976d697) [0x7fbb039c2697]
/workspace/pr15373-payload/lean-4.36.0-pre-linux/bin/../lib/lean/libleanshared.so(lean_panic_fn_borrowed+0x2b) [0x7fbb039c277b]
/workspace/pr15373-payload/lean-4.36.0-pre-linux/bin/../lib/lean/libleanshared.so(panic [boxed] spec at Lean.Meta.processGenDiseq+0x23) [0x7fbaff47ab23]
/workspace/pr15373-payload/lean-4.36.0-pre-linux/bin/../lib/lean/libleanshared.so(+0x975aaa3) [0x7fbb039afaa3]
/workspace/pr15373-payload/lean-4.36.0-pre-linux/bin/../lib/lean/libleanshared.so(+0x9758fb0) [0x7fbb039adfb0]
/workspace/pr15373-payload/lean-4.36.0-pre-linux/bin/../lib/lean/libleanshared.so(+0x975ac56) [0x7fbb039afc56]
/workspace/pr15373-payload/lean-4.36.0-pre-linux/bin/../lib/lean/libleanshared.so(+0x9758fb0) [0x7fbb039adfb0]
/workspace/pr15373-payload/lean-4.36.0-pre-linux/bin/../lib/lean/libleanshared.so(+0x975ac56) [0x7fbb039afc56]
/workspace/pr15373-payload/lean-4.36.0-pre-linux/bin/../lib/lean/libleanshared.so(+0x9758fb0) [0x7fbb039adfb0]
/workspace/pr15373-payload/lean-4.36.0-pre-linux/bin/../lib/lean/libleanshared.so(+0x975bdd1) [0x7fbb039b0dd1]
/workspace/pr15373-payload/lean-4.36.0-pre-linux/bin/../lib/lean/libleanshared.so(+0x975bb47) [0x7fbb039b0b47]
/workspace/pr15373-payload/lean-4.36.0-pre-linux/bin/../lib/lean/libleanshared.so(+0x975b91d) [0x7fbb039b091d]
/workspace/pr15373-payload/lean-4.36.0-pre-linux/bin/../lib/lean/libleanshared.so(<apply/7>+0xe7e) [0x7fbb039d9bfe]
/workspace/pr15373-payload/lean-4.36.0-pre-linux/bin/../lib/lean/libleanshared.so(Lean.Elab.withSavedPartialInfoContext [arity↓, private] spec at Lean.Elab.withSaveInfoContext spec at Lean.Elab.Command.liftTermElabM+0x147) [0x7fbaff774517]
/workspace/pr15373-payload/lean-4.36.0-pre-linux/bin/../lib/lean/libleanshared.so(Lean.Elab.Command.liftTermElabM [λ, arity↓]+0x38) [0x7fbaff774e78]
/workspace/pr15373-payload/lean-4.36.0-pre-linux/bin/../lib/lean/libleanshared.so(Lean.Elab.Command.liftTermElabM [boxed, λ, arity↓]+0x28) [0x7fbaff775248]
/workspace/pr15373-payload/lean-4.36.0-pre-linux/bin/../lib/lean/libleanshared.so(<apply/7>+0x941) [0x7fbb039d96c1]
/workspace/pr15373-payload/lean-4.36.0-pre-linux/bin/../lib/lean/libleanshared.so(Lean.Elab.Term.TermElabM.run [arity↓]+0x1f0) [0x7fbaff699e00]
/workspace/pr15373-payload/lean-4.36.0-pre-linux/bin/../lib/lean/libleanshared.so(Lean.Elab.Command.liftTermElabM [λ, arity↓]+0x42) [0x7fbaff7753a2]
/workspace/pr15373-payload/lean-4.36.0-pre-linux/bin/../lib/lean/libleanshared.so(Lean.Elab.Command.liftTermElabM [boxed, λ, arity↓]+0x1d) [0x7fbaff77555d]
/workspace/pr15373-payload/lean-4.36.0-pre-linux/bin/../lib/lean/libleanshared.so(<apply/3>+0xb5b) [0x7fbb039d337b]
/workspace/pr15373-payload/lean-4.36.0-pre-linux/bin/../lib/lean/libleanshared.so(Lean.Elab.Command.runCore [arity↓, private]+0xef5) [0x7fbaff6ee085]
/workspace/pr15373-payload/lean-4.36.0-pre-linux/bin/../lib/lean/libleanshared.so(Lean.Elab.Command.liftTermElabM [arity↓]+0x212) [0x7fbaff7757e2]
/workspace/pr15373-payload/lean-4.36.0-pre-linux/bin/../lib/lean/libleanshared.so(Lean.Elab.Command.liftTermElabM [boxed, arity↓]+0xf) [0x7fbaff775bff]
/workspace/pr15373-payload/lean-4.36.0-pre-linux/bin/../lib/lean/libleanshared.so(+0x975aaa3) [0x7fbb039afaa3]
/workspace/pr15373-payload/lean-4.36.0-pre-linux/bin/../lib/lean/libleanshared.so(+0x9758fb0) [0x7fbb039adfb0]
/workspace/pr15373-payload/lean-4.36.0-pre-linux/bin/../lib/lean/libleanshared.so(+0x975ac56) [0x7fbb039afc56]
/workspace/pr15373-payload/lean-4.36.0-pre-linux/bin/../lib/lean/libleanshared.so(+0x9758fb0) [0x7fbb039adfb0]
/workspace/pr15373-payload/lean-4.36.0-pre-linux/bin/../lib/lean/libleanshared.so(+0x975bdd1) [0x7fbb039b0dd1]
/workspace/pr15373-payload/lean-4.36.0-pre-linux/bin/../lib/lean/libleanshared.so(+0x9755737) [0x7fbb039aa737]
/workspace/pr15373-payload/lean-4.36.0-pre-linux/bin/../lib/lean/libleanshared.so(+0x975bb47) [0x7fbb039b0b47]
/workspace/pr15373-payload/lean-4.36.0-pre-linux/bin/../lib/lean/libleanshared.so(+0x975b759) [0x7fbb039b0759]
/workspace/pr15373-payload/lean-4.36.0-pre-linux/bin/../lib/lean/libleanshared.so(<apply/3>+0x970) [0x7fbb039d3190]
/workspace/pr15373-payload/lean-4.36.0-pre-linux/bin/../lib/lean/libleanshared.so(Lean.Elab.Command.elabEvalCoreUnsafe._elam_0 [λ, arity↓] spec at Lean.Elab.Command.elabEvalCoreUnsafe[λ] spec at Lean.Elab.Command.elabEvalCoreUnsafe+0x11) [0x7fbb03117a91]
/workspace/pr15373-payload/lean-4.36.0-pre-linux/bin/../lib/lean/libleanshared.so(<apply/3>+0xaf1) [0x7fbb039d3311]
/workspace/pr15373-payload/lean-4.36.0-pre-linux/bin/../lib/lean/libleanshared.so(Lean.Elab.Command.elabEvalCoreUnsafe [λ]+0x1a3) [0x7fbb03123903]
/workspace/pr15373-payload/lean-4.36.0-pre-linux/bin/../lib/lean/libleanshared.so(<apply/3>+0xaf1) [0x7fbb039d3311]
/workspace/pr15373-payload/lean-4.36.0-pre-linux/bin/../lib/lean/libleanshared.so(IO.withStderr [arity↓] spec at IO.FS.withIsolatedStreams spec at Lean.Elab.Command.elabEvalCoreUnsafe+0x52) [0x7fbb03124222]
/workspace/pr15373-payload/lean-4.36.0-pre-linux/bin/../lib/lean/libleanshared.so(IO.withStderr [boxed] spec at IO.FS.withIsolatedStreams spec at Lean.Elab.Command.elabEvalCoreUnsafe+0x1b) [0x7fbb0312459b]
/workspace/pr15373-payload/lean-4.36.0-pre-linux/bin/../lib/lean/libleanshared.so(<apply/3>+0x970) [0x7fbb039d3190]
/workspace/pr15373-payload/lean-4.36.0-pre-linux/bin/../lib/lean/libleanshared.so(IO.withStdout [arity↓] spec at IO.FS.withIsolatedStreams spec at Lean.Elab.Command.elabEvalCoreUnsafe+0x52) [0x7fbb03124702]
/workspace/pr15373-payload/lean-4.36.0-pre-linux/bin/../lib/lean/libleanshared.so(IO.withStdout [boxed] spec at IO.FS.withIsolatedStreams spec at Lean.Elab.Command.elabEvalCoreUnsafe+0x1b) [0x7fbb03124a7b]
/workspace/pr15373-payload/lean-4.36.0-pre-linux/bin/../lib/lean/libleanshared.so(<apply/3>+0x970) [0x7fbb039d3190]
/workspace/pr15373-payload/lean-4.36.0-pre-linux/bin/../lib/lean/libleanshared.so(IO.withStdin [arity↓] spec at IO.FS.withIsolatedStreams spec at Lean.Elab.Command.elabEvalCoreUnsafe+0x52) [0x7fbb03123dc2]
/workspace/pr15373-payload/lean-4.36.0-pre-linux/bin/../lib/lean/libleanshared.so(IO.FS.withIsolatedStreams [arity↓] spec at Lean.Elab.Command.elabEvalCoreUnsafe+0x106) [0x7fbb03124bd6]
/workspace/pr15373-payload/lean-4.36.0-pre-linux/bin/../lib/lean/libleanshared.so(Lean.Elab.Command.elabEvalCoreUnsafe+0x480) [0x7fbb03127490]
/workspace/pr15373-payload/lean-4.36.0-pre-linux/bin/../lib/lean/libleanshared.so(Lean.Elab.Command.elabRunMeta+0x4ae) [0x7fbb0312cfee]
/workspace/pr15373-payload/lean-4.36.0-pre-linux/bin/../lib/lean/libleanshared.so(Lean.Elab.Command.elabRunMeta [boxed]+0xf) [0x7fbb0312d3af]
/workspace/pr15373-payload/lean-4.36.0-pre-linux/bin/../lib/lean/libleanshared.so(<apply/3>+0xaf1) [0x7fbb039d3311]
/workspace/pr15373-payload/lean-4.36.0-pre-linux/bin/../lib/lean/libleanshared.so(Lean.Elab.withInfoTreeContext [arity↓] spec at Lean.Elab.Command.elabCommandUsing+0xcf) [0x7fbaff74f73f]
/workspace/pr15373-payload/lean-4.36.0-pre-linux/bin/../lib/lean/libleanshared.so(Lean.Elab.withInfoTreeContext [boxed] spec at Lean.Elab.Command.elabCommandUsing+0x1b) [0x7fbaff74fcdb]
/workspace/pr15373-payload/lean-4.36.0-pre-linux/bin/../lib/lean/libleanshared.so(<apply/3>+0x970) [0x7fbb039d3190]
/workspace/pr15373-payload/lean-4.36.0-pre-linux/bin/../lib/lean/libleanshared.so(Lean.Elab.Command.elabCommandUsing [private]+0x26e) [0x7fbaff75098e]
/workspace/pr15373-payload/lean-4.36.0-pre-linux/bin/../lib/lean/libleanshared.so(Lean.Elab.Command.elabCommand.go [boxed, λ, private]+0xf) [0x7fbaff76936f]
/workspace/pr15373-payload/lean-4.36.0-pre-linux/bin/../lib/lean/libleanshared.so(<apply/3>+0xb5b) [0x7fbb039d337b]
/workspace/pr15373-payload/lean-4.36.0-pre-linux/bin/../lib/lean/libleanshared.so(Lean.Elab.Command.elabCommand.go [λ, private]+0x46d) [0x7fbaff75317d]
/workspace/pr15373-payload/lean-4.36.0-pre-linux/bin/../lib/lean/libleanshared.so(Lean.Elab.Command.elabCommand.go [boxed, λ, private]+0xf) [0x7fbaff753b3f]
/workspace/pr15373-payload/lean-4.36.0-pre-linux/bin/../lib/lean/libleanshared.so(<apply/3>+0x8ff) [0x7fbb039d311f]
/workspace/pr15373-payload/lean-4.36.0-pre-linux/bin/../lib/lean/libleanshared.so(Lean.Elab.withLogging spec at Lean.Elab.Command.elabCommand.go+0x41) [0x7fbaff752b61]
/workspace/pr15373-payload/lean-4.36.0-pre-linux/bin/../lib/lean/libleanshared.so(Lean.Elab.Command.elabCommand+0x13) [0x7fbaff75bfa3]
/workspace/pr15373-payload/lean-4.36.0-pre-linux/bin/../lib/lean/libleanshared.so(Lean.Elab.Command.elabCommandTopLevel [λ]+0x47e) [0x7fbaff76dafe]
/workspace/pr15373-payload/lean-4.36.0-pre-linux/bin/../lib/lean/libleanshared.so(Lean.Elab.Command.elabCommandTopLevel [boxed, λ]+0xf) [0x7fbaff76e20f]
/workspace/pr15373-payload/lean-4.36.0-pre-linux/bin/../lib/lean/libleanshared.so(<apply/3>+0x970) [0x7fbb039d3190]
/workspace/pr15373-payload/lean-4.36.0-pre-linux/bin/../lib/lean/libleanshared.so(Lean.Elab.Command.withInitQuotContext+0x7da) [0x7fbaff76b76a]
/workspace/pr15373-payload/lean-4.36.0-pre-linux/bin/../lib/lean/libleanshared.so(Lean.Elab.Command.elabCommandTopLevel [λ]+0x72d) [0x7fbaff76e99d]
/workspace/pr15373-payload/lean-4.36.0-pre-linux/bin/../lib/lean/libleanshared.so(Lean.Elab.Command.elabCommandTopLevel [boxed, λ]+0x13) [0x7fbaff76ede3]
/workspace/pr15373-payload/lean-4.36.0-pre-linux/bin/../lib/lean/libleanshared.so(<apply/1>+0xba4) [0x7fbb039cf734]
/workspace/pr15373-payload/lean-4.36.0-pre-linux/bin/../lib/lean/libleanshared.so(Lean.profileitIOUnsafe [λ, arity↓]+0xb) [0x7fbafdf6d90b]
/workspace/pr15373-payload/lean-4.36.0-pre-linux/bin/../lib/lean/libleanshared.so(<apply/1>+0xb5a) [0x7fbb039cf6ea]
/workspace/pr15373-payload/lean-4.36.0-pre-linux/bin/../lib/lean/libleanshared.so(<apply/1>+0xb5a) [0x7fbb039cf6ea]
/workspace/pr15373-payload/lean-4.36.0-pre-linux/bin/../lib/lean/libleanshared.so(lean_profileit+0x83) [0x7fbb039a3b53]
/workspace/pr15373-payload/lean-4.36.0-pre-linux/bin/../lib/lean/libleanshared.so(Lean.profileitIOUnsafe [arity↓]+0x82) [0x7fbafdf6da82]
/workspace/pr15373-payload/lean-4.36.0-pre-linux/bin/../lib/lean/libleanshared.so(Lean.Elab.Command.elabCommandTopLevel+0x3de) [0x7fbaff76f23e]
/workspace/pr15373-payload/lean-4.36.0-pre-linux/bin/../lib/lean/libleanshared.so(Lean.Language.Lean.process.doElab [λ, private]+0x52) [0x7fbb00771522]
/workspace/pr15373-payload/lean-4.36.0-pre-linux/bin/../lib/lean/libleanshared.so(Lean.Language.Lean.process.doElab [boxed, λ, private]+0xf) [0x7fbb007716ff]
/workspace/pr15373-payload/lean-4.36.0-pre-linux/bin/../lib/lean/libleanshared.so(<apply/3>+0x8ff) [0x7fbb039d311f]
/workspace/pr15373-payload/lean-4.36.0-pre-linux/bin/../lib/lean/libleanshared.so(Lean.Elab.withLogging spec at Lean.Language.Lean.process.doElab+0x41) [0x7fbb007736f1]
/workspace/pr15373-payload/lean-4.36.0-pre-linux/bin/../lib/lean/libleanshared.so(Lean.Language.Lean.process.doElab [λ, private]+0x9) [0x7fbb007738a9]
/workspace/pr15373-payload/lean-4.36.0-pre-linux/bin/../lib/lean/libleanshared.so(Lean.Language.Lean.process.doElab [boxed, λ, private]+0x13) [0x7fbb007739d3]
/workspace/pr15373-payload/lean-4.36.0-pre-linux/bin/../lib/lean/libleanshared.so(<apply/2>+0xa6c) [0x7fbb039d12cc]
/workspace/pr15373-payload/lean-4.36.0-pre-linux/bin/../lib/lean/libleanshared.so(IO.withStderr [boxed] spec at IO.FS.withIsolatedStreams spec at Lean.Language.Lean.process.doElab+0x30) [0x7fbb00773be0]
/workspace/pr15373-payload/lean-4.36.0-pre-linux/bin/../lib/lean/libleanshared.so(<apply/2>+0xa6c) [0x7fbb039d12cc]
/workspace/pr15373-payload/lean-4.36.0-pre-linux/bin/../lib/lean/libleanshared.so(IO.withStdout [boxed] spec at IO.FS.withIsolatedStreams spec at Lean.Language.Lean.process.doElab+0x30) [0x7fbb00773ed0]
/workspace/pr15373-payload/lean-4.36.0-pre-linux/bin/../lib/lean/libleanshared.so(<apply/2>+0xa6c) [0x7fbb039d12cc]
/workspace/pr15373-payload/lean-4.36.0-pre-linux/bin/../lib/lean/libleanshared.so(IO.FS.withIsolatedStreams [arity↓] spec at Lean.Language.Lean.process.doElab+0x121) [0x7fbb00774051]
/workspace/pr15373-payload/lean-4.36.0-pre-linux/bin/../lib/lean/libleanshared.so(Lean.Language.Lean.process.doElab [private]+0x52b) [0x7fbb007747db]
/workspace/pr15373-payload/lean-4.36.0-pre-linux/bin/../lib/lean/libleanshared.so(Lean.Language.Lean.process.parseCmd [λ, private]+0x7b7) [0x7fbb00779807]
/workspace/pr15373-payload/lean-4.36.0-pre-linux/bin/../lib/lean/libleanshared.so(Lean.Language.Lean.process.parseCmd [private]+0x1f8a) [0x7fbb0077d46a]
/workspace/pr15373-payload/lean-4.36.0-pre-linux/bin/../lib/lean/libleanshared.so(Lean.Language.Lean.process.parseCmd [λ, private]+0x17fd) [0x7fbb0077a84d]
/workspace/pr15373-payload/lean-4.36.0-pre-linux/bin/../lib/lean/libleanshared.so(Lean.Language.Lean.process.parseCmd [private]+0x1f8a) [0x7fbb0077d46a]
/workspace/pr15373-payload/lean-4.36.0-pre-linux/bin/../lib/lean/libleanshared.so(Lean.Language.Lean.process.parseCmd [λ, private]+0x17fd) [0x7fbb0077a84d]
/workspace/pr15373-payload/lean-4.36.0-pre-linux/bin/../lib/lean/libleanshared.so(Lean.Language.Lean.process.parseCmd [private]+0x1f8a) [0x7fbb0077d46a]
/workspace/pr15373-payload/lean-4.36.0-pre-linux/bin/../lib/lean/libleanshared.so(Lean.Language.Lean.process.parseCmd [λ, private]+0x17fd) [0x7fbb0077a84d]
/workspace/pr15373-payload/lean-4.36.0-pre-linux/bin/../lib/lean/libleanshared.so(Lean.Language.Lean.process.parseCmd [private]+0x1f8a) [0x7fbb0077d46a]
/workspace/pr15373-payload/lean-4.36.0-pre-linux/bin/../lib/lean/libleanshared.so(Lean.Language.Lean.process.parseCmd [λ, private]+0x17fd) [0x7fbb0077a84d]
/workspace/pr15373-payload/lean-4.36.0-pre-linux/bin/../lib/lean/libleanshared.so(Lean.Language.Lean.process.parseCmd [private]+0x1f8a) [0x7fbb0077d46a]
/workspace/pr15373-payload/lean-4.36.0-pre-linux/bin/../lib/lean/libleanshared.so(Lean.Language.Lean.process.parseCmd [λ, private]+0x17fd) [0x7fbb0077a84d]
/workspace/pr15373-payload/lean-4.36.0-pre-linux/bin/../lib/lean/libleanshared.so(Lean.Language.Lean.process.parseCmd [private]+0x1f8a) [0x7fbb0077d46a]
/workspace/pr15373-payload/lean-4.36.0-pre-linux/bin/../lib/lean/libleanshared.so(Lean.Language.Lean.process.parseCmd [λ, private]+0x17fd) [0x7fbb0077a84d]
explorations/runs/EXPLORE-LEAN-ETA-ADMISSION-1/admission-cases.lean:83:0: error: unknown goal
