{"id":"bmp1-04000","outputs":[["t",["b",0],["b",2],["a",["b",1],["b",0]]]]}
{"id":"bmp1-04001","outputs":[["t",["a",["b",0],["b",2]],["b",1],["a",["a",["b",1],["b",3]],["b",0]]]]}
{"id":"bmp1-04002","outputs":[["t",["l",["s"],["a",["b",1],["b",0]]],["b",2],["a",["l",["s"],["a",["b",2],["b",0]]],["b",0]]]]}
{"id":"bmp1-04003","outputs":[["t",["t",["s"],["b",3],["a",["b",1],["b",0]]],["b",2],["a",["t",["s"],["b",4],["a",["b",2],["b",0]]],["b",0]]]]}
{"id":"bmp1-04004","outputs":[["t",["b",0],["b",1],["a",["b",1],["b",0]]]]}
{"id":"bmp1-04005","outputs":[["t",["a",["b",0],["b",0]],["b",2],["a",["a",["b",1],["b",1]],["b",0]]]]}
{"id":"bmp1-04006","outputs":[["t",["l",["s"],["a",["b",1],["b",0]]],["b",1],["a",["l",["s"],["a",["b",2],["b",0]]],["b",0]]]]}
{"id":"bmp1-04007","outputs":[["t",["t",["s"],["b",0],["a",["b",1],["b",0]]],["b",0],["a",["t",["s"],["b",1],["a",["b",2],["b",0]]],["b",0]]]]}
{"id":"bmp1-04008","outputs":[["t",["b",0],["b",0],["a",["b",1],["b",0]]]]}
{"id":"bmp1-04009","outputs":[["t",["a",["b",0],["b",0]],["b",1],["a",["a",["b",1],["b",1]],["b",0]]]]}
{"id":"bmp1-04010","outputs":[["t",["l",["s"],["a",["b",1],["b",0]]],["b",0],["a",["l",["s"],["a",["b",2],["b",0]]],["b",0]]]]}
{"id":"bmp1-04011","outputs":[["t",["t",["s"],["b",0],["a",["b",1],["b",0]]],["b",0],["a",["t",["s"],["b",1],["a",["b",2],["b",0]]],["b",0]]]]}
{"id":"bmp1-04012","outputs":[["t",["b",0],["b",0],["a",["b",1],["b",0]]]]}
{"id":"bmp1-04013","outputs":[["t",["a",["b",0],["b",1]],["b",0],["a",["a",["b",1],["b",2]],["b",0]]]]}
{"id":"bmp1-04014","outputs":[["t",["l",["s"],["a",["b",1],["b",0]]],["b",1],["a",["l",["s"],["a",["b",2],["b",0]]],["b",0]]]]}
{"id":"bmp1-04015","outputs":[["t",["t",["s"],["b",0],["a",["b",1],["b",0]]],["b",3],["a",["t",["s"],["b",1],["a",["b",2],["b",0]]],["b",0]]]]}
{"id":"bmp1-04016","outputs":[["t",["b",0],["b",1],["a",["b",1],["b",0]]]]}
{"id":"bmp1-04017","outputs":[["t",["a",["b",0],["b",2]],["b",1],["a",["a",["b",1],["b",3]],["b",0]]]]}
{"id":"bmp1-04018","outputs":[["t",["l",["s"],["a",["b",1],["b",0]]],["b",1],["a",["l",["s"],["a",["b",2],["b",0]]],["b",0]]]]}
{"id":"bmp1-04019","outputs":[["t",["t",["s"],["b",1],["a",["b",1],["b",0]]],["b",2],["a",["t",["s"],["b",2],["a",["b",2],["b",0]]],["b",0]]]]}
{"id":"bmp1-04020","outputs":[["t",["b",0],["b",0],["a",["b",1],["b",0]]]]}
{"id":"bmp1-04021","outputs":[["t",["a",["b",0],["b",1]],["b",2],["a",["a",["b",1],["b",2]],["b",0]]]]}
{"id":"bmp1-04022","outputs":[["t",["l",["s"],["a",["b",1],["b",0]]],["b",1],["a",["l",["s"],["a",["b",2],["b",0]]],["b",0]]]]}
{"id":"bmp1-04023","outputs":[["t",["t",["s"],["b",1],["a",["b",1],["b",0]]],["b",0],["a",["t",["s"],["b",2],["a",["b",2],["b",0]]],["b",0]]]]}
{"id":"bmp1-04024","outputs":[["t",["b",0],["b",2],["a",["b",1],["b",0]]]]}
{"id":"bmp1-04025","outputs":[["t",["a",["b",0],["b",1]],["b",1],["a",["a",["b",1],["b",2]],["b",0]]]]}
{"id":"bmp1-04026","outputs":[["t",["l",["s"],["a",["b",1],["b",0]]],["b",0],["a",["l",["s"],["a",["b",2],["b",0]]],["b",0]]]]}
{"id":"bmp1-04027","outputs":[["t",["t",["s"],["b",0],["a",["b",1],["b",0]]],["b",0],["a",["t",["s"],["b",1],["a",["b",2],["b",0]]],["b",0]]]]}
{"id":"bmp1-04028","outputs":[["t",["b",0],["b",0],["a",["b",1],["b",0]]]]}
{"id":"bmp1-04029","outputs":[["t",["a",["b",0],["b",0]],["b",2],["a",["a",["b",1],["b",1]],["b",0]]]]}
{"id":"bmp1-04030","outputs":[["t",["l",["s"],["a",["b",1],["b",0]]],["b",0],["a",["l",["s"],["a",["b",2],["b",0]]],["b",0]]]]}
{"id":"bmp1-04031","outputs":[["t",["t",["s"],["b",0],["a",["b",1],["b",0]]],["b",0],["a",["t",["s"],["b",1],["a",["b",2],["b",0]]],["b",0]]]]}
{"id":"bmp1-04032","outputs":[["t",["b",0],["b",0],["a",["b",1],["b",0]]]]}
{"id":"bmp1-04033","outputs":[["t",["a",["b",0],["b",1]],["b",2],["a",["a",["b",1],["b",2]],["b",0]]]]}
{"id":"bmp1-04034","outputs":[["t",["l",["s"],["a",["b",1],["b",0]]],["b",0],["a",["l",["s"],["a",["b",2],["b",0]]],["b",0]]]]}
{"id":"bmp1-04035","outputs":[["t",["t",["s"],["b",2],["a",["b",1],["b",0]]],["b",1],["a",["t",["s"],["b",3],["a",["b",2],["b",0]]],["b",0]]]]}
{"id":"bmp1-04036","outputs":[["t",["b",0],["b",0],["a",["b",1],["b",0]]]]}
{"id":"bmp1-04037","outputs":[["t",["a",["b",0],["b",0]],["b",1],["a",["a",["b",1],["b",1]],["b",0]]]]}
{"id":"bmp1-04038","outputs":[["t",["l",["s"],["a",["b",1],["b",0]]],["b",3],["a",["l",["s"],["a",["b",2],["b",0]]],["b",0]]]]}
{"id":"bmp1-04039","outputs":[["t",["t",["s"],["b",0],["a",["b",1],["b",0]]],["b",1],["a",["t",["s"],["b",1],["a",["b",2],["b",0]]],["b",0]]]]}
{"id":"bmp1-04040","outputs":[["t",["b",0],["b",0],["a",["b",1],["b",0]]]]}
{"id":"bmp1-04041","outputs":[["t",["a",["b",0],["b",2]],["b",2],["a",["a",["b",1],["b",3]],["b",0]]]]}
{"id":"bmp1-04042","outputs":[["t",["l",["s"],["a",["b",1],["b",0]]],["b",0],["a",["l",["s"],["a",["b",2],["b",0]]],["b",0]]]]}
{"id":"bmp1-04043","outputs":[["t",["t",["s"],["b",2],["a",["b",1],["b",0]]],["b",0],["a",["t",["s"],["b",3],["a",["b",2],["b",0]]],["b",0]]]]}
{"id":"bmp1-04044","outputs":[["t",["b",0],["b",0],["a",["b",1],["b",0]]]]}
{"id":"bmp1-04045","outputs":[["t",["a",["b",0],["b",0]],["b",1],["a",["a",["b",1],["b",1]],["b",0]]]]}
{"id":"bmp1-04046","outputs":[["t",["l",["s"],["a",["b",1],["b",0]]],["b",0],["a",["l",["s"],["a",["b",2],["b",0]]],["b",0]]]]}
{"id":"bmp1-04047","outputs":[["t",["t",["s"],["b",2],["a",["b",1],["b",0]]],["b",2],["a",["t",["s"],["b",3],["a",["b",2],["b",0]]],["b",0]]]]}
{"id":"bmp1-04048","outputs":[["t",["b",0],["b",0],["a",["b",1],["b",0]]]]}
{"id":"bmp1-04049","outputs":[["t",["a",["b",0],["b",1]],["b",1],["a",["a",["b",1],["b",2]],["b",0]]]]}
{"id":"bmp1-04050","outputs":[["t",["l",["s"],["a",["b",1],["b",0]]],["b",2],["a",["l",["s"],["a",["b",2],["b",0]]],["b",0]]]]}
{"id":"bmp1-04051","outputs":[["t",["t",["s"],["b",1],["a",["b",1],["b",0]]],["b",0],["a",["t",["s"],["b",2],["a",["b",2],["b",0]]],["b",0]]]]}
{"id":"bmp1-04052","outputs":[["t",["b",0],["b",0],["a",["b",1],["b",0]]]]}
{"id":"bmp1-04053","outputs":[["t",["a",["b",0],["b",4]],["b",4],["a",["a",["b",1],["b",5]],["b",0]]]]}
{"id":"bmp1-04054","outputs":[["t",["l",["s"],["a",["b",1],["b",0]]],["b",0],["a",["l",["s"],["a",["b",2],["b",0]]],["b",0]]]]}
{"id":"bmp1-04055","outputs":[["t",["t",["s"],["b",3],["a",["b",1],["b",0]]],["b",2],["a",["t",["s"],["b",4],["a",["b",2],["b",0]]],["b",0]]]]}
{"id":"bmp1-04056","outputs":[["t",["b",0],["b",1],["a",["b",1],["b",0]]]]}
{"id":"bmp1-04057","outputs":[["t",["a",["b",0],["b",0]],["b",2],["a",["a",["b",1],["b",1]],["b",0]]]]}
{"id":"bmp1-04058","outputs":[["t",["l",["s"],["a",["b",1],["b",0]]],["b",1],["a",["l",["s"],["a",["b",2],["b",0]]],["b",0]]]]}
{"id":"bmp1-04059","outputs":[["t",["t",["s"],["b",0],["a",["b",1],["b",0]]],["b",1],["a",["t",["s"],["b",1],["a",["b",2],["b",0]]],["b",0]]]]}
{"id":"bmp1-04060","outputs":[["t",["b",0],["b",0],["a",["b",1],["b",0]]]]}
{"id":"bmp1-04061","outputs":[["t",["a",["b",0],["b",0]],["b",0],["a",["a",["b",1],["b",1]],["b",0]]]]}
{"id":"bmp1-04062","outputs":[["t",["l",["s"],["a",["b",1],["b",0]]],["b",1],["a",["l",["s"],["a",["b",2],["b",0]]],["b",0]]]]}
{"id":"bmp1-04063","outputs":[["t",["t",["s"],["b",3],["a",["b",1],["b",0]]],["b",1],["a",["t",["s"],["b",4],["a",["b",2],["b",0]]],["b",0]]]]}
{"id":"bmp1-04064","outputs":[["t",["b",0],["b",2],["a",["b",1],["b",0]]]]}
{"id":"bmp1-04065","outputs":[["t",["a",["b",0],["b",1]],["b",2],["a",["a",["b",1],["b",2]],["b",0]]]]}
{"id":"bmp1-04066","outputs":[["t",["l",["s"],["a",["b",1],["b",0]]],["b",4],["a",["l",["s"],["a",["b",2],["b",0]]],["b",0]]]]}
{"id":"bmp1-04067","outputs":[["t",["t",["s"],["b",0],["a",["b",1],["b",0]]],["b",1],["a",["t",["s"],["b",1],["a",["b",2],["b",0]]],["b",0]]]]}
{"id":"bmp1-04068","outputs":[["t",["b",0],["b",2],["a",["b",1],["b",0]]]]}
{"id":"bmp1-04069","outputs":[["t",["a",["b",0],["b",1]],["b",1],["a",["a",["b",1],["b",2]],["b",0]]]]}
{"id":"bmp1-04070","outputs":[["t",["l",["s"],["a",["b",1],["b",0]]],["b",4],["a",["l",["s"],["a",["b",2],["b",0]]],["b",0]]]]}
{"id":"bmp1-04071","outputs":[["t",["t",["s"],["b",0],["a",["b",1],["b",0]]],["b",1],["a",["t",["s"],["b",1],["a",["b",2],["b",0]]],["b",0]]]]}
{"id":"bmp1-04072","outputs":[["t",["b",0],["b",1],["a",["b",1],["b",0]]]]}
{"id":"bmp1-04073","outputs":[["t",["a",["b",0],["b",2]],["b",2],["a",["a",["b",1],["b",3]],["b",0]]]]}
{"id":"bmp1-04074","outputs":[["t",["l",["s"],["a",["b",1],["b",0]]],["b",2],["a",["l",["s"],["a",["b",2],["b",0]]],["b",0]]]]}
{"id":"bmp1-04075","outputs":[["t",["t",["s"],["b",1],["a",["b",1],["b",0]]],["b",2],["a",["t",["s"],["b",2],["a",["b",2],["b",0]]],["b",0]]]]}
{"id":"bmp1-04076","outputs":[["t",["b",0],["b",0],["a",["b",1],["b",0]]]]}
{"id":"bmp1-04077","outputs":[["t",["a",["b",0],["b",4]],["b",1],["a",["a",["b",1],["b",5]],["b",0]]]]}
{"id":"bmp1-04078","outputs":[["t",["l",["s"],["a",["b",1],["b",0]]],["b",2],["a",["l",["s"],["a",["b",2],["b",0]]],["b",0]]]]}
{"id":"bmp1-04079","outputs":[["t",["t",["s"],["b",2],["a",["b",1],["b",0]]],["b",2],["a",["t",["s"],["b",3],["a",["b",2],["b",0]]],["b",0]]]]}
{"id":"bmp1-04080","outputs":[["t",["b",0],["b",2],["a",["b",1],["b",0]]]]}
{"id":"bmp1-04081","outputs":[["t",["a",["b",0],["b",2]],["b",1],["a",["a",["b",1],["b",3]],["b",0]]]]}
{"id":"bmp1-04082","outputs":[["t",["l",["s"],["a",["b",1],["b",0]]],["b",1],["a",["l",["s"],["a",["b",2],["b",0]]],["b",0]]]]}
{"id":"bmp1-04083","outputs":[["t",["t",["s"],["b",0],["a",["b",1],["b",0]]],["b",1],["a",["t",["s"],["b",1],["a",["b",2],["b",0]]],["b",0]]]]}
{"id":"bmp1-04084","outputs":[["t",["b",0],["b",0],["a",["b",1],["b",0]]]]}
{"id":"bmp1-04085","outputs":[["t",["a",["b",0],["b",0]],["b",3],["a",["a",["b",1],["b",1]],["b",0]]]]}
{"id":"bmp1-04086","outputs":[["t",["l",["s"],["a",["b",1],["b",0]]],["b",1],["a",["l",["s"],["a",["b",2],["b",0]]],["b",0]]]]}
{"id":"bmp1-04087","outputs":[["t",["t",["s"],["b",3],["a",["b",1],["b",0]]],["b",1],["a",["t",["s"],["b",4],["a",["b",2],["b",0]]],["b",0]]]]}
{"id":"bmp1-04088","outputs":[["t",["b",0],["b",2],["a",["b",1],["b",0]]]]}
{"id":"bmp1-04089","outputs":[["t",["a",["b",0],["b",0]],["b",1],["a",["a",["b",1],["b",1]],["b",0]]]]}
{"id":"bmp1-04090","outputs":[["t",["l",["s"],["a",["b",1],["b",0]]],["b",3],["a",["l",["s"],["a",["b",2],["b",0]]],["b",0]]]]}
{"id":"bmp1-04091","outputs":[["t",["t",["s"],["b",2],["a",["b",1],["b",0]]],["b",1],["a",["t",["s"],["b",3],["a",["b",2],["b",0]]],["b",0]]]]}
{"id":"bmp1-04092","outputs":[["t",["b",0],["b",1],["a",["b",1],["b",0]]]]}
{"id":"bmp1-04093","outputs":[["t",["a",["b",0],["b",0]],["b",1],["a",["a",["b",1],["b",1]],["b",0]]]]}
{"id":"bmp1-04094","outputs":[["t",["l",["s"],["a",["b",1],["b",0]]],["b",1],["a",["l",["s"],["a",["b",2],["b",0]]],["b",0]]]]}
{"id":"bmp1-04095","outputs":[["t",["t",["s"],["b",1],["a",["b",1],["b",0]]],["b",0],["a",["t",["s"],["b",2],["a",["b",2],["b",0]]],["b",0]]]]}
{"id":"bmp1-04096","outputs":[["t",["b",0],["b",0],["a",["b",1],["b",0]]]]}
{"id":"bmp1-04097","outputs":[["t",["a",["b",0],["b",0]],["b",1],["a",["a",["b",1],["b",1]],["b",0]]]]}
{"id":"bmp1-04098","outputs":[["t",["l",["s"],["a",["b",1],["b",0]]],["b",0],["a",["l",["s"],["a",["b",2],["b",0]]],["b",0]]]]}
{"id":"bmp1-04099","outputs":[["t",["t",["s"],["b",4],["a",["b",1],["b",0]]],["b",3],["a",["t",["s"],["b",5],["a",["b",2],["b",0]]],["b",0]]]]}
{"id":"bmp1-04100","outputs":[["t",["b",0],["b",1],["a",["b",1],["b",0]]]]}
{"id":"bmp1-04101","outputs":[["t",["a",["b",0],["b",0]],["b",0],["a",["a",["b",1],["b",1]],["b",0]]]]}
{"id":"bmp1-04102","outputs":[["t",["l",["s"],["a",["b",1],["b",0]]],["b",1],["a",["l",["s"],["a",["b",2],["b",0]]],["b",0]]]]}
{"id":"bmp1-04103","outputs":[["t",["t",["s"],["b",1],["a",["b",1],["b",0]]],["b",0],["a",["t",["s"],["b",2],["a",["b",2],["b",0]]],["b",0]]]]}
{"id":"bmp1-04104","outputs":[["t",["b",0],["b",0],["a",["b",1],["b",0]]]]}
{"id":"bmp1-04105","outputs":[["t",["a",["b",0],["b",2]],["b",1],["a",["a",["b",1],["b",3]],["b",0]]]]}
{"id":"bmp1-04106","outputs":[["t",["l",["s"],["a",["b",1],["b",0]]],["b",0],["a",["l",["s"],["a",["b",2],["b",0]]],["b",0]]]]}
{"id":"bmp1-04107","outputs":[["t",["t",["s"],["b",2],["a",["b",1],["b",0]]],["b",0],["a",["t",["s"],["b",3],["a",["b",2],["b",0]]],["b",0]]]]}
{"id":"bmp1-04108","outputs":[["t",["b",0],["b",0],["a",["b",1],["b",0]]]]}
{"id":"bmp1-04109","outputs":[["t",["a",["b",0],["b",1]],["b",0],["a",["a",["b",1],["b",2]],["b",0]]]]}
{"id":"bmp1-04110","outputs":[["t",["l",["s"],["a",["b",1],["b",0]]],["b",1],["a",["l",["s"],["a",["b",2],["b",0]]],["b",0]]]]}
{"id":"bmp1-04111","outputs":[["t",["t",["s"],["b",3],["a",["b",1],["b",0]]],["b",0],["a",["t",["s"],["b",4],["a",["b",2],["b",0]]],["b",0]]]]}
{"id":"bmp1-04112","outputs":[["t",["b",0],["b",1],["a",["b",1],["b",0]]]]}
{"id":"bmp1-04113","outputs":[["t",["a",["b",0],["b",0]],["b",0],["a",["a",["b",1],["b",1]],["b",0]]]]}
{"id":"bmp1-04114","outputs":[["t",["l",["s"],["a",["b",1],["b",0]]],["b",0],["a",["l",["s"],["a",["b",2],["b",0]]],["b",0]]]]}
{"id":"bmp1-04115","outputs":[["t",["t",["s"],["b",0],["a",["b",1],["b",0]]],["b",0],["a",["t",["s"],["b",1],["a",["b",2],["b",0]]],["b",0]]]]}
{"id":"bmp1-04116","outputs":[["t",["b",0],["b",1],["a",["b",1],["b",0]]]]}
{"id":"bmp1-04117","outputs":[["t",["a",["b",0],["b",0]],["b",1],["a",["a",["b",1],["b",1]],["b",0]]]]}
{"id":"bmp1-04118","outputs":[["t",["l",["s"],["a",["b",1],["b",0]]],["b",2],["a",["l",["s"],["a",["b",2],["b",0]]],["b",0]]]]}
{"id":"bmp1-04119","outputs":[["t",["t",["s"],["b",0],["a",["b",1],["b",0]]],["b",0],["a",["t",["s"],["b",1],["a",["b",2],["b",0]]],["b",0]]]]}
{"id":"bmp1-04120","outputs":[["t",["b",0],["b",1],["a",["b",1],["b",0]]]]}
{"id":"bmp1-04121","outputs":[["t",["a",["b",0],["b",1]],["b",2],["a",["a",["b",1],["b",2]],["b",0]]]]}
{"id":"bmp1-04122","outputs":[["t",["l",["s"],["a",["b",1],["b",0]]],["b",1],["a",["l",["s"],["a",["b",2],["b",0]]],["b",0]]]]}
{"id":"bmp1-04123","outputs":[["t",["t",["s"],["b",1],["a",["b",1],["b",0]]],["b",1],["a",["t",["s"],["b",2],["a",["b",2],["b",0]]],["b",0]]]]}
{"id":"bmp1-04124","outputs":[["t",["b",0],["b",0],["a",["b",1],["b",0]]]]}
{"id":"bmp1-04125","outputs":[["t",["a",["b",0],["b",3]],["b",3],["a",["a",["b",1],["b",4]],["b",0]]]]}
{"id":"bmp1-04126","outputs":[["t",["l",["s"],["a",["b",1],["b",0]]],["b",1],["a",["l",["s"],["a",["b",2],["b",0]]],["b",0]]]]}
{"id":"bmp1-04127","outputs":[["t",["t",["s"],["b",3],["a",["b",1],["b",0]]],["b",4],["a",["t",["s"],["b",4],["a",["b",2],["b",0]]],["b",0]]]]}
{"id":"bmp1-04128","outputs":[["t",["b",0],["b",0],["a",["b",1],["b",0]]]]}
{"id":"bmp1-04129","outputs":[["t",["a",["b",0],["b",0]],["b",4],["a",["a",["b",1],["b",1]],["b",0]]]]}
{"id":"bmp1-04130","outputs":[["t",["l",["s"],["a",["b",1],["b",0]]],["b",3],["a",["l",["s"],["a",["b",2],["b",0]]],["b",0]]]]}
{"id":"bmp1-04131","outputs":[["t",["t",["s"],["b",0],["a",["b",1],["b",0]]],["b",0],["a",["t",["s"],["b",1],["a",["b",2],["b",0]]],["b",0]]]]}
{"id":"bmp1-04132","outputs":[["t",["b",0],["b",0],["a",["b",1],["b",0]]]]}
{"id":"bmp1-04133","outputs":[["t",["a",["b",0],["b",3]],["b",1],["a",["a",["b",1],["b",4]],["b",0]]]]}
{"id":"bmp1-04134","outputs":[["t",["l",["s"],["a",["b",1],["b",0]]],["b",1],["a",["l",["s"],["a",["b",2],["b",0]]],["b",0]]]]}
{"id":"bmp1-04135","outputs":[["t",["t",["s"],["b",2],["a",["b",1],["b",0]]],["b",1],["a",["t",["s"],["b",3],["a",["b",2],["b",0]]],["b",0]]]]}
{"id":"bmp1-04136","outputs":[["t",["b",0],["b",0],["a",["b",1],["b",0]]]]}
{"id":"bmp1-04137","outputs":[["t",["a",["b",0],["b",2]],["b",0],["a",["a",["b",1],["b",3]],["b",0]]]]}
{"id":"bmp1-04138","outputs":[["t",["l",["s"],["a",["b",1],["b",0]]],["b",1],["a",["l",["s"],["a",["b",2],["b",0]]],["b",0]]]]}
{"id":"bmp1-04139","outputs":[["t",["t",["s"],["b",3],["a",["b",1],["b",0]]],["b",2],["a",["t",["s"],["b",4],["a",["b",2],["b",0]]],["b",0]]]]}
{"id":"bmp1-04140","outputs":[["t",["b",0],["b",3],["a",["b",1],["b",0]]]]}
{"id":"bmp1-04141","outputs":[["t",["a",["b",0],["b",0]],["b",0],["a",["a",["b",1],["b",1]],["b",0]]]]}
{"id":"bmp1-04142","outputs":[["t",["l",["s"],["a",["b",1],["b",0]]],["b",1],["a",["l",["s"],["a",["b",2],["b",0]]],["b",0]]]]}
{"id":"bmp1-04143","outputs":[["t",["t",["s"],["b",2],["a",["b",1],["b",0]]],["b",1],["a",["t",["s"],["b",3],["a",["b",2],["b",0]]],["b",0]]]]}
{"id":"bmp1-04144","outputs":[["t",["b",0],["b",1],["a",["b",1],["b",0]]]]}
{"id":"bmp1-04145","outputs":[["t",["a",["b",0],["b",2]],["b",2],["a",["a",["b",1],["b",3]],["b",0]]]]}
{"id":"bmp1-04146","outputs":[["t",["l",["s"],["a",["b",1],["b",0]]],["b",2],["a",["l",["s"],["a",["b",2],["b",0]]],["b",0]]]]}
{"id":"bmp1-04147","outputs":[["t",["t",["s"],["b",3],["a",["b",1],["b",0]]],["b",3],["a",["t",["s"],["b",4],["a",["b",2],["b",0]]],["b",0]]]]}
{"id":"bmp1-04148","outputs":[["t",["b",0],["b",0],["a",["b",1],["b",0]]]]}
{"id":"bmp1-04149","outputs":[["t",["a",["b",0],["b",1]],["b",3],["a",["a",["b",1],["b",2]],["b",0]]]]}
{"id":"bmp1-04150","outputs":[["t",["l",["s"],["a",["b",1],["b",0]]],["b",4],["a",["l",["s"],["a",["b",2],["b",0]]],["b",0]]]]}
{"id":"bmp1-04151","outputs":[["t",["t",["s"],["b",4],["a",["b",1],["b",0]]],["b",4],["a",["t",["s"],["b",5],["a",["b",2],["b",0]]],["b",0]]]]}
{"id":"bmp1-04152","outputs":[["t",["b",0],["b",2],["a",["b",1],["b",0]]]]}
{"id":"bmp1-04153","outputs":[["t",["a",["b",0],["b",4]],["b",0],["a",["a",["b",1],["b",5]],["b",0]]]]}
{"id":"bmp1-04154","outputs":[["t",["l",["s"],["a",["b",1],["b",0]]],["b",1],["a",["l",["s"],["a",["b",2],["b",0]]],["b",0]]]]}
{"id":"bmp1-04155","outputs":[["t",["t",["s"],["b",1],["a",["b",1],["b",0]]],["b",1],["a",["t",["s"],["b",2],["a",["b",2],["b",0]]],["b",0]]]]}
{"id":"bmp1-04156","outputs":[["t",["b",0],["b",0],["a",["b",1],["b",0]]]]}
{"id":"bmp1-04157","outputs":[["t",["a",["b",0],["b",3]],["b",1],["a",["a",["b",1],["b",4]],["b",0]]]]}
{"id":"bmp1-04158","outputs":[["t",["l",["s"],["a",["b",1],["b",0]]],["b",0],["a",["l",["s"],["a",["b",2],["b",0]]],["b",0]]]]}
{"id":"bmp1-04159","outputs":[["t",["t",["s"],["b",2],["a",["b",1],["b",0]]],["b",1],["a",["t",["s"],["b",3],["a",["b",2],["b",0]]],["b",0]]]]}
{"id":"bmp1-04160","outputs":[["t",["b",0],["b",3],["a",["b",1],["b",0]]]]}
{"id":"bmp1-04161","outputs":[["t",["a",["b",0],["b",2]],["b",0],["a",["a",["b",1],["b",3]],["b",0]]]]}
{"id":"bmp1-04162","outputs":[["t",["l",["s"],["a",["b",1],["b",0]]],["b",1],["a",["l",["s"],["a",["b",2],["b",0]]],["b",0]]]]}
{"id":"bmp1-04163","outputs":[["t",["t",["s"],["b",0],["a",["b",1],["b",0]]],["b",0],["a",["t",["s"],["b",1],["a",["b",2],["b",0]]],["b",0]]]]}
{"id":"bmp1-04164","outputs":[["t",["b",0],["b",0],["a",["b",1],["b",0]]]]}
{"id":"bmp1-04165","outputs":[["t",["a",["b",0],["b",1]],["b",1],["a",["a",["b",1],["b",2]],["b",0]]]]}
{"id":"bmp1-04166","outputs":[["t",["l",["s"],["a",["b",1],["b",0]]],["b",1],["a",["l",["s"],["a",["b",2],["b",0]]],["b",0]]]]}
{"id":"bmp1-04167","outputs":[["t",["t",["s"],["b",1],["a",["b",1],["b",0]]],["b",0],["a",["t",["s"],["b",2],["a",["b",2],["b",0]]],["b",0]]]]}
{"id":"bmp1-04168","outputs":[["t",["b",0],["b",2],["a",["b",1],["b",0]]]]}
{"id":"bmp1-04169","outputs":[["t",["a",["b",0],["b",1]],["b",3],["a",["a",["b",1],["b",2]],["b",0]]]]}
{"id":"bmp1-04170","outputs":[["t",["l",["s"],["a",["b",1],["b",0]]],["b",0],["a",["l",["s"],["a",["b",2],["b",0]]],["b",0]]]]}
{"id":"bmp1-04171","outputs":[["t",["t",["s"],["b",0],["a",["b",1],["b",0]]],["b",0],["a",["t",["s"],["b",1],["a",["b",2],["b",0]]],["b",0]]]]}
{"id":"bmp1-04172","outputs":[["t",["b",0],["b",3],["a",["b",1],["b",0]]]]}
{"id":"bmp1-04173","outputs":[["t",["a",["b",0],["b",0]],["b",2],["a",["a",["b",1],["b",1]],["b",0]]]]}
{"id":"bmp1-04174","outputs":[["t",["l",["s"],["a",["b",1],["b",0]]],["b",0],["a",["l",["s"],["a",["b",2],["b",0]]],["b",0]]]]}
{"id":"bmp1-04175","outputs":[["t",["t",["s"],["b",1],["a",["b",1],["b",0]]],["b",0],["a",["t",["s"],["b",2],["a",["b",2],["b",0]]],["b",0]]]]}
{"id":"bmp1-04176","outputs":[["t",["b",0],["b",3],["a",["b",1],["b",0]]]]}
{"id":"bmp1-04177","outputs":[["t",["a",["b",0],["b",3]],["b",0],["a",["a",["b",1],["b",4]],["b",0]]]]}
{"id":"bmp1-04178","outputs":[["t",["l",["s"],["a",["b",1],["b",0]]],["b",1],["a",["l",["s"],["a",["b",2],["b",0]]],["b",0]]]]}
{"id":"bmp1-04179","outputs":[["t",["t",["s"],["b",1],["a",["b",1],["b",0]]],["b",0],["a",["t",["s"],["b",2],["a",["b",2],["b",0]]],["b",0]]]]}
{"id":"bmp1-04180","outputs":[["t",["b",0],["b",2],["a",["b",1],["b",0]]]]}
{"id":"bmp1-04181","outputs":[["t",["a",["b",0],["b",1]],["b",1],["a",["a",["b",1],["b",2]],["b",0]]]]}
{"id":"bmp1-04182","outputs":[["t",["l",["s"],["a",["b",1],["b",0]]],["b",1],["a",["l",["s"],["a",["b",2],["b",0]]],["b",0]]]]}
{"id":"bmp1-04183","outputs":[["t",["t",["s"],["b",3],["a",["b",1],["b",0]]],["b",0],["a",["t",["s"],["b",4],["a",["b",2],["b",0]]],["b",0]]]]}
{"id":"bmp1-04184","outputs":[["t",["b",0],["b",3],["a",["b",1],["b",0]]]]}
{"id":"bmp1-04185","outputs":[["t",["a",["b",0],["b",1]],["b",1],["a",["a",["b",1],["b",2]],["b",0]]]]}
{"id":"bmp1-04186","outputs":[["t",["l",["s"],["a",["b",1],["b",0]]],["b",0],["a",["l",["s"],["a",["b",2],["b",0]]],["b",0]]]]}
{"id":"bmp1-04187","outputs":[["t",["t",["s"],["b",0],["a",["b",1],["b",0]]],["b",0],["a",["t",["s"],["b",1],["a",["b",2],["b",0]]],["b",0]]]]}
{"id":"bmp1-04188","outputs":[["t",["b",0],["b",4],["a",["b",1],["b",0]]]]}
{"id":"bmp1-04189","outputs":[["t",["a",["b",0],["b",3]],["b",1],["a",["a",["b",1],["b",4]],["b",0]]]]}
{"id":"bmp1-04190","outputs":[["t",["l",["s"],["a",["b",1],["b",0]]],["b",0],["a",["l",["s"],["a",["b",2],["b",0]]],["b",0]]]]}
{"id":"bmp1-04191","outputs":[["t",["t",["s"],["b",2],["a",["b",1],["b",0]]],["b",2],["a",["t",["s"],["b",3],["a",["b",2],["b",0]]],["b",0]]]]}
{"id":"bmp1-04192","outputs":[["t",["b",0],["b",0],["a",["b",1],["b",0]]]]}
{"id":"bmp1-04193","outputs":[["t",["a",["b",0],["b",1]],["b",3],["a",["a",["b",1],["b",2]],["b",0]]]]}
{"id":"bmp1-04194","outputs":[["t",["l",["s"],["a",["b",1],["b",0]]],["b",1],["a",["l",["s"],["a",["b",2],["b",0]]],["b",0]]]]}
{"id":"bmp1-04195","outputs":[["t",["t",["s"],["b",1],["a",["b",1],["b",0]]],["b",1],["a",["t",["s"],["b",2],["a",["b",2],["b",0]]],["b",0]]]]}
{"id":"bmp1-04196","outputs":[["t",["b",0],["b",2],["a",["b",1],["b",0]]]]}
{"id":"bmp1-04197","outputs":[["t",["a",["b",0],["b",2]],["b",2],["a",["a",["b",1],["b",3]],["b",0]]]]}
{"id":"bmp1-04198","outputs":[["t",["l",["s"],["a",["b",1],["b",0]]],["b",2],["a",["l",["s"],["a",["b",2],["b",0]]],["b",0]]]]}
{"id":"bmp1-04199","outputs":[["t",["t",["s"],["b",0],["a",["b",1],["b",0]]],["b",2],["a",["t",["s"],["b",1],["a",["b",2],["b",0]]],["b",0]]]]}
{"id":"bmp1-04200","outputs":[["t",["b",0],["b",1],["a",["b",1],["b",0]]]]}
{"id":"bmp1-04201","outputs":[["t",["a",["b",0],["b",1]],["b",0],["a",["a",["b",1],["b",2]],["b",0]]]]}
{"id":"bmp1-04202","outputs":[["t",["l",["s"],["a",["b",1],["b",0]]],["b",4],["a",["l",["s"],["a",["b",2],["b",0]]],["b",0]]]]}
{"id":"bmp1-04203","outputs":[["t",["t",["s"],["b",1],["a",["b",1],["b",0]]],["b",0],["a",["t",["s"],["b",2],["a",["b",2],["b",0]]],["b",0]]]]}
{"id":"bmp1-04204","outputs":[["t",["b",0],["b",0],["a",["b",1],["b",0]]]]}
{"id":"bmp1-04205","outputs":[["t",["a",["b",0],["b",1]],["b",1],["a",["a",["b",1],["b",2]],["b",0]]]]}
{"id":"bmp1-04206","outputs":[["t",["l",["s"],["a",["b",1],["b",0]]],["b",0],["a",["l",["s"],["a",["b",2],["b",0]]],["b",0]]]]}
{"id":"bmp1-04207","outputs":[["t",["t",["s"],["b",2],["a",["b",1],["b",0]]],["b",1],["a",["t",["s"],["b",3],["a",["b",2],["b",0]]],["b",0]]]]}
{"id":"bmp1-04208","outputs":[["t",["b",0],["b",3],["a",["b",1],["b",0]]]]}
{"id":"bmp1-04209","outputs":[["t",["a",["b",0],["b",3]],["b",2],["a",["a",["b",1],["b",4]],["b",0]]]]}
{"id":"bmp1-04210","outputs":[["t",["l",["s"],["a",["b",1],["b",0]]],["b",3],["a",["l",["s"],["a",["b",2],["b",0]]],["b",0]]]]}
{"id":"bmp1-04211","outputs":[["t",["t",["s"],["b",2],["a",["b",1],["b",0]]],["b",1],["a",["t",["s"],["b",3],["a",["b",2],["b",0]]],["b",0]]]]}
{"id":"bmp1-04212","outputs":[["t",["b",0],["b",1],["a",["b",1],["b",0]]]]}
{"id":"bmp1-04213","outputs":[["t",["a",["b",0],["b",0]],["b",2],["a",["a",["b",1],["b",1]],["b",0]]]]}
{"id":"bmp1-04214","outputs":[["t",["l",["s"],["a",["b",1],["b",0]]],["b",0],["a",["l",["s"],["a",["b",2],["b",0]]],["b",0]]]]}
{"id":"bmp1-04215","outputs":[["t",["t",["s"],["b",0],["a",["b",1],["b",0]]],["b",1],["a",["t",["s"],["b",1],["a",["b",2],["b",0]]],["b",0]]]]}
{"id":"bmp1-04216","outputs":[["t",["b",0],["b",0],["a",["b",1],["b",0]]]]}
{"id":"bmp1-04217","outputs":[["t",["a",["b",0],["b",2]],["b",1],["a",["a",["b",1],["b",3]],["b",0]]]]}
{"id":"bmp1-04218","outputs":[["t",["l",["s"],["a",["b",1],["b",0]]],["b",1],["a",["l",["s"],["a",["b",2],["b",0]]],["b",0]]]]}
{"id":"bmp1-04219","outputs":[["t",["t",["s"],["b",0],["a",["b",1],["b",0]]],["b",2],["a",["t",["s"],["b",1],["a",["b",2],["b",0]]],["b",0]]]]}
{"id":"bmp1-04220","outputs":[["t",["b",0],["b",2],["a",["b",1],["b",0]]]]}
{"id":"bmp1-04221","outputs":[["t",["a",["b",0],["b",1]],["b",3],["a",["a",["b",1],["b",2]],["b",0]]]]}
{"id":"bmp1-04222","outputs":[["t",["l",["s"],["a",["b",1],["b",0]]],["b",0],["a",["l",["s"],["a",["b",2],["b",0]]],["b",0]]]]}
{"id":"bmp1-04223","outputs":[["t",["t",["s"],["b",1],["a",["b",1],["b",0]]],["b",1],["a",["t",["s"],["b",2],["a",["b",2],["b",0]]],["b",0]]]]}
{"id":"bmp1-04224","outputs":[["t",["b",0],["b",4],["a",["b",1],["b",0]]]]}
{"id":"bmp1-04225","outputs":[["t",["a",["b",0],["b",3]],["b",0],["a",["a",["b",1],["b",4]],["b",0]]]]}
{"id":"bmp1-04226","outputs":[["t",["l",["s"],["a",["b",1],["b",0]]],["b",2],["a",["l",["s"],["a",["b",2],["b",0]]],["b",0]]]]}
{"id":"bmp1-04227","outputs":[["t",["t",["s"],["b",4],["a",["b",1],["b",0]]],["b",4],["a",["t",["s"],["b",5],["a",["b",2],["b",0]]],["b",0]]]]}
{"id":"bmp1-04228","outputs":[["t",["b",0],["b",0],["a",["b",1],["b",0]]]]}
{"id":"bmp1-04229","outputs":[["t",["a",["b",0],["b",0]],["b",2],["a",["a",["b",1],["b",1]],["b",0]]]]}
{"id":"bmp1-04230","outputs":[["t",["l",["s"],["a",["b",1],["b",0]]],["b",3],["a",["l",["s"],["a",["b",2],["b",0]]],["b",0]]]]}
{"id":"bmp1-04231","outputs":[["t",["t",["s"],["b",3],["a",["b",1],["b",0]]],["b",2],["a",["t",["s"],["b",4],["a",["b",2],["b",0]]],["b",0]]]]}
{"id":"bmp1-04232","outputs":[["t",["b",0],["b",0],["a",["b",1],["b",0]]]]}
{"id":"bmp1-04233","outputs":[["t",["a",["b",0],["b",2]],["b",2],["a",["a",["b",1],["b",3]],["b",0]]]]}
{"id":"bmp1-04234","outputs":[["t",["l",["s"],["a",["b",1],["b",0]]],["b",2],["a",["l",["s"],["a",["b",2],["b",0]]],["b",0]]]]}
{"id":"bmp1-04235","outputs":[["t",["t",["s"],["b",3],["a",["b",1],["b",0]]],["b",2],["a",["t",["s"],["b",4],["a",["b",2],["b",0]]],["b",0]]]]}
{"id":"bmp1-04236","outputs":[["t",["b",0],["b",4],["a",["b",1],["b",0]]]]}
{"id":"bmp1-04237","outputs":[["t",["a",["b",0],["b",4]],["b",1],["a",["a",["b",1],["b",5]],["b",0]]]]}
{"id":"bmp1-04238","outputs":[["t",["l",["s"],["a",["b",1],["b",0]]],["b",1],["a",["l",["s"],["a",["b",2],["b",0]]],["b",0]]]]}
{"id":"bmp1-04239","outputs":[["t",["t",["s"],["b",0],["a",["b",1],["b",0]]],["b",2],["a",["t",["s"],["b",1],["a",["b",2],["b",0]]],["b",0]]]]}
{"id":"bmp1-04240","outputs":[["t",["b",0],["b",0],["a",["b",1],["b",0]]]]}
{"id":"bmp1-04241","outputs":[["t",["a",["b",0],["b",0]],["b",0],["a",["a",["b",1],["b",1]],["b",0]]]]}
{"id":"bmp1-04242","outputs":[["t",["l",["s"],["a",["b",1],["b",0]]],["b",2],["a",["l",["s"],["a",["b",2],["b",0]]],["b",0]]]]}
{"id":"bmp1-04243","outputs":[["t",["t",["s"],["b",0],["a",["b",1],["b",0]]],["b",0],["a",["t",["s"],["b",1],["a",["b",2],["b",0]]],["b",0]]]]}
{"id":"bmp1-04244","outputs":[["t",["b",0],["b",1],["a",["b",1],["b",0]]]]}
{"id":"bmp1-04245","outputs":[["t",["a",["b",0],["b",0]],["b",3],["a",["a",["b",1],["b",1]],["b",0]]]]}
{"id":"bmp1-04246","outputs":[["t",["l",["s"],["a",["b",1],["b",0]]],["b",1],["a",["l",["s"],["a",["b",2],["b",0]]],["b",0]]]]}
{"id":"bmp1-04247","outputs":[["t",["t",["s"],["b",1],["a",["b",1],["b",0]]],["b",1],["a",["t",["s"],["b",2],["a",["b",2],["b",0]]],["b",0]]]]}
{"id":"bmp1-04248","outputs":[["t",["b",0],["b",1],["a",["b",1],["b",0]]]]}
{"id":"bmp1-04249","outputs":[["t",["a",["b",0],["b",1]],["b",1],["a",["a",["b",1],["b",2]],["b",0]]]]}
{"id":"bmp1-04250","outputs":[["t",["l",["s"],["a",["b",1],["b",0]]],["b",2],["a",["l",["s"],["a",["b",2],["b",0]]],["b",0]]]]}
{"id":"bmp1-04251","outputs":[["t",["t",["s"],["b",1],["a",["b",1],["b",0]]],["b",0],["a",["t",["s"],["b",2],["a",["b",2],["b",0]]],["b",0]]]]}
{"id":"bmp1-04252","outputs":[["t",["b",0],["b",2],["a",["b",1],["b",0]]]]}
{"id":"bmp1-04253","outputs":[["t",["a",["b",0],["b",1]],["b",0],["a",["a",["b",1],["b",2]],["b",0]]]]}
{"id":"bmp1-04254","outputs":[["t",["l",["s"],["a",["b",1],["b",0]]],["b",0],["a",["l",["s"],["a",["b",2],["b",0]]],["b",0]]]]}
{"id":"bmp1-04255","outputs":[["t",["t",["s"],["b",3],["a",["b",1],["b",0]]],["b",1],["a",["t",["s"],["b",4],["a",["b",2],["b",0]]],["b",0]]]]}
{"id":"bmp1-04256","outputs":[["t",["b",0],["b",0],["a",["b",1],["b",0]]]]}
{"id":"bmp1-04257","outputs":[["t",["a",["b",0],["b",0]],["b",0],["a",["a",["b",1],["b",1]],["b",0]]]]}
{"id":"bmp1-04258","outputs":[["t",["l",["s"],["a",["b",1],["b",0]]],["b",1],["a",["l",["s"],["a",["b",2],["b",0]]],["b",0]]]]}
{"id":"bmp1-04259","outputs":[["t",["t",["s"],["b",0],["a",["b",1],["b",0]]],["b",0],["a",["t",["s"],["b",1],["a",["b",2],["b",0]]],["b",0]]]]}
{"id":"bmp1-04260","outputs":[["t",["b",0],["b",4],["a",["b",1],["b",0]]]]}
{"id":"bmp1-04261","outputs":[["t",["a",["b",0],["b",1]],["b",0],["a",["a",["b",1],["b",2]],["b",0]]]]}
{"id":"bmp1-04262","outputs":[["t",["l",["s"],["a",["b",1],["b",0]]],["b",0],["a",["l",["s"],["a",["b",2],["b",0]]],["b",0]]]]}
{"id":"bmp1-04263","outputs":[["t",["t",["s"],["b",1],["a",["b",1],["b",0]]],["b",3],["a",["t",["s"],["b",2],["a",["b",2],["b",0]]],["b",0]]]]}
{"id":"bmp1-04264","outputs":[["t",["b",0],["b",0],["a",["b",1],["b",0]]]]}
{"id":"bmp1-04265","outputs":[["t",["a",["b",0],["b",1]],["b",1],["a",["a",["b",1],["b",2]],["b",0]]]]}
{"id":"bmp1-04266","outputs":[["t",["l",["s"],["a",["b",1],["b",0]]],["b",0],["a",["l",["s"],["a",["b",2],["b",0]]],["b",0]]]]}
{"id":"bmp1-04267","outputs":[["t",["t",["s"],["b",0],["a",["b",1],["b",0]]],["b",1],["a",["t",["s"],["b",1],["a",["b",2],["b",0]]],["b",0]]]]}
{"id":"bmp1-04268","outputs":[["t",["b",0],["b",3],["a",["b",1],["b",0]]]]}
{"id":"bmp1-04269","outputs":[["t",["a",["b",0],["b",3]],["b",1],["a",["a",["b",1],["b",4]],["b",0]]]]}
{"id":"bmp1-04270","outputs":[["t",["l",["s"],["a",["b",1],["b",0]]],["b",2],["a",["l",["s"],["a",["b",2],["b",0]]],["b",0]]]]}
{"id":"bmp1-04271","outputs":[["t",["t",["s"],["b",1],["a",["b",1],["b",0]]],["b",3],["a",["t",["s"],["b",2],["a",["b",2],["b",0]]],["b",0]]]]}
{"id":"bmp1-04272","outputs":[["t",["b",0],["b",3],["a",["b",1],["b",0]]]]}
{"id":"bmp1-04273","outputs":[["t",["a",["b",0],["b",2]],["b",3],["a",["a",["b",1],["b",3]],["b",0]]]]}
{"id":"bmp1-04274","outputs":[["t",["l",["s"],["a",["b",1],["b",0]]],["b",4],["a",["l",["s"],["a",["b",2],["b",0]]],["b",0]]]]}
{"id":"bmp1-04275","outputs":[["t",["t",["s"],["b",1],["a",["b",1],["b",0]]],["b",1],["a",["t",["s"],["b",2],["a",["b",2],["b",0]]],["b",0]]]]}
{"id":"bmp1-04276","outputs":[["t",["b",0],["b",1],["a",["b",1],["b",0]]]]}
{"id":"bmp1-04277","outputs":[["t",["a",["b",0],["b",1]],["b",0],["a",["a",["b",1],["b",2]],["b",0]]]]}
{"id":"bmp1-04278","outputs":[["t",["l",["s"],["a",["b",1],["b",0]]],["b",1],["a",["l",["s"],["a",["b",2],["b",0]]],["b",0]]]]}
{"id":"bmp1-04279","outputs":[["t",["t",["s"],["b",2],["a",["b",1],["b",0]]],["b",1],["a",["t",["s"],["b",3],["a",["b",2],["b",0]]],["b",0]]]]}
{"id":"bmp1-04280","outputs":[["t",["b",0],["b",2],["a",["b",1],["b",0]]]]}
{"id":"bmp1-04281","outputs":[["t",["a",["b",0],["b",3]],["b",1],["a",["a",["b",1],["b",4]],["b",0]]]]}
{"id":"bmp1-04282","outputs":[["t",["l",["s"],["a",["b",1],["b",0]]],["b",0],["a",["l",["s"],["a",["b",2],["b",0]]],["b",0]]]]}
{"id":"bmp1-04283","outputs":[["t",["t",["s"],["b",2],["a",["b",1],["b",0]]],["b",0],["a",["t",["s"],["b",3],["a",["b",2],["b",0]]],["b",0]]]]}
{"id":"bmp1-04284","outputs":[["t",["b",0],["b",1],["a",["b",1],["b",0]]]]}
{"id":"bmp1-04285","outputs":[["t",["a",["b",0],["b",1]],["b",4],["a",["a",["b",1],["b",2]],["b",0]]]]}
{"id":"bmp1-04286","outputs":[["t",["l",["s"],["a",["b",1],["b",0]]],["b",3],["a",["l",["s"],["a",["b",2],["b",0]]],["b",0]]]]}
{"id":"bmp1-04287","outputs":[["t",["t",["s"],["b",3],["a",["b",1],["b",0]]],["b",0],["a",["t",["s"],["b",4],["a",["b",2],["b",0]]],["b",0]]]]}
{"id":"bmp1-04288","outputs":[["t",["b",0],["b",1],["a",["b",1],["b",0]]]]}
{"id":"bmp1-04289","outputs":[["t",["a",["b",0],["b",2]],["b",2],["a",["a",["b",1],["b",3]],["b",0]]]]}
{"id":"bmp1-04290","outputs":[["t",["l",["s"],["a",["b",1],["b",0]]],["b",2],["a",["l",["s"],["a",["b",2],["b",0]]],["b",0]]]]}
{"id":"bmp1-04291","outputs":[["t",["t",["s"],["b",0],["a",["b",1],["b",0]]],["b",0],["a",["t",["s"],["b",1],["a",["b",2],["b",0]]],["b",0]]]]}
{"id":"bmp1-04292","outputs":[["t",["b",0],["b",4],["a",["b",1],["b",0]]]]}
{"id":"bmp1-04293","outputs":[["t",["a",["b",0],["b",1]],["b",2],["a",["a",["b",1],["b",2]],["b",0]]]]}
{"id":"bmp1-04294","outputs":[["t",["l",["s"],["a",["b",1],["b",0]]],["b",0],["a",["l",["s"],["a",["b",2],["b",0]]],["b",0]]]]}
{"id":"bmp1-04295","outputs":[["t",["t",["s"],["b",1],["a",["b",1],["b",0]]],["b",0],["a",["t",["s"],["b",2],["a",["b",2],["b",0]]],["b",0]]]]}
{"id":"bmp1-04296","outputs":[["t",["b",0],["b",1],["a",["b",1],["b",0]]]]}
{"id":"bmp1-04297","outputs":[["t",["a",["b",0],["b",1]],["b",0],["a",["a",["b",1],["b",2]],["b",0]]]]}
{"id":"bmp1-04298","outputs":[["t",["l",["s"],["a",["b",1],["b",0]]],["b",0],["a",["l",["s"],["a",["b",2],["b",0]]],["b",0]]]]}
{"id":"bmp1-04299","outputs":[["t",["t",["s"],["b",0],["a",["b",1],["b",0]]],["b",0],["a",["t",["s"],["b",1],["a",["b",2],["b",0]]],["b",0]]]]}
{"id":"bmp1-04300","outputs":[["t",["b",0],["b",3],["a",["b",1],["b",0]]]]}
{"id":"bmp1-04301","outputs":[["t",["a",["b",0],["b",1]],["b",3],["a",["a",["b",1],["b",2]],["b",0]]]]}
{"id":"bmp1-04302","outputs":[["t",["l",["s"],["a",["b",1],["b",0]]],["b",0],["a",["l",["s"],["a",["b",2],["b",0]]],["b",0]]]]}
{"id":"bmp1-04303","outputs":[["t",["t",["s"],["b",1],["a",["b",1],["b",0]]],["b",0],["a",["t",["s"],["b",2],["a",["b",2],["b",0]]],["b",0]]]]}
{"id":"bmp1-04304","outputs":[["t",["b",0],["b",2],["a",["b",1],["b",0]]]]}
{"id":"bmp1-04305","outputs":[["t",["a",["b",0],["b",1]],["b",0],["a",["a",["b",1],["b",2]],["b",0]]]]}
{"id":"bmp1-04306","outputs":[["t",["l",["s"],["a",["b",1],["b",0]]],["b",0],["a",["l",["s"],["a",["b",2],["b",0]]],["b",0]]]]}
{"id":"bmp1-04307","outputs":[["t",["t",["s"],["b",4],["a",["b",1],["b",0]]],["b",3],["a",["t",["s"],["b",5],["a",["b",2],["b",0]]],["b",0]]]]}
{"id":"bmp1-04308","outputs":[["t",["b",0],["b",1],["a",["b",1],["b",0]]]]}
{"id":"bmp1-04309","outputs":[["t",["a",["b",0],["b",3]],["b",1],["a",["a",["b",1],["b",4]],["b",0]]]]}
{"id":"bmp1-04310","outputs":[["t",["l",["s"],["a",["b",1],["b",0]]],["b",3],["a",["l",["s"],["a",["b",2],["b",0]]],["b",0]]]]}
{"id":"bmp1-04311","outputs":[["t",["t",["s"],["b",2],["a",["b",1],["b",0]]],["b",2],["a",["t",["s"],["b",3],["a",["b",2],["b",0]]],["b",0]]]]}
{"id":"bmp1-04312","outputs":[["t",["b",0],["b",0],["a",["b",1],["b",0]]]]}
{"id":"bmp1-04313","outputs":[["t",["a",["b",0],["b",3]],["b",2],["a",["a",["b",1],["b",4]],["b",0]]]]}
{"id":"bmp1-04314","outputs":[["t",["l",["s"],["a",["b",1],["b",0]]],["b",0],["a",["l",["s"],["a",["b",2],["b",0]]],["b",0]]]]}
{"id":"bmp1-04315","outputs":[["t",["t",["s"],["b",3],["a",["b",1],["b",0]]],["b",2],["a",["t",["s"],["b",4],["a",["b",2],["b",0]]],["b",0]]]]}
{"id":"bmp1-04316","outputs":[["t",["b",0],["b",0],["a",["b",1],["b",0]]]]}
{"id":"bmp1-04317","outputs":[["t",["a",["b",0],["b",1]],["b",3],["a",["a",["b",1],["b",2]],["b",0]]]]}
{"id":"bmp1-04318","outputs":[["t",["l",["s"],["a",["b",1],["b",0]]],["b",3],["a",["l",["s"],["a",["b",2],["b",0]]],["b",0]]]]}
{"id":"bmp1-04319","outputs":[["t",["t",["s"],["b",0],["a",["b",1],["b",0]]],["b",2],["a",["t",["s"],["b",1],["a",["b",2],["b",0]]],["b",0]]]]}
{"id":"bmp1-04320","outputs":[["t",["b",0],["b",1],["a",["b",1],["b",0]]]]}
{"id":"bmp1-04321","outputs":[["t",["a",["b",0],["b",0]],["b",2],["a",["a",["b",1],["b",1]],["b",0]]]]}
{"id":"bmp1-04322","outputs":[["t",["l",["s"],["a",["b",1],["b",0]]],["b",2],["a",["l",["s"],["a",["b",2],["b",0]]],["b",0]]]]}
{"id":"bmp1-04323","outputs":[["t",["t",["s"],["b",0],["a",["b",1],["b",0]]],["b",1],["a",["t",["s"],["b",1],["a",["b",2],["b",0]]],["b",0]]]]}
{"id":"bmp1-04324","outputs":[["t",["b",0],["b",3],["a",["b",1],["b",0]]]]}
{"id":"bmp1-04325","outputs":[["t",["a",["b",0],["b",0]],["b",2],["a",["a",["b",1],["b",1]],["b",0]]]]}
{"id":"bmp1-04326","outputs":[["t",["l",["s"],["a",["b",1],["b",0]]],["b",1],["a",["l",["s"],["a",["b",2],["b",0]]],["b",0]]]]}
{"id":"bmp1-04327","outputs":[["t",["t",["s"],["b",2],["a",["b",1],["b",0]]],["b",2],["a",["t",["s"],["b",3],["a",["b",2],["b",0]]],["b",0]]]]}
{"id":"bmp1-04328","outputs":[["t",["b",0],["b",0],["a",["b",1],["b",0]]]]}
{"id":"bmp1-04329","outputs":[["t",["a",["b",0],["b",2]],["b",2],["a",["a",["b",1],["b",3]],["b",0]]]]}
{"id":"bmp1-04330","outputs":[["t",["l",["s"],["a",["b",1],["b",0]]],["b",0],["a",["l",["s"],["a",["b",2],["b",0]]],["b",0]]]]}
{"id":"bmp1-04331","outputs":[["t",["t",["s"],["b",4],["a",["b",1],["b",0]]],["b",3],["a",["t",["s"],["b",5],["a",["b",2],["b",0]]],["b",0]]]]}
{"id":"bmp1-04332","outputs":[["t",["b",0],["b",2],["a",["b",1],["b",0]]]]}
{"id":"bmp1-04333","outputs":[["t",["a",["b",0],["b",0]],["b",0],["a",["a",["b",1],["b",1]],["b",0]]]]}
{"id":"bmp1-04334","outputs":[["t",["l",["s"],["a",["b",1],["b",0]]],["b",1],["a",["l",["s"],["a",["b",2],["b",0]]],["b",0]]]]}
{"id":"bmp1-04335","outputs":[["t",["t",["s"],["b",1],["a",["b",1],["b",0]]],["b",0],["a",["t",["s"],["b",2],["a",["b",2],["b",0]]],["b",0]]]]}
{"id":"bmp1-04336","outputs":[["t",["b",0],["b",4],["a",["b",1],["b",0]]]]}
{"id":"bmp1-04337","outputs":[["t",["a",["b",0],["b",2]],["b",0],["a",["a",["b",1],["b",3]],["b",0]]]]}
{"id":"bmp1-04338","outputs":[["t",["l",["s"],["a",["b",1],["b",0]]],["b",1],["a",["l",["s"],["a",["b",2],["b",0]]],["b",0]]]]}
{"id":"bmp1-04339","outputs":[["t",["t",["s"],["b",2],["a",["b",1],["b",0]]],["b",0],["a",["t",["s"],["b",3],["a",["b",2],["b",0]]],["b",0]]]]}
{"id":"bmp1-04340","outputs":[["t",["b",0],["b",3],["a",["b",1],["b",0]]]]}
{"id":"bmp1-04341","outputs":[["t",["a",["b",0],["b",0]],["b",3],["a",["a",["b",1],["b",1]],["b",0]]]]}
{"id":"bmp1-04342","outputs":[["t",["l",["s"],["a",["b",1],["b",0]]],["b",1],["a",["l",["s"],["a",["b",2],["b",0]]],["b",0]]]]}
{"id":"bmp1-04343","outputs":[["t",["t",["s"],["b",2],["a",["b",1],["b",0]]],["b",0],["a",["t",["s"],["b",3],["a",["b",2],["b",0]]],["b",0]]]]}
{"id":"bmp1-04344","outputs":[["t",["b",0],["b",0],["a",["b",1],["b",0]]]]}
{"id":"bmp1-04345","outputs":[["t",["a",["b",0],["b",4]],["b",4],["a",["a",["b",1],["b",5]],["b",0]]]]}
{"id":"bmp1-04346","outputs":[["t",["l",["s"],["a",["b",1],["b",0]]],["b",2],["a",["l",["s"],["a",["b",2],["b",0]]],["b",0]]]]}
{"id":"bmp1-04347","outputs":[["t",["t",["s"],["b",1],["a",["b",1],["b",0]]],["b",2],["a",["t",["s"],["b",2],["a",["b",2],["b",0]]],["b",0]]]]}
{"id":"bmp1-04348","outputs":[["t",["b",0],["b",4],["a",["b",1],["b",0]]]]}
{"id":"bmp1-04349","outputs":[["t",["a",["b",0],["b",2]],["b",1],["a",["a",["b",1],["b",3]],["b",0]]]]}
{"id":"bmp1-04350","outputs":[["t",["l",["s"],["a",["b",1],["b",0]]],["b",4],["a",["l",["s"],["a",["b",2],["b",0]]],["b",0]]]]}
{"id":"bmp1-04351","outputs":[["t",["t",["s"],["b",1],["a",["b",1],["b",0]]],["b",0],["a",["t",["s"],["b",2],["a",["b",2],["b",0]]],["b",0]]]]}
{"id":"bmp1-04352","outputs":[["t",["b",0],["b",2],["a",["b",1],["b",0]]]]}
{"id":"bmp1-04353","outputs":[["t",["a",["b",0],["b",0]],["b",0],["a",["a",["b",1],["b",1]],["b",0]]]]}
{"id":"bmp1-04354","outputs":[["t",["l",["s"],["a",["b",1],["b",0]]],["b",4],["a",["l",["s"],["a",["b",2],["b",0]]],["b",0]]]]}
{"id":"bmp1-04355","outputs":[["t",["t",["s"],["b",0],["a",["b",1],["b",0]]],["b",1],["a",["t",["s"],["b",1],["a",["b",2],["b",0]]],["b",0]]]]}
{"id":"bmp1-04356","outputs":[["t",["b",0],["b",0],["a",["b",1],["b",0]]]]}
{"id":"bmp1-04357","outputs":[["t",["a",["b",0],["b",2]],["b",2],["a",["a",["b",1],["b",3]],["b",0]]]]}
{"id":"bmp1-04358","outputs":[["t",["l",["s"],["a",["b",1],["b",0]]],["b",1],["a",["l",["s"],["a",["b",2],["b",0]]],["b",0]]]]}
{"id":"bmp1-04359","outputs":[["t",["t",["s"],["b",1],["a",["b",1],["b",0]]],["b",1],["a",["t",["s"],["b",2],["a",["b",2],["b",0]]],["b",0]]]]}
{"id":"bmp1-04360","outputs":[["t",["b",0],["b",1],["a",["b",1],["b",0]]]]}
{"id":"bmp1-04361","outputs":[["t",["a",["b",0],["b",3]],["b",0],["a",["a",["b",1],["b",4]],["b",0]]]]}
{"id":"bmp1-04362","outputs":[["t",["l",["s"],["a",["b",1],["b",0]]],["b",0],["a",["l",["s"],["a",["b",2],["b",0]]],["b",0]]]]}
{"id":"bmp1-04363","outputs":[["t",["t",["s"],["b",0],["a",["b",1],["b",0]]],["b",0],["a",["t",["s"],["b",1],["a",["b",2],["b",0]]],["b",0]]]]}
{"id":"bmp1-04364","outputs":[["t",["b",0],["b",3],["a",["b",1],["b",0]]]]}
{"id":"bmp1-04365","outputs":[["t",["a",["b",0],["b",0]],["b",2],["a",["a",["b",1],["b",1]],["b",0]]]]}
{"id":"bmp1-04366","outputs":[["t",["l",["s"],["a",["b",1],["b",0]]],["b",0],["a",["l",["s"],["a",["b",2],["b",0]]],["b",0]]]]}
{"id":"bmp1-04367","outputs":[["t",["t",["s"],["b",0],["a",["b",1],["b",0]]],["b",1],["a",["t",["s"],["b",1],["a",["b",2],["b",0]]],["b",0]]]]}
{"id":"bmp1-04368","outputs":[["t",["b",0],["b",1],["a",["b",1],["b",0]]]]}
{"id":"bmp1-04369","outputs":[["t",["a",["b",0],["b",0]],["b",0],["a",["a",["b",1],["b",1]],["b",0]]]]}
{"id":"bmp1-04370","outputs":[["t",["l",["s"],["a",["b",1],["b",0]]],["b",2],["a",["l",["s"],["a",["b",2],["b",0]]],["b",0]]]]}
{"id":"bmp1-04371","outputs":[["t",["t",["s"],["b",0],["a",["b",1],["b",0]]],["b",0],["a",["t",["s"],["b",1],["a",["b",2],["b",0]]],["b",0]]]]}
{"id":"bmp1-04372","outputs":[["t",["b",0],["b",3],["a",["b",1],["b",0]]]]}
{"id":"bmp1-04373","outputs":[["t",["a",["b",0],["b",0]],["b",1],["a",["a",["b",1],["b",1]],["b",0]]]]}
{"id":"bmp1-04374","outputs":[["t",["l",["s"],["a",["b",1],["b",0]]],["b",0],["a",["l",["s"],["a",["b",2],["b",0]]],["b",0]]]]}
{"id":"bmp1-04375","outputs":[["t",["t",["s"],["b",4],["a",["b",1],["b",0]]],["b",3],["a",["t",["s"],["b",5],["a",["b",2],["b",0]]],["b",0]]]]}
{"id":"bmp1-04376","outputs":[["t",["b",0],["b",1],["a",["b",1],["b",0]]]]}
{"id":"bmp1-04377","outputs":[["t",["a",["b",0],["b",1]],["b",3],["a",["a",["b",1],["b",2]],["b",0]]]]}
{"id":"bmp1-04378","outputs":[["t",["l",["s"],["a",["b",1],["b",0]]],["b",1],["a",["l",["s"],["a",["b",2],["b",0]]],["b",0]]]]}
{"id":"bmp1-04379","outputs":[["t",["t",["s"],["b",1],["a",["b",1],["b",0]]],["b",0],["a",["t",["s"],["b",2],["a",["b",2],["b",0]]],["b",0]]]]}
{"id":"bmp1-04380","outputs":[["t",["b",0],["b",3],["a",["b",1],["b",0]]]]}
{"id":"bmp1-04381","outputs":[["t",["a",["b",0],["b",0]],["b",1],["a",["a",["b",1],["b",1]],["b",0]]]]}
{"id":"bmp1-04382","outputs":[["t",["l",["s"],["a",["b",1],["b",0]]],["b",3],["a",["l",["s"],["a",["b",2],["b",0]]],["b",0]]]]}
{"id":"bmp1-04383","outputs":[["t",["t",["s"],["b",0],["a",["b",1],["b",0]]],["b",2],["a",["t",["s"],["b",1],["a",["b",2],["b",0]]],["b",0]]]]}
{"id":"bmp1-04384","outputs":[["t",["b",0],["b",3],["a",["b",1],["b",0]]]]}
{"id":"bmp1-04385","outputs":[["t",["a",["b",0],["b",0]],["b",0],["a",["a",["b",1],["b",1]],["b",0]]]]}
{"id":"bmp1-04386","outputs":[["t",["l",["s"],["a",["b",1],["b",0]]],["b",0],["a",["l",["s"],["a",["b",2],["b",0]]],["b",0]]]]}
{"id":"bmp1-04387","outputs":[["t",["t",["s"],["b",2],["a",["b",1],["b",0]]],["b",2],["a",["t",["s"],["b",3],["a",["b",2],["b",0]]],["b",0]]]]}
{"id":"bmp1-04388","outputs":[["t",["b",0],["b",0],["a",["b",1],["b",0]]]]}
{"id":"bmp1-04389","outputs":[["t",["a",["b",0],["b",1]],["b",1],["a",["a",["b",1],["b",2]],["b",0]]]]}
{"id":"bmp1-04390","outputs":[["t",["l",["s"],["a",["b",1],["b",0]]],["b",2],["a",["l",["s"],["a",["b",2],["b",0]]],["b",0]]]]}
{"id":"bmp1-04391","outputs":[["t",["t",["s"],["b",0],["a",["b",1],["b",0]]],["b",0],["a",["t",["s"],["b",1],["a",["b",2],["b",0]]],["b",0]]]]}
{"id":"bmp1-04392","outputs":[["t",["b",0],["b",1],["a",["b",1],["b",0]]]]}
{"id":"bmp1-04393","outputs":[["t",["a",["b",0],["b",0]],["b",3],["a",["a",["b",1],["b",1]],["b",0]]]]}
{"id":"bmp1-04394","outputs":[["t",["l",["s"],["a",["b",1],["b",0]]],["b",2],["a",["l",["s"],["a",["b",2],["b",0]]],["b",0]]]]}
{"id":"bmp1-04395","outputs":[["t",["t",["s"],["b",1],["a",["b",1],["b",0]]],["b",2],["a",["t",["s"],["b",2],["a",["b",2],["b",0]]],["b",0]]]]}
{"id":"bmp1-04396","outputs":[["t",["b",0],["b",0],["a",["b",1],["b",0]]]]}
{"id":"bmp1-04397","outputs":[["t",["a",["b",0],["b",1]],["b",0],["a",["a",["b",1],["b",2]],["b",0]]]]}
{"id":"bmp1-04398","outputs":[["t",["l",["s"],["a",["b",1],["b",0]]],["b",3],["a",["l",["s"],["a",["b",2],["b",0]]],["b",0]]]]}
{"id":"bmp1-04399","outputs":[["t",["t",["s"],["b",0],["a",["b",1],["b",0]]],["b",3],["a",["t",["s"],["b",1],["a",["b",2],["b",0]]],["b",0]]]]}
{"id":"bmp1-04400","outputs":[["t",["b",0],["b",2],["a",["b",1],["b",0]]]]}
{"id":"bmp1-04401","outputs":[["t",["a",["b",0],["b",1]],["b",1],["a",["a",["b",1],["b",2]],["b",0]]]]}
{"id":"bmp1-04402","outputs":[["t",["l",["s"],["a",["b",1],["b",0]]],["b",1],["a",["l",["s"],["a",["b",2],["b",0]]],["b",0]]]]}
{"id":"bmp1-04403","outputs":[["t",["t",["s"],["b",1],["a",["b",1],["b",0]]],["b",0],["a",["t",["s"],["b",2],["a",["b",2],["b",0]]],["b",0]]]]}
{"id":"bmp1-04404","outputs":[["t",["b",0],["b",0],["a",["b",1],["b",0]]]]}
{"id":"bmp1-04405","outputs":[["t",["a",["b",0],["b",1]],["b",3],["a",["a",["b",1],["b",2]],["b",0]]]]}
{"id":"bmp1-04406","outputs":[["t",["l",["s"],["a",["b",1],["b",0]]],["b",0],["a",["l",["s"],["a",["b",2],["b",0]]],["b",0]]]]}
{"id":"bmp1-04407","outputs":[["t",["t",["s"],["b",3],["a",["b",1],["b",0]]],["b",4],["a",["t",["s"],["b",4],["a",["b",2],["b",0]]],["b",0]]]]}
{"id":"bmp1-04408","outputs":[["t",["b",0],["b",0],["a",["b",1],["b",0]]]]}
{"id":"bmp1-04409","outputs":[["t",["a",["b",0],["b",2]],["b",2],["a",["a",["b",1],["b",3]],["b",0]]]]}
{"id":"bmp1-04410","outputs":[["t",["l",["s"],["a",["b",1],["b",0]]],["b",2],["a",["l",["s"],["a",["b",2],["b",0]]],["b",0]]]]}
{"id":"bmp1-04411","outputs":[["t",["t",["s"],["b",1],["a",["b",1],["b",0]]],["b",0],["a",["t",["s"],["b",2],["a",["b",2],["b",0]]],["b",0]]]]}
{"id":"bmp1-04412","outputs":[["t",["b",0],["b",0],["a",["b",1],["b",0]]]]}
{"id":"bmp1-04413","outputs":[["t",["a",["b",0],["b",0]],["b",0],["a",["a",["b",1],["b",1]],["b",0]]]]}
{"id":"bmp1-04414","outputs":[["t",["l",["s"],["a",["b",1],["b",0]]],["b",2],["a",["l",["s"],["a",["b",2],["b",0]]],["b",0]]]]}
{"id":"bmp1-04415","outputs":[["t",["t",["s"],["b",2],["a",["b",1],["b",0]]],["b",3],["a",["t",["s"],["b",3],["a",["b",2],["b",0]]],["b",0]]]]}
{"id":"bmp1-04416","outputs":[["t",["b",0],["b",2],["a",["b",1],["b",0]]]]}
{"id":"bmp1-04417","outputs":[["t",["a",["b",0],["b",1]],["b",1],["a",["a",["b",1],["b",2]],["b",0]]]]}
{"id":"bmp1-04418","outputs":[["t",["l",["s"],["a",["b",1],["b",0]]],["b",1],["a",["l",["s"],["a",["b",2],["b",0]]],["b",0]]]]}
{"id":"bmp1-04419","outputs":[["t",["t",["s"],["b",0],["a",["b",1],["b",0]]],["b",1],["a",["t",["s"],["b",1],["a",["b",2],["b",0]]],["b",0]]]]}
{"id":"bmp1-04420","outputs":[["t",["b",0],["b",0],["a",["b",1],["b",0]]]]}
{"id":"bmp1-04421","outputs":[["t",["a",["b",0],["b",0]],["b",2],["a",["a",["b",1],["b",1]],["b",0]]]]}
{"id":"bmp1-04422","outputs":[["t",["l",["s"],["a",["b",1],["b",0]]],["b",0],["a",["l",["s"],["a",["b",2],["b",0]]],["b",0]]]]}
{"id":"bmp1-04423","outputs":[["t",["t",["s"],["b",1],["a",["b",1],["b",0]]],["b",4],["a",["t",["s"],["b",2],["a",["b",2],["b",0]]],["b",0]]]]}
{"id":"bmp1-04424","outputs":[["t",["b",0],["b",3],["a",["b",1],["b",0]]]]}
{"id":"bmp1-04425","outputs":[["t",["a",["b",0],["b",1]],["b",1],["a",["a",["b",1],["b",2]],["b",0]]]]}
{"id":"bmp1-04426","outputs":[["t",["l",["s"],["a",["b",1],["b",0]]],["b",0],["a",["l",["s"],["a",["b",2],["b",0]]],["b",0]]]]}
{"id":"bmp1-04427","outputs":[["t",["t",["s"],["b",4],["a",["b",1],["b",0]]],["b",2],["a",["t",["s"],["b",5],["a",["b",2],["b",0]]],["b",0]]]]}
{"id":"bmp1-04428","outputs":[["t",["b",0],["b",2],["a",["b",1],["b",0]]]]}
{"id":"bmp1-04429","outputs":[["t",["a",["b",0],["b",0]],["b",3],["a",["a",["b",1],["b",1]],["b",0]]]]}
{"id":"bmp1-04430","outputs":[["t",["l",["s"],["a",["b",1],["b",0]]],["b",1],["a",["l",["s"],["a",["b",2],["b",0]]],["b",0]]]]}
{"id":"bmp1-04431","outputs":[["t",["t",["s"],["b",1],["a",["b",1],["b",0]]],["b",1],["a",["t",["s"],["b",2],["a",["b",2],["b",0]]],["b",0]]]]}
{"id":"bmp1-04432","outputs":[["t",["b",0],["b",0],["a",["b",1],["b",0]]]]}
{"id":"bmp1-04433","outputs":[["t",["a",["b",0],["b",0]],["b",1],["a",["a",["b",1],["b",1]],["b",0]]]]}
{"id":"bmp1-04434","outputs":[["t",["l",["s"],["a",["b",1],["b",0]]],["b",2],["a",["l",["s"],["a",["b",2],["b",0]]],["b",0]]]]}
{"id":"bmp1-04435","outputs":[["t",["t",["s"],["b",1],["a",["b",1],["b",0]]],["b",1],["a",["t",["s"],["b",2],["a",["b",2],["b",0]]],["b",0]]]]}
{"id":"bmp1-04436","outputs":[["t",["b",0],["b",0],["a",["b",1],["b",0]]]]}
{"id":"bmp1-04437","outputs":[["t",["a",["b",0],["b",2]],["b",2],["a",["a",["b",1],["b",3]],["b",0]]]]}
{"id":"bmp1-04438","outputs":[["t",["l",["s"],["a",["b",1],["b",0]]],["b",3],["a",["l",["s"],["a",["b",2],["b",0]]],["b",0]]]]}
{"id":"bmp1-04439","outputs":[["t",["t",["s"],["b",2],["a",["b",1],["b",0]]],["b",0],["a",["t",["s"],["b",3],["a",["b",2],["b",0]]],["b",0]]]]}
{"id":"bmp1-04440","outputs":[["t",["b",0],["b",0],["a",["b",1],["b",0]]]]}
{"id":"bmp1-04441","outputs":[["t",["a",["b",0],["b",1]],["b",0],["a",["a",["b",1],["b",2]],["b",0]]]]}
{"id":"bmp1-04442","outputs":[["t",["l",["s"],["a",["b",1],["b",0]]],["b",0],["a",["l",["s"],["a",["b",2],["b",0]]],["b",0]]]]}
{"id":"bmp1-04443","outputs":[["t",["t",["s"],["b",0],["a",["b",1],["b",0]]],["b",2],["a",["t",["s"],["b",1],["a",["b",2],["b",0]]],["b",0]]]]}
{"id":"bmp1-04444","outputs":[["t",["b",0],["b",0],["a",["b",1],["b",0]]]]}
{"id":"bmp1-04445","outputs":[["t",["a",["b",0],["b",2]],["b",1],["a",["a",["b",1],["b",3]],["b",0]]]]}
{"id":"bmp1-04446","outputs":[["t",["l",["s"],["a",["b",1],["b",0]]],["b",2],["a",["l",["s"],["a",["b",2],["b",0]]],["b",0]]]]}
{"id":"bmp1-04447","outputs":[["t",["t",["s"],["b",1],["a",["b",1],["b",0]]],["b",0],["a",["t",["s"],["b",2],["a",["b",2],["b",0]]],["b",0]]]]}
{"id":"bmp1-04448","outputs":[["t",["b",0],["b",0],["a",["b",1],["b",0]]]]}
{"id":"bmp1-04449","outputs":[["t",["a",["b",0],["b",3]],["b",1],["a",["a",["b",1],["b",4]],["b",0]]]]}
{"id":"bmp1-04450","outputs":[["t",["l",["s"],["a",["b",1],["b",0]]],["b",1],["a",["l",["s"],["a",["b",2],["b",0]]],["b",0]]]]}
{"id":"bmp1-04451","outputs":[["t",["t",["s"],["b",2],["a",["b",1],["b",0]]],["b",2],["a",["t",["s"],["b",3],["a",["b",2],["b",0]]],["b",0]]]]}
{"id":"bmp1-04452","outputs":[["t",["b",0],["b",0],["a",["b",1],["b",0]]]]}
{"id":"bmp1-04453","outputs":[["t",["a",["b",0],["b",3]],["b",3],["a",["a",["b",1],["b",4]],["b",0]]]]}
{"id":"bmp1-04454","outputs":[["t",["l",["s"],["a",["b",1],["b",0]]],["b",1],["a",["l",["s"],["a",["b",2],["b",0]]],["b",0]]]]}
{"id":"bmp1-04455","outputs":[["t",["t",["s"],["b",3],["a",["b",1],["b",0]]],["b",3],["a",["t",["s"],["b",4],["a",["b",2],["b",0]]],["b",0]]]]}
{"id":"bmp1-04456","outputs":[["t",["b",0],["b",0],["a",["b",1],["b",0]]]]}
{"id":"bmp1-04457","outputs":[["t",["a",["b",0],["b",3]],["b",3],["a",["a",["b",1],["b",4]],["b",0]]]]}
{"id":"bmp1-04458","outputs":[["t",["l",["s"],["a",["b",1],["b",0]]],["b",4],["a",["l",["s"],["a",["b",2],["b",0]]],["b",0]]]]}
{"id":"bmp1-04459","outputs":[["t",["t",["s"],["b",0],["a",["b",1],["b",0]]],["b",2],["a",["t",["s"],["b",1],["a",["b",2],["b",0]]],["b",0]]]]}
{"id":"bmp1-04460","outputs":[["t",["b",0],["b",1],["a",["b",1],["b",0]]]]}
{"id":"bmp1-04461","outputs":[["t",["a",["b",0],["b",0]],["b",1],["a",["a",["b",1],["b",1]],["b",0]]]]}
{"id":"bmp1-04462","outputs":[["t",["l",["s"],["a",["b",1],["b",0]]],["b",0],["a",["l",["s"],["a",["b",2],["b",0]]],["b",0]]]]}
{"id":"bmp1-04463","outputs":[["t",["t",["s"],["b",2],["a",["b",1],["b",0]]],["b",2],["a",["t",["s"],["b",3],["a",["b",2],["b",0]]],["b",0]]]]}
{"id":"bmp1-04464","outputs":[["t",["b",0],["b",0],["a",["b",1],["b",0]]]]}
{"id":"bmp1-04465","outputs":[["t",["a",["b",0],["b",1]],["b",1],["a",["a",["b",1],["b",2]],["b",0]]]]}
{"id":"bmp1-04466","outputs":[["t",["l",["s"],["a",["b",1],["b",0]]],["b",0],["a",["l",["s"],["a",["b",2],["b",0]]],["b",0]]]]}
{"id":"bmp1-04467","outputs":[["t",["t",["s"],["b",1],["a",["b",1],["b",0]]],["b",0],["a",["t",["s"],["b",2],["a",["b",2],["b",0]]],["b",0]]]]}
{"id":"bmp1-04468","outputs":[["t",["b",0],["b",0],["a",["b",1],["b",0]]]]}
{"id":"bmp1-04469","outputs":[["t",["a",["b",0],["b",0]],["b",0],["a",["a",["b",1],["b",1]],["b",0]]]]}
{"id":"bmp1-04470","outputs":[["t",["l",["s"],["a",["b",1],["b",0]]],["b",2],["a",["l",["s"],["a",["b",2],["b",0]]],["b",0]]]]}
{"id":"bmp1-04471","outputs":[["t",["t",["s"],["b",1],["a",["b",1],["b",0]]],["b",3],["a",["t",["s"],["b",2],["a",["b",2],["b",0]]],["b",0]]]]}
{"id":"bmp1-04472","outputs":[["t",["b",0],["b",1],["a",["b",1],["b",0]]]]}
{"id":"bmp1-04473","outputs":[["t",["a",["b",0],["b",3]],["b",3],["a",["a",["b",1],["b",4]],["b",0]]]]}
{"id":"bmp1-04474","outputs":[["t",["l",["s"],["a",["b",1],["b",0]]],["b",0],["a",["l",["s"],["a",["b",2],["b",0]]],["b",0]]]]}
{"id":"bmp1-04475","outputs":[["t",["t",["s"],["b",3],["a",["b",1],["b",0]]],["b",2],["a",["t",["s"],["b",4],["a",["b",2],["b",0]]],["b",0]]]]}
{"id":"bmp1-04476","outputs":[["t",["b",0],["b",4],["a",["b",1],["b",0]]]]}
{"id":"bmp1-04477","outputs":[["t",["a",["b",0],["b",2]],["b",0],["a",["a",["b",1],["b",3]],["b",0]]]]}
{"id":"bmp1-04478","outputs":[["t",["l",["s"],["a",["b",1],["b",0]]],["b",2],["a",["l",["s"],["a",["b",2],["b",0]]],["b",0]]]]}
{"id":"bmp1-04479","outputs":[["t",["t",["s"],["b",2],["a",["b",1],["b",0]]],["b",0],["a",["t",["s"],["b",3],["a",["b",2],["b",0]]],["b",0]]]]}
{"id":"bmp1-04480","outputs":[["t",["b",0],["b",1],["a",["b",1],["b",0]]]]}
{"id":"bmp1-04481","outputs":[["t",["a",["b",0],["b",3]],["b",1],["a",["a",["b",1],["b",4]],["b",0]]]]}
{"id":"bmp1-04482","outputs":[["t",["l",["s"],["a",["b",1],["b",0]]],["b",0],["a",["l",["s"],["a",["b",2],["b",0]]],["b",0]]]]}
{"id":"bmp1-04483","outputs":[["t",["t",["s"],["b",3],["a",["b",1],["b",0]]],["b",2],["a",["t",["s"],["b",4],["a",["b",2],["b",0]]],["b",0]]]]}
{"id":"bmp1-04484","outputs":[["t",["b",0],["b",2],["a",["b",1],["b",0]]]]}
{"id":"bmp1-04485","outputs":[["t",["a",["b",0],["b",1]],["b",0],["a",["a",["b",1],["b",2]],["b",0]]]]}
{"id":"bmp1-04486","outputs":[["t",["l",["s"],["a",["b",1],["b",0]]],["b",1],["a",["l",["s"],["a",["b",2],["b",0]]],["b",0]]]]}
{"id":"bmp1-04487","outputs":[["t",["t",["s"],["b",0],["a",["b",1],["b",0]]],["b",2],["a",["t",["s"],["b",1],["a",["b",2],["b",0]]],["b",0]]]]}
{"id":"bmp1-04488","outputs":[["t",["b",0],["b",3],["a",["b",1],["b",0]]]]}
{"id":"bmp1-04489","outputs":[["t",["a",["b",0],["b",1]],["b",2],["a",["a",["b",1],["b",2]],["b",0]]]]}
{"id":"bmp1-04490","outputs":[["t",["l",["s"],["a",["b",1],["b",0]]],["b",0],["a",["l",["s"],["a",["b",2],["b",0]]],["b",0]]]]}
{"id":"bmp1-04491","outputs":[["t",["t",["s"],["b",2],["a",["b",1],["b",0]]],["b",2],["a",["t",["s"],["b",3],["a",["b",2],["b",0]]],["b",0]]]]}
{"id":"bmp1-04492","outputs":[["t",["b",0],["b",0],["a",["b",1],["b",0]]]]}
{"id":"bmp1-04493","outputs":[["t",["a",["b",0],["b",2]],["b",2],["a",["a",["b",1],["b",3]],["b",0]]]]}
{"id":"bmp1-04494","outputs":[["t",["l",["s"],["a",["b",1],["b",0]]],["b",1],["a",["l",["s"],["a",["b",2],["b",0]]],["b",0]]]]}
{"id":"bmp1-04495","outputs":[["t",["t",["s"],["b",2],["a",["b",1],["b",0]]],["b",1],["a",["t",["s"],["b",3],["a",["b",2],["b",0]]],["b",0]]]]}
{"id":"bmp1-04496","outputs":[["t",["b",0],["b",4],["a",["b",1],["b",0]]]]}
{"id":"bmp1-04497","outputs":[["t",["a",["b",0],["b",1]],["b",0],["a",["a",["b",1],["b",2]],["b",0]]]]}
{"id":"bmp1-04498","outputs":[["t",["l",["s"],["a",["b",1],["b",0]]],["b",1],["a",["l",["s"],["a",["b",2],["b",0]]],["b",0]]]]}
{"id":"bmp1-04499","outputs":[["t",["t",["s"],["b",1],["a",["b",1],["b",0]]],["b",3],["a",["t",["s"],["b",2],["a",["b",2],["b",0]]],["b",0]]]]}
